                                      1 ;--------------------------------------------------------
                                      2 ; File Created by SDCC : free open source ANSI-C Compiler
                                      3 ; Version 3.8.0 #10562 (Linux)
                                      4 ;--------------------------------------------------------
                                      5 	.module stm8s_it
                                      6 	.optsdcc -mstm8
                                      7 	
                                      8 ;--------------------------------------------------------
                                      9 ; Public variables in this module
                                     10 ;--------------------------------------------------------
                                     11 	.globl _TIM3_CAP_COM_IRQHandler
                                     12 	.globl _TIM3_UPD_OVF_BRK_IRQHandler
                                     13 	.globl _UART2_ClearITPendingBit
                                     14 	.globl _UART2_GetITStatus
                                     15 	.globl _UART2_ClearFlag
                                     16 	.globl _UART2_GetFlagStatus
                                     17 	.globl _UART2_SendData8
                                     18 	.globl _UART2_ReceiveData8
                                     19 	.globl _TRAP_IRQHandler
                                     20 	.globl _TLI_IRQHandler
                                     21 	.globl _AWU_IRQHandler
                                     22 	.globl _CLK_IRQHandler
                                     23 	.globl _EXTI_PORTA_IRQHandler
                                     24 	.globl _EXTI_PORTB_IRQHandler
                                     25 	.globl _EXTI_PORTC_IRQHandler
                                     26 	.globl _EXTI_PORTD_IRQHandler
                                     27 	.globl _EXTI_PORTE_IRQHandler
                                     28 	.globl _SPI_IRQHandler
                                     29 	.globl _TIM1_UPD_OVF_TRG_BRK_IRQHandler
                                     30 	.globl _TIM1_CAP_COM_IRQHandler
                                     31 	.globl _TIM2_UPD_OVF_BRK_IRQHandler
                                     32 	.globl _TIM2_CAP_COM_IRQHandler
                                     33 	.globl _I2C_IRQHandler
                                     34 	.globl _UART2_TX_IRQHandler
                                     35 	.globl _UART2_RX_IRQHandler
                                     36 	.globl _ADC1_IRQHandler
                                     37 	.globl _TIM4_UPD_OVF_IRQHandler
                                     38 	.globl _EEPROM_EEC_IRQHandler
                                     39 ;--------------------------------------------------------
                                     40 ; ram data
                                     41 ;--------------------------------------------------------
                                     42 	.area DATA
                                     43 ;--------------------------------------------------------
                                     44 ; ram data
                                     45 ;--------------------------------------------------------
                                     46 	.area INITIALIZED
                                     47 ;--------------------------------------------------------
                                     48 ; absolute external ram data
                                     49 ;--------------------------------------------------------
                                     50 	.area DABS (ABS)
                                     51 
                                     52 ; default segment ordering for linker
                                     53 	.area HOME
                                     54 	.area GSINIT
                                     55 	.area GSFINAL
                                     56 	.area CONST
                                     57 	.area INITIALIZER
                                     58 	.area CODE
                                     59 
                                     60 ;--------------------------------------------------------
                                     61 ; global & static initialisations
                                     62 ;--------------------------------------------------------
                                     63 	.area HOME
                                     64 	.area GSINIT
                                     65 	.area GSFINAL
                                     66 	.area GSINIT
                                     67 ;--------------------------------------------------------
                                     68 ; Home
                                     69 ;--------------------------------------------------------
                                     70 	.area HOME
                                     71 	.area HOME
                                     72 ;--------------------------------------------------------
                                     73 ; code
                                     74 ;--------------------------------------------------------
                                     75 	.area CODE
                                     76 ;	stm8s_it.c: 67: INTERRUPT_HANDLER_TRAP(TRAP_IRQHandler)
                                     77 ;	-----------------------------------------
                                     78 ;	 function TRAP_IRQHandler
                                     79 ;	-----------------------------------------
      000000                         80 _TRAP_IRQHandler:
                                     81 ;	stm8s_it.c: 74: }
      000000 80               [11]   82 	iret
                                     83 ;	stm8s_it.c: 81: INTERRUPT_HANDLER(TLI_IRQHandler, 0)
                                     84 ;	-----------------------------------------
                                     85 ;	 function TLI_IRQHandler
                                     86 ;	-----------------------------------------
      000001                         87 _TLI_IRQHandler:
                                     88 ;	stm8s_it.c: 87: }
      000001 80               [11]   89 	iret
                                     90 ;	stm8s_it.c: 94: INTERRUPT_HANDLER(AWU_IRQHandler, 1)
                                     91 ;	-----------------------------------------
                                     92 ;	 function AWU_IRQHandler
                                     93 ;	-----------------------------------------
      000002                         94 _AWU_IRQHandler:
                                     95 ;	stm8s_it.c: 99: }
      000002 80               [11]   96 	iret
                                     97 ;	stm8s_it.c: 106: INTERRUPT_HANDLER(CLK_IRQHandler, 2)
                                     98 ;	-----------------------------------------
                                     99 ;	 function CLK_IRQHandler
                                    100 ;	-----------------------------------------
      000003                        101 _CLK_IRQHandler:
                                    102 ;	stm8s_it.c: 111: }
      000003 80               [11]  103 	iret
                                    104 ;	stm8s_it.c: 118: INTERRUPT_HANDLER(EXTI_PORTA_IRQHandler, 3)
                                    105 ;	-----------------------------------------
                                    106 ;	 function EXTI_PORTA_IRQHandler
                                    107 ;	-----------------------------------------
      000004                        108 _EXTI_PORTA_IRQHandler:
                                    109 ;	stm8s_it.c: 123: }
      000004 80               [11]  110 	iret
                                    111 ;	stm8s_it.c: 130: INTERRUPT_HANDLER(EXTI_PORTB_IRQHandler, 4)
                                    112 ;	-----------------------------------------
                                    113 ;	 function EXTI_PORTB_IRQHandler
                                    114 ;	-----------------------------------------
      000005                        115 _EXTI_PORTB_IRQHandler:
                                    116 ;	stm8s_it.c: 135: }
      000005 80               [11]  117 	iret
                                    118 ;	stm8s_it.c: 142: INTERRUPT_HANDLER(EXTI_PORTC_IRQHandler, 5)
                                    119 ;	-----------------------------------------
                                    120 ;	 function EXTI_PORTC_IRQHandler
                                    121 ;	-----------------------------------------
      000006                        122 _EXTI_PORTC_IRQHandler:
                                    123 ;	stm8s_it.c: 147: }
      000006 80               [11]  124 	iret
                                    125 ;	stm8s_it.c: 154: INTERRUPT_HANDLER(EXTI_PORTD_IRQHandler, 6)
                                    126 ;	-----------------------------------------
                                    127 ;	 function EXTI_PORTD_IRQHandler
                                    128 ;	-----------------------------------------
      000007                        129 _EXTI_PORTD_IRQHandler:
                                    130 ;	stm8s_it.c: 159: }
      000007 80               [11]  131 	iret
                                    132 ;	stm8s_it.c: 166: INTERRUPT_HANDLER(EXTI_PORTE_IRQHandler, 7)
                                    133 ;	-----------------------------------------
                                    134 ;	 function EXTI_PORTE_IRQHandler
                                    135 ;	-----------------------------------------
      000008                        136 _EXTI_PORTE_IRQHandler:
                                    137 ;	stm8s_it.c: 171: }
      000008 80               [11]  138 	iret
                                    139 ;	stm8s_it.c: 218: INTERRUPT_HANDLER(SPI_IRQHandler, 10)
                                    140 ;	-----------------------------------------
                                    141 ;	 function SPI_IRQHandler
                                    142 ;	-----------------------------------------
      000009                        143 _SPI_IRQHandler:
                                    144 ;	stm8s_it.c: 223: }
      000009 80               [11]  145 	iret
                                    146 ;	stm8s_it.c: 230: INTERRUPT_HANDLER(TIM1_UPD_OVF_TRG_BRK_IRQHandler, 11)
                                    147 ;	-----------------------------------------
                                    148 ;	 function TIM1_UPD_OVF_TRG_BRK_IRQHandler
                                    149 ;	-----------------------------------------
      00000A                        150 _TIM1_UPD_OVF_TRG_BRK_IRQHandler:
                                    151 ;	stm8s_it.c: 235: }
      00000A 80               [11]  152 	iret
                                    153 ;	stm8s_it.c: 242: INTERRUPT_HANDLER(TIM1_CAP_COM_IRQHandler, 12)
                                    154 ;	-----------------------------------------
                                    155 ;	 function TIM1_CAP_COM_IRQHandler
                                    156 ;	-----------------------------------------
      00000B                        157 _TIM1_CAP_COM_IRQHandler:
                                    158 ;	stm8s_it.c: 247: }
      00000B 80               [11]  159 	iret
                                    160 ;	stm8s_it.c: 280: INTERRUPT_HANDLER(TIM2_UPD_OVF_BRK_IRQHandler, 13)
                                    161 ;	-----------------------------------------
                                    162 ;	 function TIM2_UPD_OVF_BRK_IRQHandler
                                    163 ;	-----------------------------------------
      00000C                        164 _TIM2_UPD_OVF_BRK_IRQHandler:
                                    165 ;	stm8s_it.c: 285: }
      00000C 80               [11]  166 	iret
                                    167 ;	stm8s_it.c: 292: INTERRUPT_HANDLER(TIM2_CAP_COM_IRQHandler, 14)
                                    168 ;	-----------------------------------------
                                    169 ;	 function TIM2_CAP_COM_IRQHandler
                                    170 ;	-----------------------------------------
      00000D                        171 _TIM2_CAP_COM_IRQHandler:
                                    172 ;	stm8s_it.c: 297: }
      00000D 80               [11]  173 	iret
                                    174 ;	stm8s_it.c: 307: INTERRUPT_HANDLER(TIM3_UPD_OVF_BRK_IRQHandler, 15)
                                    175 ;	-----------------------------------------
                                    176 ;	 function TIM3_UPD_OVF_BRK_IRQHandler
                                    177 ;	-----------------------------------------
      00000E                        178 _TIM3_UPD_OVF_BRK_IRQHandler:
                                    179 ;	stm8s_it.c: 312: }
      00000E 80               [11]  180 	iret
                                    181 ;	stm8s_it.c: 319: INTERRUPT_HANDLER(TIM3_CAP_COM_IRQHandler, 16)
                                    182 ;	-----------------------------------------
                                    183 ;	 function TIM3_CAP_COM_IRQHandler
                                    184 ;	-----------------------------------------
      00000F                        185 _TIM3_CAP_COM_IRQHandler:
                                    186 ;	stm8s_it.c: 324: }
      00000F 80               [11]  187 	iret
                                    188 ;	stm8s_it.c: 389: INTERRUPT_HANDLER(I2C_IRQHandler, 19)
                                    189 ;	-----------------------------------------
                                    190 ;	 function I2C_IRQHandler
                                    191 ;	-----------------------------------------
      000010                        192 _I2C_IRQHandler:
                                    193 ;	stm8s_it.c: 394: }
      000010 80               [11]  194 	iret
                                    195 ;	stm8s_it.c: 402: INTERRUPT_HANDLER(UART2_TX_IRQHandler, 20)
                                    196 ;	-----------------------------------------
                                    197 ;	 function UART2_TX_IRQHandler
                                    198 ;	-----------------------------------------
      000011                        199 _UART2_TX_IRQHandler:
                                    200 ;	stm8s_it.c: 407: }
      000011 80               [11]  201 	iret
                                    202 ;	stm8s_it.c: 414: INTERRUPT_HANDLER(UART2_RX_IRQHandler, 21)
                                    203 ;	-----------------------------------------
                                    204 ;	 function UART2_RX_IRQHandler
                                    205 ;	-----------------------------------------
      000012                        206 _UART2_RX_IRQHandler:
      000012 4F               [ 1]  207 	clr	a
      000013 62               [ 2]  208 	div	x, a
                                    209 ;	stm8s_it.c: 419: if(UART2_GetITStatus(UART2_IT_RXNE))
      000014 4B 55            [ 1]  210 	push	#0x55
      000016 4B 02            [ 1]  211 	push	#0x02
      000018 CDr00r00         [ 4]  212 	call	_UART2_GetITStatus
      00001B 5B 02            [ 2]  213 	addw	sp, #2
      00001D 4D               [ 1]  214 	tnz	a
      00001E 27 14            [ 1]  215 	jreq	00105$
                                    216 ;	stm8s_it.c: 421: while(UART2_GetFlagStatus(UART2_FLAG_TXE)==RESET);
      000020                        217 00101$:
      000020 4B 80            [ 1]  218 	push	#0x80
      000022 4B 00            [ 1]  219 	push	#0x00
      000024 CDr00r00         [ 4]  220 	call	_UART2_GetFlagStatus
      000027 5B 02            [ 2]  221 	addw	sp, #2
      000029 4D               [ 1]  222 	tnz	a
      00002A 27 F4            [ 1]  223 	jreq	00101$
                                    224 ;	stm8s_it.c: 422: UART2_SendData8(UART2_ReceiveData8());
      00002C CDr00r00         [ 4]  225 	call	_UART2_ReceiveData8
      00002F 88               [ 1]  226 	push	a
      000030 CDr00r00         [ 4]  227 	call	_UART2_SendData8
      000033 84               [ 1]  228 	pop	a
      000034                        229 00105$:
                                    230 ;	stm8s_it.c: 424: UART2_ClearITPendingBit(UART2_IT_RXNE);	
      000034 4B 55            [ 1]  231 	push	#0x55
      000036 4B 02            [ 1]  232 	push	#0x02
      000038 CDr00r00         [ 4]  233 	call	_UART2_ClearITPendingBit
      00003B 5B 02            [ 2]  234 	addw	sp, #2
                                    235 ;	stm8s_it.c: 427: if(UART2_GetITStatus(UART2_IT_OR))
      00003D 4B 35            [ 1]  236 	push	#0x35
      00003F 4B 02            [ 1]  237 	push	#0x02
      000041 CDr00r00         [ 4]  238 	call	_UART2_GetITStatus
      000044 5B 02            [ 2]  239 	addw	sp, #2
      000046 4D               [ 1]  240 	tnz	a
      000047 27 09            [ 1]  241 	jreq	00107$
                                    242 ;	stm8s_it.c: 429: UART2_ClearITPendingBit(UART2_IT_OR);
      000049 4B 35            [ 1]  243 	push	#0x35
      00004B 4B 02            [ 1]  244 	push	#0x02
      00004D CDr00r00         [ 4]  245 	call	_UART2_ClearITPendingBit
      000050 5B 02            [ 2]  246 	addw	sp, #2
      000052                        247 00107$:
                                    248 ;	stm8s_it.c: 431: if(UART2_GetFlagStatus(UART2_FLAG_OR_LHE))
      000052 4B 08            [ 1]  249 	push	#0x08
      000054 4B 00            [ 1]  250 	push	#0x00
      000056 CDr00r00         [ 4]  251 	call	_UART2_GetFlagStatus
      000059 5B 02            [ 2]  252 	addw	sp, #2
      00005B 4D               [ 1]  253 	tnz	a
      00005C 27 09            [ 1]  254 	jreq	00110$
                                    255 ;	stm8s_it.c: 433: UART2_ClearFlag(UART2_FLAG_OR_LHE);
      00005E 4B 08            [ 1]  256 	push	#0x08
      000060 4B 00            [ 1]  257 	push	#0x00
      000062 CDr00r00         [ 4]  258 	call	_UART2_ClearFlag
      000065 5B 02            [ 2]  259 	addw	sp, #2
      000067                        260 00110$:
                                    261 ;	stm8s_it.c: 437: }
      000067 80               [11]  262 	iret
                                    263 ;	stm8s_it.c: 486: INTERRUPT_HANDLER(ADC1_IRQHandler, 22)
                                    264 ;	-----------------------------------------
                                    265 ;	 function ADC1_IRQHandler
                                    266 ;	-----------------------------------------
      000068                        267 _ADC1_IRQHandler:
                                    268 ;	stm8s_it.c: 491: }
      000068 80               [11]  269 	iret
                                    270 ;	stm8s_it.c: 512: INTERRUPT_HANDLER(TIM4_UPD_OVF_IRQHandler, 23)
                                    271 ;	-----------------------------------------
                                    272 ;	 function TIM4_UPD_OVF_IRQHandler
                                    273 ;	-----------------------------------------
      000069                        274 _TIM4_UPD_OVF_IRQHandler:
                                    275 ;	stm8s_it.c: 517: }
      000069 80               [11]  276 	iret
                                    277 ;	stm8s_it.c: 525: INTERRUPT_HANDLER(EEPROM_EEC_IRQHandler, 24)
                                    278 ;	-----------------------------------------
                                    279 ;	 function EEPROM_EEC_IRQHandler
                                    280 ;	-----------------------------------------
      00006A                        281 _EEPROM_EEC_IRQHandler:
                                    282 ;	stm8s_it.c: 530: }
      00006A 80               [11]  283 	iret
                                    284 	.area CODE
                                    285 	.area CONST
                                    286 	.area INITIALIZER
                                    287 	.area CABS (ABS)
