ASxxxx Linker V03.00 + NoICE + sdld,  page 1.
Hexadecimal  [32-Bits]

Area                                    Addr        Size        Decimal Bytes (Attributes)
--------------------------------        ----        ----        ------- ----- ------------
.  .ABS.                            00000000    00000000 =           0. bytes (ABS,CON)

      Value  Global                              Global Defined In Module
      -----  --------------------------------   ------------------------
     FFFFFFFF  s_SSEG                          
     00000000  .__.ABS.                           _strlen
     00000000  l_CABS                          
     00000000  l_DABS                          
     00000000  l__CODE                         
     00000000  s_CABS                          
     00000000  s_DABS                          
     00000000  s__CODE                         
     00000001  l_SSEG                          
     00000001  s_DATA                          
     00000003  l_GSFINAL                       
     00000007  l_INITIALIZED                   
     00000007  l_INITIALIZER                   
     0000001A  l_GSINIT                        
     0000006F  l_HOME                          
     0000008A  l_DATA                          
     0000008B  s_INITIALIZED                   
     00000665  l_CONST                         
     00003E69  l_CODE                          
     00008000  s_HOME                          
     0000806F  s_GSINIT                        
     00008089  s_GSFINAL                       
     0000808C  s_CONST                         
     000086F1  s_INITIALIZER                   
     000086F8  s_CODE                          

ASxxxx Linker V03.00 + NoICE + sdld,  page 2.
Hexadecimal  [32-Bits]

Area                                    Addr        Size        Decimal Bytes (Attributes)
--------------------------------        ----        ----        ------- ----- ------------
DATA                                00000001    0000008A =         138. bytes (REL,CON)

      Value  Global                              Global Defined In Module
      -----  --------------------------------   ------------------------
     00000001  _ds_time                           driver_common
     00000008  _dh_data                           driver_common
     0000000E  _adc_data                          driver_common
     00000011  _modbus_buff                       modbus
     00000086  _asm_addr                          stm8s_flash
     0000008A  _asm_val                           stm8s_flash
ASxxxx Linker V03.00 + NoICE + sdld,  page 3.
Hexadecimal  [32-Bits]

Area                                    Addr        Size        Decimal Bytes (Attributes)
--------------------------------        ----        ----        ------- ----- ------------
INITIALIZED                         0000008B    00000007 =           7. bytes (REL,CON)

      Value  Global                              Global Defined In Module
      -----  --------------------------------   ------------------------
     0000008B  _last_uart_receive_time            stm8s_it
     0000008C  _modbus_status                     modbus
     0000008D  _keycount                          key
ASxxxx Linker V03.00 + NoICE + sdld,  page 4.
Hexadecimal  [32-Bits]

Area                                    Addr        Size        Decimal Bytes (Attributes)
--------------------------------        ----        ----        ------- ----- ------------
SSEG                                FFFFFFFF    00000001 =           1. bytes (REL,CON)

      Value  Global                              Global Defined In Module
      -----  --------------------------------   ------------------------
ASxxxx Linker V03.00 + NoICE + sdld,  page 5.
Hexadecimal  [32-Bits]

Area                                    Addr        Size        Decimal Bytes (Attributes)
--------------------------------        ----        ----        ------- ----- ------------
HOME                                00008000    0000006F =         111. bytes (REL,CON)

      Value  Global                              Global Defined In Module
      -----  --------------------------------   ------------------------
ASxxxx Linker V03.00 + NoICE + sdld,  page 6.
Hexadecimal  [32-Bits]

Area                                    Addr        Size        Decimal Bytes (Attributes)
--------------------------------        ----        ----        ------- ----- ------------
GSINIT                              0000806F    0000001A =          26. bytes (REL,CON)

      Value  Global                              Global Defined In Module
      -----  --------------------------------   ------------------------
ASxxxx Linker V03.00 + NoICE + sdld,  page 7.
Hexadecimal  [32-Bits]

Area                                    Addr        Size        Decimal Bytes (Attributes)
--------------------------------        ----        ----        ------- ----- ------------
GSFINAL                             00008089    00000003 =           3. bytes (REL,CON)

      Value  Global                              Global Defined In Module
      -----  --------------------------------   ------------------------
ASxxxx Linker V03.00 + NoICE + sdld,  page 8.
Hexadecimal  [32-Bits]

Area                                    Addr        Size        Decimal Bytes (Attributes)
--------------------------------        ----        ----        ------- ----- ------------
CONST                               0000808C    00000665 =        1637. bytes (REL,CON)

      Value  Global                              Global Defined In Module
      -----  --------------------------------   ------------------------
     000080F2  _F8X16                             oled
     000086E2  _HSIDivFactor                      stm8s_clk

ASxxxx Linker V03.00 + NoICE + sdld,  page 9.
Hexadecimal  [32-Bits]

Area                                    Addr        Size        Decimal Bytes (Attributes)
--------------------------------        ----        ----        ------- ----- ------------
INITIALIZER                         000086F1    00000007 =           7. bytes (REL,CON)

      Value  Global                              Global Defined In Module
      -----  --------------------------------   ------------------------
ASxxxx Linker V03.00 + NoICE + sdld,  page 10.
Hexadecimal  [32-Bits]

Area                                    Addr        Size        Decimal Bytes (Attributes)
--------------------------------        ----        ----        ------- ----- ------------
CODE                                000086F8    00003E69 =       15977. bytes (REL,CON)

      Value  Global                              Global Defined In Module
      -----  --------------------------------   ------------------------
     000086F8  _Delay                             main
     0000871F  _main                              main
     0000872E  _i2c_init                          dht12
     00008749  _i2c_deinit                        dht12
     00008764  _I2CDataInOut                      dht12
     00008784  _I2C_Start                         dht12
     000087B7  _I2C_Stop                          dht12
     000087EA  _I2C_Rack                          dht12
     0000881D  _I2C_nAck                          dht12
     00008850  _SendByte                          dht12
     000088F5  _RcvByte                           dht12
     00008959  _I2C_Read                          dht12
     000089DB  _i2c_read                          dht12
     000089F6  _ReadDHT12                         dht12
     00008A51  _driver_init                       driver_common
     00008A65  _driver_loop                       driver_common
     00008ABF  _relay_read                        relay
     00008ACB  _relay_on                          relay
     00008AE4  _relay_off                         relay
     00008AFD  _Init_UART2                        uart
     00008B4A  _UART2_Send_Char                   uart
     00008B5E  _UART2_Send_STR                    uart
     00008B6F  _putchar                           uart
     00008B71  _ds1302_port_deinit                ds1302
     00008B99  _ds1302_port_init                  ds1302
     00008BD7  _read_IO                           ds1302
     00008BE5  _write_IO                          ds1302
     00008BF3  _ds1302_write_byte                 ds1302
     00008C35  _ds1302_read_byte                  ds1302
     00008C77  _ds1302_write                      ds1302
     00008CB5  _ds1302_read                       ds1302
     00008CF6  _ds1302_read_time                  ds1302
     00008D66  _ds1302_write_time                 ds1302
     00008DF4  _ds1302_active                     ds1302
     00008E2E  _TRAP_IRQHandler                   stm8s_it
     00008E2F  _TLI_IRQHandler                    stm8s_it
     00008E30  _AWU_IRQHandler                    stm8s_it
     00008E31  _CLK_IRQHandler                    stm8s_it
     00008E32  _EXTI_PORTA_IRQHandler             stm8s_it
     00008E33  _EXTI_PORTB_IRQHandler             stm8s_it
     00008E34  _EXTI_PORTC_IRQHandler             stm8s_it
     00008E35  _EXTI_PORTD_IRQHandler             stm8s_it
     00008E61  _EXTI_PORTE_IRQHandler             stm8s_it
     00008E62  _SPI_IRQHandler                    stm8s_it
     00008E63  _TIM1_UPD_OVF_TRG_BRK_IRQHandler   stm8s_it
     00008E64  _TIM1_CAP_COM_IRQHandler           stm8s_it
     00008E65  _TIM2_UPD_OVF_BRK_IRQHandler       stm8s_it
     00008E66  _TIM2_CAP_COM_IRQHandler           stm8s_it
     00008E67  _TIM3_UPD_OVF_BRK_IRQHandler       stm8s_it
     00008E68  _TIM3_CAP_COM_IRQHandler           stm8s_it
ASxxxx Linker V03.00 + NoICE + sdld,  page 11.
Hexadecimal  [32-Bits]

Area                                    Addr        Size        Decimal Bytes (Attributes)
--------------------------------        ----        ----        ------- ----- ------------
CODE                                000086F8    00003E69 =       15977. bytes (REL,CON)

      Value  Global                              Global Defined In Module
      -----  --------------------------------   ------------------------
     00008E69  _I2C_IRQHandler                    stm8s_it
     00008E6A  _UART2_TX_IRQHandler               stm8s_it
     00008E6B  _UART2_RX_IRQHandler               stm8s_it
     00008EF8  _ADC1_IRQHandler                   stm8s_it
     00008EF9  _TIM4_UPD_OVF_IRQHandler           stm8s_it
     00008EFA  _EEPROM_EEC_IRQHandler             stm8s_it
     00008EFB  _eeprom_read                       eeprom
     00008F14  _eeprom_write                      eeprom
     00008F57  _CRC16                             modbus
     00008FAC  _modbus_send                       modbus
     00008FD4  _modbus_virtual_write              modbus
     00009050  _modbus_virtual_read               modbus
     00009208  _modbus_process                    modbus
     000093DD  _key_init                          key
     00009437  _key_read                          key
     0000944F  _beep_init                         beep
     0000945D  _beep_read                         beep
     00009469  _beep_on                           beep
     00009482  _beep_off                          beep
     0000949B  _app_init                          app
     000094CC  _app_loop                          app
     0000A51B  _delay_ms                          oled
     0000A539  _OLED_WR_Byte                      oled
     0000A5B6  _OLED_Set_Pos                      oled
     0000A5F3  _OLED_Display_On                   oled
     0000A60F  _OLED_Display_Off                  oled
     0000A62B  _OLED_Clear                        oled
     0000A667  _OLED_ShowChar                     oled
     0000A6DE  _oled_pow                          oled
     0000A713  _OLED_ShowNum                      oled
     0000A7B0  _OLED_ShowString                   oled
     0000A7E3  _OLED_Init                         oled
     0000A969  _ReadADC                           adc
     0000A9C4  _ReadDin                           adc
     0000A9DD  _GPIO_DeInit                       stm8s_gpio
     0000A9EC  _GPIO_Init                         stm8s_gpio
     0000AA61  _GPIO_Write                        stm8s_gpio
     0000AA67  _GPIO_WriteHigh                    stm8s_gpio
     0000AA6E  _GPIO_WriteLow                     stm8s_gpio
     0000AA7C  _GPIO_WriteReverse                 stm8s_gpio
     0000AA83  _GPIO_ReadOutputData               stm8s_gpio
     0000AA87  _GPIO_ReadInputData                stm8s_gpio
     0000AA8C  _GPIO_ReadInputPin                 stm8s_gpio
     0000AA93  _GPIO_ExternalPullUpConfig         stm8s_gpio
     0000AAAF  _ITC_GetCPUCC                      stm8s_itc
     0000AAB2  _ITC_DeInit                        stm8s_itc
     0000AAD3  _ITC_GetSoftIntStatus              stm8s_itc
     0000AAD9  _ITC_GetSoftwarePriority           stm8s_itc
     0000AB84  _ITC_SetSoftwarePriority           stm8s_itc
     0000AC70  _write_byte_address                stm8s_flash
     0000AC87  _read_byte_address                 stm8s_flash
ASxxxx Linker V03.00 + NoICE + sdld,  page 12.
Hexadecimal  [32-Bits]

Area                                    Addr        Size        Decimal Bytes (Attributes)
--------------------------------        ----        ----        ------- ----- ------------
CODE                                000086F8    00003E69 =       15977. bytes (REL,CON)

      Value  Global                              Global Defined In Module
      -----  --------------------------------   ------------------------
     0000AC9D  _FLASH_Unlock                      stm8s_flash
     0000ACB5  _FLASH_Lock                        stm8s_flash
     0000ACBE  _FLASH_DeInit                      stm8s_flash
     0000ACD6  _FLASH_ITConfig                    stm8s_flash
     0000ACE9  _FLASH_EraseByte                   stm8s_flash
     0000ACF4  _FLASH_ProgramByte                 stm8s_flash
     0000AD00  _FLASH_ReadByte                    stm8s_flash
     0000AD0C  _FLASH_ProgramWord                 stm8s_flash
     0000AD58  _FLASH_ProgramOptionByte           stm8s_flash
     0000AD8D  _FLASH_EraseOptionByte             stm8s_flash
     0000ADBD  _FLASH_ReadOptionByte              stm8s_flash
     0000ADF9  _FLASH_SetLowPowerMode             stm8s_flash
     0000AE0A  _FLASH_SetProgrammingTime          stm8s_flash
     0000AE1B  _FLASH_GetLowPowerMode             stm8s_flash
     0000AE21  _FLASH_GetProgrammingTime          stm8s_flash
     0000AE27  _FLASH_GetBootSize                 stm8s_flash
     0000AE4E  _FLASH_GetFlagStatus               stm8s_flash
     0000AE5A  _FLASH_WaitForLastOperation        stm8s_flash
     0000AE8A  _FLASH_EraseBlock                  stm8s_flash
     0000AEC2  _FLASH_ProgramBlock                stm8s_flash
     0000AF3A  _EXTI_DeInit                       stm8s_exti
     0000AF43  _EXTI_SetExtIntSensitivity         stm8s_exti
     0000AFD5  _EXTI_SetTLISensitivity            stm8s_exti
     0000AFE6  _EXTI_GetExtIntSensitivity         stm8s_exti
     0000B02B  _EXTI_GetTLISensitivity            stm8s_exti
     0000B031  _ADC1_DeInit                       stm8s_adc1
     0000B062  _ADC1_Init                         stm8s_adc1
     0000B092  _ADC1_Cmd                          stm8s_adc1
     0000B0A5  _ADC1_ScanModeCmd                  stm8s_adc1
     0000B0B8  _ADC1_DataBufferCmd                stm8s_adc1
     0000B0CB  _ADC1_ITConfig                     stm8s_adc1
     0000B0E9  _ADC1_PrescalerConfig              stm8s_adc1
     0000B0FA  _ADC1_SchmittTriggerConfig         stm8s_adc1
     0000B178  _ADC1_ConversionConfig             stm8s_adc1
     0000B1AB  _ADC1_ExternalTriggerConfig        stm8s_adc1
     0000B1CF  _ADC1_StartConversion              stm8s_adc1
     0000B1D4  _ADC1_GetConversionValue           stm8s_adc1
     0000B214  _ADC1_AWDChannelConfig             stm8s_adc1
     0000B26C  _ADC1_SetHighThreshold             stm8s_adc1
     0000B27A  _ADC1_SetLowThreshold              stm8s_adc1
     0000B288  _ADC1_GetBufferValue               stm8s_adc1
     0000B2D5  _ADC1_GetAWDChannelStatus          stm8s_adc1
     0000B30F  _ADC1_GetFlagStatus                stm8s_adc1
     0000B374  _ADC1_ClearFlag                    stm8s_adc1
     0000B3E4  _ADC1_GetITStatus                  stm8s_adc1
     0000B437  _ADC1_ClearITPendingBit            stm8s_adc1
     0000B495  _UART2_DeInit                      stm8s_uart2
     0000B4BC  _UART2_Init                        stm8s_uart2
     0000B621  _UART2_Cmd                         stm8s_uart2
     0000B634  _UART2_ITConfig                    stm8s_uart2
     0000B6DB  _UART2_IrDAConfig                  stm8s_uart2
ASxxxx Linker V03.00 + NoICE + sdld,  page 13.
Hexadecimal  [32-Bits]

Area                                    Addr        Size        Decimal Bytes (Attributes)
--------------------------------        ----        ----        ------- ----- ------------
CODE                                000086F8    00003E69 =       15977. bytes (REL,CON)

      Value  Global                              Global Defined In Module
      -----  --------------------------------   ------------------------
     0000B6EE  _UART2_IrDACmd                     stm8s_uart2
     0000B701  _UART2_LINBreakDetectionConfig     stm8s_uart2
     0000B714  _UART2_LINConfig                   stm8s_uart2
     0000B74D  _UART2_LINCmd                      stm8s_uart2
     0000B760  _UART2_SmartCardCmd                stm8s_uart2
     0000B773  _UART2_SmartCardNACKCmd            stm8s_uart2
     0000B786  _UART2_WakeUpConfig                stm8s_uart2
     0000B793  _UART2_ReceiverWakeUpCmd           stm8s_uart2
     0000B7A6  _UART2_ReceiveData8                stm8s_uart2
     0000B7AA  _UART2_ReceiveData9                stm8s_uart2
     0000B7C8  _UART2_SendData8                   stm8s_uart2
     0000B7CF  _UART2_SendData9                   stm8s_uart2
     0000B7EC  _UART2_SendBreak                   stm8s_uart2
     0000B7F1  _UART2_SetAddress                  stm8s_uart2
     0000B802  _UART2_SetGuardTime                stm8s_uart2
     0000B809  _UART2_SetPrescaler                stm8s_uart2
     0000B810  _UART2_GetFlagStatus               stm8s_uart2
     0000B869  _UART2_ClearFlag                   stm8s_uart2
     0000B897  _UART2_GetITStatus                 stm8s_uart2
     0000B933  _UART2_ClearITPendingBit           stm8s_uart2
     0000B950  _CLK_DeInit                        stm8s_clk
     0000B987  _CLK_FastHaltWakeUpCmd             stm8s_clk
     0000B99A  _CLK_HSECmd                        stm8s_clk
     0000B9AD  _CLK_HSICmd                        stm8s_clk
     0000B9C0  _CLK_LSICmd                        stm8s_clk
     0000B9D3  _CLK_CCOCmd                        stm8s_clk
     0000B9E6  _CLK_ClockSwitchCmd                stm8s_clk
     0000B9F9  _CLK_SlowActiveHaltWakeUpCmd       stm8s_clk
     0000BA0C  _CLK_PeripheralClockConfig         stm8s_clk
     0000BA56  _CLK_ClockSwitchConfig             stm8s_clk
     0000BB04  _CLK_HSIPrescalerConfig            stm8s_clk
     0000BB15  _CLK_CCOConfig                     stm8s_clk
     0000BB2A  _CLK_ITConfig                      stm8s_clk
     0000BB6A  _CLK_SYSCLKConfig                  stm8s_clk
     0000BB9E  _CLK_SWIMConfig                    stm8s_clk
     0000BBB1  _CLK_ClockSecuritySystemEnable     stm8s_clk
     0000BBB6  _CLK_GetSYSCLKSource               stm8s_clk
     0000BBBA  _CLK_GetClockFreq                  stm8s_clk
     0000BC0C  _CLK_AdjustHSICalibrationValue     stm8s_clk
     0000BC17  _CLK_SYSCLKEmergencyClear          stm8s_clk
     0000BC1C  _CLK_GetFlagStatus                 stm8s_clk
     0000BC5E  _CLK_GetITStatus                   stm8s_clk
     0000BC7E  _CLK_ClearITPendingBit             stm8s_clk
     0000BC8E  __modulong                         
     0000BD11  _vsprintf                          sprintf
     0000BD2C  _sprintf                           sprintf
     0000BD4C  __divulong                         
     0000BDA6  __mullong                          
     0000BE22  __modsint                          
     0000BE38  __divsint                          
     0000BEF2  __print_format                     printf_large
ASxxxx Linker V03.00 + NoICE + sdld,  page 14.
Hexadecimal  [32-Bits]

Area                                    Addr        Size        Decimal Bytes (Attributes)
--------------------------------        ----        ----        ------- ----- ------------
CODE                                000086F8    00003E69 =       15977. bytes (REL,CON)

      Value  Global                              Global Defined In Module
      -----  --------------------------------   ------------------------
     0000C552  _strlen                            _strlen
ASxxxx Linker V03.00 + NoICE + sdld,  page 15.

Files Linked                              [ module(s) ]

main.rel                                  [ main ]
driver/dht12.rel                          [ dht12 ]
driver/driver_common.rel                  [ driver_common ]
driver/relay.rel                          [ relay ]
driver/uart.rel                           [ uart ]
driver/ds1302.rel                         [ ds1302 ]
driver/stm8s_it.rel                       [ stm8s_it ]
driver/eeprom.rel                         [ eeprom ]
driver/modbus.rel                         [ modbus ]
driver/key.rel                            [ key ]
driver/beep.rel                           [ beep ]
driver/app.rel                            [ app ]
driver/oled.rel                           [ oled ]
driver/adc.rel                            [ adc ]
STM8S_StdPeriph_Lib/Libraries/STM8S_StdPeriph_Driver/src/stm8s_gpio.rel
                                          [ stm8s_gpio ]
STM8S_StdPeriph_Lib/Libraries/STM8S_StdPeriph_Driver/src/stm8s_itc.rel
                                          [ stm8s_itc ]
STM8S_StdPeriph_Lib/Libraries/STM8S_StdPeriph_Driver/src/stm8s_flash.rel
                                          [ stm8s_flash ]
STM8S_StdPeriph_Lib/Libraries/STM8S_StdPeriph_Driver/src/stm8s_exti.rel
                                          [ stm8s_exti ]
STM8S_StdPeriph_Lib/Libraries/STM8S_StdPeriph_Driver/src/stm8s_adc1.rel
                                          [ stm8s_adc1 ]
STM8S_StdPeriph_Lib/Libraries/STM8S_StdPeriph_Driver/src/stm8s_uart2.rel
                                          [ stm8s_uart2 ]
STM8S_StdPeriph_Lib/Libraries/STM8S_StdPeriph_Driver/src/stm8s_clk.rel
                                          [ stm8s_clk ]


Libraries Linked                          [ object file ]

/usr/local/bin/../share/sdcc/lib/stm8/stm8.lib
                                          [ _modulong.rel ]
/usr/local/bin/../share/sdcc/lib/stm8/stm8.lib
                                          [ sprintf.rel ]
/usr/local/bin/../share/sdcc/lib/stm8/stm8.lib
                                          [ _divulong.rel ]
/usr/local/bin/../share/sdcc/lib/stm8/stm8.lib
                                          [ _mullong.rel ]
/usr/local/bin/../share/sdcc/lib/stm8/stm8.lib
                                          [ _modsint.rel ]
/usr/local/bin/../share/sdcc/lib/stm8/stm8.lib
                                          [ _divsint.rel ]
/usr/local/bin/../share/sdcc/lib/stm8/stm8.lib
                                          [ printf_large.rel ]
/usr/local/bin/../share/sdcc/lib/stm8/stm8.lib
                                          [ _strlen.rel ]

ASxxxx Linker V03.00 + NoICE + sdld,  page 16.

User Base Address Definitions

HOME = 0x8000
DATA = 0x0001
SSEG = 0xffffffff

