ASxxxx Linker V03.00 + NoICE + sdld,  page 1.
Hexadecimal  [32-Bits]

Area                                    Addr        Size        Decimal Bytes (Attributes)
--------------------------------        ----        ----        ------- ----- ------------
.  .ABS.                            00000000    00000000 =           0. bytes (ABS,CON)

      Value  Global                              Global Defined In Module
      -----  --------------------------------   ------------------------
     FFFFFFFF  s_SSEG                          
     00000000  .__.ABS.                           _strlen
     00000000  l_CABS                          
     00000000  l_DABS                          
     00000000  l_DATA                          
     00000000  l_INITIALIZED                   
     00000000  l_INITIALIZER                   
     00000000  l__CODE                         
     00000000  s_CABS                          
     00000000  s_DABS                          
     00000000  s__CODE                         
     00000001  l_SSEG                          
     00000001  s_DATA                          
     00000001  s_INITIALIZED                   
     00000003  l_GSFINAL                       
     00000007  l_HOME                          
     0000001A  l_GSINIT                        
     00000650  l_CONST                         
     000023C5  l_CODE                          
     00008000  s_HOME                          
     00008007  s_GSINIT                        
     00008021  s_GSFINAL                       
     00008024  s_CONST                         
     00008674  s_CODE                          
     00008674  s_INITIALIZER                   

ASxxxx Linker V03.00 + NoICE + sdld,  page 2.
Hexadecimal  [32-Bits]

Area                                    Addr        Size        Decimal Bytes (Attributes)
--------------------------------        ----        ----        ------- ----- ------------
HOME                                00008000    00000007 =           7. bytes (REL,CON)

      Value  Global                              Global Defined In Module
      -----  --------------------------------   ------------------------
ASxxxx Linker V03.00 + NoICE + sdld,  page 3.
Hexadecimal  [32-Bits]

Area                                    Addr        Size        Decimal Bytes (Attributes)
--------------------------------        ----        ----        ------- ----- ------------
GSINIT                              00008007    0000001A =          26. bytes (REL,CON)

      Value  Global                              Global Defined In Module
      -----  --------------------------------   ------------------------
ASxxxx Linker V03.00 + NoICE + sdld,  page 4.
Hexadecimal  [32-Bits]

Area                                    Addr        Size        Decimal Bytes (Attributes)
--------------------------------        ----        ----        ------- ----- ------------
GSFINAL                             00008021    00000003 =           3. bytes (REL,CON)

      Value  Global                              Global Defined In Module
      -----  --------------------------------   ------------------------
ASxxxx Linker V03.00 + NoICE + sdld,  page 5.
Hexadecimal  [32-Bits]

Area                                    Addr        Size        Decimal Bytes (Attributes)
--------------------------------        ----        ----        ------- ----- ------------
CONST                               00008024    00000650 =        1616. bytes (REL,CON)

      Value  Global                              Global Defined In Module
      -----  --------------------------------   ------------------------
     00008075  _F8X16                             oled
     00008665  _HSIDivFactor                      stm8s_clk

ASxxxx Linker V03.00 + NoICE + sdld,  page 6.
Hexadecimal  [32-Bits]

Area                                    Addr        Size        Decimal Bytes (Attributes)
--------------------------------        ----        ----        ------- ----- ------------
CODE                                00008674    000023C5 =        9157. bytes (REL,CON)

      Value  Global                              Global Defined In Module
      -----  --------------------------------   ------------------------
     00008674  _TRAP_IRQHandler                   stm8s_it
     00008675  _TLI_IRQHandler                    stm8s_it
     00008676  _AWU_IRQHandler                    stm8s_it
     00008677  _CLK_IRQHandler                    stm8s_it
     00008678  _EXTI_PORTA_IRQHandler             stm8s_it
     00008679  _EXTI_PORTB_IRQHandler             stm8s_it
     0000867A  _EXTI_PORTC_IRQHandler             stm8s_it
     0000867B  _EXTI_PORTD_IRQHandler             stm8s_it
     0000867C  _EXTI_PORTE_IRQHandler             stm8s_it
     0000867D  _SPI_IRQHandler                    stm8s_it
     0000867E  _TIM1_UPD_OVF_TRG_BRK_IRQHandler   stm8s_it
     0000867F  _TIM1_CAP_COM_IRQHandler           stm8s_it
     00008680  _TIM2_UPD_OVF_BRK_IRQHandler       stm8s_it
     00008681  _TIM2_CAP_COM_IRQHandler           stm8s_it
     00008682  _TIM3_UPD_OVF_BRK_IRQHandler       stm8s_it
     00008683  _TIM3_CAP_COM_IRQHandler           stm8s_it
     00008684  _I2C_IRQHandler                    stm8s_it
     00008685  _UART2_TX_IRQHandler               stm8s_it
     00008686  _UART2_RX_IRQHandler               stm8s_it
     00008687  _ADC1_IRQHandler                   stm8s_it
     00008688  _TIM4_UPD_OVF_IRQHandler           stm8s_it
     00008689  _EEPROM_EEC_IRQHandler             stm8s_it
     0000868A  _Delay                             main
     00008694  _main                              main
     00008872  _i2c_init                          dht12
     0000888D  _i2c_deinit                        dht12
     000088A8  _I2CDataInOut                      dht12
     000088C8  _I2C_Start                         dht12
     000088FB  _I2C_Stop                          dht12
     0000892E  _I2C_Rack                          dht12
     00008956  _I2C_nAck                          dht12
     0000897E  _SendByte                          dht12
     00008A23  _RcvByte                           dht12
     00008A87  _I2C_Read                          dht12
     00008B01  _i2c_read                          dht12
     00008B2F  _ReadDHT12                         dht12
     00008B8A  _Init_UART2                        uart
     00008BD0  _UART2_Send_Char                   uart
     00008BE4  _UART2_Send_STR                    uart
     00008BF5  _putchar                           uart
     00008C0A  _delay_us                          ds1302
     00008C2A  _ds1302_port_deinit                ds1302
     00008C52  _ds1302_port_init                  ds1302
     00008C90  _read_IO                           ds1302
     00008C9E  _write_IO                          ds1302
     00008CAC  _ds1302_write_byte                 ds1302
     00008CF7  _ds1302_read_byte                  ds1302
     00008D42  _ds1302_write                      ds1302
     00008D80  _ds1302_read                       ds1302
     00008DC1  _ds1302_check                      ds1302
ASxxxx Linker V03.00 + NoICE + sdld,  page 7.
Hexadecimal  [32-Bits]

Area                                    Addr        Size        Decimal Bytes (Attributes)
--------------------------------        ----        ----        ------- ----- ------------
CODE                                00008674    000023C5 =        9157. bytes (REL,CON)

      Value  Global                              Global Defined In Module
      -----  --------------------------------   ------------------------
     00008DD9  _ds1302_read_time                  ds1302
     00008E43  _ds1302_write_time                 ds1302
     00008EC9  _ds1302_write_ram                  ds1302
     00008EF3  _ds1302_read_ram                   ds1302
     00008F06  _ds1302_active                     ds1302
     00008F40  _delay_ms                          oled
     00008F5E  _OLED_WR_Byte                      oled
     00008FDB  _OLED_Set_Pos                      oled
     00009018  _OLED_Display_On                   oled
     00009034  _OLED_Display_Off                  oled
     00009050  _OLED_Clear                        oled
     0000908C  _OLED_ShowChar                     oled
     00009103  _oled_pow                          oled
     00009138  _OLED_ShowNum                      oled
     000091D5  _OLED_ShowString                   oled
     00009208  _OLED_Init                         oled
     0000938E  _ReadADC                           adc
     000093E0  _GPIO_DeInit                       stm8s_gpio
     000093EF  _GPIO_Init                         stm8s_gpio
     00009464  _GPIO_Write                        stm8s_gpio
     0000946A  _GPIO_WriteHigh                    stm8s_gpio
     00009471  _GPIO_WriteLow                     stm8s_gpio
     0000947F  _GPIO_WriteReverse                 stm8s_gpio
     00009486  _GPIO_ReadOutputData               stm8s_gpio
     0000948A  _GPIO_ReadInputData                stm8s_gpio
     0000948F  _GPIO_ReadInputPin                 stm8s_gpio
     00009496  _GPIO_ExternalPullUpConfig         stm8s_gpio
     000094B2  _ADC1_DeInit                       stm8s_adc1
     000094E3  _ADC1_Init                         stm8s_adc1
     00009513  _ADC1_Cmd                          stm8s_adc1
     00009526  _ADC1_ScanModeCmd                  stm8s_adc1
     00009539  _ADC1_DataBufferCmd                stm8s_adc1
     0000954C  _ADC1_ITConfig                     stm8s_adc1
     0000956A  _ADC1_PrescalerConfig              stm8s_adc1
     0000957B  _ADC1_SchmittTriggerConfig         stm8s_adc1
     000095F9  _ADC1_ConversionConfig             stm8s_adc1
     0000962C  _ADC1_ExternalTriggerConfig        stm8s_adc1
     00009650  _ADC1_StartConversion              stm8s_adc1
     00009655  _ADC1_GetConversionValue           stm8s_adc1
     00009695  _ADC1_AWDChannelConfig             stm8s_adc1
     000096ED  _ADC1_SetHighThreshold             stm8s_adc1
     000096FB  _ADC1_SetLowThreshold              stm8s_adc1
     00009709  _ADC1_GetBufferValue               stm8s_adc1
     00009756  _ADC1_GetAWDChannelStatus          stm8s_adc1
     00009790  _ADC1_GetFlagStatus                stm8s_adc1
     000097F5  _ADC1_ClearFlag                    stm8s_adc1
     00009865  _ADC1_GetITStatus                  stm8s_adc1
     000098B8  _ADC1_ClearITPendingBit            stm8s_adc1
     00009916  _UART2_DeInit                      stm8s_uart2
     0000993D  _UART2_Init                        stm8s_uart2
     00009AA2  _UART2_Cmd                         stm8s_uart2
ASxxxx Linker V03.00 + NoICE + sdld,  page 8.
Hexadecimal  [32-Bits]

Area                                    Addr        Size        Decimal Bytes (Attributes)
--------------------------------        ----        ----        ------- ----- ------------
CODE                                00008674    000023C5 =        9157. bytes (REL,CON)

      Value  Global                              Global Defined In Module
      -----  --------------------------------   ------------------------
     00009AB5  _UART2_ITConfig                    stm8s_uart2
     00009B5C  _UART2_IrDAConfig                  stm8s_uart2
     00009B6F  _UART2_IrDACmd                     stm8s_uart2
     00009B82  _UART2_LINBreakDetectionConfig     stm8s_uart2
     00009B95  _UART2_LINConfig                   stm8s_uart2
     00009BCE  _UART2_LINCmd                      stm8s_uart2
     00009BE1  _UART2_SmartCardCmd                stm8s_uart2
     00009BF4  _UART2_SmartCardNACKCmd            stm8s_uart2
     00009C07  _UART2_WakeUpConfig                stm8s_uart2
     00009C14  _UART2_ReceiverWakeUpCmd           stm8s_uart2
     00009C27  _UART2_ReceiveData8                stm8s_uart2
     00009C2B  _UART2_ReceiveData9                stm8s_uart2
     00009C49  _UART2_SendData8                   stm8s_uart2
     00009C50  _UART2_SendData9                   stm8s_uart2
     00009C6D  _UART2_SendBreak                   stm8s_uart2
     00009C72  _UART2_SetAddress                  stm8s_uart2
     00009C83  _UART2_SetGuardTime                stm8s_uart2
     00009C8A  _UART2_SetPrescaler                stm8s_uart2
     00009C91  _UART2_GetFlagStatus               stm8s_uart2
     00009CEA  _UART2_ClearFlag                   stm8s_uart2
     00009D18  _UART2_GetITStatus                 stm8s_uart2
     00009DB4  _UART2_ClearITPendingBit           stm8s_uart2
     00009DD1  _CLK_DeInit                        stm8s_clk
     00009E08  _CLK_FastHaltWakeUpCmd             stm8s_clk
     00009E1B  _CLK_HSECmd                        stm8s_clk
     00009E2E  _CLK_HSICmd                        stm8s_clk
     00009E41  _CLK_LSICmd                        stm8s_clk
     00009E54  _CLK_CCOCmd                        stm8s_clk
     00009E67  _CLK_ClockSwitchCmd                stm8s_clk
     00009E7A  _CLK_SlowActiveHaltWakeUpCmd       stm8s_clk
     00009E8D  _CLK_PeripheralClockConfig         stm8s_clk
     00009ED7  _CLK_ClockSwitchConfig             stm8s_clk
     00009F85  _CLK_HSIPrescalerConfig            stm8s_clk
     00009F96  _CLK_CCOConfig                     stm8s_clk
     00009FAB  _CLK_ITConfig                      stm8s_clk
     00009FEB  _CLK_SYSCLKConfig                  stm8s_clk
     0000A01F  _CLK_SWIMConfig                    stm8s_clk
     0000A032  _CLK_ClockSecuritySystemEnable     stm8s_clk
     0000A037  _CLK_GetSYSCLKSource               stm8s_clk
     0000A03B  _CLK_GetClockFreq                  stm8s_clk
     0000A08D  _CLK_AdjustHSICalibrationValue     stm8s_clk
     0000A098  _CLK_SYSCLKEmergencyClear          stm8s_clk
     0000A09D  _CLK_GetFlagStatus                 stm8s_clk
     0000A0DF  _CLK_GetITStatus                   stm8s_clk
     0000A0FF  _CLK_ClearITPendingBit             stm8s_clk
     0000A10F  __modulong                         
     0000A192  _vsprintf                          sprintf
     0000A1AD  _sprintf                           sprintf
     0000A1CD  __divulong                         
     0000A227  _puts                              puts
     0000A256  _vprintf                           vprintf
ASxxxx Linker V03.00 + NoICE + sdld,  page 9.
Hexadecimal  [32-Bits]

Area                                    Addr        Size        Decimal Bytes (Attributes)
--------------------------------        ----        ----        ------- ----- ------------
CODE                                00008674    000023C5 =        9157. bytes (REL,CON)

      Value  Global                              Global Defined In Module
      -----  --------------------------------   ------------------------
     0000A268  _printf                            vprintf
     0000A27E  __mullong                          
     0000A2FA  __modsint                          
     0000A310  __divsint                          
     0000A3CA  __print_format                     printf_large
     0000AA2A  _strlen                            _strlen

ASxxxx Linker V03.00 + NoICE + sdld,  page 10.
Hexadecimal  [32-Bits]

Area                                    Addr        Size        Decimal Bytes (Attributes)
--------------------------------        ----        ----        ------- ----- ------------
SSEG                                FFFFFFFF    00000001 =           1. bytes (REL,CON)

      Value  Global                              Global Defined In Module
      -----  --------------------------------   ------------------------
ASxxxx Linker V03.00 + NoICE + sdld,  page 11.

Files Linked                              [ module(s) ]

stm8s_it.rel                              [ stm8s_it ]
main.rel                                  [ main ]
driver/dht12.rel                          [ dht12 ]
driver/uart.rel                           [ uart ]
driver/ds1302.rel                         [ ds1302 ]
driver/oled.rel                           [ oled ]
driver/adc.rel                            [ adc ]
STM8S_StdPeriph_Lib/Libraries/STM8S_StdPeriph_Driver/src/stm8s_gpio.rel
                                          [ stm8s_gpio ]
STM8S_StdPeriph_Lib/Libraries/STM8S_StdPeriph_Driver/src/stm8s_adc1.rel
                                          [ stm8s_adc1 ]
STM8S_StdPeriph_Lib/Libraries/STM8S_StdPeriph_Driver/src/stm8s_uart2.rel
                                          [ stm8s_uart2 ]
STM8S_StdPeriph_Lib/Libraries/STM8S_StdPeriph_Driver/src/stm8s_clk.rel
                                          [ stm8s_clk ]


Libraries Linked                          [ object file ]

/usr/local/bin/../share/sdcc/lib/stm8/stm8.lib
                                          [ _modulong.rel ]
/usr/local/bin/../share/sdcc/lib/stm8/stm8.lib
                                          [ sprintf.rel ]
/usr/local/bin/../share/sdcc/lib/stm8/stm8.lib
                                          [ _divulong.rel ]
/usr/local/bin/../share/sdcc/lib/stm8/stm8.lib
                                          [ puts.rel ]
/usr/local/bin/../share/sdcc/lib/stm8/stm8.lib
                                          [ vprintf.rel ]
/usr/local/bin/../share/sdcc/lib/stm8/stm8.lib
                                          [ _mullong.rel ]
/usr/local/bin/../share/sdcc/lib/stm8/stm8.lib
                                          [ _modsint.rel ]
/usr/local/bin/../share/sdcc/lib/stm8/stm8.lib
                                          [ _divsint.rel ]
/usr/local/bin/../share/sdcc/lib/stm8/stm8.lib
                                          [ printf_large.rel ]
/usr/local/bin/../share/sdcc/lib/stm8/stm8.lib
                                          [ _strlen.rel ]

ASxxxx Linker V03.00 + NoICE + sdld,  page 12.

User Base Address Definitions

HOME = 0x8000
DATA = 0x0001
SSEG = 0xffffffff

