ASxxxx Linker V03.00 + NoICE + sdld,  page 1.
Hexadecimal  [32-Bits]

Area                                    Addr        Size        Decimal Bytes (Attributes)
--------------------------------        ----        ----        ------- ----- ------------
.  .ABS.                            00000000    00000000 =           0. bytes (ABS,CON)

      Value  Global                              Global Defined In Module
      -----  --------------------------------   ------------------------
     FFFFFFFF  s_SSEG                          
     00000000  .__.ABS.                           _strlen
     00000000  l_CABS                          
     00000000  l_DABS                          
     00000000  l__CODE                         
     00000000  s_CABS                          
     00000000  s_DABS                          
     00000000  s__CODE                         
     00000001  l_SSEG                          
     00000001  s_DATA                          
     00000003  l_GSFINAL                       
     00000007  l_INITIALIZED                   
     00000007  l_INITIALIZER                   
     0000001A  l_GSINIT                        
     0000006F  l_HOME                          
     00000097  l_DATA                          
     00000098  s_INITIALIZED                   
     00000678  l_CONST                         
     000038D5  l_CODE                          
     00008000  s_HOME                          
     0000806F  s_GSINIT                        
     00008089  s_GSFINAL                       
     0000808C  s_CONST                         
     00008704  s_INITIALIZER                   
     0000870B  s_CODE                          

ASxxxx Linker V03.00 + NoICE + sdld,  page 2.
Hexadecimal  [32-Bits]

Area                                    Addr        Size        Decimal Bytes (Attributes)
--------------------------------        ----        ----        ------- ----- ------------
DATA                                00000001    00000097 =         151. bytes (REL,CON)

      Value  Global                              Global Defined In Module
      -----  --------------------------------   ------------------------
     00000078  _modbus_buff                       modbus
     00000082  _ds_time                           driver_common
     00000089  _dh_data                           driver_common
     0000008F  _adc_data                          driver_common
     00000093  _asm_addr                          stm8s_flash
     00000097  _asm_val                           stm8s_flash
ASxxxx Linker V03.00 + NoICE + sdld,  page 3.
Hexadecimal  [32-Bits]

Area                                    Addr        Size        Decimal Bytes (Attributes)
--------------------------------        ----        ----        ------- ----- ------------
INITIALIZED                         00000098    00000007 =           7. bytes (REL,CON)

      Value  Global                              Global Defined In Module
      -----  --------------------------------   ------------------------
     00000098  _keycount                          key
     0000009D  _modbus_status                     modbus
     0000009E  _last_uart_receive_time            stm8s_it
ASxxxx Linker V03.00 + NoICE + sdld,  page 4.
Hexadecimal  [32-Bits]

Area                                    Addr        Size        Decimal Bytes (Attributes)
--------------------------------        ----        ----        ------- ----- ------------
SSEG                                FFFFFFFF    00000001 =           1. bytes (REL,CON)

      Value  Global                              Global Defined In Module
      -----  --------------------------------   ------------------------
ASxxxx Linker V03.00 + NoICE + sdld,  page 5.
Hexadecimal  [32-Bits]

Area                                    Addr        Size        Decimal Bytes (Attributes)
--------------------------------        ----        ----        ------- ----- ------------
HOME                                00008000    0000006F =         111. bytes (REL,CON)

      Value  Global                              Global Defined In Module
      -----  --------------------------------   ------------------------
ASxxxx Linker V03.00 + NoICE + sdld,  page 6.
Hexadecimal  [32-Bits]

Area                                    Addr        Size        Decimal Bytes (Attributes)
--------------------------------        ----        ----        ------- ----- ------------
GSINIT                              0000806F    0000001A =          26. bytes (REL,CON)

      Value  Global                              Global Defined In Module
      -----  --------------------------------   ------------------------
ASxxxx Linker V03.00 + NoICE + sdld,  page 7.
Hexadecimal  [32-Bits]

Area                                    Addr        Size        Decimal Bytes (Attributes)
--------------------------------        ----        ----        ------- ----- ------------
GSFINAL                             00008089    00000003 =           3. bytes (REL,CON)

      Value  Global                              Global Defined In Module
      -----  --------------------------------   ------------------------
ASxxxx Linker V03.00 + NoICE + sdld,  page 8.
Hexadecimal  [32-Bits]

Area                                    Addr        Size        Decimal Bytes (Attributes)
--------------------------------        ----        ----        ------- ----- ------------
CONST                               0000808C    00000678 =        1656. bytes (REL,CON)

      Value  Global                              Global Defined In Module
      -----  --------------------------------   ------------------------
     0000808C  _F8X16                             oled
     000086F5  _HSIDivFactor                      stm8s_clk

ASxxxx Linker V03.00 + NoICE + sdld,  page 9.
Hexadecimal  [32-Bits]

Area                                    Addr        Size        Decimal Bytes (Attributes)
--------------------------------        ----        ----        ------- ----- ------------
INITIALIZER                         00008704    00000007 =           7. bytes (REL,CON)

      Value  Global                              Global Defined In Module
      -----  --------------------------------   ------------------------
ASxxxx Linker V03.00 + NoICE + sdld,  page 10.
Hexadecimal  [32-Bits]

Area                                    Addr        Size        Decimal Bytes (Attributes)
--------------------------------        ----        ----        ------- ----- ------------
CODE                                0000870B    000038D5 =       14549. bytes (REL,CON)

      Value  Global                              Global Defined In Module
      -----  --------------------------------   ------------------------
     0000870B  _Delay                             main
     0000873C  _main                              main
     0000874B  _ReadADC                           adc
     000087A6  _ReadDin                           adc
     000087BF  _delay_ms                          oled
     000087DD  _OLED_WR_Byte                      oled
     0000885A  _OLED_Set_Pos                      oled
     0000888B  _OLED_Display_On                   oled
     000088A7  _OLED_Display_Off                  oled
     000088C3  _OLED_Clear                        oled
     000088FF  _OLED_ShowChar                     oled
     00008976  _oled_pow                          oled
     000089B5  _OLED_ShowNum                      oled
     00008A52  _OLED_ShowString                   oled
     00008A83  _OLED_Init                         oled
     00008C09  _Is_In_Area                        app
     00008C82  _app_init                          app
     00008CB3  _app_loop                          app
     000097A1  _beep_init                         beep
     000097AF  _beep_read                         beep
     000097BB  _beep_on                           beep
     000097D4  _beep_off                          beep
     000097ED  _key_init                          key
     00009847  _key_read                          key
     0000985F  _CRC16                             modbus
     000098B4  _modbus_send                       modbus
     000098DC  _modbus_virtual_write              modbus
     00009958  _modbus_virtual_read               modbus
     00009AD4  _modbus_process                    modbus
     00009CA3  _eeprom_read                       eeprom
     00009CB7  _eeprom_write                      eeprom
     00009CF5  _TRAP_IRQHandler                   stm8s_it
     00009CF6  _TLI_IRQHandler                    stm8s_it
     00009CF7  _AWU_IRQHandler                    stm8s_it
     00009CF8  _CLK_IRQHandler                    stm8s_it
     00009CF9  _EXTI_PORTA_IRQHandler             stm8s_it
     00009CFA  _EXTI_PORTB_IRQHandler             stm8s_it
     00009CFB  _EXTI_PORTC_IRQHandler             stm8s_it
     00009CFC  _EXTI_PORTD_IRQHandler             stm8s_it
     00009D25  _EXTI_PORTE_IRQHandler             stm8s_it
     00009D26  _SPI_IRQHandler                    stm8s_it
     00009D27  _TIM1_UPD_OVF_TRG_BRK_IRQHandler   stm8s_it
     00009D28  _TIM1_CAP_COM_IRQHandler           stm8s_it
     00009D29  _TIM2_UPD_OVF_BRK_IRQHandler       stm8s_it
     00009D2A  _TIM2_CAP_COM_IRQHandler           stm8s_it
     00009D2B  _TIM3_UPD_OVF_BRK_IRQHandler       stm8s_it
     00009D2C  _TIM3_CAP_COM_IRQHandler           stm8s_it
     00009D2D  _I2C_IRQHandler                    stm8s_it
     00009D2E  _UART2_TX_IRQHandler               stm8s_it
     00009D2F  _UART2_RX_IRQHandler               stm8s_it
ASxxxx Linker V03.00 + NoICE + sdld,  page 11.
Hexadecimal  [32-Bits]

Area                                    Addr        Size        Decimal Bytes (Attributes)
--------------------------------        ----        ----        ------- ----- ------------
CODE                                0000870B    000038D5 =       14549. bytes (REL,CON)

      Value  Global                              Global Defined In Module
      -----  --------------------------------   ------------------------
     00009DB6  _ADC1_IRQHandler                   stm8s_it
     00009DB7  _TIM4_UPD_OVF_IRQHandler           stm8s_it
     00009DB8  _EEPROM_EEC_IRQHandler             stm8s_it
     00009DB9  _ds1302_port_deinit                ds1302
     00009DE1  _ds1302_port_init                  ds1302
     00009E1F  _read_IO                           ds1302
     00009E2D  _write_IO                          ds1302
     00009E3B  _ds1302_write_byte                 ds1302
     00009E7D  _ds1302_read_byte                  ds1302
     00009EBB  _ds1302_write                      ds1302
     00009EF9  _ds1302_read                       ds1302
     00009F3A  _ds1302_read_time                  ds1302
     00009FAA  _ds1302_write_time                 ds1302
     0000A038  _ds1302_active                     ds1302
     0000A072  _Init_UART2                        uart
     0000A0BF  _UART2_Send_Char                   uart
     0000A0D3  _UART2_Send_STR                    uart
     0000A0E4  _putchar                           uart
     0000A0E6  _relay_read                        relay
     0000A0F2  _relay_on                          relay
     0000A10B  _relay_off                         relay
     0000A124  _driver_init                       driver_common
     0000A138  _driver_loop                       driver_common
     0000A188  _i2c_init                          dht12
     0000A1A3  _i2c_deinit                        dht12
     0000A1BE  _I2CDataInOut                      dht12
     0000A1DE  _I2C_Start                         dht12
     0000A211  _I2C_Stop                          dht12
     0000A244  _I2C_Rack                          dht12
     0000A277  _I2C_nAck                          dht12
     0000A2AA  _SendByte                          dht12
     0000A34F  _RcvByte                           dht12
     0000A3B2  _I2C_Read                          dht12
     0000A434  _i2c_read                          dht12
     0000A44F  _ReadDHT12                         dht12
     0000A4AA  _GPIO_DeInit                       stm8s_gpio
     0000A4B9  _GPIO_Init                         stm8s_gpio
     0000A52E  _GPIO_Write                        stm8s_gpio
     0000A534  _GPIO_WriteHigh                    stm8s_gpio
     0000A53B  _GPIO_WriteLow                     stm8s_gpio
     0000A549  _GPIO_WriteReverse                 stm8s_gpio
     0000A550  _GPIO_ReadOutputData               stm8s_gpio
     0000A554  _GPIO_ReadInputData                stm8s_gpio
     0000A559  _GPIO_ReadInputPin                 stm8s_gpio
     0000A560  _GPIO_ExternalPullUpConfig         stm8s_gpio
     0000A57C  _ITC_GetCPUCC                      stm8s_itc
     0000A584  _ITC_DeInit                        stm8s_itc
     0000A5A5  _ITC_GetSoftIntStatus              stm8s_itc
     0000A5AB  _ITC_GetSoftwarePriority           stm8s_itc
     0000A653  _ITC_SetSoftwarePriority           stm8s_itc
     0000A73F  _write_byte_address                stm8s_flash
ASxxxx Linker V03.00 + NoICE + sdld,  page 12.
Hexadecimal  [32-Bits]

Area                                    Addr        Size        Decimal Bytes (Attributes)
--------------------------------        ----        ----        ------- ----- ------------
CODE                                0000870B    000038D5 =       14549. bytes (REL,CON)

      Value  Global                              Global Defined In Module
      -----  --------------------------------   ------------------------
     0000A756  _read_byte_address                 stm8s_flash
     0000A76C  _FLASH_Unlock                      stm8s_flash
     0000A784  _FLASH_Lock                        stm8s_flash
     0000A78D  _FLASH_DeInit                      stm8s_flash
     0000A7A5  _FLASH_ITConfig                    stm8s_flash
     0000A7B8  _FLASH_EraseByte                   stm8s_flash
     0000A7C3  _FLASH_ProgramByte                 stm8s_flash
     0000A7CF  _FLASH_ReadByte                    stm8s_flash
     0000A7DB  _FLASH_ProgramWord                 stm8s_flash
     0000A827  _FLASH_ProgramOptionByte           stm8s_flash
     0000A858  _FLASH_EraseOptionByte             stm8s_flash
     0000A884  _FLASH_ReadOptionByte              stm8s_flash
     0000A8BC  _FLASH_SetLowPowerMode             stm8s_flash
     0000A8CD  _FLASH_SetProgrammingTime          stm8s_flash
     0000A8DE  _FLASH_GetLowPowerMode             stm8s_flash
     0000A8E4  _FLASH_GetProgrammingTime          stm8s_flash
     0000A8EA  _FLASH_GetBootSize                 stm8s_flash
     0000A911  _FLASH_GetFlagStatus               stm8s_flash
     0000A91D  _FLASH_WaitForLastOperation        stm8s_flash
     0000A94D  _FLASH_EraseBlock                  stm8s_flash
     0000A987  _FLASH_ProgramBlock                stm8s_flash
     0000A9FD  _EXTI_DeInit                       stm8s_exti
     0000AA06  _EXTI_SetExtIntSensitivity         stm8s_exti
     0000AA96  _EXTI_SetTLISensitivity            stm8s_exti
     0000AAA7  _EXTI_GetExtIntSensitivity         stm8s_exti
     0000AAEC  _EXTI_GetTLISensitivity            stm8s_exti
     0000AAF2  _ADC1_DeInit                       stm8s_adc1
     0000AB23  _ADC1_Init                         stm8s_adc1
     0000AB53  _ADC1_Cmd                          stm8s_adc1
     0000AB66  _ADC1_ScanModeCmd                  stm8s_adc1
     0000AB79  _ADC1_DataBufferCmd                stm8s_adc1
     0000AB8C  _ADC1_ITConfig                     stm8s_adc1
     0000ABAA  _ADC1_PrescalerConfig              stm8s_adc1
     0000ABBB  _ADC1_SchmittTriggerConfig         stm8s_adc1
     0000AC37  _ADC1_ConversionConfig             stm8s_adc1
     0000AC6A  _ADC1_ExternalTriggerConfig        stm8s_adc1
     0000AC8E  _ADC1_StartConversion              stm8s_adc1
     0000AC93  _ADC1_GetConversionValue           stm8s_adc1
     0000ACD9  _ADC1_AWDChannelConfig             stm8s_adc1
     0000AD2F  _ADC1_SetHighThreshold             stm8s_adc1
     0000AD3D  _ADC1_SetLowThreshold              stm8s_adc1
     0000AD4B  _ADC1_GetBufferValue               stm8s_adc1
     0000AD9A  _ADC1_GetAWDChannelStatus          stm8s_adc1
     0000ADD3  _ADC1_GetFlagStatus                stm8s_adc1
     0000AE38  _ADC1_ClearFlag                    stm8s_adc1
     0000AEAE  _ADC1_GetITStatus                  stm8s_adc1
     0000AF00  _ADC1_ClearITPendingBit            stm8s_adc1
     0000AF5C  _UART2_DeInit                      stm8s_uart2
     0000AF83  _UART2_Init                        stm8s_uart2
     0000B0EC  _UART2_Cmd                         stm8s_uart2
     0000B0FF  _UART2_ITConfig                    stm8s_uart2
ASxxxx Linker V03.00 + NoICE + sdld,  page 13.
Hexadecimal  [32-Bits]

Area                                    Addr        Size        Decimal Bytes (Attributes)
--------------------------------        ----        ----        ------- ----- ------------
CODE                                0000870B    000038D5 =       14549. bytes (REL,CON)

      Value  Global                              Global Defined In Module
      -----  --------------------------------   ------------------------
     0000B1A1  _UART2_IrDAConfig                  stm8s_uart2
     0000B1B4  _UART2_IrDACmd                     stm8s_uart2
     0000B1C7  _UART2_LINBreakDetectionConfig     stm8s_uart2
     0000B1DA  _UART2_LINConfig                   stm8s_uart2
     0000B213  _UART2_LINCmd                      stm8s_uart2
     0000B226  _UART2_SmartCardCmd                stm8s_uart2
     0000B239  _UART2_SmartCardNACKCmd            stm8s_uart2
     0000B24C  _UART2_WakeUpConfig                stm8s_uart2
     0000B259  _UART2_ReceiverWakeUpCmd           stm8s_uart2
     0000B26C  _UART2_ReceiveData8                stm8s_uart2
     0000B270  _UART2_ReceiveData9                stm8s_uart2
     0000B28E  _UART2_SendData8                   stm8s_uart2
     0000B295  _UART2_SendData9                   stm8s_uart2
     0000B2B2  _UART2_SendBreak                   stm8s_uart2
     0000B2B7  _UART2_SetAddress                  stm8s_uart2
     0000B2C8  _UART2_SetGuardTime                stm8s_uart2
     0000B2CF  _UART2_SetPrescaler                stm8s_uart2
     0000B2D6  _UART2_GetFlagStatus               stm8s_uart2
     0000B32F  _UART2_ClearFlag                   stm8s_uart2
     0000B35D  _UART2_GetITStatus                 stm8s_uart2
     0000B3F9  _UART2_ClearITPendingBit           stm8s_uart2
     0000B416  _CLK_DeInit                        stm8s_clk
     0000B44D  _CLK_FastHaltWakeUpCmd             stm8s_clk
     0000B460  _CLK_HSECmd                        stm8s_clk
     0000B473  _CLK_HSICmd                        stm8s_clk
     0000B486  _CLK_LSICmd                        stm8s_clk
     0000B499  _CLK_CCOCmd                        stm8s_clk
     0000B4AC  _CLK_ClockSwitchCmd                stm8s_clk
     0000B4BF  _CLK_SlowActiveHaltWakeUpCmd       stm8s_clk
     0000B4D2  _CLK_PeripheralClockConfig         stm8s_clk
     0000B51C  _CLK_ClockSwitchConfig             stm8s_clk
     0000B5CA  _CLK_HSIPrescalerConfig            stm8s_clk
     0000B5DB  _CLK_CCOConfig                     stm8s_clk
     0000B5F0  _CLK_ITConfig                      stm8s_clk
     0000B630  _CLK_SYSCLKConfig                  stm8s_clk
     0000B662  _CLK_SWIMConfig                    stm8s_clk
     0000B675  _CLK_ClockSecuritySystemEnable     stm8s_clk
     0000B67A  _CLK_GetSYSCLKSource               stm8s_clk
     0000B67E  _CLK_GetClockFreq                  stm8s_clk
     0000B6CE  _CLK_AdjustHSICalibrationValue     stm8s_clk
     0000B6D9  _CLK_SYSCLKEmergencyClear          stm8s_clk
     0000B6DE  _CLK_GetFlagStatus                 stm8s_clk
     0000B720  _CLK_GetITStatus                   stm8s_clk
     0000B740  _CLK_ClearITPendingBit             stm8s_clk
     0000B750  __modulong                         
     0000B7D3  _vsprintf                          sprintf
     0000B7EE  _sprintf                           sprintf
     0000B80E  __divulong                         
     0000B868  __modsint                          
     0000B87E  __mullong                          
     0000B8FA  __divsint                          
ASxxxx Linker V03.00 + NoICE + sdld,  page 14.
Hexadecimal  [32-Bits]

Area                                    Addr        Size        Decimal Bytes (Attributes)
--------------------------------        ----        ----        ------- ----- ------------
CODE                                0000870B    000038D5 =       14549. bytes (REL,CON)

      Value  Global                              Global Defined In Module
      -----  --------------------------------   ------------------------
     0000B9BC  __print_format                     printf_large
     0000BFD1  _strlen                            _strlen

ASxxxx Linker V03.00 + NoICE + sdld,  page 15.

Files Linked                              [ module(s) ]

main.rel                                  [ main ]
driver/adc.rel                            [ adc ]
driver/oled.rel                           [ oled ]
driver/app.rel                            [ app ]
driver/beep.rel                           [ beep ]
driver/key.rel                            [ key ]
driver/modbus.rel                         [ modbus ]
driver/eeprom.rel                         [ eeprom ]
driver/stm8s_it.rel                       [ stm8s_it ]
driver/ds1302.rel                         [ ds1302 ]
driver/uart.rel                           [ uart ]
driver/relay.rel                          [ relay ]
driver/driver_common.rel                  [ driver_common ]
driver/dht12.rel                          [ dht12 ]
STM8S_StdPeriph_Lib/Libraries/STM8S_StdPeriph_Driver/src/stm8s_gpio.rel
                                          [ stm8s_gpio ]
STM8S_StdPeriph_Lib/Libraries/STM8S_StdPeriph_Driver/src/stm8s_itc.rel
                                          [ stm8s_itc ]
STM8S_StdPeriph_Lib/Libraries/STM8S_StdPeriph_Driver/src/stm8s_flash.rel
                                          [ stm8s_flash ]
STM8S_StdPeriph_Lib/Libraries/STM8S_StdPeriph_Driver/src/stm8s_exti.rel
                                          [ stm8s_exti ]
STM8S_StdPeriph_Lib/Libraries/STM8S_StdPeriph_Driver/src/stm8s_adc1.rel
                                          [ stm8s_adc1 ]
STM8S_StdPeriph_Lib/Libraries/STM8S_StdPeriph_Driver/src/stm8s_uart2.rel
                                          [ stm8s_uart2 ]
STM8S_StdPeriph_Lib/Libraries/STM8S_StdPeriph_Driver/src/stm8s_clk.rel
                                          [ stm8s_clk ]


Libraries Linked                          [ object file ]

C:\Program Files (x86)\SDCC\bin\..\lib\stm8/stm8.lib
                                          [ _modulong.rel ]
C:\Program Files (x86)\SDCC\bin\..\lib\stm8/stm8.lib
                                          [ sprintf.rel ]
C:\Program Files (x86)\SDCC\bin\..\lib\stm8/stm8.lib
                                          [ _divulong.rel ]
C:\Program Files (x86)\SDCC\bin\..\lib\stm8/stm8.lib
                                          [ _modsint.rel ]
C:\Program Files (x86)\SDCC\bin\..\lib\stm8/stm8.lib
                                          [ _mullong.rel ]
C:\Program Files (x86)\SDCC\bin\..\lib\stm8/stm8.lib
                                          [ _divsint.rel ]
C:\Program Files (x86)\SDCC\bin\..\lib\stm8/stm8.lib
                                          [ printf_large.rel ]
C:\Program Files (x86)\SDCC\bin\..\lib\stm8/stm8.lib
                                          [ _strlen.rel ]

ASxxxx Linker V03.00 + NoICE + sdld,  page 16.

User Base Address Definitions

HOME = 0x8000
DATA = 0x0001
SSEG = 0xffffffff

