ASxxxx Linker V03.00 + NoICE + sdld,  page 1.
Hexadecimal  [32-Bits]

Area                                    Addr        Size        Decimal Bytes (Attributes)
--------------------------------        ----        ----        ------- ----- ------------
.  .ABS.                            00000000    00000000 =           0. bytes (ABS,CON)

      Value  Global                              Global Defined In Module
      -----  --------------------------------   ------------------------
     FFFFFFFF  s_SSEG                          
     00000000  .__.ABS.                           _strlen
     00000000  l_CABS                          
     00000000  l_DABS                          
     00000000  l__CODE                         
     00000000  s_CABS                          
     00000000  s_DABS                          
     00000000  s__CODE                         
     00000001  l_SSEG                          
     00000001  s_DATA                          
     00000003  l_GSFINAL                       
     00000007  l_INITIALIZED                   
     00000007  l_INITIALIZER                   
     0000001A  l_GSINIT                        
     0000006F  l_HOME                          
     00000097  l_DATA                          
     00000098  s_INITIALIZED                   
     00000678  l_CONST                         
     00003976  l_CODE                          
     00008000  s_HOME                          
     0000806F  s_GSINIT                        
     00008089  s_GSFINAL                       
     0000808C  s_CONST                         
     00008704  s_INITIALIZER                   
     0000870B  s_CODE                          

ASxxxx Linker V03.00 + NoICE + sdld,  page 2.
Hexadecimal  [32-Bits]

Area                                    Addr        Size        Decimal Bytes (Attributes)
--------------------------------        ----        ----        ------- ----- ------------
DATA                                00000001    00000097 =         151. bytes (REL,CON)

      Value  Global                              Global Defined In Module
      -----  --------------------------------   ------------------------
     00000001  _ds_time                           driver_common
     00000008  _dh_data                           driver_common
     0000000E  _adc_data                          driver_common
     00000011  _modbus_buff                       modbus
     00000093  _asm_addr                          stm8s_flash
     00000097  _asm_val                           stm8s_flash
ASxxxx Linker V03.00 + NoICE + sdld,  page 3.
Hexadecimal  [32-Bits]

Area                                    Addr        Size        Decimal Bytes (Attributes)
--------------------------------        ----        ----        ------- ----- ------------
INITIALIZED                         00000098    00000007 =           7. bytes (REL,CON)

      Value  Global                              Global Defined In Module
      -----  --------------------------------   ------------------------
     00000098  _last_uart_receive_time            stm8s_it
     00000099  _modbus_status                     modbus
     0000009A  _keycount                          key
ASxxxx Linker V03.00 + NoICE + sdld,  page 4.
Hexadecimal  [32-Bits]

Area                                    Addr        Size        Decimal Bytes (Attributes)
--------------------------------        ----        ----        ------- ----- ------------
SSEG                                FFFFFFFF    00000001 =           1. bytes (REL,CON)

      Value  Global                              Global Defined In Module
      -----  --------------------------------   ------------------------
ASxxxx Linker V03.00 + NoICE + sdld,  page 5.
Hexadecimal  [32-Bits]

Area                                    Addr        Size        Decimal Bytes (Attributes)
--------------------------------        ----        ----        ------- ----- ------------
HOME                                00008000    0000006F =         111. bytes (REL,CON)

      Value  Global                              Global Defined In Module
      -----  --------------------------------   ------------------------
ASxxxx Linker V03.00 + NoICE + sdld,  page 6.
Hexadecimal  [32-Bits]

Area                                    Addr        Size        Decimal Bytes (Attributes)
--------------------------------        ----        ----        ------- ----- ------------
GSINIT                              0000806F    0000001A =          26. bytes (REL,CON)

      Value  Global                              Global Defined In Module
      -----  --------------------------------   ------------------------
ASxxxx Linker V03.00 + NoICE + sdld,  page 7.
Hexadecimal  [32-Bits]

Area                                    Addr        Size        Decimal Bytes (Attributes)
--------------------------------        ----        ----        ------- ----- ------------
GSFINAL                             00008089    00000003 =           3. bytes (REL,CON)

      Value  Global                              Global Defined In Module
      -----  --------------------------------   ------------------------
ASxxxx Linker V03.00 + NoICE + sdld,  page 8.
Hexadecimal  [32-Bits]

Area                                    Addr        Size        Decimal Bytes (Attributes)
--------------------------------        ----        ----        ------- ----- ------------
CONST                               0000808C    00000678 =        1656. bytes (REL,CON)

      Value  Global                              Global Defined In Module
      -----  --------------------------------   ------------------------
     00008105  _F8X16                             oled
     000086F5  _HSIDivFactor                      stm8s_clk

ASxxxx Linker V03.00 + NoICE + sdld,  page 9.
Hexadecimal  [32-Bits]

Area                                    Addr        Size        Decimal Bytes (Attributes)
--------------------------------        ----        ----        ------- ----- ------------
INITIALIZER                         00008704    00000007 =           7. bytes (REL,CON)

      Value  Global                              Global Defined In Module
      -----  --------------------------------   ------------------------
ASxxxx Linker V03.00 + NoICE + sdld,  page 10.
Hexadecimal  [32-Bits]

Area                                    Addr        Size        Decimal Bytes (Attributes)
--------------------------------        ----        ----        ------- ----- ------------
CODE                                0000870B    00003976 =       14710. bytes (REL,CON)

      Value  Global                              Global Defined In Module
      -----  --------------------------------   ------------------------
     0000870B  _Delay                             main
     00008732  _main                              main
     0000874D  _i2c_init                          dht12
     00008768  _i2c_deinit                        dht12
     00008783  _I2CDataInOut                      dht12
     000087A3  _I2C_Start                         dht12
     000087D6  _I2C_Stop                          dht12
     00008809  _I2C_Rack                          dht12
     0000883C  _I2C_nAck                          dht12
     0000886F  _SendByte                          dht12
     00008914  _RcvByte                           dht12
     00008976  _I2C_Read                          dht12
     000089F8  _i2c_read                          dht12
     00008A13  _ReadDHT12                         dht12
     00008A67  _driver_init                       driver_common
     00008A7A  _driver_loop                       driver_common
     00008AD5  _relay_read                        relay
     00008AE1  _relay_on                          relay
     00008AFA  _relay_off                         relay
     00008B13  _Init_UART2                        uart
     00008B5F  _UART2_Send_Char                   uart
     00008B72  _UART2_Send_STR                    uart
     00008B83  _putchar                           uart
     00008B85  _ds1302_port_deinit                ds1302
     00008BAD  _ds1302_port_init                  ds1302
     00008BEB  _read_IO                           ds1302
     00008BF9  _write_IO                          ds1302
     00008C07  _ds1302_write_byte                 ds1302
     00008C49  _ds1302_read_byte                  ds1302
     00008C86  _ds1302_write                      ds1302
     00008CC4  _ds1302_read                       ds1302
     00008D05  _ds1302_read_time                  ds1302
     00008D73  _ds1302_write_time                 ds1302
     00008DF3  _ds1302_active                     ds1302
     00008E29  _TRAP_IRQHandler                   stm8s_it
     00008E2A  _TLI_IRQHandler                    stm8s_it
     00008E2B  _AWU_IRQHandler                    stm8s_it
     00008E2C  _CLK_IRQHandler                    stm8s_it
     00008E2D  _EXTI_PORTA_IRQHandler             stm8s_it
     00008E2E  _EXTI_PORTB_IRQHandler             stm8s_it
     00008E2F  _EXTI_PORTC_IRQHandler             stm8s_it
     00008E30  _EXTI_PORTD_IRQHandler             stm8s_it
     00008E5B  _EXTI_PORTE_IRQHandler             stm8s_it
     00008E5C  _SPI_IRQHandler                    stm8s_it
     00008E5D  _TIM1_UPD_OVF_TRG_BRK_IRQHandler   stm8s_it
     00008E5E  _TIM1_CAP_COM_IRQHandler           stm8s_it
     00008E5F  _TIM2_UPD_OVF_BRK_IRQHandler       stm8s_it
     00008E60  _TIM2_CAP_COM_IRQHandler           stm8s_it
     00008E61  _TIM3_UPD_OVF_BRK_IRQHandler       stm8s_it
     00008E62  _TIM3_CAP_COM_IRQHandler           stm8s_it
ASxxxx Linker V03.00 + NoICE + sdld,  page 11.
Hexadecimal  [32-Bits]

Area                                    Addr        Size        Decimal Bytes (Attributes)
--------------------------------        ----        ----        ------- ----- ------------
CODE                                0000870B    00003976 =       14710. bytes (REL,CON)

      Value  Global                              Global Defined In Module
      -----  --------------------------------   ------------------------
     00008E63  _I2C_IRQHandler                    stm8s_it
     00008E64  _UART2_TX_IRQHandler               stm8s_it
     00008E65  _UART2_RX_IRQHandler               stm8s_it
     00008EED  _ADC1_IRQHandler                   stm8s_it
     00008EEE  _TIM4_UPD_OVF_IRQHandler           stm8s_it
     00008EEF  _EEPROM_EEC_IRQHandler             stm8s_it
     00008EF0  _eeprom_read                       eeprom
     00008F09  _eeprom_write                      eeprom
     00008F4C  _WitchDog_init                     iwdg
     00008F62  _WitchDog_reset                    iwdg
     00008F65  _CRC16                             modbus
     00008FBA  _modbus_send                       modbus
     00008FE1  _modbus_virtual_write              modbus
     0000905A  _modbus_virtual_read               modbus
     00009212  _modbus_process                    modbus
     000093E7  _key_init                          key
     0000943F  _key_read                          key
     00009457  _beep_init                         beep
     00009465  _beep_read                         beep
     00009471  _beep_on                           beep
     0000948A  _beep_off                          beep
     000094A3  _Is_In_Area                        app
     0000952C  _app_init                          app
     0000955D  _app_loop                          app
     0000A064  _delay_ms                          oled
     0000A080  _OLED_WR_Byte                      oled
     0000A0FD  _OLED_Set_Pos                      oled
     0000A137  _OLED_Display_On                   oled
     0000A150  _OLED_Display_Off                  oled
     0000A169  _OLED_Clear                        oled
     0000A1A1  _OLED_ShowChar                     oled
     0000A214  _oled_pow                          oled
     0000A248  _OLED_ShowNum                      oled
     0000A2E5  _OLED_ShowString                   oled
     0000A318  _OLED_Init                         oled
     0000A47E  _ReadADC                           adc
     0000A4D7  _ReadDin                           adc
     0000A4F0  _GPIO_DeInit                       stm8s_gpio
     0000A4FF  _GPIO_Init                         stm8s_gpio
     0000A574  _GPIO_Write                        stm8s_gpio
     0000A57A  _GPIO_WriteHigh                    stm8s_gpio
     0000A581  _GPIO_WriteLow                     stm8s_gpio
     0000A58F  _GPIO_WriteReverse                 stm8s_gpio
     0000A596  _GPIO_ReadOutputData               stm8s_gpio
     0000A59A  _GPIO_ReadInputData                stm8s_gpio
     0000A59F  _GPIO_ReadInputPin                 stm8s_gpio
     0000A5A6  _GPIO_ExternalPullUpConfig         stm8s_gpio
     0000A5C2  _IWDG_WriteAccessCmd               stm8s_iwdg
     0000A5C9  _IWDG_SetPrescaler                 stm8s_iwdg
     0000A5D0  _IWDG_SetReload                    stm8s_iwdg
     0000A5D7  _IWDG_ReloadCounter                stm8s_iwdg
ASxxxx Linker V03.00 + NoICE + sdld,  page 12.
Hexadecimal  [32-Bits]

Area                                    Addr        Size        Decimal Bytes (Attributes)
--------------------------------        ----        ----        ------- ----- ------------
CODE                                0000870B    00003976 =       14710. bytes (REL,CON)

      Value  Global                              Global Defined In Module
      -----  --------------------------------   ------------------------
     0000A5DC  _IWDG_Enable                       stm8s_iwdg
     0000A5E1  _ITC_GetCPUCC                      stm8s_itc
     0000A5E9  _ITC_DeInit                        stm8s_itc
     0000A60A  _ITC_GetSoftIntStatus              stm8s_itc
     0000A610  _ITC_GetSoftwarePriority           stm8s_itc
     0000A6BB  _ITC_SetSoftwarePriority           stm8s_itc
     0000A7A5  _write_byte_address                stm8s_flash
     0000A7BC  _read_byte_address                 stm8s_flash
     0000A7D2  _FLASH_Unlock                      stm8s_flash
     0000A7EA  _FLASH_Lock                        stm8s_flash
     0000A7F3  _FLASH_DeInit                      stm8s_flash
     0000A80B  _FLASH_ITConfig                    stm8s_flash
     0000A81E  _FLASH_EraseByte                   stm8s_flash
     0000A829  _FLASH_ProgramByte                 stm8s_flash
     0000A835  _FLASH_ReadByte                    stm8s_flash
     0000A841  _FLASH_ProgramWord                 stm8s_flash
     0000A88D  _FLASH_ProgramOptionByte           stm8s_flash
     0000A8C2  _FLASH_EraseOptionByte             stm8s_flash
     0000A8F2  _FLASH_ReadOptionByte              stm8s_flash
     0000A92E  _FLASH_SetLowPowerMode             stm8s_flash
     0000A93F  _FLASH_SetProgrammingTime          stm8s_flash
     0000A950  _FLASH_GetLowPowerMode             stm8s_flash
     0000A956  _FLASH_GetProgrammingTime          stm8s_flash
     0000A95C  _FLASH_GetBootSize                 stm8s_flash
     0000A983  _FLASH_GetFlagStatus               stm8s_flash
     0000A98F  _FLASH_WaitForLastOperation        stm8s_flash
     0000A9BF  _FLASH_EraseBlock                  stm8s_flash
     0000A9F9  _FLASH_ProgramBlock                stm8s_flash
     0000AA71  _EXTI_DeInit                       stm8s_exti
     0000AA7A  _EXTI_SetExtIntSensitivity         stm8s_exti
     0000AB0A  _EXTI_SetTLISensitivity            stm8s_exti
     0000AB1B  _EXTI_GetExtIntSensitivity         stm8s_exti
     0000AB60  _EXTI_GetTLISensitivity            stm8s_exti
     0000AB66  _ADC1_DeInit                       stm8s_adc1
     0000AB97  _ADC1_Init                         stm8s_adc1
     0000ABC5  _ADC1_Cmd                          stm8s_adc1
     0000ABD8  _ADC1_ScanModeCmd                  stm8s_adc1
     0000ABEB  _ADC1_DataBufferCmd                stm8s_adc1
     0000ABFE  _ADC1_ITConfig                     stm8s_adc1
     0000AC1C  _ADC1_PrescalerConfig              stm8s_adc1
     0000AC2D  _ADC1_SchmittTriggerConfig         stm8s_adc1
     0000ACA9  _ADC1_ConversionConfig             stm8s_adc1
     0000ACDC  _ADC1_ExternalTriggerConfig        stm8s_adc1
     0000AD00  _ADC1_StartConversion              stm8s_adc1
     0000AD05  _ADC1_GetConversionValue           stm8s_adc1
     0000AD45  _ADC1_AWDChannelConfig             stm8s_adc1
     0000AD9B  _ADC1_SetHighThreshold             stm8s_adc1
     0000ADA9  _ADC1_SetLowThreshold              stm8s_adc1
     0000ADB7  _ADC1_GetBufferValue               stm8s_adc1
     0000AE04  _ADC1_GetAWDChannelStatus          stm8s_adc1
     0000AE3C  _ADC1_GetFlagStatus                stm8s_adc1
ASxxxx Linker V03.00 + NoICE + sdld,  page 13.
Hexadecimal  [32-Bits]

Area                                    Addr        Size        Decimal Bytes (Attributes)
--------------------------------        ----        ----        ------- ----- ------------
CODE                                0000870B    00003976 =       14710. bytes (REL,CON)

      Value  Global                              Global Defined In Module
      -----  --------------------------------   ------------------------
     0000AE9D  _ADC1_ClearFlag                    stm8s_adc1
     0000AF0D  _ADC1_GetITStatus                  stm8s_adc1
     0000AF60  _ADC1_ClearITPendingBit            stm8s_adc1
     0000AFBC  _UART2_DeInit                      stm8s_uart2
     0000AFE3  _UART2_Init                        stm8s_uart2
     0000B148  _UART2_Cmd                         stm8s_uart2
     0000B15B  _UART2_ITConfig                    stm8s_uart2
     0000B202  _UART2_IrDAConfig                  stm8s_uart2
     0000B215  _UART2_IrDACmd                     stm8s_uart2
     0000B228  _UART2_LINBreakDetectionConfig     stm8s_uart2
     0000B23B  _UART2_LINConfig                   stm8s_uart2
     0000B274  _UART2_LINCmd                      stm8s_uart2
     0000B287  _UART2_SmartCardCmd                stm8s_uart2
     0000B29A  _UART2_SmartCardNACKCmd            stm8s_uart2
     0000B2AD  _UART2_WakeUpConfig                stm8s_uart2
     0000B2BA  _UART2_ReceiverWakeUpCmd           stm8s_uart2
     0000B2CD  _UART2_ReceiveData8                stm8s_uart2
     0000B2D1  _UART2_ReceiveData9                stm8s_uart2
     0000B2EE  _UART2_SendData8                   stm8s_uart2
     0000B2F5  _UART2_SendData9                   stm8s_uart2
     0000B312  _UART2_SendBreak                   stm8s_uart2
     0000B317  _UART2_SetAddress                  stm8s_uart2
     0000B328  _UART2_SetGuardTime                stm8s_uart2
     0000B32F  _UART2_SetPrescaler                stm8s_uart2
     0000B336  _UART2_GetFlagStatus               stm8s_uart2
     0000B38F  _UART2_ClearFlag                   stm8s_uart2
     0000B3BD  _UART2_GetITStatus                 stm8s_uart2
     0000B457  _UART2_ClearITPendingBit           stm8s_uart2
     0000B474  _CLK_DeInit                        stm8s_clk
     0000B4AB  _CLK_FastHaltWakeUpCmd             stm8s_clk
     0000B4BE  _CLK_HSECmd                        stm8s_clk
     0000B4D1  _CLK_HSICmd                        stm8s_clk
     0000B4E4  _CLK_LSICmd                        stm8s_clk
     0000B4F7  _CLK_CCOCmd                        stm8s_clk
     0000B50A  _CLK_ClockSwitchCmd                stm8s_clk
     0000B51D  _CLK_SlowActiveHaltWakeUpCmd       stm8s_clk
     0000B530  _CLK_PeripheralClockConfig         stm8s_clk
     0000B578  _CLK_ClockSwitchConfig             stm8s_clk
     0000B626  _CLK_HSIPrescalerConfig            stm8s_clk
     0000B637  _CLK_CCOConfig                     stm8s_clk
     0000B64C  _CLK_ITConfig                      stm8s_clk
     0000B68C  _CLK_SYSCLKConfig                  stm8s_clk
     0000B6BE  _CLK_SWIMConfig                    stm8s_clk
     0000B6D1  _CLK_ClockSecuritySystemEnable     stm8s_clk
     0000B6D6  _CLK_GetSYSCLKSource               stm8s_clk
     0000B6DA  _CLK_GetClockFreq                  stm8s_clk
     0000B72C  _CLK_AdjustHSICalibrationValue     stm8s_clk
     0000B737  _CLK_SYSCLKEmergencyClear          stm8s_clk
     0000B73C  _CLK_GetFlagStatus                 stm8s_clk
     0000B77E  _CLK_GetITStatus                   stm8s_clk
     0000B79E  _CLK_ClearITPendingBit             stm8s_clk
ASxxxx Linker V03.00 + NoICE + sdld,  page 14.
Hexadecimal  [32-Bits]

Area                                    Addr        Size        Decimal Bytes (Attributes)
--------------------------------        ----        ----        ------- ----- ------------
CODE                                0000870B    00003976 =       14710. bytes (REL,CON)

      Value  Global                              Global Defined In Module
      -----  --------------------------------   ------------------------
     0000B7AE  __modulong                         
     0000B831  _vsprintf                          sprintf
     0000B84C  _sprintf                           sprintf
     0000B86C  __divulong                         
     0000B8C6  __mullong                          
     0000B942  __modsint                          
     0000B958  __divsint                          
     0000BA12  __print_format                     printf_large
     0000C072  _strlen                            _strlen

ASxxxx Linker V03.00 + NoICE + sdld,  page 15.

Files Linked                              [ module(s) ]

main.rel                                  [ main ]
driver/dht12.rel                          [ dht12 ]
driver/driver_common.rel                  [ driver_common ]
driver/relay.rel                          [ relay ]
driver/uart.rel                           [ uart ]
driver/ds1302.rel                         [ ds1302 ]
driver/stm8s_it.rel                       [ stm8s_it ]
driver/eeprom.rel                         [ eeprom ]
driver/iwdg.rel                           [ iwdg ]
driver/modbus.rel                         [ modbus ]
driver/key.rel                            [ key ]
driver/beep.rel                           [ beep ]
driver/app.rel                            [ app ]
driver/oled.rel                           [ oled ]
driver/adc.rel                            [ adc ]
STM8S_StdPeriph_Lib/Libraries/STM8S_StdPeriph_Driver/src/stm8s_gpio.rel
                                          [ stm8s_gpio ]
STM8S_StdPeriph_Lib/Libraries/STM8S_StdPeriph_Driver/src/stm8s_iwdg.rel
                                          [ stm8s_iwdg ]
STM8S_StdPeriph_Lib/Libraries/STM8S_StdPeriph_Driver/src/stm8s_itc.rel
                                          [ stm8s_itc ]
STM8S_StdPeriph_Lib/Libraries/STM8S_StdPeriph_Driver/src/stm8s_flash.rel
                                          [ stm8s_flash ]
STM8S_StdPeriph_Lib/Libraries/STM8S_StdPeriph_Driver/src/stm8s_exti.rel
                                          [ stm8s_exti ]
STM8S_StdPeriph_Lib/Libraries/STM8S_StdPeriph_Driver/src/stm8s_adc1.rel
                                          [ stm8s_adc1 ]
STM8S_StdPeriph_Lib/Libraries/STM8S_StdPeriph_Driver/src/stm8s_uart2.rel
                                          [ stm8s_uart2 ]
STM8S_StdPeriph_Lib/Libraries/STM8S_StdPeriph_Driver/src/stm8s_clk.rel
                                          [ stm8s_clk ]


Libraries Linked                          [ object file ]

/usr/local/bin/../share/sdcc/lib/stm8/stm8.lib
                                          [ _modulong.rel ]
/usr/local/bin/../share/sdcc/lib/stm8/stm8.lib
                                          [ sprintf.rel ]
/usr/local/bin/../share/sdcc/lib/stm8/stm8.lib
                                          [ _divulong.rel ]
/usr/local/bin/../share/sdcc/lib/stm8/stm8.lib
                                          [ _mullong.rel ]
/usr/local/bin/../share/sdcc/lib/stm8/stm8.lib
                                          [ _modsint.rel ]
/usr/local/bin/../share/sdcc/lib/stm8/stm8.lib
                                          [ _divsint.rel ]
/usr/local/bin/../share/sdcc/lib/stm8/stm8.lib
                                          [ printf_large.rel ]
/usr/local/bin/../share/sdcc/lib/stm8/stm8.lib
                                          [ _strlen.rel ]

ASxxxx Linker V03.00 + NoICE + sdld,  page 16.

User Base Address Definitions

HOME = 0x8000
DATA = 0x0001
SSEG = 0xffffffff

