ASxxxx Linker V03.00 + NoICE + sdld,  page 1.
Hexadecimal  [32-Bits]

Area                                    Addr        Size        Decimal Bytes (Attributes)
--------------------------------        ----        ----        ------- ----- ------------
.  .ABS.                            00000000    00000000 =           0. bytes (ABS,CON)

      Value  Global                              Global Defined In Module
      -----  --------------------------------   ------------------------
     FFFFFFFF  s_SSEG                          
     00000000  .__.ABS.                           _strlen
     00000000  l_CABS                          
     00000000  l_DABS                          
     00000000  l_DATA                          
     00000000  l_INITIALIZED                   
     00000000  l_INITIALIZER                   
     00000000  l__CODE                         
     00000000  s_CABS                          
     00000000  s_DABS                          
     00000000  s__CODE                         
     00000001  l_SSEG                          
     00000001  s_DATA                          
     00000001  s_INITIALIZED                   
     00000003  l_GSFINAL                       
     00000007  l_HOME                          
     0000001A  l_GSINIT                        
     00000623  l_CONST                         
     00001BFB  l_CODE                          
     00008000  s_HOME                          
     00008007  s_GSINIT                        
     00008021  s_GSFINAL                       
     00008024  s_CONST                         
     00008647  s_CODE                          
     00008647  s_INITIALIZER                   

ASxxxx Linker V03.00 + NoICE + sdld,  page 2.
Hexadecimal  [32-Bits]

Area                                    Addr        Size        Decimal Bytes (Attributes)
--------------------------------        ----        ----        ------- ----- ------------
HOME                                00008000    00000007 =           7. bytes (REL,CON)

      Value  Global                              Global Defined In Module
      -----  --------------------------------   ------------------------
ASxxxx Linker V03.00 + NoICE + sdld,  page 3.
Hexadecimal  [32-Bits]

Area                                    Addr        Size        Decimal Bytes (Attributes)
--------------------------------        ----        ----        ------- ----- ------------
GSINIT                              00008007    0000001A =          26. bytes (REL,CON)

      Value  Global                              Global Defined In Module
      -----  --------------------------------   ------------------------
ASxxxx Linker V03.00 + NoICE + sdld,  page 4.
Hexadecimal  [32-Bits]

Area                                    Addr        Size        Decimal Bytes (Attributes)
--------------------------------        ----        ----        ------- ----- ------------
GSFINAL                             00008021    00000003 =           3. bytes (REL,CON)

      Value  Global                              Global Defined In Module
      -----  --------------------------------   ------------------------
ASxxxx Linker V03.00 + NoICE + sdld,  page 5.
Hexadecimal  [32-Bits]

Area                                    Addr        Size        Decimal Bytes (Attributes)
--------------------------------        ----        ----        ------- ----- ------------
CONST                               00008024    00000623 =        1571. bytes (REL,CON)

      Value  Global                              Global Defined In Module
      -----  --------------------------------   ------------------------
     00008048  _F8X16                             oled
     00008638  _HSIDivFactor                      stm8s_clk

ASxxxx Linker V03.00 + NoICE + sdld,  page 6.
Hexadecimal  [32-Bits]

Area                                    Addr        Size        Decimal Bytes (Attributes)
--------------------------------        ----        ----        ------- ----- ------------
CODE                                00008647    00001BFB =        7163. bytes (REL,CON)

      Value  Global                              Global Defined In Module
      -----  --------------------------------   ------------------------
     00008647  _TRAP_IRQHandler                   stm8s_it
     00008648  _TLI_IRQHandler                    stm8s_it
     00008649  _AWU_IRQHandler                    stm8s_it
     0000864A  _CLK_IRQHandler                    stm8s_it
     0000864B  _EXTI_PORTA_IRQHandler             stm8s_it
     0000864C  _EXTI_PORTB_IRQHandler             stm8s_it
     0000864D  _EXTI_PORTC_IRQHandler             stm8s_it
     0000864E  _EXTI_PORTD_IRQHandler             stm8s_it
     0000864F  _EXTI_PORTE_IRQHandler             stm8s_it
     00008650  _SPI_IRQHandler                    stm8s_it
     00008651  _TIM1_UPD_OVF_TRG_BRK_IRQHandler   stm8s_it
     00008652  _TIM1_CAP_COM_IRQHandler           stm8s_it
     00008653  _TIM2_UPD_OVF_BRK_IRQHandler       stm8s_it
     00008654  _TIM2_CAP_COM_IRQHandler           stm8s_it
     00008655  _TIM3_UPD_OVF_BRK_IRQHandler       stm8s_it
     00008656  _TIM3_CAP_COM_IRQHandler           stm8s_it
     00008657  _I2C_IRQHandler                    stm8s_it
     00008658  _UART2_TX_IRQHandler               stm8s_it
     00008659  _UART2_RX_IRQHandler               stm8s_it
     0000865A  _ADC1_IRQHandler                   stm8s_it
     0000865B  _TIM4_UPD_OVF_IRQHandler           stm8s_it
     0000865C  _EEPROM_EEC_IRQHandler             stm8s_it
     0000865D  _Delay                             main
     00008667  _main                              main
     000086DC  _Init_UART2                        uart
     00008722  _UART2_Send_Char                   uart
     00008736  _UART2_Send_STR                    uart
     00008747  _putchar                           uart
     0000875C  _delay_ms                          oled
     0000877A  _OLED_WR_Byte                      oled
     000087F7  _OLED_Set_Pos                      oled
     00008834  _OLED_Display_On                   oled
     00008850  _OLED_Display_Off                  oled
     0000886C  _OLED_Clear                        oled
     000088A8  _OLED_ShowChar                     oled
     0000891F  _oled_pow                          oled
     00008954  _OLED_ShowNum                      oled
     000089F1  _OLED_ShowString                   oled
     00008A24  _OLED_Init                         oled
     00008BAA  _ReadADC                           adc
     00008BFF  _GPIO_DeInit                       stm8s_gpio
     00008C0E  _GPIO_Init                         stm8s_gpio
     00008C83  _GPIO_Write                        stm8s_gpio
     00008C89  _GPIO_WriteHigh                    stm8s_gpio
     00008C90  _GPIO_WriteLow                     stm8s_gpio
     00008C9E  _GPIO_WriteReverse                 stm8s_gpio
     00008CA5  _GPIO_ReadOutputData               stm8s_gpio
     00008CA9  _GPIO_ReadInputData                stm8s_gpio
     00008CAE  _GPIO_ReadInputPin                 stm8s_gpio
     00008CB5  _GPIO_ExternalPullUpConfig         stm8s_gpio
ASxxxx Linker V03.00 + NoICE + sdld,  page 7.
Hexadecimal  [32-Bits]

Area                                    Addr        Size        Decimal Bytes (Attributes)
--------------------------------        ----        ----        ------- ----- ------------
CODE                                00008647    00001BFB =        7163. bytes (REL,CON)

      Value  Global                              Global Defined In Module
      -----  --------------------------------   ------------------------
     00008CD1  _ADC1_DeInit                       stm8s_adc1
     00008D02  _ADC1_Init                         stm8s_adc1
     00008D32  _ADC1_Cmd                          stm8s_adc1
     00008D45  _ADC1_ScanModeCmd                  stm8s_adc1
     00008D58  _ADC1_DataBufferCmd                stm8s_adc1
     00008D6B  _ADC1_ITConfig                     stm8s_adc1
     00008D89  _ADC1_PrescalerConfig              stm8s_adc1
     00008D9A  _ADC1_SchmittTriggerConfig         stm8s_adc1
     00008E18  _ADC1_ConversionConfig             stm8s_adc1
     00008E4B  _ADC1_ExternalTriggerConfig        stm8s_adc1
     00008E6F  _ADC1_StartConversion              stm8s_adc1
     00008E74  _ADC1_GetConversionValue           stm8s_adc1
     00008EB4  _ADC1_AWDChannelConfig             stm8s_adc1
     00008F0C  _ADC1_SetHighThreshold             stm8s_adc1
     00008F1A  _ADC1_SetLowThreshold              stm8s_adc1
     00008F28  _ADC1_GetBufferValue               stm8s_adc1
     00008F75  _ADC1_GetAWDChannelStatus          stm8s_adc1
     00008FAF  _ADC1_GetFlagStatus                stm8s_adc1
     00009014  _ADC1_ClearFlag                    stm8s_adc1
     00009084  _ADC1_GetITStatus                  stm8s_adc1
     000090D7  _ADC1_ClearITPendingBit            stm8s_adc1
     00009135  _UART2_DeInit                      stm8s_uart2
     0000915C  _UART2_Init                        stm8s_uart2
     000092C1  _UART2_Cmd                         stm8s_uart2
     000092D4  _UART2_ITConfig                    stm8s_uart2
     0000937B  _UART2_IrDAConfig                  stm8s_uart2
     0000938E  _UART2_IrDACmd                     stm8s_uart2
     000093A1  _UART2_LINBreakDetectionConfig     stm8s_uart2
     000093B4  _UART2_LINConfig                   stm8s_uart2
     000093ED  _UART2_LINCmd                      stm8s_uart2
     00009400  _UART2_SmartCardCmd                stm8s_uart2
     00009413  _UART2_SmartCardNACKCmd            stm8s_uart2
     00009426  _UART2_WakeUpConfig                stm8s_uart2
     00009433  _UART2_ReceiverWakeUpCmd           stm8s_uart2
     00009446  _UART2_ReceiveData8                stm8s_uart2
     0000944A  _UART2_ReceiveData9                stm8s_uart2
     00009468  _UART2_SendData8                   stm8s_uart2
     0000946F  _UART2_SendData9                   stm8s_uart2
     0000948C  _UART2_SendBreak                   stm8s_uart2
     00009491  _UART2_SetAddress                  stm8s_uart2
     000094A2  _UART2_SetGuardTime                stm8s_uart2
     000094A9  _UART2_SetPrescaler                stm8s_uart2
     000094B0  _UART2_GetFlagStatus               stm8s_uart2
     00009509  _UART2_ClearFlag                   stm8s_uart2
     00009537  _UART2_GetITStatus                 stm8s_uart2
     000095D3  _UART2_ClearITPendingBit           stm8s_uart2
     000095F0  _CLK_DeInit                        stm8s_clk
     00009627  _CLK_FastHaltWakeUpCmd             stm8s_clk
     0000963A  _CLK_HSECmd                        stm8s_clk
     0000964D  _CLK_HSICmd                        stm8s_clk
     00009660  _CLK_LSICmd                        stm8s_clk
ASxxxx Linker V03.00 + NoICE + sdld,  page 8.
Hexadecimal  [32-Bits]

Area                                    Addr        Size        Decimal Bytes (Attributes)
--------------------------------        ----        ----        ------- ----- ------------
CODE                                00008647    00001BFB =        7163. bytes (REL,CON)

      Value  Global                              Global Defined In Module
      -----  --------------------------------   ------------------------
     00009673  _CLK_CCOCmd                        stm8s_clk
     00009686  _CLK_ClockSwitchCmd                stm8s_clk
     00009699  _CLK_SlowActiveHaltWakeUpCmd       stm8s_clk
     000096AC  _CLK_PeripheralClockConfig         stm8s_clk
     000096F6  _CLK_ClockSwitchConfig             stm8s_clk
     000097A4  _CLK_HSIPrescalerConfig            stm8s_clk
     000097B5  _CLK_CCOConfig                     stm8s_clk
     000097CA  _CLK_ITConfig                      stm8s_clk
     0000980A  _CLK_SYSCLKConfig                  stm8s_clk
     0000983E  _CLK_SWIMConfig                    stm8s_clk
     00009851  _CLK_ClockSecuritySystemEnable     stm8s_clk
     00009856  _CLK_GetSYSCLKSource               stm8s_clk
     0000985A  _CLK_GetClockFreq                  stm8s_clk
     000098AC  _CLK_AdjustHSICalibrationValue     stm8s_clk
     000098B7  _CLK_SYSCLKEmergencyClear          stm8s_clk
     000098BC  _CLK_GetFlagStatus                 stm8s_clk
     000098FE  _CLK_GetITStatus                   stm8s_clk
     0000991E  _CLK_ClearITPendingBit             stm8s_clk
     0000992E  __modulong                         
     000099B1  _vsprintf                          sprintf
     000099CC  _sprintf                           sprintf
     000099EC  __divulong                         
     00009A46  _puts                              puts
     00009A75  _vprintf                           vprintf
     00009A87  _printf                            vprintf
     00009A9D  __mullong                          
     00009B19  __divsint                          
     00009BD3  __print_format                     printf_large
     0000A233  _strlen                            _strlen

ASxxxx Linker V03.00 + NoICE + sdld,  page 9.
Hexadecimal  [32-Bits]

Area                                    Addr        Size        Decimal Bytes (Attributes)
--------------------------------        ----        ----        ------- ----- ------------
SSEG                                FFFFFFFF    00000001 =           1. bytes (REL,CON)

      Value  Global                              Global Defined In Module
      -----  --------------------------------   ------------------------
ASxxxx Linker V03.00 + NoICE + sdld,  page 10.

Files Linked                              [ module(s) ]

stm8s_it.rel                              [ stm8s_it ]
main.rel                                  [ main ]
driver/uart.rel                           [ uart ]
driver/oled.rel                           [ oled ]
driver/adc.rel                            [ adc ]
STM8S_StdPeriph_Lib/Libraries/STM8S_StdPeriph_Driver/src/stm8s_gpio.rel
                                          [ stm8s_gpio ]
STM8S_StdPeriph_Lib/Libraries/STM8S_StdPeriph_Driver/src/stm8s_adc1.rel
                                          [ stm8s_adc1 ]
STM8S_StdPeriph_Lib/Libraries/STM8S_StdPeriph_Driver/src/stm8s_uart2.rel
                                          [ stm8s_uart2 ]
STM8S_StdPeriph_Lib/Libraries/STM8S_StdPeriph_Driver/src/stm8s_clk.rel
                                          [ stm8s_clk ]


Libraries Linked                          [ object file ]

/usr/local/bin/../share/sdcc/lib/stm8/stm8.lib
                                          [ _modulong.rel ]
/usr/local/bin/../share/sdcc/lib/stm8/stm8.lib
                                          [ sprintf.rel ]
/usr/local/bin/../share/sdcc/lib/stm8/stm8.lib
                                          [ _divulong.rel ]
/usr/local/bin/../share/sdcc/lib/stm8/stm8.lib
                                          [ puts.rel ]
/usr/local/bin/../share/sdcc/lib/stm8/stm8.lib
                                          [ vprintf.rel ]
/usr/local/bin/../share/sdcc/lib/stm8/stm8.lib
                                          [ _mullong.rel ]
/usr/local/bin/../share/sdcc/lib/stm8/stm8.lib
                                          [ _divsint.rel ]
/usr/local/bin/../share/sdcc/lib/stm8/stm8.lib
                                          [ printf_large.rel ]
/usr/local/bin/../share/sdcc/lib/stm8/stm8.lib
                                          [ _strlen.rel ]

ASxxxx Linker V03.00 + NoICE + sdld,  page 11.

User Base Address Definitions

HOME = 0x8000
DATA = 0x0001
SSEG = 0xffffffff

