ASxxxx Linker V03.00 + NoICE + sdld,  page 1.
Hexadecimal  [32-Bits]

Area                                    Addr        Size        Decimal Bytes (Attributes)
--------------------------------        ----        ----        ------- ----- ------------
.  .ABS.                            00000000    00000000 =           0. bytes (ABS,CON)

      Value  Global                              Global Defined In Module
      -----  --------------------------------   ------------------------
     FFFFFFFF  s_SSEG                          
     00000000  .__.ABS.                           _strlen
     00000000  l_CABS                          
     00000000  l_DABS                          
     00000000  l__CODE                         
     00000000  s_CABS                          
     00000000  s_DABS                          
     00000000  s__CODE                         
     00000001  l_SSEG                          
     00000001  s_DATA                          
     00000003  l_GSFINAL                       
     0000001E  l_GSINIT                        
     0000001E  l_INITIALIZED                   
     0000001E  l_INITIALIZER                   
     0000006F  l_HOME                          
     00000097  l_DATA                          
     00000098  s_INITIALIZED                   
     00000697  l_CONST                         
     000040A7  l_CODE                          
     00008000  s_HOME                          
     0000806F  s_GSINIT                        
     0000808D  s_GSFINAL                       
     00008090  s_CONST                         
     00008727  s_INITIALIZER                   
     00008745  s_CODE                          

ASxxxx Linker V03.00 + NoICE + sdld,  page 2.
Hexadecimal  [32-Bits]

Area                                    Addr        Size        Decimal Bytes (Attributes)
--------------------------------        ----        ----        ------- ----- ------------
DATA                                00000001    00000097 =         151. bytes (REL,CON)

      Value  Global                              Global Defined In Module
      -----  --------------------------------   ------------------------
     00000079  _modbus_buff                       modbus
     00000083  _ds_time                           driver_common
     0000008A  _dh_data                           driver_common
     0000008F  _adc_data                          driver_common
     00000093  _asm_addr                          stm8s_flash
     00000097  _asm_val                           stm8s_flash
ASxxxx Linker V03.00 + NoICE + sdld,  page 3.
Hexadecimal  [32-Bits]

Area                                    Addr        Size        Decimal Bytes (Attributes)
--------------------------------        ----        ----        ------- ----- ------------
INITIALIZED                         00000098    0000001E =          30. bytes (REL,CON)

      Value  Global                              Global Defined In Module
      -----  --------------------------------   ------------------------
     00000098  _modbus_timer                      time2
     0000009C  _dht12_timer                       time2
     000000A0  _ds_1302_timer                     time2
     000000A4  _adc_timer                         time2
     000000A8  _app_rule_timer                    time2
     000000AC  _extend_channel_timer              time2
     000000B0  _keycount                          key
     000000B5  _modbus_status                     modbus

ASxxxx Linker V03.00 + NoICE + sdld,  page 4.
Hexadecimal  [32-Bits]

Area                                    Addr        Size        Decimal Bytes (Attributes)
--------------------------------        ----        ----        ------- ----- ------------
SSEG                                FFFFFFFF    00000001 =           1. bytes (REL,CON)

      Value  Global                              Global Defined In Module
      -----  --------------------------------   ------------------------
ASxxxx Linker V03.00 + NoICE + sdld,  page 5.
Hexadecimal  [32-Bits]

Area                                    Addr        Size        Decimal Bytes (Attributes)
--------------------------------        ----        ----        ------- ----- ------------
HOME                                00008000    0000006F =         111. bytes (REL,CON)

      Value  Global                              Global Defined In Module
      -----  --------------------------------   ------------------------
ASxxxx Linker V03.00 + NoICE + sdld,  page 6.
Hexadecimal  [32-Bits]

Area                                    Addr        Size        Decimal Bytes (Attributes)
--------------------------------        ----        ----        ------- ----- ------------
GSINIT                              0000806F    0000001E =          30. bytes (REL,CON)

      Value  Global                              Global Defined In Module
      -----  --------------------------------   ------------------------
ASxxxx Linker V03.00 + NoICE + sdld,  page 7.
Hexadecimal  [32-Bits]

Area                                    Addr        Size        Decimal Bytes (Attributes)
--------------------------------        ----        ----        ------- ----- ------------
GSFINAL                             0000808D    00000003 =           3. bytes (REL,CON)

      Value  Global                              Global Defined In Module
      -----  --------------------------------   ------------------------
ASxxxx Linker V03.00 + NoICE + sdld,  page 8.
Hexadecimal  [32-Bits]

Area                                    Addr        Size        Decimal Bytes (Attributes)
--------------------------------        ----        ----        ------- ----- ------------
CONST                               00008090    00000697 =        1687. bytes (REL,CON)

      Value  Global                              Global Defined In Module
      -----  --------------------------------   ------------------------
     00008090  _F8X16                             oled
     00008718  _HSIDivFactor                      stm8s_clk

ASxxxx Linker V03.00 + NoICE + sdld,  page 9.
Hexadecimal  [32-Bits]

Area                                    Addr        Size        Decimal Bytes (Attributes)
--------------------------------        ----        ----        ------- ----- ------------
INITIALIZER                         00008727    0000001E =          30. bytes (REL,CON)

      Value  Global                              Global Defined In Module
      -----  --------------------------------   ------------------------
ASxxxx Linker V03.00 + NoICE + sdld,  page 10.
Hexadecimal  [32-Bits]

Area                                    Addr        Size        Decimal Bytes (Attributes)
--------------------------------        ----        ----        ------- ----- ------------
CODE                                00008745    000040A7 =       16551. bytes (REL,CON)

      Value  Global                              Global Defined In Module
      -----  --------------------------------   ------------------------
     00008745  _Delay                             main
     00008776  _main                              main
     00008791  _ReadADC                           adc
     000087EA  _ReadDin                           adc
     00008803  _extend_board_init                 adc
     0000886B  _extend_board_channel_change       adc
     00008911  _Tim2_Init                         time2
     00008934  _delay_ms                          oled
     00008950  _OLED_WR_Byte                      oled
     000089CD  _OLED_Set_Pos                      oled
     000089FB  _OLED_Display_On                   oled
     00008A14  _OLED_Display_Off                  oled
     00008A2D  _OLED_Clear                        oled
     00008A65  _OLED_ShowChar                     oled
     00008AD8  _oled_pow                          oled
     00008B0C  _OLED_ShowNum                      oled
     00008BA9  _OLED_ShowString                   oled
     00008BDA  _OLED_Init                         oled
     00008D40  _Is_In_Area                        app
     00008DB9  _app_init                          app
     00008DEA  _app_loop                          app
     0000986D  _beep_init                         beep
     0000987B  _beep_read                         beep
     00009887  _beep_on                           beep
     000098A0  _beep_off                          beep
     000098B9  _key_init                          key
     00009911  _key_read                          key
     00009929  _CRC16                             modbus
     0000997E  _modbus_send                       modbus
     000099A5  _modbus_virtual_write              modbus
     00009A1E  _modbus_virtual_read               modbus
     00009B9A  _modbus_process                    modbus
     00009D69  _WitchDog_init                     iwdg
     00009D7F  _WitchDog_reset                    iwdg
     00009D82  _eeprom_read                       eeprom
     00009D96  _eeprom_write                      eeprom
     00009DD4  _TRAP_IRQHandler                   stm8s_it
     00009DD5  _TLI_IRQHandler                    stm8s_it
     00009DD6  _AWU_IRQHandler                    stm8s_it
     00009DD7  _CLK_IRQHandler                    stm8s_it
     00009DD8  _EXTI_PORTA_IRQHandler             stm8s_it
     00009DD9  _EXTI_PORTB_IRQHandler             stm8s_it
     00009DDA  _EXTI_PORTC_IRQHandler             stm8s_it
     00009DDB  _EXTI_PORTD_IRQHandler             stm8s_it
     00009E17  _EXTI_PORTE_IRQHandler             stm8s_it
     00009E18  _SPI_IRQHandler                    stm8s_it
     00009E19  _TIM1_UPD_OVF_TRG_BRK_IRQHandler   stm8s_it
     00009E1A  _TIM1_CAP_COM_IRQHandler           stm8s_it
     00009E1B  _TIM2_UPD_OVF_BRK_IRQHandler       stm8s_it
     00009EA3  _TIM2_CAP_COM_IRQHandler           stm8s_it
ASxxxx Linker V03.00 + NoICE + sdld,  page 11.
Hexadecimal  [32-Bits]

Area                                    Addr        Size        Decimal Bytes (Attributes)
--------------------------------        ----        ----        ------- ----- ------------
CODE                                00008745    000040A7 =       16551. bytes (REL,CON)

      Value  Global                              Global Defined In Module
      -----  --------------------------------   ------------------------
     00009EA4  _TIM3_UPD_OVF_BRK_IRQHandler       stm8s_it
     00009EA5  _TIM3_CAP_COM_IRQHandler           stm8s_it
     00009EA6  _I2C_IRQHandler                    stm8s_it
     00009EA7  _UART2_TX_IRQHandler               stm8s_it
     00009EA8  _UART2_RX_IRQHandler               stm8s_it
     00009F15  _ADC1_IRQHandler                   stm8s_it
     00009F16  _TIM4_UPD_OVF_IRQHandler           stm8s_it
     00009F17  _EEPROM_EEC_IRQHandler             stm8s_it
     00009F18  _ds1302_port_init                  ds1302
     00009F56  _read_IO                           ds1302
     00009F64  _write_IO                          ds1302
     00009F72  _ds1302_write_byte                 ds1302
     00009FB4  _ds1302_read_byte                  ds1302
     00009FF0  _ds1302_write                      ds1302
     0000A02E  _ds1302_read                       ds1302
     0000A06F  _ds1302_read_time                  ds1302
     0000A0DA  _ds1302_write_time                 ds1302
     0000A157  _ds1302_active                     ds1302
     0000A18B  _Init_UART2                        uart
     0000A1D7  _UART2_Send_Char                   uart
     0000A1EA  _UART2_Send_STR                    uart
     0000A1FB  _putchar                           uart
     0000A1FD  _UART2_Init_Send                   uart
     0000A216  _relay_read                        relay
     0000A222  _relay_on                          relay
     0000A23B  _relay_off                         relay
     0000A254  _driver_init                       driver_common
     0000A276  _driver_loop                       driver_common
     0000A365  __delay_5us                        dht12
     0000A382  _i2c_init                          dht12
     0000A39D  _i2c_deinit                        dht12
     0000A3B8  _I2CDataInOut                      dht12
     0000A3D8  _I2C_Start                         dht12
     0000A423  _I2C_Stop                          dht12
     0000A46E  _I2C_Rack                          dht12
     0000A4B9  _I2C_nAck                          dht12
     0000A504  _SendByte                          dht12
     0000A5BD  _RcvByte                           dht12
     0000A646  _I2C_Read                          dht12
     0000A6D8  _i2c_read                          dht12
     0000A6F3  _ReadDHT12                         dht12
     0000A747  _GPIO_DeInit                       stm8s_gpio
     0000A756  _GPIO_Init                         stm8s_gpio
     0000A7CB  _GPIO_Write                        stm8s_gpio
     0000A7D1  _GPIO_WriteHigh                    stm8s_gpio
     0000A7D8  _GPIO_WriteLow                     stm8s_gpio
     0000A7E6  _GPIO_WriteReverse                 stm8s_gpio
     0000A7ED  _GPIO_ReadOutputData               stm8s_gpio
     0000A7F1  _GPIO_ReadInputData                stm8s_gpio
     0000A7F6  _GPIO_ReadInputPin                 stm8s_gpio
     0000A7FD  _GPIO_ExternalPullUpConfig         stm8s_gpio
ASxxxx Linker V03.00 + NoICE + sdld,  page 12.
Hexadecimal  [32-Bits]

Area                                    Addr        Size        Decimal Bytes (Attributes)
--------------------------------        ----        ----        ------- ----- ------------
CODE                                00008745    000040A7 =       16551. bytes (REL,CON)

      Value  Global                              Global Defined In Module
      -----  --------------------------------   ------------------------
     0000A819  _TIM2_DeInit                       stm8s_tim2
     0000A872  _TIM2_TimeBaseInit                 stm8s_tim2
     0000A88B  _TIM2_OC1Init                      stm8s_tim2
     0000A8C0  _TIM2_OC2Init                      stm8s_tim2
     0000A8F5  _TIM2_OC3Init                      stm8s_tim2
     0000A92A  _TIM2_ICInit                       stm8s_tim2
     0000A975  _TIM2_PWMIConfig                   stm8s_tim2
     0000A9EE  _TIM2_Cmd                          stm8s_tim2
     0000AA01  _TIM2_ITConfig                     stm8s_tim2
     0000AA1E  _TIM2_UpdateDisableConfig          stm8s_tim2
     0000AA31  _TIM2_UpdateRequestConfig          stm8s_tim2
     0000AA44  _TIM2_SelectOnePulseMode           stm8s_tim2
     0000AA57  _TIM2_PrescalerConfig              stm8s_tim2
     0000AA64  _TIM2_ForcedOC1Config              stm8s_tim2
     0000AA6F  _TIM2_ForcedOC2Config              stm8s_tim2
     0000AA7A  _TIM2_ForcedOC3Config              stm8s_tim2
     0000AA85  _TIM2_ARRPreloadConfig             stm8s_tim2
     0000AA98  _TIM2_OC1PreloadConfig             stm8s_tim2
     0000AAAB  _TIM2_OC2PreloadConfig             stm8s_tim2
     0000AABE  _TIM2_OC3PreloadConfig             stm8s_tim2
     0000AAD1  _TIM2_GenerateEvent                stm8s_tim2
     0000AAD8  _TIM2_OC1PolarityConfig            stm8s_tim2
     0000AAEB  _TIM2_OC2PolarityConfig            stm8s_tim2
     0000AAFE  _TIM2_OC3PolarityConfig            stm8s_tim2
     0000AB11  _TIM2_CCxCmd                       stm8s_tim2
     0000AB53  _TIM2_SelectOCxM                   stm8s_tim2
     0000AB89  _TIM2_SetCounter                   stm8s_tim2
     0000AB9C  _TIM2_SetAutoreload                stm8s_tim2
     0000ABAF  _TIM2_SetCompare1                  stm8s_tim2
     0000ABC2  _TIM2_SetCompare2                  stm8s_tim2
     0000ABD5  _TIM2_SetCompare3                  stm8s_tim2
     0000ABE8  _TIM2_SetIC1Prescaler              stm8s_tim2
     0000ABF3  _TIM2_SetIC2Prescaler              stm8s_tim2
     0000ABFE  _TIM2_SetIC3Prescaler              stm8s_tim2
     0000AC09  _TIM2_GetCapture1                  stm8s_tim2
     0000AC22  _TIM2_GetCapture2                  stm8s_tim2
     0000AC3B  _TIM2_GetCapture3                  stm8s_tim2
     0000AC54  _TIM2_GetCounter                   stm8s_tim2
     0000AC6F  _TIM2_GetPrescaler                 stm8s_tim2
     0000AC73  _TIM2_GetFlagStatus                stm8s_tim2
     0000AC96  _TIM2_ClearFlag                    stm8s_tim2
     0000ACA1  _TIM2_GetITStatus                  stm8s_tim2
     0000ACBC  _TIM2_ClearITPendingBit            stm8s_tim2
     0000AD56  _IWDG_WriteAccessCmd               stm8s_iwdg
     0000AD5D  _IWDG_SetPrescaler                 stm8s_iwdg
     0000AD64  _IWDG_SetReload                    stm8s_iwdg
     0000AD6B  _IWDG_ReloadCounter                stm8s_iwdg
     0000AD70  _IWDG_Enable                       stm8s_iwdg
     0000AD75  _ITC_GetCPUCC                      stm8s_itc
     0000AD7D  _ITC_DeInit                        stm8s_itc
     0000AD9E  _ITC_GetSoftIntStatus              stm8s_itc
ASxxxx Linker V03.00 + NoICE + sdld,  page 13.
Hexadecimal  [32-Bits]

Area                                    Addr        Size        Decimal Bytes (Attributes)
--------------------------------        ----        ----        ------- ----- ------------
CODE                                00008745    000040A7 =       16551. bytes (REL,CON)

      Value  Global                              Global Defined In Module
      -----  --------------------------------   ------------------------
     0000ADA4  _ITC_GetSoftwarePriority           stm8s_itc
     0000AE4C  _ITC_SetSoftwarePriority           stm8s_itc
     0000AF36  _write_byte_address                stm8s_flash
     0000AF4D  _read_byte_address                 stm8s_flash
     0000AF63  _FLASH_Unlock                      stm8s_flash
     0000AF7B  _FLASH_Lock                        stm8s_flash
     0000AF84  _FLASH_DeInit                      stm8s_flash
     0000AF9C  _FLASH_ITConfig                    stm8s_flash
     0000AFAF  _FLASH_EraseByte                   stm8s_flash
     0000AFBA  _FLASH_ProgramByte                 stm8s_flash
     0000AFC6  _FLASH_ReadByte                    stm8s_flash
     0000AFD2  _FLASH_ProgramWord                 stm8s_flash
     0000B01E  _FLASH_ProgramOptionByte           stm8s_flash
     0000B04F  _FLASH_EraseOptionByte             stm8s_flash
     0000B07B  _FLASH_ReadOptionByte              stm8s_flash
     0000B0B3  _FLASH_SetLowPowerMode             stm8s_flash
     0000B0C4  _FLASH_SetProgrammingTime          stm8s_flash
     0000B0D5  _FLASH_GetLowPowerMode             stm8s_flash
     0000B0DB  _FLASH_GetProgrammingTime          stm8s_flash
     0000B0E1  _FLASH_GetBootSize                 stm8s_flash
     0000B108  _FLASH_GetFlagStatus               stm8s_flash
     0000B114  _FLASH_WaitForLastOperation        stm8s_flash
     0000B144  _FLASH_EraseBlock                  stm8s_flash
     0000B183  _FLASH_ProgramBlock                stm8s_flash
     0000B1F9  _EXTI_DeInit                       stm8s_exti
     0000B202  _EXTI_SetExtIntSensitivity         stm8s_exti
     0000B292  _EXTI_SetTLISensitivity            stm8s_exti
     0000B2A3  _EXTI_GetExtIntSensitivity         stm8s_exti
     0000B2E8  _EXTI_GetTLISensitivity            stm8s_exti
     0000B2EE  _ADC1_DeInit                       stm8s_adc1
     0000B31F  _ADC1_Init                         stm8s_adc1
     0000B34D  _ADC1_Cmd                          stm8s_adc1
     0000B360  _ADC1_ScanModeCmd                  stm8s_adc1
     0000B373  _ADC1_DataBufferCmd                stm8s_adc1
     0000B386  _ADC1_ITConfig                     stm8s_adc1
     0000B3A4  _ADC1_PrescalerConfig              stm8s_adc1
     0000B3B5  _ADC1_SchmittTriggerConfig         stm8s_adc1
     0000B431  _ADC1_ConversionConfig             stm8s_adc1
     0000B464  _ADC1_ExternalTriggerConfig        stm8s_adc1
     0000B488  _ADC1_StartConversion              stm8s_adc1
     0000B48D  _ADC1_GetConversionValue           stm8s_adc1
     0000B4D3  _ADC1_AWDChannelConfig             stm8s_adc1
     0000B529  _ADC1_SetHighThreshold             stm8s_adc1
     0000B537  _ADC1_SetLowThreshold              stm8s_adc1
     0000B545  _ADC1_GetBufferValue               stm8s_adc1
     0000B594  _ADC1_GetAWDChannelStatus          stm8s_adc1
     0000B5CD  _ADC1_GetFlagStatus                stm8s_adc1
     0000B632  _ADC1_ClearFlag                    stm8s_adc1
     0000B6A6  _ADC1_GetITStatus                  stm8s_adc1
     0000B6F8  _ADC1_ClearITPendingBit            stm8s_adc1
     0000B754  _UART2_DeInit                      stm8s_uart2
ASxxxx Linker V03.00 + NoICE + sdld,  page 14.
Hexadecimal  [32-Bits]

Area                                    Addr        Size        Decimal Bytes (Attributes)
--------------------------------        ----        ----        ------- ----- ------------
CODE                                00008745    000040A7 =       16551. bytes (REL,CON)

      Value  Global                              Global Defined In Module
      -----  --------------------------------   ------------------------
     0000B77B  _UART2_Init                        stm8s_uart2
     0000B8E4  _UART2_Cmd                         stm8s_uart2
     0000B8F7  _UART2_ITConfig                    stm8s_uart2
     0000B999  _UART2_IrDAConfig                  stm8s_uart2
     0000B9AC  _UART2_IrDACmd                     stm8s_uart2
     0000B9BF  _UART2_LINBreakDetectionConfig     stm8s_uart2
     0000B9D2  _UART2_LINConfig                   stm8s_uart2
     0000BA0B  _UART2_LINCmd                      stm8s_uart2
     0000BA1E  _UART2_SmartCardCmd                stm8s_uart2
     0000BA31  _UART2_SmartCardNACKCmd            stm8s_uart2
     0000BA44  _UART2_WakeUpConfig                stm8s_uart2
     0000BA51  _UART2_ReceiverWakeUpCmd           stm8s_uart2
     0000BA64  _UART2_ReceiveData8                stm8s_uart2
     0000BA68  _UART2_ReceiveData9                stm8s_uart2
     0000BA85  _UART2_SendData8                   stm8s_uart2
     0000BA8C  _UART2_SendData9                   stm8s_uart2
     0000BAA9  _UART2_SendBreak                   stm8s_uart2
     0000BAAE  _UART2_SetAddress                  stm8s_uart2
     0000BABF  _UART2_SetGuardTime                stm8s_uart2
     0000BAC6  _UART2_SetPrescaler                stm8s_uart2
     0000BACD  _UART2_GetFlagStatus               stm8s_uart2
     0000BB26  _UART2_ClearFlag                   stm8s_uart2
     0000BB54  _UART2_GetITStatus                 stm8s_uart2
     0000BBEE  _UART2_ClearITPendingBit           stm8s_uart2
     0000BC0B  _CLK_DeInit                        stm8s_clk
     0000BC42  _CLK_FastHaltWakeUpCmd             stm8s_clk
     0000BC55  _CLK_HSECmd                        stm8s_clk
     0000BC68  _CLK_HSICmd                        stm8s_clk
     0000BC7B  _CLK_LSICmd                        stm8s_clk
     0000BC8E  _CLK_CCOCmd                        stm8s_clk
     0000BCA1  _CLK_ClockSwitchCmd                stm8s_clk
     0000BCB4  _CLK_SlowActiveHaltWakeUpCmd       stm8s_clk
     0000BCC7  _CLK_PeripheralClockConfig         stm8s_clk
     0000BD0F  _CLK_ClockSwitchConfig             stm8s_clk
     0000BDBD  _CLK_HSIPrescalerConfig            stm8s_clk
     0000BDCE  _CLK_CCOConfig                     stm8s_clk
     0000BDE3  _CLK_ITConfig                      stm8s_clk
     0000BE23  _CLK_SYSCLKConfig                  stm8s_clk
     0000BE55  _CLK_SWIMConfig                    stm8s_clk
     0000BE68  _CLK_ClockSecuritySystemEnable     stm8s_clk
     0000BE6D  _CLK_GetSYSCLKSource               stm8s_clk
     0000BE71  _CLK_GetClockFreq                  stm8s_clk
     0000BEC1  _CLK_AdjustHSICalibrationValue     stm8s_clk
     0000BECC  _CLK_SYSCLKEmergencyClear          stm8s_clk
     0000BED1  _CLK_GetFlagStatus                 stm8s_clk
     0000BF13  _CLK_GetITStatus                   stm8s_clk
     0000BF33  _CLK_ClearITPendingBit             stm8s_clk
     0000BF43  __mulint                           
     0000BF5C  __modulong                         
     0000BFDF  _vsprintf                          sprintf
     0000BFFA  _sprintf                           sprintf
ASxxxx Linker V03.00 + NoICE + sdld,  page 15.
Hexadecimal  [32-Bits]

Area                                    Addr        Size        Decimal Bytes (Attributes)
--------------------------------        ----        ----        ------- ----- ------------
CODE                                00008745    000040A7 =       16551. bytes (REL,CON)

      Value  Global                              Global Defined In Module
      -----  --------------------------------   ------------------------
     0000C01A  __divulong                         
     0000C074  __modsint                          
     0000C08A  __mullong                          
     0000C106  __divsint                          
     0000C1C8  __print_format                     printf_large
     0000C7DD  _strlen                            _strlen

ASxxxx Linker V03.00 + NoICE + sdld,  page 16.

Files Linked                              [ module(s) ]

main.rel                                  [ main ]
driver/adc.rel                            [ adc ]
driver/time2.rel                          [ time2 ]
driver/oled.rel                           [ oled ]
driver/app.rel                            [ app ]
driver/beep.rel                           [ beep ]
driver/key.rel                            [ key ]
driver/modbus.rel                         [ modbus ]
driver/iwdg.rel                           [ iwdg ]
driver/eeprom.rel                         [ eeprom ]
driver/stm8s_it.rel                       [ stm8s_it ]
driver/ds1302.rel                         [ ds1302 ]
driver/uart.rel                           [ uart ]
driver/relay.rel                          [ relay ]
driver/driver_common.rel                  [ driver_common ]
driver/dht12.rel                          [ dht12 ]
STM8S_StdPeriph_Lib/Libraries/STM8S_StdPeriph_Driver/src/stm8s_gpio.rel
                                          [ stm8s_gpio ]
STM8S_StdPeriph_Lib/Libraries/STM8S_StdPeriph_Driver/src/stm8s_tim2.rel
                                          [ stm8s_tim2 ]
STM8S_StdPeriph_Lib/Libraries/STM8S_StdPeriph_Driver/src/stm8s_iwdg.rel
                                          [ stm8s_iwdg ]
STM8S_StdPeriph_Lib/Libraries/STM8S_StdPeriph_Driver/src/stm8s_itc.rel
                                          [ stm8s_itc ]
STM8S_StdPeriph_Lib/Libraries/STM8S_StdPeriph_Driver/src/stm8s_flash.rel
                                          [ stm8s_flash ]
STM8S_StdPeriph_Lib/Libraries/STM8S_StdPeriph_Driver/src/stm8s_exti.rel
                                          [ stm8s_exti ]
STM8S_StdPeriph_Lib/Libraries/STM8S_StdPeriph_Driver/src/stm8s_adc1.rel
                                          [ stm8s_adc1 ]
STM8S_StdPeriph_Lib/Libraries/STM8S_StdPeriph_Driver/src/stm8s_uart2.rel
                                          [ stm8s_uart2 ]
STM8S_StdPeriph_Lib/Libraries/STM8S_StdPeriph_Driver/src/stm8s_clk.rel
                                          [ stm8s_clk ]


Libraries Linked                          [ object file ]

C:\Program Files (x86)\SDCC\bin\..\lib\stm8/stm8.lib
                                          [ _mulint.rel ]
C:\Program Files (x86)\SDCC\bin\..\lib\stm8/stm8.lib
                                          [ _modulong.rel ]
C:\Program Files (x86)\SDCC\bin\..\lib\stm8/stm8.lib
                                          [ sprintf.rel ]
C:\Program Files (x86)\SDCC\bin\..\lib\stm8/stm8.lib
                                          [ _divulong.rel ]
C:\Program Files (x86)\SDCC\bin\..\lib\stm8/stm8.lib
                                          [ _modsint.rel ]
C:\Program Files (x86)\SDCC\bin\..\lib\stm8/stm8.lib
                                          [ _mullong.rel ]
C:\Program Files (x86)\SDCC\bin\..\lib\stm8/stm8.lib
                                          [ _divsint.rel ]
C:\Program Files (x86)\SDCC\bin\..\lib\stm8/stm8.lib
                                          [ printf_large.rel ]
C:\Program Files (x86)\SDCC\bin\..\lib\stm8/stm8.lib
                                          [ _strlen.rel ]

ASxxxx Linker V03.00 + NoICE + sdld,  page 17.

User Base Address Definitions

HOME = 0x8000
DATA = 0x0001
SSEG = 0xffffffff

