ASxxxx Linker V03.00 + NoICE + sdld,  page 1.
Hexadecimal  [32-Bits]

Area                                    Addr        Size        Decimal Bytes (Attributes)
--------------------------------        ----        ----        ------- ----- ------------
.  .ABS.                            00000000    00000000 =           0. bytes (ABS,CON)

      Value  Global                              Global Defined In Module
      -----  --------------------------------   ------------------------
     FFFFFFFF  s_SSEG                          
     00000000  .__.ABS.                           _strlen
     00000000  l_CABS                          
     00000000  l_DABS                          
     00000000  l__CODE                         
     00000000  s_CABS                          
     00000000  s_DABS                          
     00000000  s__CODE                         
     00000001  l_SSEG                          
     00000001  s_DATA                          
     00000003  l_GSFINAL                       
     0000001A  l_GSINIT                        
     0000001F  l_INITIALIZED                   
     0000001F  l_INITIALIZER                   
     0000006F  l_HOME                          
     00000096  l_DATA                          
     00000097  s_INITIALIZED                   
     00000697  l_CONST                         
     000040E4  l_CODE                          
     00008000  s_HOME                          
     0000806F  s_GSINIT                        
     00008089  s_GSFINAL                       
     0000808C  s_CONST                         
     00008723  s_INITIALIZER                   
     00008742  s_CODE                          

ASxxxx Linker V03.00 + NoICE + sdld,  page 2.
Hexadecimal  [32-Bits]

Area                                    Addr        Size        Decimal Bytes (Attributes)
--------------------------------        ----        ----        ------- ----- ------------
DATA                                00000001    00000096 =         150. bytes (REL,CON)

      Value  Global                              Global Defined In Module
      -----  --------------------------------   ------------------------
     00000078  _modbus_buff                       modbus
     00000082  _ds_time                           driver_common
     00000089  _dh_data                           driver_common
     0000008E  _adc_data                          driver_common
     00000092  _asm_addr                          stm8s_flash
     00000096  _asm_val                           stm8s_flash
ASxxxx Linker V03.00 + NoICE + sdld,  page 3.
Hexadecimal  [32-Bits]

Area                                    Addr        Size        Decimal Bytes (Attributes)
--------------------------------        ----        ----        ------- ----- ------------
INITIALIZED                         00000097    0000001F =          31. bytes (REL,CON)

      Value  Global                              Global Defined In Module
      -----  --------------------------------   ------------------------
     00000097  _pos                               adc
     00000098  _modbus_timer                      time2
     0000009C  _dht12_timer                       time2
     000000A0  _ds_1302_timer                     time2
     000000A4  _adc_timer                         time2
     000000A8  _app_rule_timer                    time2
     000000AC  _extend_channel_timer              time2
     000000B0  _keycount                          key
     000000B5  _modbus_status                     modbus
ASxxxx Linker V03.00 + NoICE + sdld,  page 4.
Hexadecimal  [32-Bits]

Area                                    Addr        Size        Decimal Bytes (Attributes)
--------------------------------        ----        ----        ------- ----- ------------
SSEG                                FFFFFFFF    00000001 =           1. bytes (REL,CON)

      Value  Global                              Global Defined In Module
      -----  --------------------------------   ------------------------
ASxxxx Linker V03.00 + NoICE + sdld,  page 5.
Hexadecimal  [32-Bits]

Area                                    Addr        Size        Decimal Bytes (Attributes)
--------------------------------        ----        ----        ------- ----- ------------
HOME                                00008000    0000006F =         111. bytes (REL,CON)

      Value  Global                              Global Defined In Module
      -----  --------------------------------   ------------------------
ASxxxx Linker V03.00 + NoICE + sdld,  page 6.
Hexadecimal  [32-Bits]

Area                                    Addr        Size        Decimal Bytes (Attributes)
--------------------------------        ----        ----        ------- ----- ------------
GSINIT                              0000806F    0000001A =          26. bytes (REL,CON)

      Value  Global                              Global Defined In Module
      -----  --------------------------------   ------------------------
ASxxxx Linker V03.00 + NoICE + sdld,  page 7.
Hexadecimal  [32-Bits]

Area                                    Addr        Size        Decimal Bytes (Attributes)
--------------------------------        ----        ----        ------- ----- ------------
GSFINAL                             00008089    00000003 =           3. bytes (REL,CON)

      Value  Global                              Global Defined In Module
      -----  --------------------------------   ------------------------
ASxxxx Linker V03.00 + NoICE + sdld,  page 8.
Hexadecimal  [32-Bits]

Area                                    Addr        Size        Decimal Bytes (Attributes)
--------------------------------        ----        ----        ------- ----- ------------
CONST                               0000808C    00000697 =        1687. bytes (REL,CON)

      Value  Global                              Global Defined In Module
      -----  --------------------------------   ------------------------
     0000808C  _F8X16                             oled
     00008714  _HSIDivFactor                      stm8s_clk

ASxxxx Linker V03.00 + NoICE + sdld,  page 9.
Hexadecimal  [32-Bits]

Area                                    Addr        Size        Decimal Bytes (Attributes)
--------------------------------        ----        ----        ------- ----- ------------
INITIALIZER                         00008723    0000001F =          31. bytes (REL,CON)

      Value  Global                              Global Defined In Module
      -----  --------------------------------   ------------------------
ASxxxx Linker V03.00 + NoICE + sdld,  page 10.
Hexadecimal  [32-Bits]

Area                                    Addr        Size        Decimal Bytes (Attributes)
--------------------------------        ----        ----        ------- ----- ------------
CODE                                00008742    000040E4 =       16612. bytes (REL,CON)

      Value  Global                              Global Defined In Module
      -----  --------------------------------   ------------------------
     00008742  _Delay                             main
     00008773  _main                              main
     0000878E  _ReadADC                           adc
     000087E7  _ReadDin                           adc
     00008800  _extend_board_init                 adc
     00008868  _extend_board_channel_change       adc
     0000890E  _Tim2_Init                         time2
     00008931  _delay_ms                          oled
     0000894D  _OLED_WR_Byte                      oled
     000089CA  _OLED_Set_Pos                      oled
     000089F8  _OLED_Display_On                   oled
     00008A11  _OLED_Display_Off                  oled
     00008A2A  _OLED_Clear                        oled
     00008A62  _OLED_ShowChar                     oled
     00008AD5  _oled_pow                          oled
     00008B09  _OLED_ShowNum                      oled
     00008BA6  _OLED_ShowString                   oled
     00008BD7  _OLED_Init                         oled
     00008D3D  _Is_In_Area                        app
     00008DB6  _app_init                          app
     00008DE7  _app_loop                          app
     0000986A  _beep_init                         beep
     00009878  _beep_read                         beep
     00009884  _beep_on                           beep
     0000989D  _beep_off                          beep
     000098B6  _key_init                          key
     0000990E  _key_read                          key
     00009926  _CRC16                             modbus
     0000997B  _modbus_send                       modbus
     000099A2  _modbus_virtual_write              modbus
     00009A2E  _modbus_virtual_read               modbus
     00009BD4  _modbus_process                    modbus
     00009DA3  _WitchDog_init                     iwdg
     00009DB9  _WitchDog_reset                    iwdg
     00009DBC  _eeprom_read                       eeprom
     00009DD0  _eeprom_write                      eeprom
     00009E0E  _TRAP_IRQHandler                   stm8s_it
     00009E0F  _TLI_IRQHandler                    stm8s_it
     00009E10  _AWU_IRQHandler                    stm8s_it
     00009E11  _CLK_IRQHandler                    stm8s_it
     00009E12  _EXTI_PORTA_IRQHandler             stm8s_it
     00009E13  _EXTI_PORTB_IRQHandler             stm8s_it
     00009E14  _EXTI_PORTC_IRQHandler             stm8s_it
     00009E15  _EXTI_PORTD_IRQHandler             stm8s_it
     00009E51  _EXTI_PORTE_IRQHandler             stm8s_it
     00009E52  _SPI_IRQHandler                    stm8s_it
     00009E53  _TIM1_UPD_OVF_TRG_BRK_IRQHandler   stm8s_it
     00009E54  _TIM1_CAP_COM_IRQHandler           stm8s_it
     00009E55  _TIM2_UPD_OVF_BRK_IRQHandler       stm8s_it
     00009EDD  _TIM2_CAP_COM_IRQHandler           stm8s_it
ASxxxx Linker V03.00 + NoICE + sdld,  page 11.
Hexadecimal  [32-Bits]

Area                                    Addr        Size        Decimal Bytes (Attributes)
--------------------------------        ----        ----        ------- ----- ------------
CODE                                00008742    000040E4 =       16612. bytes (REL,CON)

      Value  Global                              Global Defined In Module
      -----  --------------------------------   ------------------------
     00009EDE  _TIM3_UPD_OVF_BRK_IRQHandler       stm8s_it
     00009EDF  _TIM3_CAP_COM_IRQHandler           stm8s_it
     00009EE0  _I2C_IRQHandler                    stm8s_it
     00009EE1  _UART2_TX_IRQHandler               stm8s_it
     00009EE2  _UART2_RX_IRQHandler               stm8s_it
     00009F4F  _ADC1_IRQHandler                   stm8s_it
     00009F50  _TIM4_UPD_OVF_IRQHandler           stm8s_it
     00009F51  _EEPROM_EEC_IRQHandler             stm8s_it
     00009F52  _ds1302_port_init                  ds1302
     00009F90  _read_IO                           ds1302
     00009F9E  _write_IO                          ds1302
     00009FAC  _ds1302_write_byte                 ds1302
     00009FEE  _ds1302_read_byte                  ds1302
     0000A02A  _ds1302_write                      ds1302
     0000A068  _ds1302_read                       ds1302
     0000A0A9  _ds1302_read_time                  ds1302
     0000A114  _ds1302_write_time                 ds1302
     0000A191  _ds1302_active                     ds1302
     0000A1C5  _Init_UART2                        uart
     0000A211  _UART2_Send_Char                   uart
     0000A224  _UART2_Send_STR                    uart
     0000A235  _putchar                           uart
     0000A237  _UART2_Init_Send                   uart
     0000A250  _relay_read                        relay
     0000A25C  _relay_on                          relay
     0000A275  _relay_off                         relay
     0000A28E  _driver_init                       driver_common
     0000A2B0  _driver_loop                       driver_common
     0000A39F  __delay_5us                        dht12
     0000A3BC  _i2c_init                          dht12
     0000A3D7  _i2c_deinit                        dht12
     0000A3F2  _I2CDataInOut                      dht12
     0000A412  _I2C_Start                         dht12
     0000A45D  _I2C_Stop                          dht12
     0000A4A8  _I2C_Rack                          dht12
     0000A4F3  _I2C_nAck                          dht12
     0000A53E  _SendByte                          dht12
     0000A5F7  _RcvByte                           dht12
     0000A680  _I2C_Read                          dht12
     0000A712  _i2c_read                          dht12
     0000A72D  _ReadDHT12                         dht12
     0000A781  _GPIO_DeInit                       stm8s_gpio
     0000A790  _GPIO_Init                         stm8s_gpio
     0000A805  _GPIO_Write                        stm8s_gpio
     0000A80B  _GPIO_WriteHigh                    stm8s_gpio
     0000A812  _GPIO_WriteLow                     stm8s_gpio
     0000A820  _GPIO_WriteReverse                 stm8s_gpio
     0000A827  _GPIO_ReadOutputData               stm8s_gpio
     0000A82B  _GPIO_ReadInputData                stm8s_gpio
     0000A830  _GPIO_ReadInputPin                 stm8s_gpio
     0000A837  _GPIO_ExternalPullUpConfig         stm8s_gpio
ASxxxx Linker V03.00 + NoICE + sdld,  page 12.
Hexadecimal  [32-Bits]

Area                                    Addr        Size        Decimal Bytes (Attributes)
--------------------------------        ----        ----        ------- ----- ------------
CODE                                00008742    000040E4 =       16612. bytes (REL,CON)

      Value  Global                              Global Defined In Module
      -----  --------------------------------   ------------------------
     0000A853  _TIM2_DeInit                       stm8s_tim2
     0000A8AC  _TIM2_TimeBaseInit                 stm8s_tim2
     0000A8C5  _TIM2_OC1Init                      stm8s_tim2
     0000A8FA  _TIM2_OC2Init                      stm8s_tim2
     0000A92F  _TIM2_OC3Init                      stm8s_tim2
     0000A964  _TIM2_ICInit                       stm8s_tim2
     0000A9AF  _TIM2_PWMIConfig                   stm8s_tim2
     0000AA28  _TIM2_Cmd                          stm8s_tim2
     0000AA3B  _TIM2_ITConfig                     stm8s_tim2
     0000AA58  _TIM2_UpdateDisableConfig          stm8s_tim2
     0000AA6B  _TIM2_UpdateRequestConfig          stm8s_tim2
     0000AA7E  _TIM2_SelectOnePulseMode           stm8s_tim2
     0000AA91  _TIM2_PrescalerConfig              stm8s_tim2
     0000AA9E  _TIM2_ForcedOC1Config              stm8s_tim2
     0000AAA9  _TIM2_ForcedOC2Config              stm8s_tim2
     0000AAB4  _TIM2_ForcedOC3Config              stm8s_tim2
     0000AABF  _TIM2_ARRPreloadConfig             stm8s_tim2
     0000AAD2  _TIM2_OC1PreloadConfig             stm8s_tim2
     0000AAE5  _TIM2_OC2PreloadConfig             stm8s_tim2
     0000AAF8  _TIM2_OC3PreloadConfig             stm8s_tim2
     0000AB0B  _TIM2_GenerateEvent                stm8s_tim2
     0000AB12  _TIM2_OC1PolarityConfig            stm8s_tim2
     0000AB25  _TIM2_OC2PolarityConfig            stm8s_tim2
     0000AB38  _TIM2_OC3PolarityConfig            stm8s_tim2
     0000AB4B  _TIM2_CCxCmd                       stm8s_tim2
     0000AB8D  _TIM2_SelectOCxM                   stm8s_tim2
     0000ABC3  _TIM2_SetCounter                   stm8s_tim2
     0000ABD6  _TIM2_SetAutoreload                stm8s_tim2
     0000ABE9  _TIM2_SetCompare1                  stm8s_tim2
     0000ABFC  _TIM2_SetCompare2                  stm8s_tim2
     0000AC0F  _TIM2_SetCompare3                  stm8s_tim2
     0000AC22  _TIM2_SetIC1Prescaler              stm8s_tim2
     0000AC2D  _TIM2_SetIC2Prescaler              stm8s_tim2
     0000AC38  _TIM2_SetIC3Prescaler              stm8s_tim2
     0000AC43  _TIM2_GetCapture1                  stm8s_tim2
     0000AC5C  _TIM2_GetCapture2                  stm8s_tim2
     0000AC75  _TIM2_GetCapture3                  stm8s_tim2
     0000AC8E  _TIM2_GetCounter                   stm8s_tim2
     0000ACA9  _TIM2_GetPrescaler                 stm8s_tim2
     0000ACAD  _TIM2_GetFlagStatus                stm8s_tim2
     0000ACD0  _TIM2_ClearFlag                    stm8s_tim2
     0000ACDB  _TIM2_GetITStatus                  stm8s_tim2
     0000ACF6  _TIM2_ClearITPendingBit            stm8s_tim2
     0000AD90  _IWDG_WriteAccessCmd               stm8s_iwdg
     0000AD97  _IWDG_SetPrescaler                 stm8s_iwdg
     0000AD9E  _IWDG_SetReload                    stm8s_iwdg
     0000ADA5  _IWDG_ReloadCounter                stm8s_iwdg
     0000ADAA  _IWDG_Enable                       stm8s_iwdg
     0000ADAF  _ITC_GetCPUCC                      stm8s_itc
     0000ADB7  _ITC_DeInit                        stm8s_itc
     0000ADD8  _ITC_GetSoftIntStatus              stm8s_itc
ASxxxx Linker V03.00 + NoICE + sdld,  page 13.
Hexadecimal  [32-Bits]

Area                                    Addr        Size        Decimal Bytes (Attributes)
--------------------------------        ----        ----        ------- ----- ------------
CODE                                00008742    000040E4 =       16612. bytes (REL,CON)

      Value  Global                              Global Defined In Module
      -----  --------------------------------   ------------------------
     0000ADDE  _ITC_GetSoftwarePriority           stm8s_itc
     0000AE86  _ITC_SetSoftwarePriority           stm8s_itc
     0000AF70  _write_byte_address                stm8s_flash
     0000AF87  _read_byte_address                 stm8s_flash
     0000AF9D  _FLASH_Unlock                      stm8s_flash
     0000AFB5  _FLASH_Lock                        stm8s_flash
     0000AFBE  _FLASH_DeInit                      stm8s_flash
     0000AFD6  _FLASH_ITConfig                    stm8s_flash
     0000AFE9  _FLASH_EraseByte                   stm8s_flash
     0000AFF4  _FLASH_ProgramByte                 stm8s_flash
     0000B000  _FLASH_ReadByte                    stm8s_flash
     0000B00C  _FLASH_ProgramWord                 stm8s_flash
     0000B058  _FLASH_ProgramOptionByte           stm8s_flash
     0000B089  _FLASH_EraseOptionByte             stm8s_flash
     0000B0B5  _FLASH_ReadOptionByte              stm8s_flash
     0000B0ED  _FLASH_SetLowPowerMode             stm8s_flash
     0000B0FE  _FLASH_SetProgrammingTime          stm8s_flash
     0000B10F  _FLASH_GetLowPowerMode             stm8s_flash
     0000B115  _FLASH_GetProgrammingTime          stm8s_flash
     0000B11B  _FLASH_GetBootSize                 stm8s_flash
     0000B142  _FLASH_GetFlagStatus               stm8s_flash
     0000B14E  _FLASH_WaitForLastOperation        stm8s_flash
     0000B17E  _FLASH_EraseBlock                  stm8s_flash
     0000B1BD  _FLASH_ProgramBlock                stm8s_flash
     0000B233  _EXTI_DeInit                       stm8s_exti
     0000B23C  _EXTI_SetExtIntSensitivity         stm8s_exti
     0000B2CC  _EXTI_SetTLISensitivity            stm8s_exti
     0000B2DD  _EXTI_GetExtIntSensitivity         stm8s_exti
     0000B322  _EXTI_GetTLISensitivity            stm8s_exti
     0000B328  _ADC1_DeInit                       stm8s_adc1
     0000B359  _ADC1_Init                         stm8s_adc1
     0000B387  _ADC1_Cmd                          stm8s_adc1
     0000B39A  _ADC1_ScanModeCmd                  stm8s_adc1
     0000B3AD  _ADC1_DataBufferCmd                stm8s_adc1
     0000B3C0  _ADC1_ITConfig                     stm8s_adc1
     0000B3DE  _ADC1_PrescalerConfig              stm8s_adc1
     0000B3EF  _ADC1_SchmittTriggerConfig         stm8s_adc1
     0000B46B  _ADC1_ConversionConfig             stm8s_adc1
     0000B49E  _ADC1_ExternalTriggerConfig        stm8s_adc1
     0000B4C2  _ADC1_StartConversion              stm8s_adc1
     0000B4C7  _ADC1_GetConversionValue           stm8s_adc1
     0000B50D  _ADC1_AWDChannelConfig             stm8s_adc1
     0000B563  _ADC1_SetHighThreshold             stm8s_adc1
     0000B571  _ADC1_SetLowThreshold              stm8s_adc1
     0000B57F  _ADC1_GetBufferValue               stm8s_adc1
     0000B5CE  _ADC1_GetAWDChannelStatus          stm8s_adc1
     0000B607  _ADC1_GetFlagStatus                stm8s_adc1
     0000B66C  _ADC1_ClearFlag                    stm8s_adc1
     0000B6E0  _ADC1_GetITStatus                  stm8s_adc1
     0000B732  _ADC1_ClearITPendingBit            stm8s_adc1
     0000B78E  _UART2_DeInit                      stm8s_uart2
ASxxxx Linker V03.00 + NoICE + sdld,  page 14.
Hexadecimal  [32-Bits]

Area                                    Addr        Size        Decimal Bytes (Attributes)
--------------------------------        ----        ----        ------- ----- ------------
CODE                                00008742    000040E4 =       16612. bytes (REL,CON)

      Value  Global                              Global Defined In Module
      -----  --------------------------------   ------------------------
     0000B7B5  _UART2_Init                        stm8s_uart2
     0000B91E  _UART2_Cmd                         stm8s_uart2
     0000B931  _UART2_ITConfig                    stm8s_uart2
     0000B9D3  _UART2_IrDAConfig                  stm8s_uart2
     0000B9E6  _UART2_IrDACmd                     stm8s_uart2
     0000B9F9  _UART2_LINBreakDetectionConfig     stm8s_uart2
     0000BA0C  _UART2_LINConfig                   stm8s_uart2
     0000BA45  _UART2_LINCmd                      stm8s_uart2
     0000BA58  _UART2_SmartCardCmd                stm8s_uart2
     0000BA6B  _UART2_SmartCardNACKCmd            stm8s_uart2
     0000BA7E  _UART2_WakeUpConfig                stm8s_uart2
     0000BA8B  _UART2_ReceiverWakeUpCmd           stm8s_uart2
     0000BA9E  _UART2_ReceiveData8                stm8s_uart2
     0000BAA2  _UART2_ReceiveData9                stm8s_uart2
     0000BABF  _UART2_SendData8                   stm8s_uart2
     0000BAC6  _UART2_SendData9                   stm8s_uart2
     0000BAE3  _UART2_SendBreak                   stm8s_uart2
     0000BAE8  _UART2_SetAddress                  stm8s_uart2
     0000BAF9  _UART2_SetGuardTime                stm8s_uart2
     0000BB00  _UART2_SetPrescaler                stm8s_uart2
     0000BB07  _UART2_GetFlagStatus               stm8s_uart2
     0000BB60  _UART2_ClearFlag                   stm8s_uart2
     0000BB8E  _UART2_GetITStatus                 stm8s_uart2
     0000BC28  _UART2_ClearITPendingBit           stm8s_uart2
     0000BC45  _CLK_DeInit                        stm8s_clk
     0000BC7C  _CLK_FastHaltWakeUpCmd             stm8s_clk
     0000BC8F  _CLK_HSECmd                        stm8s_clk
     0000BCA2  _CLK_HSICmd                        stm8s_clk
     0000BCB5  _CLK_LSICmd                        stm8s_clk
     0000BCC8  _CLK_CCOCmd                        stm8s_clk
     0000BCDB  _CLK_ClockSwitchCmd                stm8s_clk
     0000BCEE  _CLK_SlowActiveHaltWakeUpCmd       stm8s_clk
     0000BD01  _CLK_PeripheralClockConfig         stm8s_clk
     0000BD49  _CLK_ClockSwitchConfig             stm8s_clk
     0000BDF7  _CLK_HSIPrescalerConfig            stm8s_clk
     0000BE08  _CLK_CCOConfig                     stm8s_clk
     0000BE1D  _CLK_ITConfig                      stm8s_clk
     0000BE5D  _CLK_SYSCLKConfig                  stm8s_clk
     0000BE8F  _CLK_SWIMConfig                    stm8s_clk
     0000BEA2  _CLK_ClockSecuritySystemEnable     stm8s_clk
     0000BEA7  _CLK_GetSYSCLKSource               stm8s_clk
     0000BEAB  _CLK_GetClockFreq                  stm8s_clk
     0000BEFB  _CLK_AdjustHSICalibrationValue     stm8s_clk
     0000BF06  _CLK_SYSCLKEmergencyClear          stm8s_clk
     0000BF0B  _CLK_GetFlagStatus                 stm8s_clk
     0000BF4D  _CLK_GetITStatus                   stm8s_clk
     0000BF6D  _CLK_ClearITPendingBit             stm8s_clk
     0000BF7D  __mulint                           
     0000BF96  __modulong                         
     0000C019  _vsprintf                          sprintf
     0000C034  _sprintf                           sprintf
ASxxxx Linker V03.00 + NoICE + sdld,  page 15.
Hexadecimal  [32-Bits]

Area                                    Addr        Size        Decimal Bytes (Attributes)
--------------------------------        ----        ----        ------- ----- ------------
CODE                                00008742    000040E4 =       16612. bytes (REL,CON)

      Value  Global                              Global Defined In Module
      -----  --------------------------------   ------------------------
     0000C054  __divulong                         
     0000C0AE  __modsint                          
     0000C0C4  __mullong                          
     0000C140  __divsint                          
     0000C202  __print_format                     printf_large
     0000C817  _strlen                            _strlen

ASxxxx Linker V03.00 + NoICE + sdld,  page 16.

Files Linked                              [ module(s) ]

main.rel                                  [ main ]
driver/adc.rel                            [ adc ]
driver/time2.rel                          [ time2 ]
driver/oled.rel                           [ oled ]
driver/app.rel                            [ app ]
driver/beep.rel                           [ beep ]
driver/key.rel                            [ key ]
driver/modbus.rel                         [ modbus ]
driver/iwdg.rel                           [ iwdg ]
driver/eeprom.rel                         [ eeprom ]
driver/stm8s_it.rel                       [ stm8s_it ]
driver/ds1302.rel                         [ ds1302 ]
driver/uart.rel                           [ uart ]
driver/relay.rel                          [ relay ]
driver/driver_common.rel                  [ driver_common ]
driver/dht12.rel                          [ dht12 ]
STM8S_StdPeriph_Lib/Libraries/STM8S_StdPeriph_Driver/src/stm8s_gpio.rel
                                          [ stm8s_gpio ]
STM8S_StdPeriph_Lib/Libraries/STM8S_StdPeriph_Driver/src/stm8s_tim2.rel
                                          [ stm8s_tim2 ]
STM8S_StdPeriph_Lib/Libraries/STM8S_StdPeriph_Driver/src/stm8s_iwdg.rel
                                          [ stm8s_iwdg ]
STM8S_StdPeriph_Lib/Libraries/STM8S_StdPeriph_Driver/src/stm8s_itc.rel
                                          [ stm8s_itc ]
STM8S_StdPeriph_Lib/Libraries/STM8S_StdPeriph_Driver/src/stm8s_flash.rel
                                          [ stm8s_flash ]
STM8S_StdPeriph_Lib/Libraries/STM8S_StdPeriph_Driver/src/stm8s_exti.rel
                                          [ stm8s_exti ]
STM8S_StdPeriph_Lib/Libraries/STM8S_StdPeriph_Driver/src/stm8s_adc1.rel
                                          [ stm8s_adc1 ]
STM8S_StdPeriph_Lib/Libraries/STM8S_StdPeriph_Driver/src/stm8s_uart2.rel
                                          [ stm8s_uart2 ]
STM8S_StdPeriph_Lib/Libraries/STM8S_StdPeriph_Driver/src/stm8s_clk.rel
                                          [ stm8s_clk ]


Libraries Linked                          [ object file ]

C:\Program Files (x86)\SDCC\bin\..\lib\stm8/stm8.lib
                                          [ _mulint.rel ]
C:\Program Files (x86)\SDCC\bin\..\lib\stm8/stm8.lib
                                          [ _modulong.rel ]
C:\Program Files (x86)\SDCC\bin\..\lib\stm8/stm8.lib
                                          [ sprintf.rel ]
C:\Program Files (x86)\SDCC\bin\..\lib\stm8/stm8.lib
                                          [ _divulong.rel ]
C:\Program Files (x86)\SDCC\bin\..\lib\stm8/stm8.lib
                                          [ _modsint.rel ]
C:\Program Files (x86)\SDCC\bin\..\lib\stm8/stm8.lib
                                          [ _mullong.rel ]
C:\Program Files (x86)\SDCC\bin\..\lib\stm8/stm8.lib
                                          [ _divsint.rel ]
C:\Program Files (x86)\SDCC\bin\..\lib\stm8/stm8.lib
                                          [ printf_large.rel ]
C:\Program Files (x86)\SDCC\bin\..\lib\stm8/stm8.lib
                                          [ _strlen.rel ]

ASxxxx Linker V03.00 + NoICE + sdld,  page 17.

User Base Address Definitions

HOME = 0x8000
DATA = 0x0001
SSEG = 0xffffffff

