ASxxxx Linker V03.00 + NoICE + sdld,  page 1.
Hexadecimal  [32-Bits]

Area                                    Addr        Size        Decimal Bytes (Attributes)
--------------------------------        ----        ----        ------- ----- ------------
.  .ABS.                            00000000    00000000 =           0. bytes (ABS,CON)

      Value  Global                              Global Defined In Module
      -----  --------------------------------   ------------------------
     FFFFFFFF  s_SSEG                          
     00000000  .__.ABS.                           _strlen
     00000000  l_CABS                          
     00000000  l_DABS                          
     00000000  l__CODE                         
     00000000  s_CABS                          
     00000000  s_DABS                          
     00000000  s__CODE                         
     00000001  l_SSEG                          
     00000001  s_DATA                          
     00000003  l_GSFINAL                       
     00000005  l_INITIALIZED                   
     00000005  l_INITIALIZER                   
     00000015  l_DATA                          
     00000016  s_INITIALIZED                   
     0000001A  l_GSINIT                        
     0000006F  l_HOME                          
     00000667  l_CONST                         
     000029CF  l_CODE                          
     00008000  s_HOME                          
     0000806F  s_GSINIT                        
     00008089  s_GSFINAL                       
     0000808C  s_CONST                         
     000086F3  s_INITIALIZER                   
     000086F8  s_CODE                          

ASxxxx Linker V03.00 + NoICE + sdld,  page 2.
Hexadecimal  [32-Bits]

Area                                    Addr        Size        Decimal Bytes (Attributes)
--------------------------------        ----        ----        ------- ----- ------------
DATA                                00000001    00000015 =          21. bytes (REL,CON)

      Value  Global                              Global Defined In Module
      -----  --------------------------------   ------------------------
     00000001  _ds_time                           driver_common
     00000008  _dh_data                           driver_common
     0000000E  _adc_data                          driver_common
     00000011  _asm_addr                          stm8s_flash
     00000015  _asm_val                           stm8s_flash

ASxxxx Linker V03.00 + NoICE + sdld,  page 3.
Hexadecimal  [32-Bits]

Area                                    Addr        Size        Decimal Bytes (Attributes)
--------------------------------        ----        ----        ------- ----- ------------
INITIALIZED                         00000016    00000005 =           5. bytes (REL,CON)

      Value  Global                              Global Defined In Module
      -----  --------------------------------   ------------------------
     00000016  _keycount                          key

ASxxxx Linker V03.00 + NoICE + sdld,  page 4.
Hexadecimal  [32-Bits]

Area                                    Addr        Size        Decimal Bytes (Attributes)
--------------------------------        ----        ----        ------- ----- ------------
SSEG                                FFFFFFFF    00000001 =           1. bytes (REL,CON)

      Value  Global                              Global Defined In Module
      -----  --------------------------------   ------------------------
ASxxxx Linker V03.00 + NoICE + sdld,  page 5.
Hexadecimal  [32-Bits]

Area                                    Addr        Size        Decimal Bytes (Attributes)
--------------------------------        ----        ----        ------- ----- ------------
HOME                                00008000    0000006F =         111. bytes (REL,CON)

      Value  Global                              Global Defined In Module
      -----  --------------------------------   ------------------------
ASxxxx Linker V03.00 + NoICE + sdld,  page 6.
Hexadecimal  [32-Bits]

Area                                    Addr        Size        Decimal Bytes (Attributes)
--------------------------------        ----        ----        ------- ----- ------------
GSINIT                              0000806F    0000001A =          26. bytes (REL,CON)

      Value  Global                              Global Defined In Module
      -----  --------------------------------   ------------------------
ASxxxx Linker V03.00 + NoICE + sdld,  page 7.
Hexadecimal  [32-Bits]

Area                                    Addr        Size        Decimal Bytes (Attributes)
--------------------------------        ----        ----        ------- ----- ------------
GSFINAL                             00008089    00000003 =           3. bytes (REL,CON)

      Value  Global                              Global Defined In Module
      -----  --------------------------------   ------------------------
ASxxxx Linker V03.00 + NoICE + sdld,  page 8.
Hexadecimal  [32-Bits]

Area                                    Addr        Size        Decimal Bytes (Attributes)
--------------------------------        ----        ----        ------- ----- ------------
CONST                               0000808C    00000667 =        1639. bytes (REL,CON)

      Value  Global                              Global Defined In Module
      -----  --------------------------------   ------------------------
     000080F4  _F8X16                             oled
     000086E4  _HSIDivFactor                      stm8s_clk

ASxxxx Linker V03.00 + NoICE + sdld,  page 9.
Hexadecimal  [32-Bits]

Area                                    Addr        Size        Decimal Bytes (Attributes)
--------------------------------        ----        ----        ------- ----- ------------
INITIALIZER                         000086F3    00000005 =           5. bytes (REL,CON)

      Value  Global                              Global Defined In Module
      -----  --------------------------------   ------------------------
ASxxxx Linker V03.00 + NoICE + sdld,  page 10.
Hexadecimal  [32-Bits]

Area                                    Addr        Size        Decimal Bytes (Attributes)
--------------------------------        ----        ----        ------- ----- ------------
CODE                                000086F8    000029CF =       10703. bytes (REL,CON)

      Value  Global                              Global Defined In Module
      -----  --------------------------------   ------------------------
     000086F8  _Delay                             main
     00008702  _main                              main
     00008943  _i2c_init                          dht12
     0000895E  _i2c_deinit                        dht12
     00008979  _I2CDataInOut                      dht12
     00008999  _I2C_Start                         dht12
     000089CC  _I2C_Stop                          dht12
     000089FF  _I2C_Rack                          dht12
     00008A32  _I2C_nAck                          dht12
     00008A65  _SendByte                          dht12
     00008B0A  _RcvByte                           dht12
     00008B6E  _I2C_Read                          dht12
     00008BEE  _i2c_read                          dht12
     00008C09  _ReadDHT12                         dht12
     00008C64  _driver_init                       driver_common
     00008C78  _driver_loop                       driver_common
     00008CD2  _relay_read                        relay
     00008CDE  _relay_on                          relay
     00008CF7  _relay_off                         relay
     00008D10  _Init_UART2                        uart
     00008D56  _UART2_Send_Char                   uart
     00008D6A  _UART2_Send_STR                    uart
     00008D7B  _putchar                           uart
     00008D90  _ds1302_port_deinit                ds1302
     00008DB8  _ds1302_port_init                  ds1302
     00008DF6  _read_IO                           ds1302
     00008E04  _write_IO                          ds1302
     00008E12  _ds1302_write_byte                 ds1302
     00008E54  _ds1302_read_byte                  ds1302
     00008E96  _ds1302_write                      ds1302
     00008ED4  _ds1302_read                       ds1302
     00008F15  _ds1302_read_time                  ds1302
     00008F85  _ds1302_write_time                 ds1302
     00009013  _ds1302_active                     ds1302
     0000904D  _TRAP_IRQHandler                   stm8s_it
     0000904E  _TLI_IRQHandler                    stm8s_it
     0000904F  _AWU_IRQHandler                    stm8s_it
     00009050  _CLK_IRQHandler                    stm8s_it
     00009051  _EXTI_PORTA_IRQHandler             stm8s_it
     00009052  _EXTI_PORTB_IRQHandler             stm8s_it
     00009053  _EXTI_PORTC_IRQHandler             stm8s_it
     00009054  _EXTI_PORTD_IRQHandler             stm8s_it
     00009080  _EXTI_PORTE_IRQHandler             stm8s_it
     00009081  _SPI_IRQHandler                    stm8s_it
     00009082  _TIM1_UPD_OVF_TRG_BRK_IRQHandler   stm8s_it
     00009083  _TIM1_CAP_COM_IRQHandler           stm8s_it
     00009084  _TIM2_UPD_OVF_BRK_IRQHandler       stm8s_it
     00009085  _TIM2_CAP_COM_IRQHandler           stm8s_it
     00009086  _TIM3_UPD_OVF_BRK_IRQHandler       stm8s_it
     00009087  _TIM3_CAP_COM_IRQHandler           stm8s_it
ASxxxx Linker V03.00 + NoICE + sdld,  page 11.
Hexadecimal  [32-Bits]

Area                                    Addr        Size        Decimal Bytes (Attributes)
--------------------------------        ----        ----        ------- ----- ------------
CODE                                000086F8    000029CF =       10703. bytes (REL,CON)

      Value  Global                              Global Defined In Module
      -----  --------------------------------   ------------------------
     00009088  _I2C_IRQHandler                    stm8s_it
     00009089  _UART2_TX_IRQHandler               stm8s_it
     0000908A  _UART2_RX_IRQHandler               stm8s_it
     000090E0  _ADC1_IRQHandler                   stm8s_it
     000090E1  _TIM4_UPD_OVF_IRQHandler           stm8s_it
     000090E2  _EEPROM_EEC_IRQHandler             stm8s_it
     000090E3  _eeprom_read                       eeprom
     000090FC  _eeprom_write                      eeprom
     0000913F  _key_init                          key
     00009190  _key_read                          key
     000091A8  _beep_init                         beep
     000091B6  _beep_read                         beep
     000091C2  _beep_on                           beep
     000091DB  _beep_off                          beep
     000091F4  _delay_ms                          oled
     00009212  _OLED_WR_Byte                      oled
     0000928F  _OLED_Set_Pos                      oled
     000092CC  _OLED_Display_On                   oled
     000092E8  _OLED_Display_Off                  oled
     00009304  _OLED_Clear                        oled
     00009340  _OLED_ShowChar                     oled
     000093B7  _oled_pow                          oled
     000093EC  _OLED_ShowNum                      oled
     00009489  _OLED_ShowString                   oled
     000094BC  _OLED_Init                         oled
     00009642  _ReadADC                           adc
     00009694  _ReadDin                           adc
     000096AD  _GPIO_DeInit                       stm8s_gpio
     000096BC  _GPIO_Init                         stm8s_gpio
     00009731  _GPIO_Write                        stm8s_gpio
     00009737  _GPIO_WriteHigh                    stm8s_gpio
     0000973E  _GPIO_WriteLow                     stm8s_gpio
     0000974C  _GPIO_WriteReverse                 stm8s_gpio
     00009753  _GPIO_ReadOutputData               stm8s_gpio
     00009757  _GPIO_ReadInputData                stm8s_gpio
     0000975C  _GPIO_ReadInputPin                 stm8s_gpio
     00009763  _GPIO_ExternalPullUpConfig         stm8s_gpio
     0000977F  _write_byte_address                stm8s_flash
     00009796  _read_byte_address                 stm8s_flash
     000097AC  _FLASH_Unlock                      stm8s_flash
     000097C4  _FLASH_Lock                        stm8s_flash
     000097CD  _FLASH_DeInit                      stm8s_flash
     000097E5  _FLASH_ITConfig                    stm8s_flash
     000097F8  _FLASH_EraseByte                   stm8s_flash
     00009803  _FLASH_ProgramByte                 stm8s_flash
     0000980F  _FLASH_ReadByte                    stm8s_flash
     0000981B  _FLASH_ProgramWord                 stm8s_flash
     00009867  _FLASH_ProgramOptionByte           stm8s_flash
     0000989C  _FLASH_EraseOptionByte             stm8s_flash
     000098CC  _FLASH_ReadOptionByte              stm8s_flash
     00009908  _FLASH_SetLowPowerMode             stm8s_flash
ASxxxx Linker V03.00 + NoICE + sdld,  page 12.
Hexadecimal  [32-Bits]

Area                                    Addr        Size        Decimal Bytes (Attributes)
--------------------------------        ----        ----        ------- ----- ------------
CODE                                000086F8    000029CF =       10703. bytes (REL,CON)

      Value  Global                              Global Defined In Module
      -----  --------------------------------   ------------------------
     00009919  _FLASH_SetProgrammingTime          stm8s_flash
     0000992A  _FLASH_GetLowPowerMode             stm8s_flash
     00009930  _FLASH_GetProgrammingTime          stm8s_flash
     00009936  _FLASH_GetBootSize                 stm8s_flash
     0000995D  _FLASH_GetFlagStatus               stm8s_flash
     00009969  _FLASH_WaitForLastOperation        stm8s_flash
     00009999  _FLASH_EraseBlock                  stm8s_flash
     000099D1  _FLASH_ProgramBlock                stm8s_flash
     00009A49  _EXTI_DeInit                       stm8s_exti
     00009A52  _EXTI_SetExtIntSensitivity         stm8s_exti
     00009AE4  _EXTI_SetTLISensitivity            stm8s_exti
     00009AF5  _EXTI_GetExtIntSensitivity         stm8s_exti
     00009B3A  _EXTI_GetTLISensitivity            stm8s_exti
     00009B40  _ADC1_DeInit                       stm8s_adc1
     00009B71  _ADC1_Init                         stm8s_adc1
     00009BA1  _ADC1_Cmd                          stm8s_adc1
     00009BB4  _ADC1_ScanModeCmd                  stm8s_adc1
     00009BC7  _ADC1_DataBufferCmd                stm8s_adc1
     00009BDA  _ADC1_ITConfig                     stm8s_adc1
     00009BF8  _ADC1_PrescalerConfig              stm8s_adc1
     00009C09  _ADC1_SchmittTriggerConfig         stm8s_adc1
     00009C87  _ADC1_ConversionConfig             stm8s_adc1
     00009CBA  _ADC1_ExternalTriggerConfig        stm8s_adc1
     00009CDE  _ADC1_StartConversion              stm8s_adc1
     00009CE3  _ADC1_GetConversionValue           stm8s_adc1
     00009D23  _ADC1_AWDChannelConfig             stm8s_adc1
     00009D7B  _ADC1_SetHighThreshold             stm8s_adc1
     00009D89  _ADC1_SetLowThreshold              stm8s_adc1
     00009D97  _ADC1_GetBufferValue               stm8s_adc1
     00009DE4  _ADC1_GetAWDChannelStatus          stm8s_adc1
     00009E1E  _ADC1_GetFlagStatus                stm8s_adc1
     00009E83  _ADC1_ClearFlag                    stm8s_adc1
     00009EF3  _ADC1_GetITStatus                  stm8s_adc1
     00009F46  _ADC1_ClearITPendingBit            stm8s_adc1
     00009FA4  _UART2_DeInit                      stm8s_uart2
     00009FCB  _UART2_Init                        stm8s_uart2
     0000A130  _UART2_Cmd                         stm8s_uart2
     0000A143  _UART2_ITConfig                    stm8s_uart2
     0000A1EA  _UART2_IrDAConfig                  stm8s_uart2
     0000A1FD  _UART2_IrDACmd                     stm8s_uart2
     0000A210  _UART2_LINBreakDetectionConfig     stm8s_uart2
     0000A223  _UART2_LINConfig                   stm8s_uart2
     0000A25C  _UART2_LINCmd                      stm8s_uart2
     0000A26F  _UART2_SmartCardCmd                stm8s_uart2
     0000A282  _UART2_SmartCardNACKCmd            stm8s_uart2
     0000A295  _UART2_WakeUpConfig                stm8s_uart2
     0000A2A2  _UART2_ReceiverWakeUpCmd           stm8s_uart2
     0000A2B5  _UART2_ReceiveData8                stm8s_uart2
     0000A2B9  _UART2_ReceiveData9                stm8s_uart2
     0000A2D7  _UART2_SendData8                   stm8s_uart2
     0000A2DE  _UART2_SendData9                   stm8s_uart2
ASxxxx Linker V03.00 + NoICE + sdld,  page 13.
Hexadecimal  [32-Bits]

Area                                    Addr        Size        Decimal Bytes (Attributes)
--------------------------------        ----        ----        ------- ----- ------------
CODE                                000086F8    000029CF =       10703. bytes (REL,CON)

      Value  Global                              Global Defined In Module
      -----  --------------------------------   ------------------------
     0000A2FB  _UART2_SendBreak                   stm8s_uart2
     0000A300  _UART2_SetAddress                  stm8s_uart2
     0000A311  _UART2_SetGuardTime                stm8s_uart2
     0000A318  _UART2_SetPrescaler                stm8s_uart2
     0000A31F  _UART2_GetFlagStatus               stm8s_uart2
     0000A378  _UART2_ClearFlag                   stm8s_uart2
     0000A3A6  _UART2_GetITStatus                 stm8s_uart2
     0000A442  _UART2_ClearITPendingBit           stm8s_uart2
     0000A45F  _CLK_DeInit                        stm8s_clk
     0000A496  _CLK_FastHaltWakeUpCmd             stm8s_clk
     0000A4A9  _CLK_HSECmd                        stm8s_clk
     0000A4BC  _CLK_HSICmd                        stm8s_clk
     0000A4CF  _CLK_LSICmd                        stm8s_clk
     0000A4E2  _CLK_CCOCmd                        stm8s_clk
     0000A4F5  _CLK_ClockSwitchCmd                stm8s_clk
     0000A508  _CLK_SlowActiveHaltWakeUpCmd       stm8s_clk
     0000A51B  _CLK_PeripheralClockConfig         stm8s_clk
     0000A565  _CLK_ClockSwitchConfig             stm8s_clk
     0000A613  _CLK_HSIPrescalerConfig            stm8s_clk
     0000A624  _CLK_CCOConfig                     stm8s_clk
     0000A639  _CLK_ITConfig                      stm8s_clk
     0000A679  _CLK_SYSCLKConfig                  stm8s_clk
     0000A6AD  _CLK_SWIMConfig                    stm8s_clk
     0000A6C0  _CLK_ClockSecuritySystemEnable     stm8s_clk
     0000A6C5  _CLK_GetSYSCLKSource               stm8s_clk
     0000A6C9  _CLK_GetClockFreq                  stm8s_clk
     0000A71B  _CLK_AdjustHSICalibrationValue     stm8s_clk
     0000A726  _CLK_SYSCLKEmergencyClear          stm8s_clk
     0000A72B  _CLK_GetFlagStatus                 stm8s_clk
     0000A76D  _CLK_GetITStatus                   stm8s_clk
     0000A78D  _CLK_ClearITPendingBit             stm8s_clk
     0000A79D  __modulong                         
     0000A820  _vsprintf                          sprintf
     0000A83B  _sprintf                           sprintf
     0000A85B  __divulong                         
     0000A8B5  _puts                              puts
     0000A8E4  _vprintf                           vprintf
     0000A8F6  _printf                            vprintf
     0000A90C  __mullong                          
     0000A988  __modsint                          
     0000A99E  __divsint                          
     0000AA58  __print_format                     printf_large
     0000B0B8  _strlen                            _strlen
ASxxxx Linker V03.00 + NoICE + sdld,  page 14.

Files Linked                              [ module(s) ]

main.rel                                  [ main ]
driver/dht12.rel                          [ dht12 ]
driver/driver_common.rel                  [ driver_common ]
driver/relay.rel                          [ relay ]
driver/uart.rel                           [ uart ]
driver/ds1302.rel                         [ ds1302 ]
driver/stm8s_it.rel                       [ stm8s_it ]
driver/eeprom.rel                         [ eeprom ]
driver/key.rel                            [ key ]
driver/beep.rel                           [ beep ]
driver/oled.rel                           [ oled ]
driver/adc.rel                            [ adc ]
STM8S_StdPeriph_Lib/Libraries/STM8S_StdPeriph_Driver/src/stm8s_gpio.rel
                                          [ stm8s_gpio ]
STM8S_StdPeriph_Lib/Libraries/STM8S_StdPeriph_Driver/src/stm8s_flash.rel
                                          [ stm8s_flash ]
STM8S_StdPeriph_Lib/Libraries/STM8S_StdPeriph_Driver/src/stm8s_exti.rel
                                          [ stm8s_exti ]
STM8S_StdPeriph_Lib/Libraries/STM8S_StdPeriph_Driver/src/stm8s_adc1.rel
                                          [ stm8s_adc1 ]
STM8S_StdPeriph_Lib/Libraries/STM8S_StdPeriph_Driver/src/stm8s_uart2.rel
                                          [ stm8s_uart2 ]
STM8S_StdPeriph_Lib/Libraries/STM8S_StdPeriph_Driver/src/stm8s_clk.rel
                                          [ stm8s_clk ]


Libraries Linked                          [ object file ]

/usr/local/bin/../share/sdcc/lib/stm8/stm8.lib
                                          [ _modulong.rel ]
/usr/local/bin/../share/sdcc/lib/stm8/stm8.lib
                                          [ sprintf.rel ]
/usr/local/bin/../share/sdcc/lib/stm8/stm8.lib
                                          [ _divulong.rel ]
/usr/local/bin/../share/sdcc/lib/stm8/stm8.lib
                                          [ puts.rel ]
/usr/local/bin/../share/sdcc/lib/stm8/stm8.lib
                                          [ vprintf.rel ]
/usr/local/bin/../share/sdcc/lib/stm8/stm8.lib
                                          [ _mullong.rel ]
/usr/local/bin/../share/sdcc/lib/stm8/stm8.lib
                                          [ _modsint.rel ]
/usr/local/bin/../share/sdcc/lib/stm8/stm8.lib
                                          [ _divsint.rel ]
/usr/local/bin/../share/sdcc/lib/stm8/stm8.lib
                                          [ printf_large.rel ]
/usr/local/bin/../share/sdcc/lib/stm8/stm8.lib
                                          [ _strlen.rel ]

ASxxxx Linker V03.00 + NoICE + sdld,  page 15.

User Base Address Definitions

HOME = 0x8000
DATA = 0x0001
SSEG = 0xffffffff

