ASxxxx Linker V03.00 + NoICE + sdld,  page 1.
Hexadecimal  [32-Bits]

Area                                    Addr        Size        Decimal Bytes (Attributes)
--------------------------------        ----        ----        ------- ----- ------------
.  .ABS.                            00000000    00000000 =           0. bytes (ABS,CON)

      Value  Global                              Global Defined In Module
      -----  --------------------------------   ------------------------
     FFFFFFFF  s_SSEG                          
     00000000  .__.ABS.                           _strlen
     00000000  l_CABS                          
     00000000  l_DABS                          
     00000000  l_INITIALIZED                   
     00000000  l_INITIALIZER                   
     00000000  l__CODE                         
     00000000  s_CABS                          
     00000000  s_DABS                          
     00000000  s__CODE                         
     00000001  l_DATA                          
     00000001  l_SSEG                          
     00000001  s_DATA                          
     00000002  s_INITIALIZED                   
     00000003  l_GSFINAL                       
     00000007  l_HOME                          
     0000001E  l_GSINIT                        
     00000650  l_CONST                         
     000023E2  l_CODE                          
     00008000  s_HOME                          
     00008007  s_GSINIT                        
     00008025  s_GSFINAL                       
     00008028  s_CONST                         
     00008678  s_CODE                          
     00008678  s_INITIALIZER                   

ASxxxx Linker V03.00 + NoICE + sdld,  page 2.
Hexadecimal  [32-Bits]

Area                                    Addr        Size        Decimal Bytes (Attributes)
--------------------------------        ----        ----        ------- ----- ------------
DATA                                00000001    00000001 =           1. bytes (REL,CON)

      Value  Global                              Global Defined In Module
      -----  --------------------------------   ------------------------
ASxxxx Linker V03.00 + NoICE + sdld,  page 3.
Hexadecimal  [32-Bits]

Area                                    Addr        Size        Decimal Bytes (Attributes)
--------------------------------        ----        ----        ------- ----- ------------
HOME                                00008000    00000007 =           7. bytes (REL,CON)

      Value  Global                              Global Defined In Module
      -----  --------------------------------   ------------------------
ASxxxx Linker V03.00 + NoICE + sdld,  page 4.
Hexadecimal  [32-Bits]

Area                                    Addr        Size        Decimal Bytes (Attributes)
--------------------------------        ----        ----        ------- ----- ------------
GSINIT                              00008007    0000001E =          30. bytes (REL,CON)

      Value  Global                              Global Defined In Module
      -----  --------------------------------   ------------------------
ASxxxx Linker V03.00 + NoICE + sdld,  page 5.
Hexadecimal  [32-Bits]

Area                                    Addr        Size        Decimal Bytes (Attributes)
--------------------------------        ----        ----        ------- ----- ------------
GSFINAL                             00008025    00000003 =           3. bytes (REL,CON)

      Value  Global                              Global Defined In Module
      -----  --------------------------------   ------------------------
ASxxxx Linker V03.00 + NoICE + sdld,  page 6.
Hexadecimal  [32-Bits]

Area                                    Addr        Size        Decimal Bytes (Attributes)
--------------------------------        ----        ----        ------- ----- ------------
CONST                               00008028    00000650 =        1616. bytes (REL,CON)

      Value  Global                              Global Defined In Module
      -----  --------------------------------   ------------------------
     00008079  _F8X16                             oled
     00008669  _HSIDivFactor                      stm8s_clk

ASxxxx Linker V03.00 + NoICE + sdld,  page 7.
Hexadecimal  [32-Bits]

Area                                    Addr        Size        Decimal Bytes (Attributes)
--------------------------------        ----        ----        ------- ----- ------------
CODE                                00008678    000023E2 =        9186. bytes (REL,CON)

      Value  Global                              Global Defined In Module
      -----  --------------------------------   ------------------------
     00008678  _TRAP_IRQHandler                   stm8s_it
     00008679  _TLI_IRQHandler                    stm8s_it
     0000867A  _AWU_IRQHandler                    stm8s_it
     0000867B  _CLK_IRQHandler                    stm8s_it
     0000867C  _EXTI_PORTA_IRQHandler             stm8s_it
     0000867D  _EXTI_PORTB_IRQHandler             stm8s_it
     0000867E  _EXTI_PORTC_IRQHandler             stm8s_it
     0000867F  _EXTI_PORTD_IRQHandler             stm8s_it
     00008680  _EXTI_PORTE_IRQHandler             stm8s_it
     00008681  _SPI_IRQHandler                    stm8s_it
     00008682  _TIM1_UPD_OVF_TRG_BRK_IRQHandler   stm8s_it
     00008683  _TIM1_CAP_COM_IRQHandler           stm8s_it
     00008684  _TIM2_UPD_OVF_BRK_IRQHandler       stm8s_it
     00008685  _TIM2_CAP_COM_IRQHandler           stm8s_it
     00008686  _TIM3_UPD_OVF_BRK_IRQHandler       stm8s_it
     00008687  _TIM3_CAP_COM_IRQHandler           stm8s_it
     00008688  _I2C_IRQHandler                    stm8s_it
     00008689  _UART2_TX_IRQHandler               stm8s_it
     0000868A  _UART2_RX_IRQHandler               stm8s_it
     0000868B  _ADC1_IRQHandler                   stm8s_it
     0000868C  _TIM4_UPD_OVF_IRQHandler           stm8s_it
     0000868D  _EEPROM_EEC_IRQHandler             stm8s_it
     0000868E  _Delay                             main
     00008698  _main                              main
     0000888A  _i2c_init                          dht12
     000088A5  _i2c_deinit                        dht12
     000088C0  _I2CDataInOut                      dht12
     000088E0  _I2C_Start                         dht12
     00008913  _I2C_Stop                          dht12
     00008946  _I2C_Rack                          dht12
     00008979  _I2C_nAck                          dht12
     000089AC  _SendByte                          dht12
     00008A51  _RcvByte                           dht12
     00008AB5  _I2C_Read                          dht12
     00008B35  _i2c_read                          dht12
     00008B50  _ReadDHT12                         dht12
     00008BAB  _Init_UART2                        uart
     00008BF1  _UART2_Send_Char                   uart
     00008C05  _UART2_Send_STR                    uart
     00008C16  _putchar                           uart
     00008C2B  _delay_us                          ds1302
     00008C4B  _ds1302_port_deinit                ds1302
     00008C73  _ds1302_port_init                  ds1302
     00008CB1  _read_IO                           ds1302
     00008CBF  _write_IO                          ds1302
     00008CCD  _ds1302_write_byte                 ds1302
     00008D18  _ds1302_read_byte                  ds1302
     00008D63  _ds1302_write                      ds1302
     00008DA1  _ds1302_read                       ds1302
     00008DE2  _ds1302_check                      ds1302
ASxxxx Linker V03.00 + NoICE + sdld,  page 8.
Hexadecimal  [32-Bits]

Area                                    Addr        Size        Decimal Bytes (Attributes)
--------------------------------        ----        ----        ------- ----- ------------
CODE                                00008678    000023E2 =        9186. bytes (REL,CON)

      Value  Global                              Global Defined In Module
      -----  --------------------------------   ------------------------
     00008DFA  _ds1302_read_time                  ds1302
     00008E64  _ds1302_write_time                 ds1302
     00008EEA  _ds1302_write_ram                  ds1302
     00008F14  _ds1302_read_ram                   ds1302
     00008F27  _ds1302_active                     ds1302
     00008F61  _delay_ms                          oled
     00008F7F  _OLED_WR_Byte                      oled
     00008FFC  _OLED_Set_Pos                      oled
     00009039  _OLED_Display_On                   oled
     00009055  _OLED_Display_Off                  oled
     00009071  _OLED_Clear                        oled
     000090AD  _OLED_ShowChar                     oled
     00009124  _oled_pow                          oled
     00009159  _OLED_ShowNum                      oled
     000091F6  _OLED_ShowString                   oled
     00009229  _OLED_Init                         oled
     000093AF  _ReadADC                           adc
     00009401  _GPIO_DeInit                       stm8s_gpio
     00009410  _GPIO_Init                         stm8s_gpio
     00009485  _GPIO_Write                        stm8s_gpio
     0000948B  _GPIO_WriteHigh                    stm8s_gpio
     00009492  _GPIO_WriteLow                     stm8s_gpio
     000094A0  _GPIO_WriteReverse                 stm8s_gpio
     000094A7  _GPIO_ReadOutputData               stm8s_gpio
     000094AB  _GPIO_ReadInputData                stm8s_gpio
     000094B0  _GPIO_ReadInputPin                 stm8s_gpio
     000094B7  _GPIO_ExternalPullUpConfig         stm8s_gpio
     000094D3  _ADC1_DeInit                       stm8s_adc1
     00009504  _ADC1_Init                         stm8s_adc1
     00009534  _ADC1_Cmd                          stm8s_adc1
     00009547  _ADC1_ScanModeCmd                  stm8s_adc1
     0000955A  _ADC1_DataBufferCmd                stm8s_adc1
     0000956D  _ADC1_ITConfig                     stm8s_adc1
     0000958B  _ADC1_PrescalerConfig              stm8s_adc1
     0000959C  _ADC1_SchmittTriggerConfig         stm8s_adc1
     0000961A  _ADC1_ConversionConfig             stm8s_adc1
     0000964D  _ADC1_ExternalTriggerConfig        stm8s_adc1
     00009671  _ADC1_StartConversion              stm8s_adc1
     00009676  _ADC1_GetConversionValue           stm8s_adc1
     000096B6  _ADC1_AWDChannelConfig             stm8s_adc1
     0000970E  _ADC1_SetHighThreshold             stm8s_adc1
     0000971C  _ADC1_SetLowThreshold              stm8s_adc1
     0000972A  _ADC1_GetBufferValue               stm8s_adc1
     00009777  _ADC1_GetAWDChannelStatus          stm8s_adc1
     000097B1  _ADC1_GetFlagStatus                stm8s_adc1
     00009816  _ADC1_ClearFlag                    stm8s_adc1
     00009886  _ADC1_GetITStatus                  stm8s_adc1
     000098D9  _ADC1_ClearITPendingBit            stm8s_adc1
     00009937  _UART2_DeInit                      stm8s_uart2
     0000995E  _UART2_Init                        stm8s_uart2
     00009AC3  _UART2_Cmd                         stm8s_uart2
ASxxxx Linker V03.00 + NoICE + sdld,  page 9.
Hexadecimal  [32-Bits]

Area                                    Addr        Size        Decimal Bytes (Attributes)
--------------------------------        ----        ----        ------- ----- ------------
CODE                                00008678    000023E2 =        9186. bytes (REL,CON)

      Value  Global                              Global Defined In Module
      -----  --------------------------------   ------------------------
     00009AD6  _UART2_ITConfig                    stm8s_uart2
     00009B7D  _UART2_IrDAConfig                  stm8s_uart2
     00009B90  _UART2_IrDACmd                     stm8s_uart2
     00009BA3  _UART2_LINBreakDetectionConfig     stm8s_uart2
     00009BB6  _UART2_LINConfig                   stm8s_uart2
     00009BEF  _UART2_LINCmd                      stm8s_uart2
     00009C02  _UART2_SmartCardCmd                stm8s_uart2
     00009C15  _UART2_SmartCardNACKCmd            stm8s_uart2
     00009C28  _UART2_WakeUpConfig                stm8s_uart2
     00009C35  _UART2_ReceiverWakeUpCmd           stm8s_uart2
     00009C48  _UART2_ReceiveData8                stm8s_uart2
     00009C4C  _UART2_ReceiveData9                stm8s_uart2
     00009C6A  _UART2_SendData8                   stm8s_uart2
     00009C71  _UART2_SendData9                   stm8s_uart2
     00009C8E  _UART2_SendBreak                   stm8s_uart2
     00009C93  _UART2_SetAddress                  stm8s_uart2
     00009CA4  _UART2_SetGuardTime                stm8s_uart2
     00009CAB  _UART2_SetPrescaler                stm8s_uart2
     00009CB2  _UART2_GetFlagStatus               stm8s_uart2
     00009D0B  _UART2_ClearFlag                   stm8s_uart2
     00009D39  _UART2_GetITStatus                 stm8s_uart2
     00009DD5  _UART2_ClearITPendingBit           stm8s_uart2
     00009DF2  _CLK_DeInit                        stm8s_clk
     00009E29  _CLK_FastHaltWakeUpCmd             stm8s_clk
     00009E3C  _CLK_HSECmd                        stm8s_clk
     00009E4F  _CLK_HSICmd                        stm8s_clk
     00009E62  _CLK_LSICmd                        stm8s_clk
     00009E75  _CLK_CCOCmd                        stm8s_clk
     00009E88  _CLK_ClockSwitchCmd                stm8s_clk
     00009E9B  _CLK_SlowActiveHaltWakeUpCmd       stm8s_clk
     00009EAE  _CLK_PeripheralClockConfig         stm8s_clk
     00009EF8  _CLK_ClockSwitchConfig             stm8s_clk
     00009FA6  _CLK_HSIPrescalerConfig            stm8s_clk
     00009FB7  _CLK_CCOConfig                     stm8s_clk
     00009FCC  _CLK_ITConfig                      stm8s_clk
     0000A00C  _CLK_SYSCLKConfig                  stm8s_clk
     0000A040  _CLK_SWIMConfig                    stm8s_clk
     0000A053  _CLK_ClockSecuritySystemEnable     stm8s_clk
     0000A058  _CLK_GetSYSCLKSource               stm8s_clk
     0000A05C  _CLK_GetClockFreq                  stm8s_clk
     0000A0AE  _CLK_AdjustHSICalibrationValue     stm8s_clk
     0000A0B9  _CLK_SYSCLKEmergencyClear          stm8s_clk
     0000A0BE  _CLK_GetFlagStatus                 stm8s_clk
     0000A100  _CLK_GetITStatus                   stm8s_clk
     0000A120  _CLK_ClearITPendingBit             stm8s_clk
     0000A130  __modulong                         
     0000A1B3  _vsprintf                          sprintf
     0000A1CE  _sprintf                           sprintf
     0000A1EE  __divulong                         
     0000A248  _puts                              puts
     0000A277  _vprintf                           vprintf
ASxxxx Linker V03.00 + NoICE + sdld,  page 10.
Hexadecimal  [32-Bits]

Area                                    Addr        Size        Decimal Bytes (Attributes)
--------------------------------        ----        ----        ------- ----- ------------
CODE                                00008678    000023E2 =        9186. bytes (REL,CON)

      Value  Global                              Global Defined In Module
      -----  --------------------------------   ------------------------
     0000A289  _printf                            vprintf
     0000A29F  __mullong                          
     0000A31B  __modsint                          
     0000A331  __divsint                          
     0000A3EB  __print_format                     printf_large
     0000AA4B  _strlen                            _strlen

ASxxxx Linker V03.00 + NoICE + sdld,  page 11.
Hexadecimal  [32-Bits]

Area                                    Addr        Size        Decimal Bytes (Attributes)
--------------------------------        ----        ----        ------- ----- ------------
SSEG                                FFFFFFFF    00000001 =           1. bytes (REL,CON)

      Value  Global                              Global Defined In Module
      -----  --------------------------------   ------------------------
ASxxxx Linker V03.00 + NoICE + sdld,  page 12.

Files Linked                              [ module(s) ]

stm8s_it.rel                              [ stm8s_it ]
main.rel                                  [ main ]
driver/dht12.rel                          [ dht12 ]
driver/uart.rel                           [ uart ]
driver/ds1302.rel                         [ ds1302 ]
driver/oled.rel                           [ oled ]
driver/adc.rel                            [ adc ]
STM8S_StdPeriph_Lib/Libraries/STM8S_StdPeriph_Driver/src/stm8s_gpio.rel
                                          [ stm8s_gpio ]
STM8S_StdPeriph_Lib/Libraries/STM8S_StdPeriph_Driver/src/stm8s_adc1.rel
                                          [ stm8s_adc1 ]
STM8S_StdPeriph_Lib/Libraries/STM8S_StdPeriph_Driver/src/stm8s_uart2.rel
                                          [ stm8s_uart2 ]
STM8S_StdPeriph_Lib/Libraries/STM8S_StdPeriph_Driver/src/stm8s_clk.rel
                                          [ stm8s_clk ]


Libraries Linked                          [ object file ]

/usr/local/bin/../share/sdcc/lib/stm8/stm8.lib
                                          [ _modulong.rel ]
/usr/local/bin/../share/sdcc/lib/stm8/stm8.lib
                                          [ sprintf.rel ]
/usr/local/bin/../share/sdcc/lib/stm8/stm8.lib
                                          [ _divulong.rel ]
/usr/local/bin/../share/sdcc/lib/stm8/stm8.lib
                                          [ puts.rel ]
/usr/local/bin/../share/sdcc/lib/stm8/stm8.lib
                                          [ vprintf.rel ]
/usr/local/bin/../share/sdcc/lib/stm8/stm8.lib
                                          [ _mullong.rel ]
/usr/local/bin/../share/sdcc/lib/stm8/stm8.lib
                                          [ _modsint.rel ]
/usr/local/bin/../share/sdcc/lib/stm8/stm8.lib
                                          [ _divsint.rel ]
/usr/local/bin/../share/sdcc/lib/stm8/stm8.lib
                                          [ printf_large.rel ]
/usr/local/bin/../share/sdcc/lib/stm8/stm8.lib
                                          [ _strlen.rel ]

ASxxxx Linker V03.00 + NoICE + sdld,  page 13.

User Base Address Definitions

HOME = 0x8000
DATA = 0x0001
SSEG = 0xffffffff

