ASxxxx Linker V03.00 + NoICE + sdld,  page 1.
Hexadecimal  [32-Bits]

Area                                    Addr        Size        Decimal Bytes (Attributes)
--------------------------------        ----        ----        ------- ----- ------------
.  .ABS.                            00000000    00000000 =           0. bytes (ABS,CON)

      Value  Global                              Global Defined In Module
      -----  --------------------------------   ------------------------
     FFFFFFFF  s_SSEG                          
     00000000  .__.ABS.                           _strlen
     00000000  l_CABS                          
     00000000  l_DABS                          
     00000000  l__CODE                         
     00000000  s_CABS                          
     00000000  s_DABS                          
     00000000  s__CODE                         
     00000001  l_SSEG                          
     00000001  s_DATA                          
     00000003  l_GSFINAL                       
     00000007  l_INITIALIZED                   
     00000007  l_INITIALIZER                   
     0000001A  l_GSINIT                        
     0000006F  l_HOME                          
     00000090  l_DATA                          
     00000091  s_INITIALIZED                   
     00000665  l_CONST                         
     000039D0  l_CODE                          
     00008000  s_HOME                          
     0000806F  s_GSINIT                        
     00008089  s_GSFINAL                       
     0000808C  s_CONST                         
     000086F1  s_INITIALIZER                   
     000086F8  s_CODE                          

ASxxxx Linker V03.00 + NoICE + sdld,  page 2.
Hexadecimal  [32-Bits]

Area                                    Addr        Size        Decimal Bytes (Attributes)
--------------------------------        ----        ----        ------- ----- ------------
DATA                                00000001    00000090 =         144. bytes (REL,CON)

      Value  Global                              Global Defined In Module
      -----  --------------------------------   ------------------------
     00000001  _ds_time                           driver_common
     00000008  _dh_data                           driver_common
     0000000E  _adc_data                          driver_common
     00000011  _modbus_buff                       modbus
     0000008C  _asm_addr                          stm8s_flash
     00000090  _asm_val                           stm8s_flash
ASxxxx Linker V03.00 + NoICE + sdld,  page 3.
Hexadecimal  [32-Bits]

Area                                    Addr        Size        Decimal Bytes (Attributes)
--------------------------------        ----        ----        ------- ----- ------------
INITIALIZED                         00000091    00000007 =           7. bytes (REL,CON)

      Value  Global                              Global Defined In Module
      -----  --------------------------------   ------------------------
     00000091  _last_uart_receive_time            stm8s_it
     00000092  _modbus_status                     modbus
     00000093  _keycount                          key
ASxxxx Linker V03.00 + NoICE + sdld,  page 4.
Hexadecimal  [32-Bits]

Area                                    Addr        Size        Decimal Bytes (Attributes)
--------------------------------        ----        ----        ------- ----- ------------
SSEG                                FFFFFFFF    00000001 =           1. bytes (REL,CON)

      Value  Global                              Global Defined In Module
      -----  --------------------------------   ------------------------
ASxxxx Linker V03.00 + NoICE + sdld,  page 5.
Hexadecimal  [32-Bits]

Area                                    Addr        Size        Decimal Bytes (Attributes)
--------------------------------        ----        ----        ------- ----- ------------
HOME                                00008000    0000006F =         111. bytes (REL,CON)

      Value  Global                              Global Defined In Module
      -----  --------------------------------   ------------------------
ASxxxx Linker V03.00 + NoICE + sdld,  page 6.
Hexadecimal  [32-Bits]

Area                                    Addr        Size        Decimal Bytes (Attributes)
--------------------------------        ----        ----        ------- ----- ------------
GSINIT                              0000806F    0000001A =          26. bytes (REL,CON)

      Value  Global                              Global Defined In Module
      -----  --------------------------------   ------------------------
ASxxxx Linker V03.00 + NoICE + sdld,  page 7.
Hexadecimal  [32-Bits]

Area                                    Addr        Size        Decimal Bytes (Attributes)
--------------------------------        ----        ----        ------- ----- ------------
GSFINAL                             00008089    00000003 =           3. bytes (REL,CON)

      Value  Global                              Global Defined In Module
      -----  --------------------------------   ------------------------
ASxxxx Linker V03.00 + NoICE + sdld,  page 8.
Hexadecimal  [32-Bits]

Area                                    Addr        Size        Decimal Bytes (Attributes)
--------------------------------        ----        ----        ------- ----- ------------
CONST                               0000808C    00000665 =        1637. bytes (REL,CON)

      Value  Global                              Global Defined In Module
      -----  --------------------------------   ------------------------
     000080F2  _F8X16                             oled
     000086E2  _HSIDivFactor                      stm8s_clk

ASxxxx Linker V03.00 + NoICE + sdld,  page 9.
Hexadecimal  [32-Bits]

Area                                    Addr        Size        Decimal Bytes (Attributes)
--------------------------------        ----        ----        ------- ----- ------------
INITIALIZER                         000086F1    00000007 =           7. bytes (REL,CON)

      Value  Global                              Global Defined In Module
      -----  --------------------------------   ------------------------
ASxxxx Linker V03.00 + NoICE + sdld,  page 10.
Hexadecimal  [32-Bits]

Area                                    Addr        Size        Decimal Bytes (Attributes)
--------------------------------        ----        ----        ------- ----- ------------
CODE                                000086F8    000039D0 =       14800. bytes (REL,CON)

      Value  Global                              Global Defined In Module
      -----  --------------------------------   ------------------------
     000086F8  _Delay                             main
     0000871F  _main                              main
     0000872E  _i2c_init                          dht12
     00008749  _i2c_deinit                        dht12
     00008764  _I2CDataInOut                      dht12
     00008784  _I2C_Start                         dht12
     000087B7  _I2C_Stop                          dht12
     000087EA  _I2C_Rack                          dht12
     0000881D  _I2C_nAck                          dht12
     00008850  _SendByte                          dht12
     000088F5  _RcvByte                           dht12
     00008959  _I2C_Read                          dht12
     000089DB  _i2c_read                          dht12
     000089F6  _ReadDHT12                         dht12
     00008A51  _driver_init                       driver_common
     00008A65  _driver_loop                       driver_common
     00008ABF  _relay_read                        relay
     00008ACB  _relay_on                          relay
     00008AE4  _relay_off                         relay
     00008AFD  _Init_UART2                        uart
     00008B4A  _UART2_Send_Char                   uart
     00008B5E  _UART2_Send_STR                    uart
     00008B6F  _putchar                           uart
     00008B71  _ds1302_port_deinit                ds1302
     00008B99  _ds1302_port_init                  ds1302
     00008BD7  _read_IO                           ds1302
     00008BE5  _write_IO                          ds1302
     00008BF3  _ds1302_write_byte                 ds1302
     00008C35  _ds1302_read_byte                  ds1302
     00008C77  _ds1302_write                      ds1302
     00008CB5  _ds1302_read                       ds1302
     00008CF6  _ds1302_read_time                  ds1302
     00008D66  _ds1302_write_time                 ds1302
     00008DF4  _ds1302_active                     ds1302
     00008E2E  _TRAP_IRQHandler                   stm8s_it
     00008E2F  _TLI_IRQHandler                    stm8s_it
     00008E30  _AWU_IRQHandler                    stm8s_it
     00008E31  _CLK_IRQHandler                    stm8s_it
     00008E32  _EXTI_PORTA_IRQHandler             stm8s_it
     00008E33  _EXTI_PORTB_IRQHandler             stm8s_it
     00008E34  _EXTI_PORTC_IRQHandler             stm8s_it
     00008E35  _EXTI_PORTD_IRQHandler             stm8s_it
     00008E61  _EXTI_PORTE_IRQHandler             stm8s_it
     00008E62  _SPI_IRQHandler                    stm8s_it
     00008E63  _TIM1_UPD_OVF_TRG_BRK_IRQHandler   stm8s_it
     00008E64  _TIM1_CAP_COM_IRQHandler           stm8s_it
     00008E65  _TIM2_UPD_OVF_BRK_IRQHandler       stm8s_it
     00008E66  _TIM2_CAP_COM_IRQHandler           stm8s_it
     00008E67  _TIM3_UPD_OVF_BRK_IRQHandler       stm8s_it
     00008E68  _TIM3_CAP_COM_IRQHandler           stm8s_it
ASxxxx Linker V03.00 + NoICE + sdld,  page 11.
Hexadecimal  [32-Bits]

Area                                    Addr        Size        Decimal Bytes (Attributes)
--------------------------------        ----        ----        ------- ----- ------------
CODE                                000086F8    000039D0 =       14800. bytes (REL,CON)

      Value  Global                              Global Defined In Module
      -----  --------------------------------   ------------------------
     00008E69  _I2C_IRQHandler                    stm8s_it
     00008E6A  _UART2_TX_IRQHandler               stm8s_it
     00008E6B  _UART2_RX_IRQHandler               stm8s_it
     00008EF8  _ADC1_IRQHandler                   stm8s_it
     00008EF9  _TIM4_UPD_OVF_IRQHandler           stm8s_it
     00008EFA  _EEPROM_EEC_IRQHandler             stm8s_it
     00008EFB  _eeprom_read                       eeprom
     00008F14  _eeprom_write                      eeprom
     00008F57  _CRC16                             modbus
     00008FAC  _modbus_send                       modbus
     00008FD4  _modbus_virtual_write              modbus
     00009050  _modbus_virtual_read               modbus
     00009208  _modbus_process                    modbus
     000093DD  _key_init                          key
     00009437  _key_read                          key
     0000944F  _beep_init                         beep
     0000945D  _beep_read                         beep
     00009469  _beep_on                           beep
     00009482  _beep_off                          beep
     0000949B  _Is_In_Area                        app
     00009524  _app_init                          app
     00009555  _app_loop                          app
     0000A082  _delay_ms                          oled
     0000A0A0  _OLED_WR_Byte                      oled
     0000A11D  _OLED_Set_Pos                      oled
     0000A15A  _OLED_Display_On                   oled
     0000A176  _OLED_Display_Off                  oled
     0000A192  _OLED_Clear                        oled
     0000A1CE  _OLED_ShowChar                     oled
     0000A245  _oled_pow                          oled
     0000A27A  _OLED_ShowNum                      oled
     0000A317  _OLED_ShowString                   oled
     0000A34A  _OLED_Init                         oled
     0000A4D0  _ReadADC                           adc
     0000A52B  _ReadDin                           adc
     0000A544  _GPIO_DeInit                       stm8s_gpio
     0000A553  _GPIO_Init                         stm8s_gpio
     0000A5C8  _GPIO_Write                        stm8s_gpio
     0000A5CE  _GPIO_WriteHigh                    stm8s_gpio
     0000A5D5  _GPIO_WriteLow                     stm8s_gpio
     0000A5E3  _GPIO_WriteReverse                 stm8s_gpio
     0000A5EA  _GPIO_ReadOutputData               stm8s_gpio
     0000A5EE  _GPIO_ReadInputData                stm8s_gpio
     0000A5F3  _GPIO_ReadInputPin                 stm8s_gpio
     0000A5FA  _GPIO_ExternalPullUpConfig         stm8s_gpio
     0000A616  _ITC_GetCPUCC                      stm8s_itc
     0000A619  _ITC_DeInit                        stm8s_itc
     0000A63A  _ITC_GetSoftIntStatus              stm8s_itc
     0000A640  _ITC_GetSoftwarePriority           stm8s_itc
     0000A6EB  _ITC_SetSoftwarePriority           stm8s_itc
     0000A7D7  _write_byte_address                stm8s_flash
ASxxxx Linker V03.00 + NoICE + sdld,  page 12.
Hexadecimal  [32-Bits]

Area                                    Addr        Size        Decimal Bytes (Attributes)
--------------------------------        ----        ----        ------- ----- ------------
CODE                                000086F8    000039D0 =       14800. bytes (REL,CON)

      Value  Global                              Global Defined In Module
      -----  --------------------------------   ------------------------
     0000A7EE  _read_byte_address                 stm8s_flash
     0000A804  _FLASH_Unlock                      stm8s_flash
     0000A81C  _FLASH_Lock                        stm8s_flash
     0000A825  _FLASH_DeInit                      stm8s_flash
     0000A83D  _FLASH_ITConfig                    stm8s_flash
     0000A850  _FLASH_EraseByte                   stm8s_flash
     0000A85B  _FLASH_ProgramByte                 stm8s_flash
     0000A867  _FLASH_ReadByte                    stm8s_flash
     0000A873  _FLASH_ProgramWord                 stm8s_flash
     0000A8BF  _FLASH_ProgramOptionByte           stm8s_flash
     0000A8F4  _FLASH_EraseOptionByte             stm8s_flash
     0000A924  _FLASH_ReadOptionByte              stm8s_flash
     0000A960  _FLASH_SetLowPowerMode             stm8s_flash
     0000A971  _FLASH_SetProgrammingTime          stm8s_flash
     0000A982  _FLASH_GetLowPowerMode             stm8s_flash
     0000A988  _FLASH_GetProgrammingTime          stm8s_flash
     0000A98E  _FLASH_GetBootSize                 stm8s_flash
     0000A9B5  _FLASH_GetFlagStatus               stm8s_flash
     0000A9C1  _FLASH_WaitForLastOperation        stm8s_flash
     0000A9F1  _FLASH_EraseBlock                  stm8s_flash
     0000AA29  _FLASH_ProgramBlock                stm8s_flash
     0000AAA1  _EXTI_DeInit                       stm8s_exti
     0000AAAA  _EXTI_SetExtIntSensitivity         stm8s_exti
     0000AB3C  _EXTI_SetTLISensitivity            stm8s_exti
     0000AB4D  _EXTI_GetExtIntSensitivity         stm8s_exti
     0000AB92  _EXTI_GetTLISensitivity            stm8s_exti
     0000AB98  _ADC1_DeInit                       stm8s_adc1
     0000ABC9  _ADC1_Init                         stm8s_adc1
     0000ABF9  _ADC1_Cmd                          stm8s_adc1
     0000AC0C  _ADC1_ScanModeCmd                  stm8s_adc1
     0000AC1F  _ADC1_DataBufferCmd                stm8s_adc1
     0000AC32  _ADC1_ITConfig                     stm8s_adc1
     0000AC50  _ADC1_PrescalerConfig              stm8s_adc1
     0000AC61  _ADC1_SchmittTriggerConfig         stm8s_adc1
     0000ACDF  _ADC1_ConversionConfig             stm8s_adc1
     0000AD12  _ADC1_ExternalTriggerConfig        stm8s_adc1
     0000AD36  _ADC1_StartConversion              stm8s_adc1
     0000AD3B  _ADC1_GetConversionValue           stm8s_adc1
     0000AD7B  _ADC1_AWDChannelConfig             stm8s_adc1
     0000ADD3  _ADC1_SetHighThreshold             stm8s_adc1
     0000ADE1  _ADC1_SetLowThreshold              stm8s_adc1
     0000ADEF  _ADC1_GetBufferValue               stm8s_adc1
     0000AE3C  _ADC1_GetAWDChannelStatus          stm8s_adc1
     0000AE76  _ADC1_GetFlagStatus                stm8s_adc1
     0000AEDB  _ADC1_ClearFlag                    stm8s_adc1
     0000AF4B  _ADC1_GetITStatus                  stm8s_adc1
     0000AF9E  _ADC1_ClearITPendingBit            stm8s_adc1
     0000AFFC  _UART2_DeInit                      stm8s_uart2
     0000B023  _UART2_Init                        stm8s_uart2
     0000B188  _UART2_Cmd                         stm8s_uart2
     0000B19B  _UART2_ITConfig                    stm8s_uart2
ASxxxx Linker V03.00 + NoICE + sdld,  page 13.
Hexadecimal  [32-Bits]

Area                                    Addr        Size        Decimal Bytes (Attributes)
--------------------------------        ----        ----        ------- ----- ------------
CODE                                000086F8    000039D0 =       14800. bytes (REL,CON)

      Value  Global                              Global Defined In Module
      -----  --------------------------------   ------------------------
     0000B242  _UART2_IrDAConfig                  stm8s_uart2
     0000B255  _UART2_IrDACmd                     stm8s_uart2
     0000B268  _UART2_LINBreakDetectionConfig     stm8s_uart2
     0000B27B  _UART2_LINConfig                   stm8s_uart2
     0000B2B4  _UART2_LINCmd                      stm8s_uart2
     0000B2C7  _UART2_SmartCardCmd                stm8s_uart2
     0000B2DA  _UART2_SmartCardNACKCmd            stm8s_uart2
     0000B2ED  _UART2_WakeUpConfig                stm8s_uart2
     0000B2FA  _UART2_ReceiverWakeUpCmd           stm8s_uart2
     0000B30D  _UART2_ReceiveData8                stm8s_uart2
     0000B311  _UART2_ReceiveData9                stm8s_uart2
     0000B32F  _UART2_SendData8                   stm8s_uart2
     0000B336  _UART2_SendData9                   stm8s_uart2
     0000B353  _UART2_SendBreak                   stm8s_uart2
     0000B358  _UART2_SetAddress                  stm8s_uart2
     0000B369  _UART2_SetGuardTime                stm8s_uart2
     0000B370  _UART2_SetPrescaler                stm8s_uart2
     0000B377  _UART2_GetFlagStatus               stm8s_uart2
     0000B3D0  _UART2_ClearFlag                   stm8s_uart2
     0000B3FE  _UART2_GetITStatus                 stm8s_uart2
     0000B49A  _UART2_ClearITPendingBit           stm8s_uart2
     0000B4B7  _CLK_DeInit                        stm8s_clk
     0000B4EE  _CLK_FastHaltWakeUpCmd             stm8s_clk
     0000B501  _CLK_HSECmd                        stm8s_clk
     0000B514  _CLK_HSICmd                        stm8s_clk
     0000B527  _CLK_LSICmd                        stm8s_clk
     0000B53A  _CLK_CCOCmd                        stm8s_clk
     0000B54D  _CLK_ClockSwitchCmd                stm8s_clk
     0000B560  _CLK_SlowActiveHaltWakeUpCmd       stm8s_clk
     0000B573  _CLK_PeripheralClockConfig         stm8s_clk
     0000B5BD  _CLK_ClockSwitchConfig             stm8s_clk
     0000B66B  _CLK_HSIPrescalerConfig            stm8s_clk
     0000B67C  _CLK_CCOConfig                     stm8s_clk
     0000B691  _CLK_ITConfig                      stm8s_clk
     0000B6D1  _CLK_SYSCLKConfig                  stm8s_clk
     0000B705  _CLK_SWIMConfig                    stm8s_clk
     0000B718  _CLK_ClockSecuritySystemEnable     stm8s_clk
     0000B71D  _CLK_GetSYSCLKSource               stm8s_clk
     0000B721  _CLK_GetClockFreq                  stm8s_clk
     0000B773  _CLK_AdjustHSICalibrationValue     stm8s_clk
     0000B77E  _CLK_SYSCLKEmergencyClear          stm8s_clk
     0000B783  _CLK_GetFlagStatus                 stm8s_clk
     0000B7C5  _CLK_GetITStatus                   stm8s_clk
     0000B7E5  _CLK_ClearITPendingBit             stm8s_clk
     0000B7F5  __modulong                         
     0000B878  _vsprintf                          sprintf
     0000B893  _sprintf                           sprintf
     0000B8B3  __divulong                         
     0000B90D  __mullong                          
     0000B989  __modsint                          
     0000B99F  __divsint                          
ASxxxx Linker V03.00 + NoICE + sdld,  page 14.
Hexadecimal  [32-Bits]

Area                                    Addr        Size        Decimal Bytes (Attributes)
--------------------------------        ----        ----        ------- ----- ------------
CODE                                000086F8    000039D0 =       14800. bytes (REL,CON)

      Value  Global                              Global Defined In Module
      -----  --------------------------------   ------------------------
     0000BA59  __print_format                     printf_large
     0000C0B9  _strlen                            _strlen

ASxxxx Linker V03.00 + NoICE + sdld,  page 15.

Files Linked                              [ module(s) ]

main.rel                                  [ main ]
driver/dht12.rel                          [ dht12 ]
driver/driver_common.rel                  [ driver_common ]
driver/relay.rel                          [ relay ]
driver/uart.rel                           [ uart ]
driver/ds1302.rel                         [ ds1302 ]
driver/stm8s_it.rel                       [ stm8s_it ]
driver/eeprom.rel                         [ eeprom ]
driver/modbus.rel                         [ modbus ]
driver/key.rel                            [ key ]
driver/beep.rel                           [ beep ]
driver/app.rel                            [ app ]
driver/oled.rel                           [ oled ]
driver/adc.rel                            [ adc ]
STM8S_StdPeriph_Lib/Libraries/STM8S_StdPeriph_Driver/src/stm8s_gpio.rel
                                          [ stm8s_gpio ]
STM8S_StdPeriph_Lib/Libraries/STM8S_StdPeriph_Driver/src/stm8s_itc.rel
                                          [ stm8s_itc ]
STM8S_StdPeriph_Lib/Libraries/STM8S_StdPeriph_Driver/src/stm8s_flash.rel
                                          [ stm8s_flash ]
STM8S_StdPeriph_Lib/Libraries/STM8S_StdPeriph_Driver/src/stm8s_exti.rel
                                          [ stm8s_exti ]
STM8S_StdPeriph_Lib/Libraries/STM8S_StdPeriph_Driver/src/stm8s_adc1.rel
                                          [ stm8s_adc1 ]
STM8S_StdPeriph_Lib/Libraries/STM8S_StdPeriph_Driver/src/stm8s_uart2.rel
                                          [ stm8s_uart2 ]
STM8S_StdPeriph_Lib/Libraries/STM8S_StdPeriph_Driver/src/stm8s_clk.rel
                                          [ stm8s_clk ]


Libraries Linked                          [ object file ]

/usr/local/bin/../share/sdcc/lib/stm8/stm8.lib
                                          [ _modulong.rel ]
/usr/local/bin/../share/sdcc/lib/stm8/stm8.lib
                                          [ sprintf.rel ]
/usr/local/bin/../share/sdcc/lib/stm8/stm8.lib
                                          [ _divulong.rel ]
/usr/local/bin/../share/sdcc/lib/stm8/stm8.lib
                                          [ _mullong.rel ]
/usr/local/bin/../share/sdcc/lib/stm8/stm8.lib
                                          [ _modsint.rel ]
/usr/local/bin/../share/sdcc/lib/stm8/stm8.lib
                                          [ _divsint.rel ]
/usr/local/bin/../share/sdcc/lib/stm8/stm8.lib
                                          [ printf_large.rel ]
/usr/local/bin/../share/sdcc/lib/stm8/stm8.lib
                                          [ _strlen.rel ]

ASxxxx Linker V03.00 + NoICE + sdld,  page 16.

User Base Address Definitions

HOME = 0x8000
DATA = 0x0001
SSEG = 0xffffffff

