ASxxxx Linker V03.00 + NoICE + sdld,  page 1.
Hexadecimal  [32-Bits]

Area                                    Addr        Size        Decimal Bytes (Attributes)
--------------------------------        ----        ----        ------- ----- ------------
.  .ABS.                            00000000    00000000 =           0. bytes (ABS,CON)

      Value  Global                              Global Defined In Module
      -----  --------------------------------   ------------------------
     FFFFFFFF  s_SSEG                          
     00000000  .__.ABS.                           _strlen
     00000000  l_CABS                          
     00000000  l_DABS                          
     00000000  l__CODE                         
     00000000  s_CABS                          
     00000000  s_DABS                          
     00000000  s__CODE                         
     00000001  l_SSEG                          
     00000001  s_DATA                          
     00000003  l_GSFINAL                       
     0000000E  l_INITIALIZED                   
     0000000E  l_INITIALIZER                   
     0000001A  l_GSINIT                        
     0000006F  l_HOME                          
     00000096  l_DATA                          
     00000097  s_INITIALIZED                   
     00000678  l_CONST                         
     00003E16  l_CODE                          
     00008000  s_HOME                          
     0000806F  s_GSINIT                        
     00008089  s_GSFINAL                       
     0000808C  s_CONST                         
     00008704  s_INITIALIZER                   
     00008712  s_CODE                          

ASxxxx Linker V03.00 + NoICE + sdld,  page 2.
Hexadecimal  [32-Bits]

Area                                    Addr        Size        Decimal Bytes (Attributes)
--------------------------------        ----        ----        ------- ----- ------------
DATA                                00000001    00000096 =         150. bytes (REL,CON)

      Value  Global                              Global Defined In Module
      -----  --------------------------------   ------------------------
     00000078  _modbus_buff                       modbus
     00000082  _ds_time                           driver_common
     00000089  _dh_data                           driver_common
     0000008E  _adc_data                          driver_common
     00000092  _asm_addr                          stm8s_flash
     00000096  _asm_val                           stm8s_flash
ASxxxx Linker V03.00 + NoICE + sdld,  page 3.
Hexadecimal  [32-Bits]

Area                                    Addr        Size        Decimal Bytes (Attributes)
--------------------------------        ----        ----        ------- ----- ------------
INITIALIZED                         00000097    0000000E =          14. bytes (REL,CON)

      Value  Global                              Global Defined In Module
      -----  --------------------------------   ------------------------
     00000097  _modbus_timer                      time2
     00000099  _dht12_timer                       time2
     0000009B  _ds_1302_timer                     time2
     0000009D  _adc_timer                         time2
     0000009F  _keycount                          key
     000000A4  _modbus_status                     modbus
ASxxxx Linker V03.00 + NoICE + sdld,  page 4.
Hexadecimal  [32-Bits]

Area                                    Addr        Size        Decimal Bytes (Attributes)
--------------------------------        ----        ----        ------- ----- ------------
SSEG                                FFFFFFFF    00000001 =           1. bytes (REL,CON)

      Value  Global                              Global Defined In Module
      -----  --------------------------------   ------------------------
ASxxxx Linker V03.00 + NoICE + sdld,  page 5.
Hexadecimal  [32-Bits]

Area                                    Addr        Size        Decimal Bytes (Attributes)
--------------------------------        ----        ----        ------- ----- ------------
HOME                                00008000    0000006F =         111. bytes (REL,CON)

      Value  Global                              Global Defined In Module
      -----  --------------------------------   ------------------------
ASxxxx Linker V03.00 + NoICE + sdld,  page 6.
Hexadecimal  [32-Bits]

Area                                    Addr        Size        Decimal Bytes (Attributes)
--------------------------------        ----        ----        ------- ----- ------------
GSINIT                              0000806F    0000001A =          26. bytes (REL,CON)

      Value  Global                              Global Defined In Module
      -----  --------------------------------   ------------------------
ASxxxx Linker V03.00 + NoICE + sdld,  page 7.
Hexadecimal  [32-Bits]

Area                                    Addr        Size        Decimal Bytes (Attributes)
--------------------------------        ----        ----        ------- ----- ------------
GSFINAL                             00008089    00000003 =           3. bytes (REL,CON)

      Value  Global                              Global Defined In Module
      -----  --------------------------------   ------------------------
ASxxxx Linker V03.00 + NoICE + sdld,  page 8.
Hexadecimal  [32-Bits]

Area                                    Addr        Size        Decimal Bytes (Attributes)
--------------------------------        ----        ----        ------- ----- ------------
CONST                               0000808C    00000678 =        1656. bytes (REL,CON)

      Value  Global                              Global Defined In Module
      -----  --------------------------------   ------------------------
     0000808C  _F8X16                             oled
     000086F5  _HSIDivFactor                      stm8s_clk

ASxxxx Linker V03.00 + NoICE + sdld,  page 9.
Hexadecimal  [32-Bits]

Area                                    Addr        Size        Decimal Bytes (Attributes)
--------------------------------        ----        ----        ------- ----- ------------
INITIALIZER                         00008704    0000000E =          14. bytes (REL,CON)

      Value  Global                              Global Defined In Module
      -----  --------------------------------   ------------------------
ASxxxx Linker V03.00 + NoICE + sdld,  page 10.
Hexadecimal  [32-Bits]

Area                                    Addr        Size        Decimal Bytes (Attributes)
--------------------------------        ----        ----        ------- ----- ------------
CODE                                00008712    00003E16 =       15894. bytes (REL,CON)

      Value  Global                              Global Defined In Module
      -----  --------------------------------   ------------------------
     00008712  _Delay                             main
     00008743  _main                              main
     0000875E  _ReadADC                           adc
     000087B7  _ReadDin                           adc
     000087D0  _Tim2_Init                         time2
     000087F3  _delay_ms                          oled
     0000880F  _OLED_WR_Byte                      oled
     0000888C  _OLED_Set_Pos                      oled
     000088BA  _OLED_Display_On                   oled
     000088D3  _OLED_Display_Off                  oled
     000088EC  _OLED_Clear                        oled
     00008924  _OLED_ShowChar                     oled
     00008997  _oled_pow                          oled
     000089CB  _OLED_ShowNum                      oled
     00008A68  _OLED_ShowString                   oled
     00008A99  _OLED_Init                         oled
     00008BFF  _Is_In_Area                        app
     00008C78  _app_init                          app
     00008CA9  _app_loop                          app
     000096F7  _beep_init                         beep
     00009705  _beep_read                         beep
     00009711  _beep_on                           beep
     0000972A  _beep_off                          beep
     00009743  _key_init                          key
     0000979B  _key_read                          key
     000097B3  _CRC16                             modbus
     00009808  _modbus_send                       modbus
     0000982F  _modbus_virtual_write              modbus
     000098A8  _modbus_virtual_read               modbus
     00009A24  _modbus_process                    modbus
     00009BF3  _WitchDog_init                     iwdg
     00009C09  _WitchDog_reset                    iwdg
     00009C0C  _eeprom_read                       eeprom
     00009C20  _eeprom_write                      eeprom
     00009C5E  _TRAP_IRQHandler                   stm8s_it
     00009C5F  _TLI_IRQHandler                    stm8s_it
     00009C60  _AWU_IRQHandler                    stm8s_it
     00009C61  _CLK_IRQHandler                    stm8s_it
     00009C62  _EXTI_PORTA_IRQHandler             stm8s_it
     00009C63  _EXTI_PORTB_IRQHandler             stm8s_it
     00009C64  _EXTI_PORTC_IRQHandler             stm8s_it
     00009C65  _EXTI_PORTD_IRQHandler             stm8s_it
     00009CA1  _EXTI_PORTE_IRQHandler             stm8s_it
     00009CA2  _SPI_IRQHandler                    stm8s_it
     00009CA3  _TIM1_UPD_OVF_TRG_BRK_IRQHandler   stm8s_it
     00009CA4  _TIM1_CAP_COM_IRQHandler           stm8s_it
     00009CA5  _TIM2_UPD_OVF_BRK_IRQHandler       stm8s_it
     00009CCB  _TIM2_CAP_COM_IRQHandler           stm8s_it
     00009CCC  _TIM3_UPD_OVF_BRK_IRQHandler       stm8s_it
     00009CCD  _TIM3_CAP_COM_IRQHandler           stm8s_it
ASxxxx Linker V03.00 + NoICE + sdld,  page 11.
Hexadecimal  [32-Bits]

Area                                    Addr        Size        Decimal Bytes (Attributes)
--------------------------------        ----        ----        ------- ----- ------------
CODE                                00008712    00003E16 =       15894. bytes (REL,CON)

      Value  Global                              Global Defined In Module
      -----  --------------------------------   ------------------------
     00009CCE  _I2C_IRQHandler                    stm8s_it
     00009CCF  _UART2_TX_IRQHandler               stm8s_it
     00009CD0  _UART2_RX_IRQHandler               stm8s_it
     00009D30  _ADC1_IRQHandler                   stm8s_it
     00009D31  _TIM4_UPD_OVF_IRQHandler           stm8s_it
     00009D32  _EEPROM_EEC_IRQHandler             stm8s_it
     00009D33  _ds1302_port_init                  ds1302
     00009D71  _read_IO                           ds1302
     00009D7F  _write_IO                          ds1302
     00009D8D  _ds1302_write_byte                 ds1302
     00009DCF  _ds1302_read_byte                  ds1302
     00009E0B  _ds1302_write                      ds1302
     00009E49  _ds1302_read                       ds1302
     00009E8A  _ds1302_read_time                  ds1302
     00009EF5  _ds1302_write_time                 ds1302
     00009F72  _ds1302_active                     ds1302
     00009FA6  _Init_UART2                        uart
     00009FF2  _UART2_Send_Char                   uart
     0000A005  _UART2_Send_STR                    uart
     0000A016  _putchar                           uart
     0000A018  _relay_read                        relay
     0000A024  _relay_on                          relay
     0000A03D  _relay_off                         relay
     0000A056  _driver_init                       driver_common
     0000A072  _driver_loop                       driver_common
     0000A0B7  __delay_5us                        dht12
     0000A0D7  _i2c_init                          dht12
     0000A0F2  _i2c_deinit                        dht12
     0000A10D  _I2CDataInOut                      dht12
     0000A12D  _I2C_Start                         dht12
     0000A178  _I2C_Stop                          dht12
     0000A1C3  _I2C_Rack                          dht12
     0000A20E  _I2C_nAck                          dht12
     0000A259  _SendByte                          dht12
     0000A312  _RcvByte                           dht12
     0000A39B  _I2C_Read                          dht12
     0000A42D  _i2c_read                          dht12
     0000A448  _ReadDHT12                         dht12
     0000A49C  _GPIO_DeInit                       stm8s_gpio
     0000A4AB  _GPIO_Init                         stm8s_gpio
     0000A520  _GPIO_Write                        stm8s_gpio
     0000A526  _GPIO_WriteHigh                    stm8s_gpio
     0000A52D  _GPIO_WriteLow                     stm8s_gpio
     0000A53B  _GPIO_WriteReverse                 stm8s_gpio
     0000A542  _GPIO_ReadOutputData               stm8s_gpio
     0000A546  _GPIO_ReadInputData                stm8s_gpio
     0000A54B  _GPIO_ReadInputPin                 stm8s_gpio
     0000A552  _GPIO_ExternalPullUpConfig         stm8s_gpio
     0000A56E  _TIM2_DeInit                       stm8s_tim2
     0000A5C7  _TIM2_TimeBaseInit                 stm8s_tim2
     0000A5E0  _TIM2_OC1Init                      stm8s_tim2
ASxxxx Linker V03.00 + NoICE + sdld,  page 12.
Hexadecimal  [32-Bits]

Area                                    Addr        Size        Decimal Bytes (Attributes)
--------------------------------        ----        ----        ------- ----- ------------
CODE                                00008712    00003E16 =       15894. bytes (REL,CON)

      Value  Global                              Global Defined In Module
      -----  --------------------------------   ------------------------
     0000A615  _TIM2_OC2Init                      stm8s_tim2
     0000A64A  _TIM2_OC3Init                      stm8s_tim2
     0000A67F  _TIM2_ICInit                       stm8s_tim2
     0000A6CA  _TIM2_PWMIConfig                   stm8s_tim2
     0000A743  _TIM2_Cmd                          stm8s_tim2
     0000A756  _TIM2_ITConfig                     stm8s_tim2
     0000A773  _TIM2_UpdateDisableConfig          stm8s_tim2
     0000A786  _TIM2_UpdateRequestConfig          stm8s_tim2
     0000A799  _TIM2_SelectOnePulseMode           stm8s_tim2
     0000A7AC  _TIM2_PrescalerConfig              stm8s_tim2
     0000A7B9  _TIM2_ForcedOC1Config              stm8s_tim2
     0000A7C4  _TIM2_ForcedOC2Config              stm8s_tim2
     0000A7CF  _TIM2_ForcedOC3Config              stm8s_tim2
     0000A7DA  _TIM2_ARRPreloadConfig             stm8s_tim2
     0000A7ED  _TIM2_OC1PreloadConfig             stm8s_tim2
     0000A800  _TIM2_OC2PreloadConfig             stm8s_tim2
     0000A813  _TIM2_OC3PreloadConfig             stm8s_tim2
     0000A826  _TIM2_GenerateEvent                stm8s_tim2
     0000A82D  _TIM2_OC1PolarityConfig            stm8s_tim2
     0000A840  _TIM2_OC2PolarityConfig            stm8s_tim2
     0000A853  _TIM2_OC3PolarityConfig            stm8s_tim2
     0000A866  _TIM2_CCxCmd                       stm8s_tim2
     0000A8A8  _TIM2_SelectOCxM                   stm8s_tim2
     0000A8DE  _TIM2_SetCounter                   stm8s_tim2
     0000A8F1  _TIM2_SetAutoreload                stm8s_tim2
     0000A904  _TIM2_SetCompare1                  stm8s_tim2
     0000A917  _TIM2_SetCompare2                  stm8s_tim2
     0000A92A  _TIM2_SetCompare3                  stm8s_tim2
     0000A93D  _TIM2_SetIC1Prescaler              stm8s_tim2
     0000A948  _TIM2_SetIC2Prescaler              stm8s_tim2
     0000A953  _TIM2_SetIC3Prescaler              stm8s_tim2
     0000A95E  _TIM2_GetCapture1                  stm8s_tim2
     0000A977  _TIM2_GetCapture2                  stm8s_tim2
     0000A990  _TIM2_GetCapture3                  stm8s_tim2
     0000A9A9  _TIM2_GetCounter                   stm8s_tim2
     0000A9C4  _TIM2_GetPrescaler                 stm8s_tim2
     0000A9C8  _TIM2_GetFlagStatus                stm8s_tim2
     0000A9EB  _TIM2_ClearFlag                    stm8s_tim2
     0000A9F6  _TIM2_GetITStatus                  stm8s_tim2
     0000AA11  _TIM2_ClearITPendingBit            stm8s_tim2
     0000AAAB  _IWDG_WriteAccessCmd               stm8s_iwdg
     0000AAB2  _IWDG_SetPrescaler                 stm8s_iwdg
     0000AAB9  _IWDG_SetReload                    stm8s_iwdg
     0000AAC0  _IWDG_ReloadCounter                stm8s_iwdg
     0000AAC5  _IWDG_Enable                       stm8s_iwdg
     0000AACA  _ITC_GetCPUCC                      stm8s_itc
     0000AAD2  _ITC_DeInit                        stm8s_itc
     0000AAF3  _ITC_GetSoftIntStatus              stm8s_itc
     0000AAF9  _ITC_GetSoftwarePriority           stm8s_itc
     0000ABA1  _ITC_SetSoftwarePriority           stm8s_itc
     0000AC8B  _write_byte_address                stm8s_flash
ASxxxx Linker V03.00 + NoICE + sdld,  page 13.
Hexadecimal  [32-Bits]

Area                                    Addr        Size        Decimal Bytes (Attributes)
--------------------------------        ----        ----        ------- ----- ------------
CODE                                00008712    00003E16 =       15894. bytes (REL,CON)

      Value  Global                              Global Defined In Module
      -----  --------------------------------   ------------------------
     0000ACA2  _read_byte_address                 stm8s_flash
     0000ACB8  _FLASH_Unlock                      stm8s_flash
     0000ACD0  _FLASH_Lock                        stm8s_flash
     0000ACD9  _FLASH_DeInit                      stm8s_flash
     0000ACF1  _FLASH_ITConfig                    stm8s_flash
     0000AD04  _FLASH_EraseByte                   stm8s_flash
     0000AD0F  _FLASH_ProgramByte                 stm8s_flash
     0000AD1B  _FLASH_ReadByte                    stm8s_flash
     0000AD27  _FLASH_ProgramWord                 stm8s_flash
     0000AD73  _FLASH_ProgramOptionByte           stm8s_flash
     0000ADA4  _FLASH_EraseOptionByte             stm8s_flash
     0000ADD0  _FLASH_ReadOptionByte              stm8s_flash
     0000AE08  _FLASH_SetLowPowerMode             stm8s_flash
     0000AE19  _FLASH_SetProgrammingTime          stm8s_flash
     0000AE2A  _FLASH_GetLowPowerMode             stm8s_flash
     0000AE30  _FLASH_GetProgrammingTime          stm8s_flash
     0000AE36  _FLASH_GetBootSize                 stm8s_flash
     0000AE5D  _FLASH_GetFlagStatus               stm8s_flash
     0000AE69  _FLASH_WaitForLastOperation        stm8s_flash
     0000AE99  _FLASH_EraseBlock                  stm8s_flash
     0000AED8  _FLASH_ProgramBlock                stm8s_flash
     0000AF4E  _EXTI_DeInit                       stm8s_exti
     0000AF57  _EXTI_SetExtIntSensitivity         stm8s_exti
     0000AFE7  _EXTI_SetTLISensitivity            stm8s_exti
     0000AFF8  _EXTI_GetExtIntSensitivity         stm8s_exti
     0000B03D  _EXTI_GetTLISensitivity            stm8s_exti
     0000B043  _ADC1_DeInit                       stm8s_adc1
     0000B074  _ADC1_Init                         stm8s_adc1
     0000B0A2  _ADC1_Cmd                          stm8s_adc1
     0000B0B5  _ADC1_ScanModeCmd                  stm8s_adc1
     0000B0C8  _ADC1_DataBufferCmd                stm8s_adc1
     0000B0DB  _ADC1_ITConfig                     stm8s_adc1
     0000B0F9  _ADC1_PrescalerConfig              stm8s_adc1
     0000B10A  _ADC1_SchmittTriggerConfig         stm8s_adc1
     0000B186  _ADC1_ConversionConfig             stm8s_adc1
     0000B1B9  _ADC1_ExternalTriggerConfig        stm8s_adc1
     0000B1DD  _ADC1_StartConversion              stm8s_adc1
     0000B1E2  _ADC1_GetConversionValue           stm8s_adc1
     0000B228  _ADC1_AWDChannelConfig             stm8s_adc1
     0000B27E  _ADC1_SetHighThreshold             stm8s_adc1
     0000B28C  _ADC1_SetLowThreshold              stm8s_adc1
     0000B29A  _ADC1_GetBufferValue               stm8s_adc1
     0000B2E9  _ADC1_GetAWDChannelStatus          stm8s_adc1
     0000B322  _ADC1_GetFlagStatus                stm8s_adc1
     0000B387  _ADC1_ClearFlag                    stm8s_adc1
     0000B3FB  _ADC1_GetITStatus                  stm8s_adc1
     0000B44D  _ADC1_ClearITPendingBit            stm8s_adc1
     0000B4A9  _UART2_DeInit                      stm8s_uart2
     0000B4D0  _UART2_Init                        stm8s_uart2
     0000B639  _UART2_Cmd                         stm8s_uart2
     0000B64C  _UART2_ITConfig                    stm8s_uart2
ASxxxx Linker V03.00 + NoICE + sdld,  page 14.
Hexadecimal  [32-Bits]

Area                                    Addr        Size        Decimal Bytes (Attributes)
--------------------------------        ----        ----        ------- ----- ------------
CODE                                00008712    00003E16 =       15894. bytes (REL,CON)

      Value  Global                              Global Defined In Module
      -----  --------------------------------   ------------------------
     0000B6EE  _UART2_IrDAConfig                  stm8s_uart2
     0000B701  _UART2_IrDACmd                     stm8s_uart2
     0000B714  _UART2_LINBreakDetectionConfig     stm8s_uart2
     0000B727  _UART2_LINConfig                   stm8s_uart2
     0000B760  _UART2_LINCmd                      stm8s_uart2
     0000B773  _UART2_SmartCardCmd                stm8s_uart2
     0000B786  _UART2_SmartCardNACKCmd            stm8s_uart2
     0000B799  _UART2_WakeUpConfig                stm8s_uart2
     0000B7A6  _UART2_ReceiverWakeUpCmd           stm8s_uart2
     0000B7B9  _UART2_ReceiveData8                stm8s_uart2
     0000B7BD  _UART2_ReceiveData9                stm8s_uart2
     0000B7DA  _UART2_SendData8                   stm8s_uart2
     0000B7E1  _UART2_SendData9                   stm8s_uart2
     0000B7FE  _UART2_SendBreak                   stm8s_uart2
     0000B803  _UART2_SetAddress                  stm8s_uart2
     0000B814  _UART2_SetGuardTime                stm8s_uart2
     0000B81B  _UART2_SetPrescaler                stm8s_uart2
     0000B822  _UART2_GetFlagStatus               stm8s_uart2
     0000B87B  _UART2_ClearFlag                   stm8s_uart2
     0000B8A9  _UART2_GetITStatus                 stm8s_uart2
     0000B943  _UART2_ClearITPendingBit           stm8s_uart2
     0000B960  _CLK_DeInit                        stm8s_clk
     0000B997  _CLK_FastHaltWakeUpCmd             stm8s_clk
     0000B9AA  _CLK_HSECmd                        stm8s_clk
     0000B9BD  _CLK_HSICmd                        stm8s_clk
     0000B9D0  _CLK_LSICmd                        stm8s_clk
     0000B9E3  _CLK_CCOCmd                        stm8s_clk
     0000B9F6  _CLK_ClockSwitchCmd                stm8s_clk
     0000BA09  _CLK_SlowActiveHaltWakeUpCmd       stm8s_clk
     0000BA1C  _CLK_PeripheralClockConfig         stm8s_clk
     0000BA64  _CLK_ClockSwitchConfig             stm8s_clk
     0000BB12  _CLK_HSIPrescalerConfig            stm8s_clk
     0000BB23  _CLK_CCOConfig                     stm8s_clk
     0000BB38  _CLK_ITConfig                      stm8s_clk
     0000BB78  _CLK_SYSCLKConfig                  stm8s_clk
     0000BBAA  _CLK_SWIMConfig                    stm8s_clk
     0000BBBD  _CLK_ClockSecuritySystemEnable     stm8s_clk
     0000BBC2  _CLK_GetSYSCLKSource               stm8s_clk
     0000BBC6  _CLK_GetClockFreq                  stm8s_clk
     0000BC16  _CLK_AdjustHSICalibrationValue     stm8s_clk
     0000BC21  _CLK_SYSCLKEmergencyClear          stm8s_clk
     0000BC26  _CLK_GetFlagStatus                 stm8s_clk
     0000BC68  _CLK_GetITStatus                   stm8s_clk
     0000BC88  _CLK_ClearITPendingBit             stm8s_clk
     0000BC98  __modulong                         
     0000BD1B  _vsprintf                          sprintf
     0000BD36  _sprintf                           sprintf
     0000BD56  __divulong                         
     0000BDB0  __modsint                          
     0000BDC6  __mullong                          
     0000BE42  __divsint                          
ASxxxx Linker V03.00 + NoICE + sdld,  page 15.
Hexadecimal  [32-Bits]

Area                                    Addr        Size        Decimal Bytes (Attributes)
--------------------------------        ----        ----        ------- ----- ------------
CODE                                00008712    00003E16 =       15894. bytes (REL,CON)

      Value  Global                              Global Defined In Module
      -----  --------------------------------   ------------------------
     0000BF04  __print_format                     printf_large
     0000C519  _strlen                            _strlen

ASxxxx Linker V03.00 + NoICE + sdld,  page 16.

Files Linked                              [ module(s) ]

main.rel                                  [ main ]
driver/adc.rel                            [ adc ]
driver/time2.rel                          [ time2 ]
driver/oled.rel                           [ oled ]
driver/app.rel                            [ app ]
driver/beep.rel                           [ beep ]
driver/key.rel                            [ key ]
driver/modbus.rel                         [ modbus ]
driver/iwdg.rel                           [ iwdg ]
driver/eeprom.rel                         [ eeprom ]
driver/stm8s_it.rel                       [ stm8s_it ]
driver/ds1302.rel                         [ ds1302 ]
driver/uart.rel                           [ uart ]
driver/relay.rel                          [ relay ]
driver/driver_common.rel                  [ driver_common ]
driver/dht12.rel                          [ dht12 ]
STM8S_StdPeriph_Lib/Libraries/STM8S_StdPeriph_Driver/src/stm8s_gpio.rel
                                          [ stm8s_gpio ]
STM8S_StdPeriph_Lib/Libraries/STM8S_StdPeriph_Driver/src/stm8s_tim2.rel
                                          [ stm8s_tim2 ]
STM8S_StdPeriph_Lib/Libraries/STM8S_StdPeriph_Driver/src/stm8s_iwdg.rel
                                          [ stm8s_iwdg ]
STM8S_StdPeriph_Lib/Libraries/STM8S_StdPeriph_Driver/src/stm8s_itc.rel
                                          [ stm8s_itc ]
STM8S_StdPeriph_Lib/Libraries/STM8S_StdPeriph_Driver/src/stm8s_flash.rel
                                          [ stm8s_flash ]
STM8S_StdPeriph_Lib/Libraries/STM8S_StdPeriph_Driver/src/stm8s_exti.rel
                                          [ stm8s_exti ]
STM8S_StdPeriph_Lib/Libraries/STM8S_StdPeriph_Driver/src/stm8s_adc1.rel
                                          [ stm8s_adc1 ]
STM8S_StdPeriph_Lib/Libraries/STM8S_StdPeriph_Driver/src/stm8s_uart2.rel
                                          [ stm8s_uart2 ]
STM8S_StdPeriph_Lib/Libraries/STM8S_StdPeriph_Driver/src/stm8s_clk.rel
                                          [ stm8s_clk ]


Libraries Linked                          [ object file ]

C:\Program Files (x86)\SDCC\bin\..\lib\stm8/stm8.lib
                                          [ _modulong.rel ]
C:\Program Files (x86)\SDCC\bin\..\lib\stm8/stm8.lib
                                          [ sprintf.rel ]
C:\Program Files (x86)\SDCC\bin\..\lib\stm8/stm8.lib
                                          [ _divulong.rel ]
C:\Program Files (x86)\SDCC\bin\..\lib\stm8/stm8.lib
                                          [ _modsint.rel ]
C:\Program Files (x86)\SDCC\bin\..\lib\stm8/stm8.lib
                                          [ _mullong.rel ]
C:\Program Files (x86)\SDCC\bin\..\lib\stm8/stm8.lib
                                          [ _divsint.rel ]
C:\Program Files (x86)\SDCC\bin\..\lib\stm8/stm8.lib
                                          [ printf_large.rel ]
C:\Program Files (x86)\SDCC\bin\..\lib\stm8/stm8.lib
                                          [ _strlen.rel ]

ASxxxx Linker V03.00 + NoICE + sdld,  page 17.

User Base Address Definitions

HOME = 0x8000
DATA = 0x0001
SSEG = 0xffffffff

