ASxxxx Linker V03.00 + NoICE + sdld,  page 1.
Hexadecimal  [32-Bits]

Area                                    Addr        Size        Decimal Bytes (Attributes)
--------------------------------        ----        ----        ------- ----- ------------
.  .ABS.                            00000000    00000000 =           0. bytes (ABS,CON)

      Value  Global                              Global Defined In Module
      -----  --------------------------------   ------------------------
     FFFFFFFF  s_SSEG                          
     00000000  .__.ABS.                           _strlen
     00000000  l_CABS                          
     00000000  l_DABS                          
     00000000  l__CODE                         
     00000000  s_CABS                          
     00000000  s_DABS                          
     00000000  s__CODE                         
     00000001  l_SSEG                          
     00000001  s_DATA                          
     00000003  l_GSFINAL                       
     00000005  l_INITIALIZED                   
     00000005  l_INITIALIZER                   
     00000006  l_DATA                          
     00000007  s_INITIALIZED                   
     0000001E  l_GSINIT                        
     0000006F  l_HOME                          
     00000667  l_CONST                         
     0000298C  l_CODE                          
     00008000  s_HOME                          
     0000806F  s_GSINIT                        
     0000808D  s_GSFINAL                       
     00008090  s_CONST                         
     000086F7  s_INITIALIZER                   
     000086FC  s_CODE                          

ASxxxx Linker V03.00 + NoICE + sdld,  page 2.
Hexadecimal  [32-Bits]

Area                                    Addr        Size        Decimal Bytes (Attributes)
--------------------------------        ----        ----        ------- ----- ------------
DATA                                00000001    00000006 =           6. bytes (REL,CON)

      Value  Global                              Global Defined In Module
      -----  --------------------------------   ------------------------
     00000002  _asm_addr                          stm8s_flash
     00000006  _asm_val                           stm8s_flash

ASxxxx Linker V03.00 + NoICE + sdld,  page 3.
Hexadecimal  [32-Bits]

Area                                    Addr        Size        Decimal Bytes (Attributes)
--------------------------------        ----        ----        ------- ----- ------------
INITIALIZED                         00000007    00000005 =           5. bytes (REL,CON)

      Value  Global                              Global Defined In Module
      -----  --------------------------------   ------------------------
     00000007  _keycount                          key

ASxxxx Linker V03.00 + NoICE + sdld,  page 4.
Hexadecimal  [32-Bits]

Area                                    Addr        Size        Decimal Bytes (Attributes)
--------------------------------        ----        ----        ------- ----- ------------
HOME                                00008000    0000006F =         111. bytes (REL,CON)

      Value  Global                              Global Defined In Module
      -----  --------------------------------   ------------------------
ASxxxx Linker V03.00 + NoICE + sdld,  page 5.
Hexadecimal  [32-Bits]

Area                                    Addr        Size        Decimal Bytes (Attributes)
--------------------------------        ----        ----        ------- ----- ------------
GSINIT                              0000806F    0000001E =          30. bytes (REL,CON)

      Value  Global                              Global Defined In Module
      -----  --------------------------------   ------------------------
ASxxxx Linker V03.00 + NoICE + sdld,  page 6.
Hexadecimal  [32-Bits]

Area                                    Addr        Size        Decimal Bytes (Attributes)
--------------------------------        ----        ----        ------- ----- ------------
GSFINAL                             0000808D    00000003 =           3. bytes (REL,CON)

      Value  Global                              Global Defined In Module
      -----  --------------------------------   ------------------------
ASxxxx Linker V03.00 + NoICE + sdld,  page 7.
Hexadecimal  [32-Bits]

Area                                    Addr        Size        Decimal Bytes (Attributes)
--------------------------------        ----        ----        ------- ----- ------------
CONST                               00008090    00000667 =        1639. bytes (REL,CON)

      Value  Global                              Global Defined In Module
      -----  --------------------------------   ------------------------
     000080F8  _F8X16                             oled
     000086E8  _HSIDivFactor                      stm8s_clk

ASxxxx Linker V03.00 + NoICE + sdld,  page 8.
Hexadecimal  [32-Bits]

Area                                    Addr        Size        Decimal Bytes (Attributes)
--------------------------------        ----        ----        ------- ----- ------------
INITIALIZER                         000086F7    00000005 =           5. bytes (REL,CON)

      Value  Global                              Global Defined In Module
      -----  --------------------------------   ------------------------
ASxxxx Linker V03.00 + NoICE + sdld,  page 9.
Hexadecimal  [32-Bits]

Area                                    Addr        Size        Decimal Bytes (Attributes)
--------------------------------        ----        ----        ------- ----- ------------
CODE                                000086FC    0000298C =       10636. bytes (REL,CON)

      Value  Global                              Global Defined In Module
      -----  --------------------------------   ------------------------
     000086FC  _TRAP_IRQHandler                   stm8s_it
     000086FD  _TLI_IRQHandler                    stm8s_it
     000086FE  _AWU_IRQHandler                    stm8s_it
     000086FF  _CLK_IRQHandler                    stm8s_it
     00008700  _EXTI_PORTA_IRQHandler             stm8s_it
     00008701  _EXTI_PORTB_IRQHandler             stm8s_it
     00008702  _EXTI_PORTC_IRQHandler             stm8s_it
     00008703  _EXTI_PORTD_IRQHandler             stm8s_it
     00008730  _EXTI_PORTE_IRQHandler             stm8s_it
     00008731  _SPI_IRQHandler                    stm8s_it
     00008732  _TIM1_UPD_OVF_TRG_BRK_IRQHandler   stm8s_it
     00008733  _TIM1_CAP_COM_IRQHandler           stm8s_it
     00008734  _TIM2_UPD_OVF_BRK_IRQHandler       stm8s_it
     00008735  _TIM2_CAP_COM_IRQHandler           stm8s_it
     00008736  _TIM3_UPD_OVF_BRK_IRQHandler       stm8s_it
     00008737  _TIM3_CAP_COM_IRQHandler           stm8s_it
     00008738  _I2C_IRQHandler                    stm8s_it
     00008739  _UART2_TX_IRQHandler               stm8s_it
     0000873A  _UART2_RX_IRQHandler               stm8s_it
     00008790  _ADC1_IRQHandler                   stm8s_it
     00008791  _TIM4_UPD_OVF_IRQHandler           stm8s_it
     00008792  _EEPROM_EEC_IRQHandler             stm8s_it
     00008793  _Delay                             main
     0000879D  _main                              main
     00008A64  _i2c_init                          dht12
     00008A7F  _i2c_deinit                        dht12
     00008A9A  _I2CDataInOut                      dht12
     00008ABA  _I2C_Start                         dht12
     00008AED  _I2C_Stop                          dht12
     00008B20  _I2C_Rack                          dht12
     00008B53  _I2C_nAck                          dht12
     00008B86  _SendByte                          dht12
     00008C2B  _RcvByte                           dht12
     00008C8F  _I2C_Read                          dht12
     00008D0F  _i2c_read                          dht12
     00008D2A  _ReadDHT12                         dht12
     00008D85  _ds1302_port_deinit                ds1302
     00008DAD  _ds1302_port_init                  ds1302
     00008DEB  _read_IO                           ds1302
     00008DF9  _write_IO                          ds1302
     00008E07  _ds1302_write_byte                 ds1302
     00008E49  _ds1302_read_byte                  ds1302
     00008E8B  _ds1302_write                      ds1302
     00008EC9  _ds1302_read                       ds1302
     00008F0A  _ds1302_check                      ds1302
     00008F22  _ds1302_read_time                  ds1302
     00008F8C  _ds1302_write_time                 ds1302
     00009012  _ds1302_write_ram                  ds1302
     0000903C  _ds1302_read_ram                   ds1302
     0000904F  _ds1302_active                     ds1302
ASxxxx Linker V03.00 + NoICE + sdld,  page 10.
Hexadecimal  [32-Bits]

Area                                    Addr        Size        Decimal Bytes (Attributes)
--------------------------------        ----        ----        ------- ----- ------------
CODE                                000086FC    0000298C =       10636. bytes (REL,CON)

      Value  Global                              Global Defined In Module
      -----  --------------------------------   ------------------------
     00009089  _Init_UART2                        uart
     000090CF  _UART2_Send_Char                   uart
     000090E3  _UART2_Send_STR                    uart
     000090F4  _putchar                           uart
     00009109  _eeprom_read                       eeprom
     00009122  _eeprom_write                      eeprom
     00009165  _key_init                          key
     000091B6  _key_read                          key
     000091CE  _delay_ms                          oled
     000091EC  _OLED_WR_Byte                      oled
     00009269  _OLED_Set_Pos                      oled
     000092A6  _OLED_Display_On                   oled
     000092C2  _OLED_Display_Off                  oled
     000092DE  _OLED_Clear                        oled
     0000931A  _OLED_ShowChar                     oled
     00009391  _oled_pow                          oled
     000093C6  _OLED_ShowNum                      oled
     00009463  _OLED_ShowString                   oled
     00009496  _OLED_Init                         oled
     0000961C  _ReadADC                           adc
     0000966E  _GPIO_DeInit                       stm8s_gpio
     0000967D  _GPIO_Init                         stm8s_gpio
     000096F2  _GPIO_Write                        stm8s_gpio
     000096F8  _GPIO_WriteHigh                    stm8s_gpio
     000096FF  _GPIO_WriteLow                     stm8s_gpio
     0000970D  _GPIO_WriteReverse                 stm8s_gpio
     00009714  _GPIO_ReadOutputData               stm8s_gpio
     00009718  _GPIO_ReadInputData                stm8s_gpio
     0000971D  _GPIO_ReadInputPin                 stm8s_gpio
     00009724  _GPIO_ExternalPullUpConfig         stm8s_gpio
     00009740  _write_byte_address                stm8s_flash
     00009757  _read_byte_address                 stm8s_flash
     0000976D  _FLASH_Unlock                      stm8s_flash
     00009785  _FLASH_Lock                        stm8s_flash
     0000978E  _FLASH_DeInit                      stm8s_flash
     000097A6  _FLASH_ITConfig                    stm8s_flash
     000097B9  _FLASH_EraseByte                   stm8s_flash
     000097C4  _FLASH_ProgramByte                 stm8s_flash
     000097D0  _FLASH_ReadByte                    stm8s_flash
     000097DC  _FLASH_ProgramWord                 stm8s_flash
     00009828  _FLASH_ProgramOptionByte           stm8s_flash
     0000985D  _FLASH_EraseOptionByte             stm8s_flash
     0000988D  _FLASH_ReadOptionByte              stm8s_flash
     000098C9  _FLASH_SetLowPowerMode             stm8s_flash
     000098DA  _FLASH_SetProgrammingTime          stm8s_flash
     000098EB  _FLASH_GetLowPowerMode             stm8s_flash
     000098F1  _FLASH_GetProgrammingTime          stm8s_flash
     000098F7  _FLASH_GetBootSize                 stm8s_flash
     0000991E  _FLASH_GetFlagStatus               stm8s_flash
     0000992A  _FLASH_WaitForLastOperation        stm8s_flash
     0000995A  _FLASH_EraseBlock                  stm8s_flash
ASxxxx Linker V03.00 + NoICE + sdld,  page 11.
Hexadecimal  [32-Bits]

Area                                    Addr        Size        Decimal Bytes (Attributes)
--------------------------------        ----        ----        ------- ----- ------------
CODE                                000086FC    0000298C =       10636. bytes (REL,CON)

      Value  Global                              Global Defined In Module
      -----  --------------------------------   ------------------------
     00009992  _FLASH_ProgramBlock                stm8s_flash
     00009A0A  _EXTI_DeInit                       stm8s_exti
     00009A13  _EXTI_SetExtIntSensitivity         stm8s_exti
     00009AA5  _EXTI_SetTLISensitivity            stm8s_exti
     00009AB6  _EXTI_GetExtIntSensitivity         stm8s_exti
     00009AFB  _EXTI_GetTLISensitivity            stm8s_exti
     00009B01  _ADC1_DeInit                       stm8s_adc1
     00009B32  _ADC1_Init                         stm8s_adc1
     00009B62  _ADC1_Cmd                          stm8s_adc1
     00009B75  _ADC1_ScanModeCmd                  stm8s_adc1
     00009B88  _ADC1_DataBufferCmd                stm8s_adc1
     00009B9B  _ADC1_ITConfig                     stm8s_adc1
     00009BB9  _ADC1_PrescalerConfig              stm8s_adc1
     00009BCA  _ADC1_SchmittTriggerConfig         stm8s_adc1
     00009C48  _ADC1_ConversionConfig             stm8s_adc1
     00009C7B  _ADC1_ExternalTriggerConfig        stm8s_adc1
     00009C9F  _ADC1_StartConversion              stm8s_adc1
     00009CA4  _ADC1_GetConversionValue           stm8s_adc1
     00009CE4  _ADC1_AWDChannelConfig             stm8s_adc1
     00009D3C  _ADC1_SetHighThreshold             stm8s_adc1
     00009D4A  _ADC1_SetLowThreshold              stm8s_adc1
     00009D58  _ADC1_GetBufferValue               stm8s_adc1
     00009DA5  _ADC1_GetAWDChannelStatus          stm8s_adc1
     00009DDF  _ADC1_GetFlagStatus                stm8s_adc1
     00009E44  _ADC1_ClearFlag                    stm8s_adc1
     00009EB4  _ADC1_GetITStatus                  stm8s_adc1
     00009F07  _ADC1_ClearITPendingBit            stm8s_adc1
     00009F65  _UART2_DeInit                      stm8s_uart2
     00009F8C  _UART2_Init                        stm8s_uart2
     0000A0F1  _UART2_Cmd                         stm8s_uart2
     0000A104  _UART2_ITConfig                    stm8s_uart2
     0000A1AB  _UART2_IrDAConfig                  stm8s_uart2
     0000A1BE  _UART2_IrDACmd                     stm8s_uart2
     0000A1D1  _UART2_LINBreakDetectionConfig     stm8s_uart2
     0000A1E4  _UART2_LINConfig                   stm8s_uart2
     0000A21D  _UART2_LINCmd                      stm8s_uart2
     0000A230  _UART2_SmartCardCmd                stm8s_uart2
     0000A243  _UART2_SmartCardNACKCmd            stm8s_uart2
     0000A256  _UART2_WakeUpConfig                stm8s_uart2
     0000A263  _UART2_ReceiverWakeUpCmd           stm8s_uart2
     0000A276  _UART2_ReceiveData8                stm8s_uart2
     0000A27A  _UART2_ReceiveData9                stm8s_uart2
     0000A298  _UART2_SendData8                   stm8s_uart2
     0000A29F  _UART2_SendData9                   stm8s_uart2
     0000A2BC  _UART2_SendBreak                   stm8s_uart2
     0000A2C1  _UART2_SetAddress                  stm8s_uart2
     0000A2D2  _UART2_SetGuardTime                stm8s_uart2
     0000A2D9  _UART2_SetPrescaler                stm8s_uart2
     0000A2E0  _UART2_GetFlagStatus               stm8s_uart2
     0000A339  _UART2_ClearFlag                   stm8s_uart2
     0000A367  _UART2_GetITStatus                 stm8s_uart2
ASxxxx Linker V03.00 + NoICE + sdld,  page 12.
Hexadecimal  [32-Bits]

Area                                    Addr        Size        Decimal Bytes (Attributes)
--------------------------------        ----        ----        ------- ----- ------------
CODE                                000086FC    0000298C =       10636. bytes (REL,CON)

      Value  Global                              Global Defined In Module
      -----  --------------------------------   ------------------------
     0000A403  _UART2_ClearITPendingBit           stm8s_uart2
     0000A420  _CLK_DeInit                        stm8s_clk
     0000A457  _CLK_FastHaltWakeUpCmd             stm8s_clk
     0000A46A  _CLK_HSECmd                        stm8s_clk
     0000A47D  _CLK_HSICmd                        stm8s_clk
     0000A490  _CLK_LSICmd                        stm8s_clk
     0000A4A3  _CLK_CCOCmd                        stm8s_clk
     0000A4B6  _CLK_ClockSwitchCmd                stm8s_clk
     0000A4C9  _CLK_SlowActiveHaltWakeUpCmd       stm8s_clk
     0000A4DC  _CLK_PeripheralClockConfig         stm8s_clk
     0000A526  _CLK_ClockSwitchConfig             stm8s_clk
     0000A5D4  _CLK_HSIPrescalerConfig            stm8s_clk
     0000A5E5  _CLK_CCOConfig                     stm8s_clk
     0000A5FA  _CLK_ITConfig                      stm8s_clk
     0000A63A  _CLK_SYSCLKConfig                  stm8s_clk
     0000A66E  _CLK_SWIMConfig                    stm8s_clk
     0000A681  _CLK_ClockSecuritySystemEnable     stm8s_clk
     0000A686  _CLK_GetSYSCLKSource               stm8s_clk
     0000A68A  _CLK_GetClockFreq                  stm8s_clk
     0000A6DC  _CLK_AdjustHSICalibrationValue     stm8s_clk
     0000A6E7  _CLK_SYSCLKEmergencyClear          stm8s_clk
     0000A6EC  _CLK_GetFlagStatus                 stm8s_clk
     0000A72E  _CLK_GetITStatus                   stm8s_clk
     0000A74E  _CLK_ClearITPendingBit             stm8s_clk
     0000A75E  __modulong                         
     0000A7E1  _vsprintf                          sprintf
     0000A7FC  _sprintf                           sprintf
     0000A81C  __divulong                         
     0000A876  _puts                              puts
     0000A8A5  _vprintf                           vprintf
     0000A8B7  _printf                            vprintf
     0000A8CD  __mullong                          
     0000A949  __modsint                          
     0000A95F  __divsint                          
     0000AA19  __print_format                     printf_large
     0000B079  _strlen                            _strlen

ASxxxx Linker V03.00 + NoICE + sdld,  page 13.
Hexadecimal  [32-Bits]

Area                                    Addr        Size        Decimal Bytes (Attributes)
--------------------------------        ----        ----        ------- ----- ------------
SSEG                                FFFFFFFF    00000001 =           1. bytes (REL,CON)

      Value  Global                              Global Defined In Module
      -----  --------------------------------   ------------------------
ASxxxx Linker V03.00 + NoICE + sdld,  page 14.

Files Linked                              [ module(s) ]

stm8s_it.rel                              [ stm8s_it ]
main.rel                                  [ main ]
driver/dht12.rel                          [ dht12 ]
driver/ds1302.rel                         [ ds1302 ]
driver/uart.rel                           [ uart ]
driver/eeprom.rel                         [ eeprom ]
driver/key.rel                            [ key ]
driver/oled.rel                           [ oled ]
driver/adc.rel                            [ adc ]
STM8S_StdPeriph_Lib/Libraries/STM8S_StdPeriph_Driver/src/stm8s_gpio.rel
                                          [ stm8s_gpio ]
STM8S_StdPeriph_Lib/Libraries/STM8S_StdPeriph_Driver/src/stm8s_flash.rel
                                          [ stm8s_flash ]
STM8S_StdPeriph_Lib/Libraries/STM8S_StdPeriph_Driver/src/stm8s_exti.rel
                                          [ stm8s_exti ]
STM8S_StdPeriph_Lib/Libraries/STM8S_StdPeriph_Driver/src/stm8s_adc1.rel
                                          [ stm8s_adc1 ]
STM8S_StdPeriph_Lib/Libraries/STM8S_StdPeriph_Driver/src/stm8s_uart2.rel
                                          [ stm8s_uart2 ]
STM8S_StdPeriph_Lib/Libraries/STM8S_StdPeriph_Driver/src/stm8s_clk.rel
                                          [ stm8s_clk ]


Libraries Linked                          [ object file ]

/usr/local/bin/../share/sdcc/lib/stm8/stm8.lib
                                          [ _modulong.rel ]
/usr/local/bin/../share/sdcc/lib/stm8/stm8.lib
                                          [ sprintf.rel ]
/usr/local/bin/../share/sdcc/lib/stm8/stm8.lib
                                          [ _divulong.rel ]
/usr/local/bin/../share/sdcc/lib/stm8/stm8.lib
                                          [ puts.rel ]
/usr/local/bin/../share/sdcc/lib/stm8/stm8.lib
                                          [ vprintf.rel ]
/usr/local/bin/../share/sdcc/lib/stm8/stm8.lib
                                          [ _mullong.rel ]
/usr/local/bin/../share/sdcc/lib/stm8/stm8.lib
                                          [ _modsint.rel ]
/usr/local/bin/../share/sdcc/lib/stm8/stm8.lib
                                          [ _divsint.rel ]
/usr/local/bin/../share/sdcc/lib/stm8/stm8.lib
                                          [ printf_large.rel ]
/usr/local/bin/../share/sdcc/lib/stm8/stm8.lib
                                          [ _strlen.rel ]

ASxxxx Linker V03.00 + NoICE + sdld,  page 15.

User Base Address Definitions

HOME = 0x8000
DATA = 0x0001
SSEG = 0xffffffff

