ASxxxx Linker V03.00 + NoICE + sdld,  page 1.
Hexadecimal  [32-Bits]

Area                                    Addr        Size        Decimal Bytes (Attributes)
--------------------------------        ----        ----        ------- ----- ------------
.  .ABS.                            00000000    00000000 =           0. bytes (ABS,CON)

      Value  Global                              Global Defined In Module
      -----  --------------------------------   ------------------------
     FFFFFFFF  s_SSEG                          
     00000000  .__.ABS.                           _strlen
     00000000  l_CABS                          
     00000000  l_DABS                          
     00000000  l_INITIALIZED                   
     00000000  l_INITIALIZER                   
     00000000  l__CODE                         
     00000000  s_CABS                          
     00000000  s_DABS                          
     00000000  s__CODE                         
     00000001  l_DATA                          
     00000001  l_SSEG                          
     00000001  s_DATA                          
     00000002  s_INITIALIZED                   
     00000003  l_GSFINAL                       
     00000007  l_HOME                          
     0000001E  l_GSINIT                        
     00000650  l_CONST                         
     000024A0  l_CODE                          
     00008000  s_HOME                          
     00008007  s_GSINIT                        
     00008025  s_GSFINAL                       
     00008028  s_CONST                         
     00008678  s_CODE                          
     00008678  s_INITIALIZER                   

ASxxxx Linker V03.00 + NoICE + sdld,  page 2.
Hexadecimal  [32-Bits]

Area                                    Addr        Size        Decimal Bytes (Attributes)
--------------------------------        ----        ----        ------- ----- ------------
DATA                                00000001    00000001 =           1. bytes (REL,CON)

      Value  Global                              Global Defined In Module
      -----  --------------------------------   ------------------------
ASxxxx Linker V03.00 + NoICE + sdld,  page 3.
Hexadecimal  [32-Bits]

Area                                    Addr        Size        Decimal Bytes (Attributes)
--------------------------------        ----        ----        ------- ----- ------------
HOME                                00008000    00000007 =           7. bytes (REL,CON)

      Value  Global                              Global Defined In Module
      -----  --------------------------------   ------------------------
ASxxxx Linker V03.00 + NoICE + sdld,  page 4.
Hexadecimal  [32-Bits]

Area                                    Addr        Size        Decimal Bytes (Attributes)
--------------------------------        ----        ----        ------- ----- ------------
GSINIT                              00008007    0000001E =          30. bytes (REL,CON)

      Value  Global                              Global Defined In Module
      -----  --------------------------------   ------------------------
ASxxxx Linker V03.00 + NoICE + sdld,  page 5.
Hexadecimal  [32-Bits]

Area                                    Addr        Size        Decimal Bytes (Attributes)
--------------------------------        ----        ----        ------- ----- ------------
GSFINAL                             00008025    00000003 =           3. bytes (REL,CON)

      Value  Global                              Global Defined In Module
      -----  --------------------------------   ------------------------
ASxxxx Linker V03.00 + NoICE + sdld,  page 6.
Hexadecimal  [32-Bits]

Area                                    Addr        Size        Decimal Bytes (Attributes)
--------------------------------        ----        ----        ------- ----- ------------
CONST                               00008028    00000650 =        1616. bytes (REL,CON)

      Value  Global                              Global Defined In Module
      -----  --------------------------------   ------------------------
     00008079  _F8X16                             oled
     00008669  _HSIDivFactor                      stm8s_clk

ASxxxx Linker V03.00 + NoICE + sdld,  page 7.
Hexadecimal  [32-Bits]

Area                                    Addr        Size        Decimal Bytes (Attributes)
--------------------------------        ----        ----        ------- ----- ------------
CODE                                00008678    000024A0 =        9376. bytes (REL,CON)

      Value  Global                              Global Defined In Module
      -----  --------------------------------   ------------------------
     00008678  _TRAP_IRQHandler                   stm8s_it
     00008679  _TLI_IRQHandler                    stm8s_it
     0000867A  _AWU_IRQHandler                    stm8s_it
     0000867B  _CLK_IRQHandler                    stm8s_it
     0000867C  _EXTI_PORTA_IRQHandler             stm8s_it
     0000867D  _EXTI_PORTB_IRQHandler             stm8s_it
     0000867E  _EXTI_PORTC_IRQHandler             stm8s_it
     0000867F  _EXTI_PORTD_IRQHandler             stm8s_it
     00008680  _EXTI_PORTE_IRQHandler             stm8s_it
     00008681  _SPI_IRQHandler                    stm8s_it
     00008682  _TIM1_UPD_OVF_TRG_BRK_IRQHandler   stm8s_it
     00008683  _TIM1_CAP_COM_IRQHandler           stm8s_it
     00008684  _TIM2_UPD_OVF_BRK_IRQHandler       stm8s_it
     00008685  _TIM2_CAP_COM_IRQHandler           stm8s_it
     00008686  _TIM3_UPD_OVF_BRK_IRQHandler       stm8s_it
     00008687  _TIM3_CAP_COM_IRQHandler           stm8s_it
     00008688  _I2C_IRQHandler                    stm8s_it
     00008689  _UART2_TX_IRQHandler               stm8s_it
     0000868A  _UART2_RX_IRQHandler               stm8s_it
     0000868B  _ADC1_IRQHandler                   stm8s_it
     0000868C  _TIM4_UPD_OVF_IRQHandler           stm8s_it
     0000868D  _EEPROM_EEC_IRQHandler             stm8s_it
     0000868E  _Delay                             main
     00008698  _main                              main
     00008889  _i2c_init                          dht12
     000088A4  _i2c_deinit                        dht12
     000088BF  __delay_5us                        dht12
     000088DD  _I2CDataInOut                      dht12
     000088FD  _I2C_Start                         dht12
     0000894B  _I2C_Stop                          dht12
     00008999  _I2C_Rack                          dht12
     000089DC  _I2C_nAck                          dht12
     00008A1F  _SendByte                          dht12
     00008AD6  _RcvByte                           dht12
     00008B67  _I2C_Read                          dht12
     00008BF3  _i2c_read                          dht12
     00008C0E  _ReadDHT12                         dht12
     00008C69  _Init_UART2                        uart
     00008CAF  _UART2_Send_Char                   uart
     00008CC3  _UART2_Send_STR                    uart
     00008CD4  _putchar                           uart
     00008CE9  _delay_us                          ds1302
     00008D09  _ds1302_port_deinit                ds1302
     00008D31  _ds1302_port_init                  ds1302
     00008D6F  _read_IO                           ds1302
     00008D7D  _write_IO                          ds1302
     00008D8B  _ds1302_write_byte                 ds1302
     00008DD6  _ds1302_read_byte                  ds1302
     00008E21  _ds1302_write                      ds1302
     00008E5F  _ds1302_read                       ds1302
ASxxxx Linker V03.00 + NoICE + sdld,  page 8.
Hexadecimal  [32-Bits]

Area                                    Addr        Size        Decimal Bytes (Attributes)
--------------------------------        ----        ----        ------- ----- ------------
CODE                                00008678    000024A0 =        9376. bytes (REL,CON)

      Value  Global                              Global Defined In Module
      -----  --------------------------------   ------------------------
     00008EA0  _ds1302_check                      ds1302
     00008EB8  _ds1302_read_time                  ds1302
     00008F22  _ds1302_write_time                 ds1302
     00008FA8  _ds1302_write_ram                  ds1302
     00008FD2  _ds1302_read_ram                   ds1302
     00008FE5  _ds1302_active                     ds1302
     0000901F  _delay_ms                          oled
     0000903D  _OLED_WR_Byte                      oled
     000090BA  _OLED_Set_Pos                      oled
     000090F7  _OLED_Display_On                   oled
     00009113  _OLED_Display_Off                  oled
     0000912F  _OLED_Clear                        oled
     0000916B  _OLED_ShowChar                     oled
     000091E2  _oled_pow                          oled
     00009217  _OLED_ShowNum                      oled
     000092B4  _OLED_ShowString                   oled
     000092E7  _OLED_Init                         oled
     0000946D  _ReadADC                           adc
     000094BF  _GPIO_DeInit                       stm8s_gpio
     000094CE  _GPIO_Init                         stm8s_gpio
     00009543  _GPIO_Write                        stm8s_gpio
     00009549  _GPIO_WriteHigh                    stm8s_gpio
     00009550  _GPIO_WriteLow                     stm8s_gpio
     0000955E  _GPIO_WriteReverse                 stm8s_gpio
     00009565  _GPIO_ReadOutputData               stm8s_gpio
     00009569  _GPIO_ReadInputData                stm8s_gpio
     0000956E  _GPIO_ReadInputPin                 stm8s_gpio
     00009575  _GPIO_ExternalPullUpConfig         stm8s_gpio
     00009591  _ADC1_DeInit                       stm8s_adc1
     000095C2  _ADC1_Init                         stm8s_adc1
     000095F2  _ADC1_Cmd                          stm8s_adc1
     00009605  _ADC1_ScanModeCmd                  stm8s_adc1
     00009618  _ADC1_DataBufferCmd                stm8s_adc1
     0000962B  _ADC1_ITConfig                     stm8s_adc1
     00009649  _ADC1_PrescalerConfig              stm8s_adc1
     0000965A  _ADC1_SchmittTriggerConfig         stm8s_adc1
     000096D8  _ADC1_ConversionConfig             stm8s_adc1
     0000970B  _ADC1_ExternalTriggerConfig        stm8s_adc1
     0000972F  _ADC1_StartConversion              stm8s_adc1
     00009734  _ADC1_GetConversionValue           stm8s_adc1
     00009774  _ADC1_AWDChannelConfig             stm8s_adc1
     000097CC  _ADC1_SetHighThreshold             stm8s_adc1
     000097DA  _ADC1_SetLowThreshold              stm8s_adc1
     000097E8  _ADC1_GetBufferValue               stm8s_adc1
     00009835  _ADC1_GetAWDChannelStatus          stm8s_adc1
     0000986F  _ADC1_GetFlagStatus                stm8s_adc1
     000098D4  _ADC1_ClearFlag                    stm8s_adc1
     00009944  _ADC1_GetITStatus                  stm8s_adc1
     00009997  _ADC1_ClearITPendingBit            stm8s_adc1
     000099F5  _UART2_DeInit                      stm8s_uart2
     00009A1C  _UART2_Init                        stm8s_uart2
ASxxxx Linker V03.00 + NoICE + sdld,  page 9.
Hexadecimal  [32-Bits]

Area                                    Addr        Size        Decimal Bytes (Attributes)
--------------------------------        ----        ----        ------- ----- ------------
CODE                                00008678    000024A0 =        9376. bytes (REL,CON)

      Value  Global                              Global Defined In Module
      -----  --------------------------------   ------------------------
     00009B81  _UART2_Cmd                         stm8s_uart2
     00009B94  _UART2_ITConfig                    stm8s_uart2
     00009C3B  _UART2_IrDAConfig                  stm8s_uart2
     00009C4E  _UART2_IrDACmd                     stm8s_uart2
     00009C61  _UART2_LINBreakDetectionConfig     stm8s_uart2
     00009C74  _UART2_LINConfig                   stm8s_uart2
     00009CAD  _UART2_LINCmd                      stm8s_uart2
     00009CC0  _UART2_SmartCardCmd                stm8s_uart2
     00009CD3  _UART2_SmartCardNACKCmd            stm8s_uart2
     00009CE6  _UART2_WakeUpConfig                stm8s_uart2
     00009CF3  _UART2_ReceiverWakeUpCmd           stm8s_uart2
     00009D06  _UART2_ReceiveData8                stm8s_uart2
     00009D0A  _UART2_ReceiveData9                stm8s_uart2
     00009D28  _UART2_SendData8                   stm8s_uart2
     00009D2F  _UART2_SendData9                   stm8s_uart2
     00009D4C  _UART2_SendBreak                   stm8s_uart2
     00009D51  _UART2_SetAddress                  stm8s_uart2
     00009D62  _UART2_SetGuardTime                stm8s_uart2
     00009D69  _UART2_SetPrescaler                stm8s_uart2
     00009D70  _UART2_GetFlagStatus               stm8s_uart2
     00009DC9  _UART2_ClearFlag                   stm8s_uart2
     00009DF7  _UART2_GetITStatus                 stm8s_uart2
     00009E93  _UART2_ClearITPendingBit           stm8s_uart2
     00009EB0  _CLK_DeInit                        stm8s_clk
     00009EE7  _CLK_FastHaltWakeUpCmd             stm8s_clk
     00009EFA  _CLK_HSECmd                        stm8s_clk
     00009F0D  _CLK_HSICmd                        stm8s_clk
     00009F20  _CLK_LSICmd                        stm8s_clk
     00009F33  _CLK_CCOCmd                        stm8s_clk
     00009F46  _CLK_ClockSwitchCmd                stm8s_clk
     00009F59  _CLK_SlowActiveHaltWakeUpCmd       stm8s_clk
     00009F6C  _CLK_PeripheralClockConfig         stm8s_clk
     00009FB6  _CLK_ClockSwitchConfig             stm8s_clk
     0000A064  _CLK_HSIPrescalerConfig            stm8s_clk
     0000A075  _CLK_CCOConfig                     stm8s_clk
     0000A08A  _CLK_ITConfig                      stm8s_clk
     0000A0CA  _CLK_SYSCLKConfig                  stm8s_clk
     0000A0FE  _CLK_SWIMConfig                    stm8s_clk
     0000A111  _CLK_ClockSecuritySystemEnable     stm8s_clk
     0000A116  _CLK_GetSYSCLKSource               stm8s_clk
     0000A11A  _CLK_GetClockFreq                  stm8s_clk
     0000A16C  _CLK_AdjustHSICalibrationValue     stm8s_clk
     0000A177  _CLK_SYSCLKEmergencyClear          stm8s_clk
     0000A17C  _CLK_GetFlagStatus                 stm8s_clk
     0000A1BE  _CLK_GetITStatus                   stm8s_clk
     0000A1DE  _CLK_ClearITPendingBit             stm8s_clk
     0000A1EE  __modulong                         
     0000A271  _vsprintf                          sprintf
     0000A28C  _sprintf                           sprintf
     0000A2AC  __divulong                         
     0000A306  _puts                              puts
ASxxxx Linker V03.00 + NoICE + sdld,  page 10.
Hexadecimal  [32-Bits]

Area                                    Addr        Size        Decimal Bytes (Attributes)
--------------------------------        ----        ----        ------- ----- ------------
CODE                                00008678    000024A0 =        9376. bytes (REL,CON)

      Value  Global                              Global Defined In Module
      -----  --------------------------------   ------------------------
     0000A335  _vprintf                           vprintf
     0000A347  _printf                            vprintf
     0000A35D  __mullong                          
     0000A3D9  __modsint                          
     0000A3EF  __divsint                          
     0000A4A9  __print_format                     printf_large
     0000AB09  _strlen                            _strlen
ASxxxx Linker V03.00 + NoICE + sdld,  page 11.
Hexadecimal  [32-Bits]

Area                                    Addr        Size        Decimal Bytes (Attributes)
--------------------------------        ----        ----        ------- ----- ------------
SSEG                                FFFFFFFF    00000001 =           1. bytes (REL,CON)

      Value  Global                              Global Defined In Module
      -----  --------------------------------   ------------------------
ASxxxx Linker V03.00 + NoICE + sdld,  page 12.

Files Linked                              [ module(s) ]

stm8s_it.rel                              [ stm8s_it ]
main.rel                                  [ main ]
driver/dht12.rel                          [ dht12 ]
driver/uart.rel                           [ uart ]
driver/ds1302.rel                         [ ds1302 ]
driver/oled.rel                           [ oled ]
driver/adc.rel                            [ adc ]
STM8S_StdPeriph_Lib/Libraries/STM8S_StdPeriph_Driver/src/stm8s_gpio.rel
                                          [ stm8s_gpio ]
STM8S_StdPeriph_Lib/Libraries/STM8S_StdPeriph_Driver/src/stm8s_adc1.rel
                                          [ stm8s_adc1 ]
STM8S_StdPeriph_Lib/Libraries/STM8S_StdPeriph_Driver/src/stm8s_uart2.rel
                                          [ stm8s_uart2 ]
STM8S_StdPeriph_Lib/Libraries/STM8S_StdPeriph_Driver/src/stm8s_clk.rel
                                          [ stm8s_clk ]


Libraries Linked                          [ object file ]

/usr/local/bin/../share/sdcc/lib/stm8/stm8.lib
                                          [ _modulong.rel ]
/usr/local/bin/../share/sdcc/lib/stm8/stm8.lib
                                          [ sprintf.rel ]
/usr/local/bin/../share/sdcc/lib/stm8/stm8.lib
                                          [ _divulong.rel ]
/usr/local/bin/../share/sdcc/lib/stm8/stm8.lib
                                          [ puts.rel ]
/usr/local/bin/../share/sdcc/lib/stm8/stm8.lib
                                          [ vprintf.rel ]
/usr/local/bin/../share/sdcc/lib/stm8/stm8.lib
                                          [ _mullong.rel ]
/usr/local/bin/../share/sdcc/lib/stm8/stm8.lib
                                          [ _modsint.rel ]
/usr/local/bin/../share/sdcc/lib/stm8/stm8.lib
                                          [ _divsint.rel ]
/usr/local/bin/../share/sdcc/lib/stm8/stm8.lib
                                          [ printf_large.rel ]
/usr/local/bin/../share/sdcc/lib/stm8/stm8.lib
                                          [ _strlen.rel ]

ASxxxx Linker V03.00 + NoICE + sdld,  page 13.

User Base Address Definitions

HOME = 0x8000
DATA = 0x0001
SSEG = 0xffffffff

