ASxxxx Linker V03.00 + NoICE + sdld,  page 1.
Hexadecimal  [32-Bits]

Area                                    Addr        Size        Decimal Bytes (Attributes)
--------------------------------        ----        ----        ------- ----- ------------
.  .ABS.                            00000000    00000000 =           0. bytes (ABS,CON)

      Value  Global                              Global Defined In Module
      -----  --------------------------------   ------------------------
     FFFFFFFF  s_SSEG                          
     00000000  .__.ABS.                           _strlen
     00000000  l_CABS                          
     00000000  l_DABS                          
     00000000  l__CODE                         
     00000000  s_CABS                          
     00000000  s_DABS                          
     00000000  s__CODE                         
     00000001  l_SSEG                          
     00000001  s_DATA                          
     00000003  l_GSFINAL                       
     00000016  l_INITIALIZED                   
     00000016  l_INITIALIZER                   
     0000001A  l_GSINIT                        
     0000006F  l_HOME                          
     00000096  l_DATA                          
     00000097  s_INITIALIZED                   
     00000678  l_CONST                         
     00003EE9  l_CODE                          
     00008000  s_HOME                          
     0000806F  s_GSINIT                        
     00008089  s_GSFINAL                       
     0000808C  s_CONST                         
     00008704  s_INITIALIZER                   
     0000871A  s_CODE                          

ASxxxx Linker V03.00 + NoICE + sdld,  page 2.
Hexadecimal  [32-Bits]

Area                                    Addr        Size        Decimal Bytes (Attributes)
--------------------------------        ----        ----        ------- ----- ------------
DATA                                00000001    00000096 =         150. bytes (REL,CON)

      Value  Global                              Global Defined In Module
      -----  --------------------------------   ------------------------
     00000078  _modbus_buff                       modbus
     00000082  _ds_time                           driver_common
     00000089  _dh_data                           driver_common
     0000008E  _adc_data                          driver_common
     00000092  _asm_addr                          stm8s_flash
     00000096  _asm_val                           stm8s_flash
ASxxxx Linker V03.00 + NoICE + sdld,  page 3.
Hexadecimal  [32-Bits]

Area                                    Addr        Size        Decimal Bytes (Attributes)
--------------------------------        ----        ----        ------- ----- ------------
INITIALIZED                         00000097    00000016 =          22. bytes (REL,CON)

      Value  Global                              Global Defined In Module
      -----  --------------------------------   ------------------------
     00000097  _modbus_timer                      time2
     0000009B  _dht12_timer                       time2
     0000009F  _ds_1302_timer                     time2
     000000A3  _adc_timer                         time2
     000000A7  _keycount                          key
     000000AC  _modbus_status                     modbus
ASxxxx Linker V03.00 + NoICE + sdld,  page 4.
Hexadecimal  [32-Bits]

Area                                    Addr        Size        Decimal Bytes (Attributes)
--------------------------------        ----        ----        ------- ----- ------------
SSEG                                FFFFFFFF    00000001 =           1. bytes (REL,CON)

      Value  Global                              Global Defined In Module
      -----  --------------------------------   ------------------------
ASxxxx Linker V03.00 + NoICE + sdld,  page 5.
Hexadecimal  [32-Bits]

Area                                    Addr        Size        Decimal Bytes (Attributes)
--------------------------------        ----        ----        ------- ----- ------------
HOME                                00008000    0000006F =         111. bytes (REL,CON)

      Value  Global                              Global Defined In Module
      -----  --------------------------------   ------------------------
ASxxxx Linker V03.00 + NoICE + sdld,  page 6.
Hexadecimal  [32-Bits]

Area                                    Addr        Size        Decimal Bytes (Attributes)
--------------------------------        ----        ----        ------- ----- ------------
GSINIT                              0000806F    0000001A =          26. bytes (REL,CON)

      Value  Global                              Global Defined In Module
      -----  --------------------------------   ------------------------
ASxxxx Linker V03.00 + NoICE + sdld,  page 7.
Hexadecimal  [32-Bits]

Area                                    Addr        Size        Decimal Bytes (Attributes)
--------------------------------        ----        ----        ------- ----- ------------
GSFINAL                             00008089    00000003 =           3. bytes (REL,CON)

      Value  Global                              Global Defined In Module
      -----  --------------------------------   ------------------------
ASxxxx Linker V03.00 + NoICE + sdld,  page 8.
Hexadecimal  [32-Bits]

Area                                    Addr        Size        Decimal Bytes (Attributes)
--------------------------------        ----        ----        ------- ----- ------------
CONST                               0000808C    00000678 =        1656. bytes (REL,CON)

      Value  Global                              Global Defined In Module
      -----  --------------------------------   ------------------------
     0000808C  _F8X16                             oled
     000086F5  _HSIDivFactor                      stm8s_clk

ASxxxx Linker V03.00 + NoICE + sdld,  page 9.
Hexadecimal  [32-Bits]

Area                                    Addr        Size        Decimal Bytes (Attributes)
--------------------------------        ----        ----        ------- ----- ------------
INITIALIZER                         00008704    00000016 =          22. bytes (REL,CON)

      Value  Global                              Global Defined In Module
      -----  --------------------------------   ------------------------
ASxxxx Linker V03.00 + NoICE + sdld,  page 10.
Hexadecimal  [32-Bits]

Area                                    Addr        Size        Decimal Bytes (Attributes)
--------------------------------        ----        ----        ------- ----- ------------
CODE                                0000871A    00003EE9 =       16105. bytes (REL,CON)

      Value  Global                              Global Defined In Module
      -----  --------------------------------   ------------------------
     0000871A  _Delay                             main
     0000874B  _main                              main
     00008766  _ReadADC                           adc
     000087BF  _ReadDin                           adc
     000087D8  _Tim2_Init                         time2
     000087FB  _delay_ms                          oled
     00008817  _OLED_WR_Byte                      oled
     00008894  _OLED_Set_Pos                      oled
     000088C2  _OLED_Display_On                   oled
     000088DB  _OLED_Display_Off                  oled
     000088F4  _OLED_Clear                        oled
     0000892C  _OLED_ShowChar                     oled
     0000899F  _oled_pow                          oled
     000089D3  _OLED_ShowNum                      oled
     00008A70  _OLED_ShowString                   oled
     00008AA1  _OLED_Init                         oled
     00008C07  _Is_In_Area                        app
     00008C80  _app_init                          app
     00008CB1  _app_loop                          app
     000096FF  _beep_init                         beep
     0000970D  _beep_read                         beep
     00009719  _beep_on                           beep
     00009732  _beep_off                          beep
     0000974B  _key_init                          key
     000097A3  _key_read                          key
     000097BB  _CRC16                             modbus
     00009810  _modbus_send                       modbus
     00009837  _modbus_virtual_write              modbus
     000098B0  _modbus_virtual_read               modbus
     00009A2C  _modbus_process                    modbus
     00009BFB  _WitchDog_init                     iwdg
     00009C11  _WitchDog_reset                    iwdg
     00009C14  _eeprom_read                       eeprom
     00009C28  _eeprom_write                      eeprom
     00009C66  _TRAP_IRQHandler                   stm8s_it
     00009C67  _TLI_IRQHandler                    stm8s_it
     00009C68  _AWU_IRQHandler                    stm8s_it
     00009C69  _CLK_IRQHandler                    stm8s_it
     00009C6A  _EXTI_PORTA_IRQHandler             stm8s_it
     00009C6B  _EXTI_PORTB_IRQHandler             stm8s_it
     00009C6C  _EXTI_PORTC_IRQHandler             stm8s_it
     00009C6D  _EXTI_PORTD_IRQHandler             stm8s_it
     00009CA9  _EXTI_PORTE_IRQHandler             stm8s_it
     00009CAA  _SPI_IRQHandler                    stm8s_it
     00009CAB  _TIM1_UPD_OVF_TRG_BRK_IRQHandler   stm8s_it
     00009CAC  _TIM1_CAP_COM_IRQHandler           stm8s_it
     00009CAD  _TIM2_UPD_OVF_BRK_IRQHandler       stm8s_it
     00009D0B  _TIM2_CAP_COM_IRQHandler           stm8s_it
     00009D0C  _TIM3_UPD_OVF_BRK_IRQHandler       stm8s_it
     00009D0D  _TIM3_CAP_COM_IRQHandler           stm8s_it
ASxxxx Linker V03.00 + NoICE + sdld,  page 11.
Hexadecimal  [32-Bits]

Area                                    Addr        Size        Decimal Bytes (Attributes)
--------------------------------        ----        ----        ------- ----- ------------
CODE                                0000871A    00003EE9 =       16105. bytes (REL,CON)

      Value  Global                              Global Defined In Module
      -----  --------------------------------   ------------------------
     00009D0E  _I2C_IRQHandler                    stm8s_it
     00009D0F  _UART2_TX_IRQHandler               stm8s_it
     00009D10  _UART2_RX_IRQHandler               stm8s_it
     00009D7D  _ADC1_IRQHandler                   stm8s_it
     00009D7E  _TIM4_UPD_OVF_IRQHandler           stm8s_it
     00009D7F  _EEPROM_EEC_IRQHandler             stm8s_it
     00009D80  _ds1302_port_init                  ds1302
     00009DBE  _read_IO                           ds1302
     00009DCC  _write_IO                          ds1302
     00009DDA  _ds1302_write_byte                 ds1302
     00009E1C  _ds1302_read_byte                  ds1302
     00009E58  _ds1302_write                      ds1302
     00009E96  _ds1302_read                       ds1302
     00009ED7  _ds1302_read_time                  ds1302
     00009F42  _ds1302_write_time                 ds1302
     00009FBF  _ds1302_active                     ds1302
     00009FF3  _Init_UART2                        uart
     0000A03F  _UART2_Send_Char                   uart
     0000A052  _UART2_Send_STR                    uart
     0000A063  _putchar                           uart
     0000A065  _relay_read                        relay
     0000A071  _relay_on                          relay
     0000A08A  _relay_off                         relay
     0000A0A3  _driver_init                       driver_common
     0000A0BF  _driver_loop                       driver_common
     0000A179  __delay_5us                        dht12
     0000A199  _i2c_init                          dht12
     0000A1B4  _i2c_deinit                        dht12
     0000A1CF  _I2CDataInOut                      dht12
     0000A1EF  _I2C_Start                         dht12
     0000A23A  _I2C_Stop                          dht12
     0000A285  _I2C_Rack                          dht12
     0000A2D0  _I2C_nAck                          dht12
     0000A31B  _SendByte                          dht12
     0000A3D4  _RcvByte                           dht12
     0000A45D  _I2C_Read                          dht12
     0000A4EF  _i2c_read                          dht12
     0000A50A  _ReadDHT12                         dht12
     0000A55E  _GPIO_DeInit                       stm8s_gpio
     0000A56D  _GPIO_Init                         stm8s_gpio
     0000A5E2  _GPIO_Write                        stm8s_gpio
     0000A5E8  _GPIO_WriteHigh                    stm8s_gpio
     0000A5EF  _GPIO_WriteLow                     stm8s_gpio
     0000A5FD  _GPIO_WriteReverse                 stm8s_gpio
     0000A604  _GPIO_ReadOutputData               stm8s_gpio
     0000A608  _GPIO_ReadInputData                stm8s_gpio
     0000A60D  _GPIO_ReadInputPin                 stm8s_gpio
     0000A614  _GPIO_ExternalPullUpConfig         stm8s_gpio
     0000A630  _TIM2_DeInit                       stm8s_tim2
     0000A689  _TIM2_TimeBaseInit                 stm8s_tim2
     0000A6A2  _TIM2_OC1Init                      stm8s_tim2
ASxxxx Linker V03.00 + NoICE + sdld,  page 12.
Hexadecimal  [32-Bits]

Area                                    Addr        Size        Decimal Bytes (Attributes)
--------------------------------        ----        ----        ------- ----- ------------
CODE                                0000871A    00003EE9 =       16105. bytes (REL,CON)

      Value  Global                              Global Defined In Module
      -----  --------------------------------   ------------------------
     0000A6D7  _TIM2_OC2Init                      stm8s_tim2
     0000A70C  _TIM2_OC3Init                      stm8s_tim2
     0000A741  _TIM2_ICInit                       stm8s_tim2
     0000A78C  _TIM2_PWMIConfig                   stm8s_tim2
     0000A805  _TIM2_Cmd                          stm8s_tim2
     0000A818  _TIM2_ITConfig                     stm8s_tim2
     0000A835  _TIM2_UpdateDisableConfig          stm8s_tim2
     0000A848  _TIM2_UpdateRequestConfig          stm8s_tim2
     0000A85B  _TIM2_SelectOnePulseMode           stm8s_tim2
     0000A86E  _TIM2_PrescalerConfig              stm8s_tim2
     0000A87B  _TIM2_ForcedOC1Config              stm8s_tim2
     0000A886  _TIM2_ForcedOC2Config              stm8s_tim2
     0000A891  _TIM2_ForcedOC3Config              stm8s_tim2
     0000A89C  _TIM2_ARRPreloadConfig             stm8s_tim2
     0000A8AF  _TIM2_OC1PreloadConfig             stm8s_tim2
     0000A8C2  _TIM2_OC2PreloadConfig             stm8s_tim2
     0000A8D5  _TIM2_OC3PreloadConfig             stm8s_tim2
     0000A8E8  _TIM2_GenerateEvent                stm8s_tim2
     0000A8EF  _TIM2_OC1PolarityConfig            stm8s_tim2
     0000A902  _TIM2_OC2PolarityConfig            stm8s_tim2
     0000A915  _TIM2_OC3PolarityConfig            stm8s_tim2
     0000A928  _TIM2_CCxCmd                       stm8s_tim2
     0000A96A  _TIM2_SelectOCxM                   stm8s_tim2
     0000A9A0  _TIM2_SetCounter                   stm8s_tim2
     0000A9B3  _TIM2_SetAutoreload                stm8s_tim2
     0000A9C6  _TIM2_SetCompare1                  stm8s_tim2
     0000A9D9  _TIM2_SetCompare2                  stm8s_tim2
     0000A9EC  _TIM2_SetCompare3                  stm8s_tim2
     0000A9FF  _TIM2_SetIC1Prescaler              stm8s_tim2
     0000AA0A  _TIM2_SetIC2Prescaler              stm8s_tim2
     0000AA15  _TIM2_SetIC3Prescaler              stm8s_tim2
     0000AA20  _TIM2_GetCapture1                  stm8s_tim2
     0000AA39  _TIM2_GetCapture2                  stm8s_tim2
     0000AA52  _TIM2_GetCapture3                  stm8s_tim2
     0000AA6B  _TIM2_GetCounter                   stm8s_tim2
     0000AA86  _TIM2_GetPrescaler                 stm8s_tim2
     0000AA8A  _TIM2_GetFlagStatus                stm8s_tim2
     0000AAAD  _TIM2_ClearFlag                    stm8s_tim2
     0000AAB8  _TIM2_GetITStatus                  stm8s_tim2
     0000AAD3  _TIM2_ClearITPendingBit            stm8s_tim2
     0000AB6D  _IWDG_WriteAccessCmd               stm8s_iwdg
     0000AB74  _IWDG_SetPrescaler                 stm8s_iwdg
     0000AB7B  _IWDG_SetReload                    stm8s_iwdg
     0000AB82  _IWDG_ReloadCounter                stm8s_iwdg
     0000AB87  _IWDG_Enable                       stm8s_iwdg
     0000AB8C  _ITC_GetCPUCC                      stm8s_itc
     0000AB94  _ITC_DeInit                        stm8s_itc
     0000ABB5  _ITC_GetSoftIntStatus              stm8s_itc
     0000ABBB  _ITC_GetSoftwarePriority           stm8s_itc
     0000AC63  _ITC_SetSoftwarePriority           stm8s_itc
     0000AD4D  _write_byte_address                stm8s_flash
ASxxxx Linker V03.00 + NoICE + sdld,  page 13.
Hexadecimal  [32-Bits]

Area                                    Addr        Size        Decimal Bytes (Attributes)
--------------------------------        ----        ----        ------- ----- ------------
CODE                                0000871A    00003EE9 =       16105. bytes (REL,CON)

      Value  Global                              Global Defined In Module
      -----  --------------------------------   ------------------------
     0000AD64  _read_byte_address                 stm8s_flash
     0000AD7A  _FLASH_Unlock                      stm8s_flash
     0000AD92  _FLASH_Lock                        stm8s_flash
     0000AD9B  _FLASH_DeInit                      stm8s_flash
     0000ADB3  _FLASH_ITConfig                    stm8s_flash
     0000ADC6  _FLASH_EraseByte                   stm8s_flash
     0000ADD1  _FLASH_ProgramByte                 stm8s_flash
     0000ADDD  _FLASH_ReadByte                    stm8s_flash
     0000ADE9  _FLASH_ProgramWord                 stm8s_flash
     0000AE35  _FLASH_ProgramOptionByte           stm8s_flash
     0000AE66  _FLASH_EraseOptionByte             stm8s_flash
     0000AE92  _FLASH_ReadOptionByte              stm8s_flash
     0000AECA  _FLASH_SetLowPowerMode             stm8s_flash
     0000AEDB  _FLASH_SetProgrammingTime          stm8s_flash
     0000AEEC  _FLASH_GetLowPowerMode             stm8s_flash
     0000AEF2  _FLASH_GetProgrammingTime          stm8s_flash
     0000AEF8  _FLASH_GetBootSize                 stm8s_flash
     0000AF1F  _FLASH_GetFlagStatus               stm8s_flash
     0000AF2B  _FLASH_WaitForLastOperation        stm8s_flash
     0000AF5B  _FLASH_EraseBlock                  stm8s_flash
     0000AF9A  _FLASH_ProgramBlock                stm8s_flash
     0000B010  _EXTI_DeInit                       stm8s_exti
     0000B019  _EXTI_SetExtIntSensitivity         stm8s_exti
     0000B0A9  _EXTI_SetTLISensitivity            stm8s_exti
     0000B0BA  _EXTI_GetExtIntSensitivity         stm8s_exti
     0000B0FF  _EXTI_GetTLISensitivity            stm8s_exti
     0000B105  _ADC1_DeInit                       stm8s_adc1
     0000B136  _ADC1_Init                         stm8s_adc1
     0000B164  _ADC1_Cmd                          stm8s_adc1
     0000B177  _ADC1_ScanModeCmd                  stm8s_adc1
     0000B18A  _ADC1_DataBufferCmd                stm8s_adc1
     0000B19D  _ADC1_ITConfig                     stm8s_adc1
     0000B1BB  _ADC1_PrescalerConfig              stm8s_adc1
     0000B1CC  _ADC1_SchmittTriggerConfig         stm8s_adc1
     0000B248  _ADC1_ConversionConfig             stm8s_adc1
     0000B27B  _ADC1_ExternalTriggerConfig        stm8s_adc1
     0000B29F  _ADC1_StartConversion              stm8s_adc1
     0000B2A4  _ADC1_GetConversionValue           stm8s_adc1
     0000B2EA  _ADC1_AWDChannelConfig             stm8s_adc1
     0000B340  _ADC1_SetHighThreshold             stm8s_adc1
     0000B34E  _ADC1_SetLowThreshold              stm8s_adc1
     0000B35C  _ADC1_GetBufferValue               stm8s_adc1
     0000B3AB  _ADC1_GetAWDChannelStatus          stm8s_adc1
     0000B3E4  _ADC1_GetFlagStatus                stm8s_adc1
     0000B449  _ADC1_ClearFlag                    stm8s_adc1
     0000B4BD  _ADC1_GetITStatus                  stm8s_adc1
     0000B50F  _ADC1_ClearITPendingBit            stm8s_adc1
     0000B56B  _UART2_DeInit                      stm8s_uart2
     0000B592  _UART2_Init                        stm8s_uart2
     0000B6FB  _UART2_Cmd                         stm8s_uart2
     0000B70E  _UART2_ITConfig                    stm8s_uart2
ASxxxx Linker V03.00 + NoICE + sdld,  page 14.
Hexadecimal  [32-Bits]

Area                                    Addr        Size        Decimal Bytes (Attributes)
--------------------------------        ----        ----        ------- ----- ------------
CODE                                0000871A    00003EE9 =       16105. bytes (REL,CON)

      Value  Global                              Global Defined In Module
      -----  --------------------------------   ------------------------
     0000B7B0  _UART2_IrDAConfig                  stm8s_uart2
     0000B7C3  _UART2_IrDACmd                     stm8s_uart2
     0000B7D6  _UART2_LINBreakDetectionConfig     stm8s_uart2
     0000B7E9  _UART2_LINConfig                   stm8s_uart2
     0000B822  _UART2_LINCmd                      stm8s_uart2
     0000B835  _UART2_SmartCardCmd                stm8s_uart2
     0000B848  _UART2_SmartCardNACKCmd            stm8s_uart2
     0000B85B  _UART2_WakeUpConfig                stm8s_uart2
     0000B868  _UART2_ReceiverWakeUpCmd           stm8s_uart2
     0000B87B  _UART2_ReceiveData8                stm8s_uart2
     0000B87F  _UART2_ReceiveData9                stm8s_uart2
     0000B89C  _UART2_SendData8                   stm8s_uart2
     0000B8A3  _UART2_SendData9                   stm8s_uart2
     0000B8C0  _UART2_SendBreak                   stm8s_uart2
     0000B8C5  _UART2_SetAddress                  stm8s_uart2
     0000B8D6  _UART2_SetGuardTime                stm8s_uart2
     0000B8DD  _UART2_SetPrescaler                stm8s_uart2
     0000B8E4  _UART2_GetFlagStatus               stm8s_uart2
     0000B93D  _UART2_ClearFlag                   stm8s_uart2
     0000B96B  _UART2_GetITStatus                 stm8s_uart2
     0000BA05  _UART2_ClearITPendingBit           stm8s_uart2
     0000BA22  _CLK_DeInit                        stm8s_clk
     0000BA59  _CLK_FastHaltWakeUpCmd             stm8s_clk
     0000BA6C  _CLK_HSECmd                        stm8s_clk
     0000BA7F  _CLK_HSICmd                        stm8s_clk
     0000BA92  _CLK_LSICmd                        stm8s_clk
     0000BAA5  _CLK_CCOCmd                        stm8s_clk
     0000BAB8  _CLK_ClockSwitchCmd                stm8s_clk
     0000BACB  _CLK_SlowActiveHaltWakeUpCmd       stm8s_clk
     0000BADE  _CLK_PeripheralClockConfig         stm8s_clk
     0000BB26  _CLK_ClockSwitchConfig             stm8s_clk
     0000BBD4  _CLK_HSIPrescalerConfig            stm8s_clk
     0000BBE5  _CLK_CCOConfig                     stm8s_clk
     0000BBFA  _CLK_ITConfig                      stm8s_clk
     0000BC3A  _CLK_SYSCLKConfig                  stm8s_clk
     0000BC6C  _CLK_SWIMConfig                    stm8s_clk
     0000BC7F  _CLK_ClockSecuritySystemEnable     stm8s_clk
     0000BC84  _CLK_GetSYSCLKSource               stm8s_clk
     0000BC88  _CLK_GetClockFreq                  stm8s_clk
     0000BCD8  _CLK_AdjustHSICalibrationValue     stm8s_clk
     0000BCE3  _CLK_SYSCLKEmergencyClear          stm8s_clk
     0000BCE8  _CLK_GetFlagStatus                 stm8s_clk
     0000BD2A  _CLK_GetITStatus                   stm8s_clk
     0000BD4A  _CLK_ClearITPendingBit             stm8s_clk
     0000BD5A  __mulint                           
     0000BD73  __modulong                         
     0000BDF6  _vsprintf                          sprintf
     0000BE11  _sprintf                           sprintf
     0000BE31  __divulong                         
     0000BE8B  __modsint                          
     0000BEA1  __mullong                          
ASxxxx Linker V03.00 + NoICE + sdld,  page 15.
Hexadecimal  [32-Bits]

Area                                    Addr        Size        Decimal Bytes (Attributes)
--------------------------------        ----        ----        ------- ----- ------------
CODE                                0000871A    00003EE9 =       16105. bytes (REL,CON)

      Value  Global                              Global Defined In Module
      -----  --------------------------------   ------------------------
     0000BF1D  __divsint                          
     0000BFDF  __print_format                     printf_large
     0000C5F4  _strlen                            _strlen

ASxxxx Linker V03.00 + NoICE + sdld,  page 16.

Files Linked                              [ module(s) ]

main.rel                                  [ main ]
driver/adc.rel                            [ adc ]
driver/time2.rel                          [ time2 ]
driver/oled.rel                           [ oled ]
driver/app.rel                            [ app ]
driver/beep.rel                           [ beep ]
driver/key.rel                            [ key ]
driver/modbus.rel                         [ modbus ]
driver/iwdg.rel                           [ iwdg ]
driver/eeprom.rel                         [ eeprom ]
driver/stm8s_it.rel                       [ stm8s_it ]
driver/ds1302.rel                         [ ds1302 ]
driver/uart.rel                           [ uart ]
driver/relay.rel                          [ relay ]
driver/driver_common.rel                  [ driver_common ]
driver/dht12.rel                          [ dht12 ]
STM8S_StdPeriph_Lib/Libraries/STM8S_StdPeriph_Driver/src/stm8s_gpio.rel
                                          [ stm8s_gpio ]
STM8S_StdPeriph_Lib/Libraries/STM8S_StdPeriph_Driver/src/stm8s_tim2.rel
                                          [ stm8s_tim2 ]
STM8S_StdPeriph_Lib/Libraries/STM8S_StdPeriph_Driver/src/stm8s_iwdg.rel
                                          [ stm8s_iwdg ]
STM8S_StdPeriph_Lib/Libraries/STM8S_StdPeriph_Driver/src/stm8s_itc.rel
                                          [ stm8s_itc ]
STM8S_StdPeriph_Lib/Libraries/STM8S_StdPeriph_Driver/src/stm8s_flash.rel
                                          [ stm8s_flash ]
STM8S_StdPeriph_Lib/Libraries/STM8S_StdPeriph_Driver/src/stm8s_exti.rel
                                          [ stm8s_exti ]
STM8S_StdPeriph_Lib/Libraries/STM8S_StdPeriph_Driver/src/stm8s_adc1.rel
                                          [ stm8s_adc1 ]
STM8S_StdPeriph_Lib/Libraries/STM8S_StdPeriph_Driver/src/stm8s_uart2.rel
                                          [ stm8s_uart2 ]
STM8S_StdPeriph_Lib/Libraries/STM8S_StdPeriph_Driver/src/stm8s_clk.rel
                                          [ stm8s_clk ]


Libraries Linked                          [ object file ]

C:\Program Files (x86)\SDCC\bin\..\lib\stm8/stm8.lib
                                          [ _mulint.rel ]
C:\Program Files (x86)\SDCC\bin\..\lib\stm8/stm8.lib
                                          [ _modulong.rel ]
C:\Program Files (x86)\SDCC\bin\..\lib\stm8/stm8.lib
                                          [ sprintf.rel ]
C:\Program Files (x86)\SDCC\bin\..\lib\stm8/stm8.lib
                                          [ _divulong.rel ]
C:\Program Files (x86)\SDCC\bin\..\lib\stm8/stm8.lib
                                          [ _modsint.rel ]
C:\Program Files (x86)\SDCC\bin\..\lib\stm8/stm8.lib
                                          [ _mullong.rel ]
C:\Program Files (x86)\SDCC\bin\..\lib\stm8/stm8.lib
                                          [ _divsint.rel ]
C:\Program Files (x86)\SDCC\bin\..\lib\stm8/stm8.lib
                                          [ printf_large.rel ]
C:\Program Files (x86)\SDCC\bin\..\lib\stm8/stm8.lib
                                          [ _strlen.rel ]

ASxxxx Linker V03.00 + NoICE + sdld,  page 17.

User Base Address Definitions

HOME = 0x8000
DATA = 0x0001
SSEG = 0xffffffff

