ASxxxx Linker V03.00 + NoICE + sdld,  page 1.
Hexadecimal  [32-Bits]

Area                                    Addr        Size        Decimal Bytes (Attributes)
--------------------------------        ----        ----        ------- ----- ------------
.  .ABS.                            00000000    00000000 =           0. bytes (ABS,CON)

      Value  Global                              Global Defined In Module
      -----  --------------------------------   ------------------------
     FFFFFFFF  s_SSEG                          
     00000000  .__.ABS.                           _strlen
     00000000  l_CABS                          
     00000000  l_DABS                          
     00000000  l_INITIALIZED                   
     00000000  l_INITIALIZER                   
     00000000  l__CODE                         
     00000000  s_CABS                          
     00000000  s_DABS                          
     00000000  s__CODE                         
     00000001  l_DATA                          
     00000001  l_SSEG                          
     00000001  s_DATA                          
     00000002  s_INITIALIZED                   
     00000003  l_GSFINAL                       
     00000007  l_HOME                          
     0000001E  l_GSINIT                        
     00000650  l_CONST                         
     00002414  l_CODE                          
     00008000  s_HOME                          
     00008007  s_GSINIT                        
     00008025  s_GSFINAL                       
     00008028  s_CONST                         
     00008678  s_CODE                          
     00008678  s_INITIALIZER                   

ASxxxx Linker V03.00 + NoICE + sdld,  page 2.
Hexadecimal  [32-Bits]

Area                                    Addr        Size        Decimal Bytes (Attributes)
--------------------------------        ----        ----        ------- ----- ------------
DATA                                00000001    00000001 =           1. bytes (REL,CON)

      Value  Global                              Global Defined In Module
      -----  --------------------------------   ------------------------
ASxxxx Linker V03.00 + NoICE + sdld,  page 3.
Hexadecimal  [32-Bits]

Area                                    Addr        Size        Decimal Bytes (Attributes)
--------------------------------        ----        ----        ------- ----- ------------
HOME                                00008000    00000007 =           7. bytes (REL,CON)

      Value  Global                              Global Defined In Module
      -----  --------------------------------   ------------------------
ASxxxx Linker V03.00 + NoICE + sdld,  page 4.
Hexadecimal  [32-Bits]

Area                                    Addr        Size        Decimal Bytes (Attributes)
--------------------------------        ----        ----        ------- ----- ------------
GSINIT                              00008007    0000001E =          30. bytes (REL,CON)

      Value  Global                              Global Defined In Module
      -----  --------------------------------   ------------------------
ASxxxx Linker V03.00 + NoICE + sdld,  page 5.
Hexadecimal  [32-Bits]

Area                                    Addr        Size        Decimal Bytes (Attributes)
--------------------------------        ----        ----        ------- ----- ------------
GSFINAL                             00008025    00000003 =           3. bytes (REL,CON)

      Value  Global                              Global Defined In Module
      -----  --------------------------------   ------------------------
ASxxxx Linker V03.00 + NoICE + sdld,  page 6.
Hexadecimal  [32-Bits]

Area                                    Addr        Size        Decimal Bytes (Attributes)
--------------------------------        ----        ----        ------- ----- ------------
CONST                               00008028    00000650 =        1616. bytes (REL,CON)

      Value  Global                              Global Defined In Module
      -----  --------------------------------   ------------------------
     00008079  _F8X16                             oled
     00008669  _HSIDivFactor                      stm8s_clk

ASxxxx Linker V03.00 + NoICE + sdld,  page 7.
Hexadecimal  [32-Bits]

Area                                    Addr        Size        Decimal Bytes (Attributes)
--------------------------------        ----        ----        ------- ----- ------------
CODE                                00008678    00002414 =        9236. bytes (REL,CON)

      Value  Global                              Global Defined In Module
      -----  --------------------------------   ------------------------
     00008678  _TRAP_IRQHandler                   stm8s_it
     00008679  _TLI_IRQHandler                    stm8s_it
     0000867A  _AWU_IRQHandler                    stm8s_it
     0000867B  _CLK_IRQHandler                    stm8s_it
     0000867C  _EXTI_PORTA_IRQHandler             stm8s_it
     0000867D  _EXTI_PORTB_IRQHandler             stm8s_it
     0000867E  _EXTI_PORTC_IRQHandler             stm8s_it
     0000867F  _EXTI_PORTD_IRQHandler             stm8s_it
     00008680  _EXTI_PORTE_IRQHandler             stm8s_it
     00008681  _SPI_IRQHandler                    stm8s_it
     00008682  _TIM1_UPD_OVF_TRG_BRK_IRQHandler   stm8s_it
     00008683  _TIM1_CAP_COM_IRQHandler           stm8s_it
     00008684  _TIM2_UPD_OVF_BRK_IRQHandler       stm8s_it
     00008685  _TIM2_CAP_COM_IRQHandler           stm8s_it
     00008686  _TIM3_UPD_OVF_BRK_IRQHandler       stm8s_it
     00008687  _TIM3_CAP_COM_IRQHandler           stm8s_it
     00008688  _I2C_IRQHandler                    stm8s_it
     00008689  _UART2_TX_IRQHandler               stm8s_it
     0000868A  _UART2_RX_IRQHandler               stm8s_it
     000086C6  _ADC1_IRQHandler                   stm8s_it
     000086C7  _TIM4_UPD_OVF_IRQHandler           stm8s_it
     000086C8  _EEPROM_EEC_IRQHandler             stm8s_it
     000086C9  _Delay                             main
     000086D3  _main                              main
     000088EE  _i2c_init                          dht12
     00008909  _i2c_deinit                        dht12
     00008924  _I2CDataInOut                      dht12
     00008944  _I2C_Start                         dht12
     00008977  _I2C_Stop                          dht12
     000089AA  _I2C_Rack                          dht12
     000089DD  _I2C_nAck                          dht12
     00008A10  _SendByte                          dht12
     00008AB5  _RcvByte                           dht12
     00008B19  _I2C_Read                          dht12
     00008B99  _i2c_read                          dht12
     00008BB4  _ReadDHT12                         dht12
     00008C0F  _Init_UART2                        uart
     00008C55  _UART2_Send_Char                   uart
     00008C69  _UART2_Send_STR                    uart
     00008C7A  _putchar                           uart
     00008C8F  _ds1302_port_deinit                ds1302
     00008CB7  _ds1302_port_init                  ds1302
     00008CF5  _read_IO                           ds1302
     00008D03  _write_IO                          ds1302
     00008D11  _ds1302_write_byte                 ds1302
     00008D53  _ds1302_read_byte                  ds1302
     00008D95  _ds1302_write                      ds1302
     00008DD3  _ds1302_read                       ds1302
     00008E14  _ds1302_check                      ds1302
     00008E2C  _ds1302_read_time                  ds1302
ASxxxx Linker V03.00 + NoICE + sdld,  page 8.
Hexadecimal  [32-Bits]

Area                                    Addr        Size        Decimal Bytes (Attributes)
--------------------------------        ----        ----        ------- ----- ------------
CODE                                00008678    00002414 =        9236. bytes (REL,CON)

      Value  Global                              Global Defined In Module
      -----  --------------------------------   ------------------------
     00008E96  _ds1302_write_time                 ds1302
     00008F1C  _ds1302_write_ram                  ds1302
     00008F46  _ds1302_read_ram                   ds1302
     00008F59  _ds1302_active                     ds1302
     00008F93  _delay_ms                          oled
     00008FB1  _OLED_WR_Byte                      oled
     0000902E  _OLED_Set_Pos                      oled
     0000906B  _OLED_Display_On                   oled
     00009087  _OLED_Display_Off                  oled
     000090A3  _OLED_Clear                        oled
     000090DF  _OLED_ShowChar                     oled
     00009156  _oled_pow                          oled
     0000918B  _OLED_ShowNum                      oled
     00009228  _OLED_ShowString                   oled
     0000925B  _OLED_Init                         oled
     000093E1  _ReadADC                           adc
     00009433  _GPIO_DeInit                       stm8s_gpio
     00009442  _GPIO_Init                         stm8s_gpio
     000094B7  _GPIO_Write                        stm8s_gpio
     000094BD  _GPIO_WriteHigh                    stm8s_gpio
     000094C4  _GPIO_WriteLow                     stm8s_gpio
     000094D2  _GPIO_WriteReverse                 stm8s_gpio
     000094D9  _GPIO_ReadOutputData               stm8s_gpio
     000094DD  _GPIO_ReadInputData                stm8s_gpio
     000094E2  _GPIO_ReadInputPin                 stm8s_gpio
     000094E9  _GPIO_ExternalPullUpConfig         stm8s_gpio
     00009505  _ADC1_DeInit                       stm8s_adc1
     00009536  _ADC1_Init                         stm8s_adc1
     00009566  _ADC1_Cmd                          stm8s_adc1
     00009579  _ADC1_ScanModeCmd                  stm8s_adc1
     0000958C  _ADC1_DataBufferCmd                stm8s_adc1
     0000959F  _ADC1_ITConfig                     stm8s_adc1
     000095BD  _ADC1_PrescalerConfig              stm8s_adc1
     000095CE  _ADC1_SchmittTriggerConfig         stm8s_adc1
     0000964C  _ADC1_ConversionConfig             stm8s_adc1
     0000967F  _ADC1_ExternalTriggerConfig        stm8s_adc1
     000096A3  _ADC1_StartConversion              stm8s_adc1
     000096A8  _ADC1_GetConversionValue           stm8s_adc1
     000096E8  _ADC1_AWDChannelConfig             stm8s_adc1
     00009740  _ADC1_SetHighThreshold             stm8s_adc1
     0000974E  _ADC1_SetLowThreshold              stm8s_adc1
     0000975C  _ADC1_GetBufferValue               stm8s_adc1
     000097A9  _ADC1_GetAWDChannelStatus          stm8s_adc1
     000097E3  _ADC1_GetFlagStatus                stm8s_adc1
     00009848  _ADC1_ClearFlag                    stm8s_adc1
     000098B8  _ADC1_GetITStatus                  stm8s_adc1
     0000990B  _ADC1_ClearITPendingBit            stm8s_adc1
     00009969  _UART2_DeInit                      stm8s_uart2
     00009990  _UART2_Init                        stm8s_uart2
     00009AF5  _UART2_Cmd                         stm8s_uart2
     00009B08  _UART2_ITConfig                    stm8s_uart2
ASxxxx Linker V03.00 + NoICE + sdld,  page 9.
Hexadecimal  [32-Bits]

Area                                    Addr        Size        Decimal Bytes (Attributes)
--------------------------------        ----        ----        ------- ----- ------------
CODE                                00008678    00002414 =        9236. bytes (REL,CON)

      Value  Global                              Global Defined In Module
      -----  --------------------------------   ------------------------
     00009BAF  _UART2_IrDAConfig                  stm8s_uart2
     00009BC2  _UART2_IrDACmd                     stm8s_uart2
     00009BD5  _UART2_LINBreakDetectionConfig     stm8s_uart2
     00009BE8  _UART2_LINConfig                   stm8s_uart2
     00009C21  _UART2_LINCmd                      stm8s_uart2
     00009C34  _UART2_SmartCardCmd                stm8s_uart2
     00009C47  _UART2_SmartCardNACKCmd            stm8s_uart2
     00009C5A  _UART2_WakeUpConfig                stm8s_uart2
     00009C67  _UART2_ReceiverWakeUpCmd           stm8s_uart2
     00009C7A  _UART2_ReceiveData8                stm8s_uart2
     00009C7E  _UART2_ReceiveData9                stm8s_uart2
     00009C9C  _UART2_SendData8                   stm8s_uart2
     00009CA3  _UART2_SendData9                   stm8s_uart2
     00009CC0  _UART2_SendBreak                   stm8s_uart2
     00009CC5  _UART2_SetAddress                  stm8s_uart2
     00009CD6  _UART2_SetGuardTime                stm8s_uart2
     00009CDD  _UART2_SetPrescaler                stm8s_uart2
     00009CE4  _UART2_GetFlagStatus               stm8s_uart2
     00009D3D  _UART2_ClearFlag                   stm8s_uart2
     00009D6B  _UART2_GetITStatus                 stm8s_uart2
     00009E07  _UART2_ClearITPendingBit           stm8s_uart2
     00009E24  _CLK_DeInit                        stm8s_clk
     00009E5B  _CLK_FastHaltWakeUpCmd             stm8s_clk
     00009E6E  _CLK_HSECmd                        stm8s_clk
     00009E81  _CLK_HSICmd                        stm8s_clk
     00009E94  _CLK_LSICmd                        stm8s_clk
     00009EA7  _CLK_CCOCmd                        stm8s_clk
     00009EBA  _CLK_ClockSwitchCmd                stm8s_clk
     00009ECD  _CLK_SlowActiveHaltWakeUpCmd       stm8s_clk
     00009EE0  _CLK_PeripheralClockConfig         stm8s_clk
     00009F2A  _CLK_ClockSwitchConfig             stm8s_clk
     00009FD8  _CLK_HSIPrescalerConfig            stm8s_clk
     00009FE9  _CLK_CCOConfig                     stm8s_clk
     00009FFE  _CLK_ITConfig                      stm8s_clk
     0000A03E  _CLK_SYSCLKConfig                  stm8s_clk
     0000A072  _CLK_SWIMConfig                    stm8s_clk
     0000A085  _CLK_ClockSecuritySystemEnable     stm8s_clk
     0000A08A  _CLK_GetSYSCLKSource               stm8s_clk
     0000A08E  _CLK_GetClockFreq                  stm8s_clk
     0000A0E0  _CLK_AdjustHSICalibrationValue     stm8s_clk
     0000A0EB  _CLK_SYSCLKEmergencyClear          stm8s_clk
     0000A0F0  _CLK_GetFlagStatus                 stm8s_clk
     0000A132  _CLK_GetITStatus                   stm8s_clk
     0000A152  _CLK_ClearITPendingBit             stm8s_clk
     0000A162  __modulong                         
     0000A1E5  _vsprintf                          sprintf
     0000A200  _sprintf                           sprintf
     0000A220  __divulong                         
     0000A27A  _puts                              puts
     0000A2A9  _vprintf                           vprintf
     0000A2BB  _printf                            vprintf
ASxxxx Linker V03.00 + NoICE + sdld,  page 10.
Hexadecimal  [32-Bits]

Area                                    Addr        Size        Decimal Bytes (Attributes)
--------------------------------        ----        ----        ------- ----- ------------
CODE                                00008678    00002414 =        9236. bytes (REL,CON)

      Value  Global                              Global Defined In Module
      -----  --------------------------------   ------------------------
     0000A2D1  __mullong                          
     0000A34D  __modsint                          
     0000A363  __divsint                          
     0000A41D  __print_format                     printf_large
     0000AA7D  _strlen                            _strlen

ASxxxx Linker V03.00 + NoICE + sdld,  page 11.
Hexadecimal  [32-Bits]

Area                                    Addr        Size        Decimal Bytes (Attributes)
--------------------------------        ----        ----        ------- ----- ------------
SSEG                                FFFFFFFF    00000001 =           1. bytes (REL,CON)

      Value  Global                              Global Defined In Module
      -----  --------------------------------   ------------------------
ASxxxx Linker V03.00 + NoICE + sdld,  page 12.

Files Linked                              [ module(s) ]

stm8s_it.rel                              [ stm8s_it ]
main.rel                                  [ main ]
driver/dht12.rel                          [ dht12 ]
driver/uart.rel                           [ uart ]
driver/ds1302.rel                         [ ds1302 ]
driver/oled.rel                           [ oled ]
driver/adc.rel                            [ adc ]
STM8S_StdPeriph_Lib/Libraries/STM8S_StdPeriph_Driver/src/stm8s_gpio.rel
                                          [ stm8s_gpio ]
STM8S_StdPeriph_Lib/Libraries/STM8S_StdPeriph_Driver/src/stm8s_adc1.rel
                                          [ stm8s_adc1 ]
STM8S_StdPeriph_Lib/Libraries/STM8S_StdPeriph_Driver/src/stm8s_uart2.rel
                                          [ stm8s_uart2 ]
STM8S_StdPeriph_Lib/Libraries/STM8S_StdPeriph_Driver/src/stm8s_clk.rel
                                          [ stm8s_clk ]


Libraries Linked                          [ object file ]

/usr/local/bin/../share/sdcc/lib/stm8/stm8.lib
                                          [ _modulong.rel ]
/usr/local/bin/../share/sdcc/lib/stm8/stm8.lib
                                          [ sprintf.rel ]
/usr/local/bin/../share/sdcc/lib/stm8/stm8.lib
                                          [ _divulong.rel ]
/usr/local/bin/../share/sdcc/lib/stm8/stm8.lib
                                          [ puts.rel ]
/usr/local/bin/../share/sdcc/lib/stm8/stm8.lib
                                          [ vprintf.rel ]
/usr/local/bin/../share/sdcc/lib/stm8/stm8.lib
                                          [ _mullong.rel ]
/usr/local/bin/../share/sdcc/lib/stm8/stm8.lib
                                          [ _modsint.rel ]
/usr/local/bin/../share/sdcc/lib/stm8/stm8.lib
                                          [ _divsint.rel ]
/usr/local/bin/../share/sdcc/lib/stm8/stm8.lib
                                          [ printf_large.rel ]
/usr/local/bin/../share/sdcc/lib/stm8/stm8.lib
                                          [ _strlen.rel ]

ASxxxx Linker V03.00 + NoICE + sdld,  page 13.

User Base Address Definitions

HOME = 0x8000
DATA = 0x0001
SSEG = 0xffffffff

