ASxxxx Linker V03.00 + NoICE + sdld,  page 1.
Hexadecimal  [32-Bits]

Area                                    Addr        Size        Decimal Bytes (Attributes)
--------------------------------        ----        ----        ------- ----- ------------
.  .ABS.                            00000000    00000000 =           0. bytes (ABS,CON)

      Value  Global                              Global Defined In Module
      -----  --------------------------------   ------------------------
     FFFFFFFF  s_SSEG                          
     00000000  .__.ABS.                           _strlen
     00000000  l_CABS                          
     00000000  l_DABS                          
     00000000  l__CODE                         
     00000000  s_CABS                          
     00000000  s_DABS                          
     00000000  s__CODE                         
     00000001  l_SSEG                          
     00000001  s_DATA                          
     00000003  l_GSFINAL                       
     0000001A  l_GSINIT                        
     0000001A  l_INITIALIZED                   
     0000001A  l_INITIALIZER                   
     0000006F  l_HOME                          
     00000096  l_DATA                          
     00000097  s_INITIALIZED                   
     00000678  l_CONST                         
     00003F30  l_CODE                          
     00008000  s_HOME                          
     0000806F  s_GSINIT                        
     00008089  s_GSFINAL                       
     0000808C  s_CONST                         
     00008704  s_INITIALIZER                   
     0000871E  s_CODE                          

ASxxxx Linker V03.00 + NoICE + sdld,  page 2.
Hexadecimal  [32-Bits]

Area                                    Addr        Size        Decimal Bytes (Attributes)
--------------------------------        ----        ----        ------- ----- ------------
DATA                                00000001    00000096 =         150. bytes (REL,CON)

      Value  Global                              Global Defined In Module
      -----  --------------------------------   ------------------------
     00000078  _modbus_buff                       modbus
     00000082  _ds_time                           driver_common
     00000089  _dh_data                           driver_common
     0000008E  _adc_data                          driver_common
     00000092  _asm_addr                          stm8s_flash
     00000096  _asm_val                           stm8s_flash
ASxxxx Linker V03.00 + NoICE + sdld,  page 3.
Hexadecimal  [32-Bits]

Area                                    Addr        Size        Decimal Bytes (Attributes)
--------------------------------        ----        ----        ------- ----- ------------
INITIALIZED                         00000097    0000001A =          26. bytes (REL,CON)

      Value  Global                              Global Defined In Module
      -----  --------------------------------   ------------------------
     00000097  _modbus_timer                      time2
     0000009B  _dht12_timer                       time2
     0000009F  _ds_1302_timer                     time2
     000000A3  _adc_timer                         time2
     000000A7  _app_rule_timer                    time2
     000000AB  _keycount                          key
     000000B0  _modbus_status                     modbus

ASxxxx Linker V03.00 + NoICE + sdld,  page 4.
Hexadecimal  [32-Bits]

Area                                    Addr        Size        Decimal Bytes (Attributes)
--------------------------------        ----        ----        ------- ----- ------------
SSEG                                FFFFFFFF    00000001 =           1. bytes (REL,CON)

      Value  Global                              Global Defined In Module
      -----  --------------------------------   ------------------------
ASxxxx Linker V03.00 + NoICE + sdld,  page 5.
Hexadecimal  [32-Bits]

Area                                    Addr        Size        Decimal Bytes (Attributes)
--------------------------------        ----        ----        ------- ----- ------------
HOME                                00008000    0000006F =         111. bytes (REL,CON)

      Value  Global                              Global Defined In Module
      -----  --------------------------------   ------------------------
ASxxxx Linker V03.00 + NoICE + sdld,  page 6.
Hexadecimal  [32-Bits]

Area                                    Addr        Size        Decimal Bytes (Attributes)
--------------------------------        ----        ----        ------- ----- ------------
GSINIT                              0000806F    0000001A =          26. bytes (REL,CON)

      Value  Global                              Global Defined In Module
      -----  --------------------------------   ------------------------
ASxxxx Linker V03.00 + NoICE + sdld,  page 7.
Hexadecimal  [32-Bits]

Area                                    Addr        Size        Decimal Bytes (Attributes)
--------------------------------        ----        ----        ------- ----- ------------
GSFINAL                             00008089    00000003 =           3. bytes (REL,CON)

      Value  Global                              Global Defined In Module
      -----  --------------------------------   ------------------------
ASxxxx Linker V03.00 + NoICE + sdld,  page 8.
Hexadecimal  [32-Bits]

Area                                    Addr        Size        Decimal Bytes (Attributes)
--------------------------------        ----        ----        ------- ----- ------------
CONST                               0000808C    00000678 =        1656. bytes (REL,CON)

      Value  Global                              Global Defined In Module
      -----  --------------------------------   ------------------------
     0000808C  _F8X16                             oled
     000086F5  _HSIDivFactor                      stm8s_clk

ASxxxx Linker V03.00 + NoICE + sdld,  page 9.
Hexadecimal  [32-Bits]

Area                                    Addr        Size        Decimal Bytes (Attributes)
--------------------------------        ----        ----        ------- ----- ------------
INITIALIZER                         00008704    0000001A =          26. bytes (REL,CON)

      Value  Global                              Global Defined In Module
      -----  --------------------------------   ------------------------
ASxxxx Linker V03.00 + NoICE + sdld,  page 10.
Hexadecimal  [32-Bits]

Area                                    Addr        Size        Decimal Bytes (Attributes)
--------------------------------        ----        ----        ------- ----- ------------
CODE                                0000871E    00003F30 =       16176. bytes (REL,CON)

      Value  Global                              Global Defined In Module
      -----  --------------------------------   ------------------------
     0000871E  _Delay                             main
     0000874F  _main                              main
     0000876A  _ReadADC                           adc
     000087C3  _ReadDin                           adc
     000087DC  _Tim2_Init                         time2
     000087FF  _delay_ms                          oled
     0000881B  _OLED_WR_Byte                      oled
     00008898  _OLED_Set_Pos                      oled
     000088C6  _OLED_Display_On                   oled
     000088DF  _OLED_Display_Off                  oled
     000088F8  _OLED_Clear                        oled
     00008930  _OLED_ShowChar                     oled
     000089A3  _oled_pow                          oled
     000089D7  _OLED_ShowNum                      oled
     00008A74  _OLED_ShowString                   oled
     00008AA5  _OLED_Init                         oled
     00008C0B  _Is_In_Area                        app
     00008C84  _app_init                          app
     00008CB5  _app_loop                          app
     00009738  _beep_init                         beep
     00009746  _beep_read                         beep
     00009752  _beep_on                           beep
     0000976B  _beep_off                          beep
     00009784  _key_init                          key
     000097DC  _key_read                          key
     000097F4  _CRC16                             modbus
     00009849  _modbus_send                       modbus
     00009870  _modbus_virtual_write              modbus
     000098E9  _modbus_virtual_read               modbus
     00009A65  _modbus_process                    modbus
     00009C34  _WitchDog_init                     iwdg
     00009C4A  _WitchDog_reset                    iwdg
     00009C4D  _eeprom_read                       eeprom
     00009C61  _eeprom_write                      eeprom
     00009C9F  _TRAP_IRQHandler                   stm8s_it
     00009CA0  _TLI_IRQHandler                    stm8s_it
     00009CA1  _AWU_IRQHandler                    stm8s_it
     00009CA2  _CLK_IRQHandler                    stm8s_it
     00009CA3  _EXTI_PORTA_IRQHandler             stm8s_it
     00009CA4  _EXTI_PORTB_IRQHandler             stm8s_it
     00009CA5  _EXTI_PORTC_IRQHandler             stm8s_it
     00009CA6  _EXTI_PORTD_IRQHandler             stm8s_it
     00009CE2  _EXTI_PORTE_IRQHandler             stm8s_it
     00009CE3  _SPI_IRQHandler                    stm8s_it
     00009CE4  _TIM1_UPD_OVF_TRG_BRK_IRQHandler   stm8s_it
     00009CE5  _TIM1_CAP_COM_IRQHandler           stm8s_it
     00009CE6  _TIM2_UPD_OVF_BRK_IRQHandler       stm8s_it
     00009D59  _TIM2_CAP_COM_IRQHandler           stm8s_it
     00009D5A  _TIM3_UPD_OVF_BRK_IRQHandler       stm8s_it
     00009D5B  _TIM3_CAP_COM_IRQHandler           stm8s_it
ASxxxx Linker V03.00 + NoICE + sdld,  page 11.
Hexadecimal  [32-Bits]

Area                                    Addr        Size        Decimal Bytes (Attributes)
--------------------------------        ----        ----        ------- ----- ------------
CODE                                0000871E    00003F30 =       16176. bytes (REL,CON)

      Value  Global                              Global Defined In Module
      -----  --------------------------------   ------------------------
     00009D5C  _I2C_IRQHandler                    stm8s_it
     00009D5D  _UART2_TX_IRQHandler               stm8s_it
     00009D5E  _UART2_RX_IRQHandler               stm8s_it
     00009DCB  _ADC1_IRQHandler                   stm8s_it
     00009DCC  _TIM4_UPD_OVF_IRQHandler           stm8s_it
     00009DCD  _EEPROM_EEC_IRQHandler             stm8s_it
     00009DCE  _ds1302_port_init                  ds1302
     00009E0C  _read_IO                           ds1302
     00009E1A  _write_IO                          ds1302
     00009E28  _ds1302_write_byte                 ds1302
     00009E6A  _ds1302_read_byte                  ds1302
     00009EA6  _ds1302_write                      ds1302
     00009EE4  _ds1302_read                       ds1302
     00009F25  _ds1302_read_time                  ds1302
     00009F90  _ds1302_write_time                 ds1302
     0000A00D  _ds1302_active                     ds1302
     0000A041  _Init_UART2                        uart
     0000A08D  _UART2_Send_Char                   uart
     0000A0A0  _UART2_Send_STR                    uart
     0000A0B1  _putchar                           uart
     0000A0B3  _relay_read                        relay
     0000A0BF  _relay_on                          relay
     0000A0D8  _relay_off                         relay
     0000A0F1  _driver_init                       driver_common
     0000A10D  _driver_loop                       driver_common
     0000A1C7  __delay_5us                        dht12
     0000A1E4  _i2c_init                          dht12
     0000A1FF  _i2c_deinit                        dht12
     0000A21A  _I2CDataInOut                      dht12
     0000A23A  _I2C_Start                         dht12
     0000A285  _I2C_Stop                          dht12
     0000A2D0  _I2C_Rack                          dht12
     0000A31B  _I2C_nAck                          dht12
     0000A366  _SendByte                          dht12
     0000A41F  _RcvByte                           dht12
     0000A4A8  _I2C_Read                          dht12
     0000A53A  _i2c_read                          dht12
     0000A555  _ReadDHT12                         dht12
     0000A5A9  _GPIO_DeInit                       stm8s_gpio
     0000A5B8  _GPIO_Init                         stm8s_gpio
     0000A62D  _GPIO_Write                        stm8s_gpio
     0000A633  _GPIO_WriteHigh                    stm8s_gpio
     0000A63A  _GPIO_WriteLow                     stm8s_gpio
     0000A648  _GPIO_WriteReverse                 stm8s_gpio
     0000A64F  _GPIO_ReadOutputData               stm8s_gpio
     0000A653  _GPIO_ReadInputData                stm8s_gpio
     0000A658  _GPIO_ReadInputPin                 stm8s_gpio
     0000A65F  _GPIO_ExternalPullUpConfig         stm8s_gpio
     0000A67B  _TIM2_DeInit                       stm8s_tim2
     0000A6D4  _TIM2_TimeBaseInit                 stm8s_tim2
     0000A6ED  _TIM2_OC1Init                      stm8s_tim2
ASxxxx Linker V03.00 + NoICE + sdld,  page 12.
Hexadecimal  [32-Bits]

Area                                    Addr        Size        Decimal Bytes (Attributes)
--------------------------------        ----        ----        ------- ----- ------------
CODE                                0000871E    00003F30 =       16176. bytes (REL,CON)

      Value  Global                              Global Defined In Module
      -----  --------------------------------   ------------------------
     0000A722  _TIM2_OC2Init                      stm8s_tim2
     0000A757  _TIM2_OC3Init                      stm8s_tim2
     0000A78C  _TIM2_ICInit                       stm8s_tim2
     0000A7D7  _TIM2_PWMIConfig                   stm8s_tim2
     0000A850  _TIM2_Cmd                          stm8s_tim2
     0000A863  _TIM2_ITConfig                     stm8s_tim2
     0000A880  _TIM2_UpdateDisableConfig          stm8s_tim2
     0000A893  _TIM2_UpdateRequestConfig          stm8s_tim2
     0000A8A6  _TIM2_SelectOnePulseMode           stm8s_tim2
     0000A8B9  _TIM2_PrescalerConfig              stm8s_tim2
     0000A8C6  _TIM2_ForcedOC1Config              stm8s_tim2
     0000A8D1  _TIM2_ForcedOC2Config              stm8s_tim2
     0000A8DC  _TIM2_ForcedOC3Config              stm8s_tim2
     0000A8E7  _TIM2_ARRPreloadConfig             stm8s_tim2
     0000A8FA  _TIM2_OC1PreloadConfig             stm8s_tim2
     0000A90D  _TIM2_OC2PreloadConfig             stm8s_tim2
     0000A920  _TIM2_OC3PreloadConfig             stm8s_tim2
     0000A933  _TIM2_GenerateEvent                stm8s_tim2
     0000A93A  _TIM2_OC1PolarityConfig            stm8s_tim2
     0000A94D  _TIM2_OC2PolarityConfig            stm8s_tim2
     0000A960  _TIM2_OC3PolarityConfig            stm8s_tim2
     0000A973  _TIM2_CCxCmd                       stm8s_tim2
     0000A9B5  _TIM2_SelectOCxM                   stm8s_tim2
     0000A9EB  _TIM2_SetCounter                   stm8s_tim2
     0000A9FE  _TIM2_SetAutoreload                stm8s_tim2
     0000AA11  _TIM2_SetCompare1                  stm8s_tim2
     0000AA24  _TIM2_SetCompare2                  stm8s_tim2
     0000AA37  _TIM2_SetCompare3                  stm8s_tim2
     0000AA4A  _TIM2_SetIC1Prescaler              stm8s_tim2
     0000AA55  _TIM2_SetIC2Prescaler              stm8s_tim2
     0000AA60  _TIM2_SetIC3Prescaler              stm8s_tim2
     0000AA6B  _TIM2_GetCapture1                  stm8s_tim2
     0000AA84  _TIM2_GetCapture2                  stm8s_tim2
     0000AA9D  _TIM2_GetCapture3                  stm8s_tim2
     0000AAB6  _TIM2_GetCounter                   stm8s_tim2
     0000AAD1  _TIM2_GetPrescaler                 stm8s_tim2
     0000AAD5  _TIM2_GetFlagStatus                stm8s_tim2
     0000AAF8  _TIM2_ClearFlag                    stm8s_tim2
     0000AB03  _TIM2_GetITStatus                  stm8s_tim2
     0000AB1E  _TIM2_ClearITPendingBit            stm8s_tim2
     0000ABB8  _IWDG_WriteAccessCmd               stm8s_iwdg
     0000ABBF  _IWDG_SetPrescaler                 stm8s_iwdg
     0000ABC6  _IWDG_SetReload                    stm8s_iwdg
     0000ABCD  _IWDG_ReloadCounter                stm8s_iwdg
     0000ABD2  _IWDG_Enable                       stm8s_iwdg
     0000ABD7  _ITC_GetCPUCC                      stm8s_itc
     0000ABDF  _ITC_DeInit                        stm8s_itc
     0000AC00  _ITC_GetSoftIntStatus              stm8s_itc
     0000AC06  _ITC_GetSoftwarePriority           stm8s_itc
     0000ACAE  _ITC_SetSoftwarePriority           stm8s_itc
     0000AD98  _write_byte_address                stm8s_flash
ASxxxx Linker V03.00 + NoICE + sdld,  page 13.
Hexadecimal  [32-Bits]

Area                                    Addr        Size        Decimal Bytes (Attributes)
--------------------------------        ----        ----        ------- ----- ------------
CODE                                0000871E    00003F30 =       16176. bytes (REL,CON)

      Value  Global                              Global Defined In Module
      -----  --------------------------------   ------------------------
     0000ADAF  _read_byte_address                 stm8s_flash
     0000ADC5  _FLASH_Unlock                      stm8s_flash
     0000ADDD  _FLASH_Lock                        stm8s_flash
     0000ADE6  _FLASH_DeInit                      stm8s_flash
     0000ADFE  _FLASH_ITConfig                    stm8s_flash
     0000AE11  _FLASH_EraseByte                   stm8s_flash
     0000AE1C  _FLASH_ProgramByte                 stm8s_flash
     0000AE28  _FLASH_ReadByte                    stm8s_flash
     0000AE34  _FLASH_ProgramWord                 stm8s_flash
     0000AE80  _FLASH_ProgramOptionByte           stm8s_flash
     0000AEB1  _FLASH_EraseOptionByte             stm8s_flash
     0000AEDD  _FLASH_ReadOptionByte              stm8s_flash
     0000AF15  _FLASH_SetLowPowerMode             stm8s_flash
     0000AF26  _FLASH_SetProgrammingTime          stm8s_flash
     0000AF37  _FLASH_GetLowPowerMode             stm8s_flash
     0000AF3D  _FLASH_GetProgrammingTime          stm8s_flash
     0000AF43  _FLASH_GetBootSize                 stm8s_flash
     0000AF6A  _FLASH_GetFlagStatus               stm8s_flash
     0000AF76  _FLASH_WaitForLastOperation        stm8s_flash
     0000AFA6  _FLASH_EraseBlock                  stm8s_flash
     0000AFE5  _FLASH_ProgramBlock                stm8s_flash
     0000B05B  _EXTI_DeInit                       stm8s_exti
     0000B064  _EXTI_SetExtIntSensitivity         stm8s_exti
     0000B0F4  _EXTI_SetTLISensitivity            stm8s_exti
     0000B105  _EXTI_GetExtIntSensitivity         stm8s_exti
     0000B14A  _EXTI_GetTLISensitivity            stm8s_exti
     0000B150  _ADC1_DeInit                       stm8s_adc1
     0000B181  _ADC1_Init                         stm8s_adc1
     0000B1AF  _ADC1_Cmd                          stm8s_adc1
     0000B1C2  _ADC1_ScanModeCmd                  stm8s_adc1
     0000B1D5  _ADC1_DataBufferCmd                stm8s_adc1
     0000B1E8  _ADC1_ITConfig                     stm8s_adc1
     0000B206  _ADC1_PrescalerConfig              stm8s_adc1
     0000B217  _ADC1_SchmittTriggerConfig         stm8s_adc1
     0000B293  _ADC1_ConversionConfig             stm8s_adc1
     0000B2C6  _ADC1_ExternalTriggerConfig        stm8s_adc1
     0000B2EA  _ADC1_StartConversion              stm8s_adc1
     0000B2EF  _ADC1_GetConversionValue           stm8s_adc1
     0000B335  _ADC1_AWDChannelConfig             stm8s_adc1
     0000B38B  _ADC1_SetHighThreshold             stm8s_adc1
     0000B399  _ADC1_SetLowThreshold              stm8s_adc1
     0000B3A7  _ADC1_GetBufferValue               stm8s_adc1
     0000B3F6  _ADC1_GetAWDChannelStatus          stm8s_adc1
     0000B42F  _ADC1_GetFlagStatus                stm8s_adc1
     0000B494  _ADC1_ClearFlag                    stm8s_adc1
     0000B508  _ADC1_GetITStatus                  stm8s_adc1
     0000B55A  _ADC1_ClearITPendingBit            stm8s_adc1
     0000B5B6  _UART2_DeInit                      stm8s_uart2
     0000B5DD  _UART2_Init                        stm8s_uart2
     0000B746  _UART2_Cmd                         stm8s_uart2
     0000B759  _UART2_ITConfig                    stm8s_uart2
ASxxxx Linker V03.00 + NoICE + sdld,  page 14.
Hexadecimal  [32-Bits]

Area                                    Addr        Size        Decimal Bytes (Attributes)
--------------------------------        ----        ----        ------- ----- ------------
CODE                                0000871E    00003F30 =       16176. bytes (REL,CON)

      Value  Global                              Global Defined In Module
      -----  --------------------------------   ------------------------
     0000B7FB  _UART2_IrDAConfig                  stm8s_uart2
     0000B80E  _UART2_IrDACmd                     stm8s_uart2
     0000B821  _UART2_LINBreakDetectionConfig     stm8s_uart2
     0000B834  _UART2_LINConfig                   stm8s_uart2
     0000B86D  _UART2_LINCmd                      stm8s_uart2
     0000B880  _UART2_SmartCardCmd                stm8s_uart2
     0000B893  _UART2_SmartCardNACKCmd            stm8s_uart2
     0000B8A6  _UART2_WakeUpConfig                stm8s_uart2
     0000B8B3  _UART2_ReceiverWakeUpCmd           stm8s_uart2
     0000B8C6  _UART2_ReceiveData8                stm8s_uart2
     0000B8CA  _UART2_ReceiveData9                stm8s_uart2
     0000B8E7  _UART2_SendData8                   stm8s_uart2
     0000B8EE  _UART2_SendData9                   stm8s_uart2
     0000B90B  _UART2_SendBreak                   stm8s_uart2
     0000B910  _UART2_SetAddress                  stm8s_uart2
     0000B921  _UART2_SetGuardTime                stm8s_uart2
     0000B928  _UART2_SetPrescaler                stm8s_uart2
     0000B92F  _UART2_GetFlagStatus               stm8s_uart2
     0000B988  _UART2_ClearFlag                   stm8s_uart2
     0000B9B6  _UART2_GetITStatus                 stm8s_uart2
     0000BA50  _UART2_ClearITPendingBit           stm8s_uart2
     0000BA6D  _CLK_DeInit                        stm8s_clk
     0000BAA4  _CLK_FastHaltWakeUpCmd             stm8s_clk
     0000BAB7  _CLK_HSECmd                        stm8s_clk
     0000BACA  _CLK_HSICmd                        stm8s_clk
     0000BADD  _CLK_LSICmd                        stm8s_clk
     0000BAF0  _CLK_CCOCmd                        stm8s_clk
     0000BB03  _CLK_ClockSwitchCmd                stm8s_clk
     0000BB16  _CLK_SlowActiveHaltWakeUpCmd       stm8s_clk
     0000BB29  _CLK_PeripheralClockConfig         stm8s_clk
     0000BB71  _CLK_ClockSwitchConfig             stm8s_clk
     0000BC1F  _CLK_HSIPrescalerConfig            stm8s_clk
     0000BC30  _CLK_CCOConfig                     stm8s_clk
     0000BC45  _CLK_ITConfig                      stm8s_clk
     0000BC85  _CLK_SYSCLKConfig                  stm8s_clk
     0000BCB7  _CLK_SWIMConfig                    stm8s_clk
     0000BCCA  _CLK_ClockSecuritySystemEnable     stm8s_clk
     0000BCCF  _CLK_GetSYSCLKSource               stm8s_clk
     0000BCD3  _CLK_GetClockFreq                  stm8s_clk
     0000BD23  _CLK_AdjustHSICalibrationValue     stm8s_clk
     0000BD2E  _CLK_SYSCLKEmergencyClear          stm8s_clk
     0000BD33  _CLK_GetFlagStatus                 stm8s_clk
     0000BD75  _CLK_GetITStatus                   stm8s_clk
     0000BD95  _CLK_ClearITPendingBit             stm8s_clk
     0000BDA5  __mulint                           
     0000BDBE  __modulong                         
     0000BE41  _vsprintf                          sprintf
     0000BE5C  _sprintf                           sprintf
     0000BE7C  __divulong                         
     0000BED6  __modsint                          
     0000BEEC  __mullong                          
ASxxxx Linker V03.00 + NoICE + sdld,  page 15.
Hexadecimal  [32-Bits]

Area                                    Addr        Size        Decimal Bytes (Attributes)
--------------------------------        ----        ----        ------- ----- ------------
CODE                                0000871E    00003F30 =       16176. bytes (REL,CON)

      Value  Global                              Global Defined In Module
      -----  --------------------------------   ------------------------
     0000BF68  __divsint                          
     0000C02A  __print_format                     printf_large
     0000C63F  _strlen                            _strlen

ASxxxx Linker V03.00 + NoICE + sdld,  page 16.

Files Linked                              [ module(s) ]

main.rel                                  [ main ]
driver/adc.rel                            [ adc ]
driver/time2.rel                          [ time2 ]
driver/oled.rel                           [ oled ]
driver/app.rel                            [ app ]
driver/beep.rel                           [ beep ]
driver/key.rel                            [ key ]
driver/modbus.rel                         [ modbus ]
driver/iwdg.rel                           [ iwdg ]
driver/eeprom.rel                         [ eeprom ]
driver/stm8s_it.rel                       [ stm8s_it ]
driver/ds1302.rel                         [ ds1302 ]
driver/uart.rel                           [ uart ]
driver/relay.rel                          [ relay ]
driver/driver_common.rel                  [ driver_common ]
driver/dht12.rel                          [ dht12 ]
STM8S_StdPeriph_Lib/Libraries/STM8S_StdPeriph_Driver/src/stm8s_gpio.rel
                                          [ stm8s_gpio ]
STM8S_StdPeriph_Lib/Libraries/STM8S_StdPeriph_Driver/src/stm8s_tim2.rel
                                          [ stm8s_tim2 ]
STM8S_StdPeriph_Lib/Libraries/STM8S_StdPeriph_Driver/src/stm8s_iwdg.rel
                                          [ stm8s_iwdg ]
STM8S_StdPeriph_Lib/Libraries/STM8S_StdPeriph_Driver/src/stm8s_itc.rel
                                          [ stm8s_itc ]
STM8S_StdPeriph_Lib/Libraries/STM8S_StdPeriph_Driver/src/stm8s_flash.rel
                                          [ stm8s_flash ]
STM8S_StdPeriph_Lib/Libraries/STM8S_StdPeriph_Driver/src/stm8s_exti.rel
                                          [ stm8s_exti ]
STM8S_StdPeriph_Lib/Libraries/STM8S_StdPeriph_Driver/src/stm8s_adc1.rel
                                          [ stm8s_adc1 ]
STM8S_StdPeriph_Lib/Libraries/STM8S_StdPeriph_Driver/src/stm8s_uart2.rel
                                          [ stm8s_uart2 ]
STM8S_StdPeriph_Lib/Libraries/STM8S_StdPeriph_Driver/src/stm8s_clk.rel
                                          [ stm8s_clk ]


Libraries Linked                          [ object file ]

C:\Program Files (x86)\SDCC\bin\..\lib\stm8/stm8.lib
                                          [ _mulint.rel ]
C:\Program Files (x86)\SDCC\bin\..\lib\stm8/stm8.lib
                                          [ _modulong.rel ]
C:\Program Files (x86)\SDCC\bin\..\lib\stm8/stm8.lib
                                          [ sprintf.rel ]
C:\Program Files (x86)\SDCC\bin\..\lib\stm8/stm8.lib
                                          [ _divulong.rel ]
C:\Program Files (x86)\SDCC\bin\..\lib\stm8/stm8.lib
                                          [ _modsint.rel ]
C:\Program Files (x86)\SDCC\bin\..\lib\stm8/stm8.lib
                                          [ _mullong.rel ]
C:\Program Files (x86)\SDCC\bin\..\lib\stm8/stm8.lib
                                          [ _divsint.rel ]
C:\Program Files (x86)\SDCC\bin\..\lib\stm8/stm8.lib
                                          [ printf_large.rel ]
C:\Program Files (x86)\SDCC\bin\..\lib\stm8/stm8.lib
                                          [ _strlen.rel ]

ASxxxx Linker V03.00 + NoICE + sdld,  page 17.

User Base Address Definitions

HOME = 0x8000
DATA = 0x0001
SSEG = 0xffffffff

