ASxxxx Linker V03.00 + NoICE + sdld,  page 1.
Hexadecimal  [32-Bits]

Area                                    Addr        Size        Decimal Bytes (Attributes)
--------------------------------        ----        ----        ------- ----- ------------
.  .ABS.                            00000000    00000000 =           0. bytes (ABS,CON)

      Value  Global                              Global Defined In Module
      -----  --------------------------------   ------------------------
     FFFFFFFF  s_SSEG                          
     00000000  .__.ABS.                           _strlen
     00000000  l_CABS                          
     00000000  l_DABS                          
     00000000  l__CODE                         
     00000000  s_CABS                          
     00000000  s_DABS                          
     00000000  s__CODE                         
     00000001  l_SSEG                          
     00000001  s_DATA                          
     00000003  l_GSFINAL                       
     00000007  l_INITIALIZED                   
     00000007  l_INITIALIZER                   
     0000001A  l_GSINIT                        
     0000006F  l_HOME                          
     00000097  l_DATA                          
     00000098  s_INITIALIZED                   
     00000678  l_CONST                         
     00003835  l_CODE                          
     00008000  s_HOME                          
     0000806F  s_GSINIT                        
     00008089  s_GSFINAL                       
     0000808C  s_CONST                         
     00008704  s_INITIALIZER                   
     0000870B  s_CODE                          

ASxxxx Linker V03.00 + NoICE + sdld,  page 2.
Hexadecimal  [32-Bits]

Area                                    Addr        Size        Decimal Bytes (Attributes)
--------------------------------        ----        ----        ------- ----- ------------
DATA                                00000001    00000097 =         151. bytes (REL,CON)

      Value  Global                              Global Defined In Module
      -----  --------------------------------   ------------------------
     00000078  _modbus_buff                       modbus
     00000082  _ds_time                           driver_common
     00000089  _dh_data                           driver_common
     0000008F  _adc_data                          driver_common
     00000093  _asm_addr                          stm8s_flash
     00000097  _asm_val                           stm8s_flash
ASxxxx Linker V03.00 + NoICE + sdld,  page 3.
Hexadecimal  [32-Bits]

Area                                    Addr        Size        Decimal Bytes (Attributes)
--------------------------------        ----        ----        ------- ----- ------------
INITIALIZED                         00000098    00000007 =           7. bytes (REL,CON)

      Value  Global                              Global Defined In Module
      -----  --------------------------------   ------------------------
     00000098  _keycount                          key
     0000009D  _modbus_status                     modbus
     0000009E  _last_uart_receive_time            stm8s_it
ASxxxx Linker V03.00 + NoICE + sdld,  page 4.
Hexadecimal  [32-Bits]

Area                                    Addr        Size        Decimal Bytes (Attributes)
--------------------------------        ----        ----        ------- ----- ------------
SSEG                                FFFFFFFF    00000001 =           1. bytes (REL,CON)

      Value  Global                              Global Defined In Module
      -----  --------------------------------   ------------------------
ASxxxx Linker V03.00 + NoICE + sdld,  page 5.
Hexadecimal  [32-Bits]

Area                                    Addr        Size        Decimal Bytes (Attributes)
--------------------------------        ----        ----        ------- ----- ------------
HOME                                00008000    0000006F =         111. bytes (REL,CON)

      Value  Global                              Global Defined In Module
      -----  --------------------------------   ------------------------
ASxxxx Linker V03.00 + NoICE + sdld,  page 6.
Hexadecimal  [32-Bits]

Area                                    Addr        Size        Decimal Bytes (Attributes)
--------------------------------        ----        ----        ------- ----- ------------
GSINIT                              0000806F    0000001A =          26. bytes (REL,CON)

      Value  Global                              Global Defined In Module
      -----  --------------------------------   ------------------------
ASxxxx Linker V03.00 + NoICE + sdld,  page 7.
Hexadecimal  [32-Bits]

Area                                    Addr        Size        Decimal Bytes (Attributes)
--------------------------------        ----        ----        ------- ----- ------------
GSFINAL                             00008089    00000003 =           3. bytes (REL,CON)

      Value  Global                              Global Defined In Module
      -----  --------------------------------   ------------------------
ASxxxx Linker V03.00 + NoICE + sdld,  page 8.
Hexadecimal  [32-Bits]

Area                                    Addr        Size        Decimal Bytes (Attributes)
--------------------------------        ----        ----        ------- ----- ------------
CONST                               0000808C    00000678 =        1656. bytes (REL,CON)

      Value  Global                              Global Defined In Module
      -----  --------------------------------   ------------------------
     0000808C  _F8X16                             oled
     000086F5  _HSIDivFactor                      stm8s_clk

ASxxxx Linker V03.00 + NoICE + sdld,  page 9.
Hexadecimal  [32-Bits]

Area                                    Addr        Size        Decimal Bytes (Attributes)
--------------------------------        ----        ----        ------- ----- ------------
INITIALIZER                         00008704    00000007 =           7. bytes (REL,CON)

      Value  Global                              Global Defined In Module
      -----  --------------------------------   ------------------------
ASxxxx Linker V03.00 + NoICE + sdld,  page 10.
Hexadecimal  [32-Bits]

Area                                    Addr        Size        Decimal Bytes (Attributes)
--------------------------------        ----        ----        ------- ----- ------------
CODE                                0000870B    00003835 =       14389. bytes (REL,CON)

      Value  Global                              Global Defined In Module
      -----  --------------------------------   ------------------------
     0000870B  _Delay                             main
     0000873C  _main                              main
     0000874B  _ReadADC                           adc
     000087A4  _ReadDin                           adc
     000087BD  _delay_ms                          oled
     000087D9  _OLED_WR_Byte                      oled
     00008856  _OLED_Set_Pos                      oled
     00008884  _OLED_Display_On                   oled
     0000889D  _OLED_Display_Off                  oled
     000088B6  _OLED_Clear                        oled
     000088EE  _OLED_ShowChar                     oled
     00008961  _oled_pow                          oled
     00008995  _OLED_ShowNum                      oled
     00008A32  _OLED_ShowString                   oled
     00008A63  _OLED_Init                         oled
     00008BC9  _Is_In_Area                        app
     00008C42  _app_init                          app
     00008C73  _app_loop                          app
     0000973D  _beep_init                         beep
     0000974B  _beep_read                         beep
     00009757  _beep_on                           beep
     00009770  _beep_off                          beep
     00009789  _key_init                          key
     000097E1  _key_read                          key
     000097F9  _CRC16                             modbus
     0000984E  _modbus_send                       modbus
     00009875  _modbus_virtual_write              modbus
     000098EE  _modbus_virtual_read               modbus
     00009A6A  _modbus_process                    modbus
     00009C39  _eeprom_read                       eeprom
     00009C4D  _eeprom_write                      eeprom
     00009C8B  _TRAP_IRQHandler                   stm8s_it
     00009C8C  _TLI_IRQHandler                    stm8s_it
     00009C8D  _AWU_IRQHandler                    stm8s_it
     00009C8E  _CLK_IRQHandler                    stm8s_it
     00009C8F  _EXTI_PORTA_IRQHandler             stm8s_it
     00009C90  _EXTI_PORTB_IRQHandler             stm8s_it
     00009C91  _EXTI_PORTC_IRQHandler             stm8s_it
     00009C92  _EXTI_PORTD_IRQHandler             stm8s_it
     00009CBA  _EXTI_PORTE_IRQHandler             stm8s_it
     00009CBB  _SPI_IRQHandler                    stm8s_it
     00009CBC  _TIM1_UPD_OVF_TRG_BRK_IRQHandler   stm8s_it
     00009CBD  _TIM1_CAP_COM_IRQHandler           stm8s_it
     00009CBE  _TIM2_UPD_OVF_BRK_IRQHandler       stm8s_it
     00009CBF  _TIM2_CAP_COM_IRQHandler           stm8s_it
     00009CC0  _TIM3_UPD_OVF_BRK_IRQHandler       stm8s_it
     00009CC1  _TIM3_CAP_COM_IRQHandler           stm8s_it
     00009CC2  _I2C_IRQHandler                    stm8s_it
     00009CC3  _UART2_TX_IRQHandler               stm8s_it
     00009CC4  _UART2_RX_IRQHandler               stm8s_it
ASxxxx Linker V03.00 + NoICE + sdld,  page 11.
Hexadecimal  [32-Bits]

Area                                    Addr        Size        Decimal Bytes (Attributes)
--------------------------------        ----        ----        ------- ----- ------------
CODE                                0000870B    00003835 =       14389. bytes (REL,CON)

      Value  Global                              Global Defined In Module
      -----  --------------------------------   ------------------------
     00009D44  _ADC1_IRQHandler                   stm8s_it
     00009D45  _TIM4_UPD_OVF_IRQHandler           stm8s_it
     00009D46  _EEPROM_EEC_IRQHandler             stm8s_it
     00009D47  _ds1302_port_deinit                ds1302
     00009D6F  _ds1302_port_init                  ds1302
     00009DAD  _read_IO                           ds1302
     00009DBB  _write_IO                          ds1302
     00009DC9  _ds1302_write_byte                 ds1302
     00009E0B  _ds1302_read_byte                  ds1302
     00009E47  _ds1302_write                      ds1302
     00009E85  _ds1302_read                       ds1302
     00009EC6  _ds1302_read_time                  ds1302
     00009F34  _ds1302_write_time                 ds1302
     00009FB4  _ds1302_active                     ds1302
     00009FEA  _Init_UART2                        uart
     0000A036  _UART2_Send_Char                   uart
     0000A049  _UART2_Send_STR                    uart
     0000A05A  _putchar                           uart
     0000A05C  _relay_read                        relay
     0000A068  _relay_on                          relay
     0000A081  _relay_off                         relay
     0000A09A  _driver_init                       driver_common
     0000A0AB  _driver_loop                       driver_common
     0000A0F9  _i2c_init                          dht12
     0000A114  _i2c_deinit                        dht12
     0000A12F  _I2CDataInOut                      dht12
     0000A14F  _I2C_Start                         dht12
     0000A182  _I2C_Stop                          dht12
     0000A1B5  _I2C_Rack                          dht12
     0000A1E8  _I2C_nAck                          dht12
     0000A21B  _SendByte                          dht12
     0000A2BE  _RcvByte                           dht12
     0000A31F  _I2C_Read                          dht12
     0000A3A1  _i2c_read                          dht12
     0000A3BC  _ReadDHT12                         dht12
     0000A410  _GPIO_DeInit                       stm8s_gpio
     0000A41F  _GPIO_Init                         stm8s_gpio
     0000A494  _GPIO_Write                        stm8s_gpio
     0000A49A  _GPIO_WriteHigh                    stm8s_gpio
     0000A4A1  _GPIO_WriteLow                     stm8s_gpio
     0000A4AF  _GPIO_WriteReverse                 stm8s_gpio
     0000A4B6  _GPIO_ReadOutputData               stm8s_gpio
     0000A4BA  _GPIO_ReadInputData                stm8s_gpio
     0000A4BF  _GPIO_ReadInputPin                 stm8s_gpio
     0000A4C6  _GPIO_ExternalPullUpConfig         stm8s_gpio
     0000A4E2  _ITC_GetCPUCC                      stm8s_itc
     0000A4EA  _ITC_DeInit                        stm8s_itc
     0000A50B  _ITC_GetSoftIntStatus              stm8s_itc
     0000A511  _ITC_GetSoftwarePriority           stm8s_itc
     0000A5B9  _ITC_SetSoftwarePriority           stm8s_itc
     0000A6A3  _write_byte_address                stm8s_flash
ASxxxx Linker V03.00 + NoICE + sdld,  page 12.
Hexadecimal  [32-Bits]

Area                                    Addr        Size        Decimal Bytes (Attributes)
--------------------------------        ----        ----        ------- ----- ------------
CODE                                0000870B    00003835 =       14389. bytes (REL,CON)

      Value  Global                              Global Defined In Module
      -----  --------------------------------   ------------------------
     0000A6BA  _read_byte_address                 stm8s_flash
     0000A6D0  _FLASH_Unlock                      stm8s_flash
     0000A6E8  _FLASH_Lock                        stm8s_flash
     0000A6F1  _FLASH_DeInit                      stm8s_flash
     0000A709  _FLASH_ITConfig                    stm8s_flash
     0000A71C  _FLASH_EraseByte                   stm8s_flash
     0000A727  _FLASH_ProgramByte                 stm8s_flash
     0000A733  _FLASH_ReadByte                    stm8s_flash
     0000A73F  _FLASH_ProgramWord                 stm8s_flash
     0000A78B  _FLASH_ProgramOptionByte           stm8s_flash
     0000A7BC  _FLASH_EraseOptionByte             stm8s_flash
     0000A7E8  _FLASH_ReadOptionByte              stm8s_flash
     0000A820  _FLASH_SetLowPowerMode             stm8s_flash
     0000A831  _FLASH_SetProgrammingTime          stm8s_flash
     0000A842  _FLASH_GetLowPowerMode             stm8s_flash
     0000A848  _FLASH_GetProgrammingTime          stm8s_flash
     0000A84E  _FLASH_GetBootSize                 stm8s_flash
     0000A875  _FLASH_GetFlagStatus               stm8s_flash
     0000A881  _FLASH_WaitForLastOperation        stm8s_flash
     0000A8B1  _FLASH_EraseBlock                  stm8s_flash
     0000A8F0  _FLASH_ProgramBlock                stm8s_flash
     0000A966  _EXTI_DeInit                       stm8s_exti
     0000A96F  _EXTI_SetExtIntSensitivity         stm8s_exti
     0000A9FF  _EXTI_SetTLISensitivity            stm8s_exti
     0000AA10  _EXTI_GetExtIntSensitivity         stm8s_exti
     0000AA55  _EXTI_GetTLISensitivity            stm8s_exti
     0000AA5B  _ADC1_DeInit                       stm8s_adc1
     0000AA8C  _ADC1_Init                         stm8s_adc1
     0000AABA  _ADC1_Cmd                          stm8s_adc1
     0000AACD  _ADC1_ScanModeCmd                  stm8s_adc1
     0000AAE0  _ADC1_DataBufferCmd                stm8s_adc1
     0000AAF3  _ADC1_ITConfig                     stm8s_adc1
     0000AB11  _ADC1_PrescalerConfig              stm8s_adc1
     0000AB22  _ADC1_SchmittTriggerConfig         stm8s_adc1
     0000AB9E  _ADC1_ConversionConfig             stm8s_adc1
     0000ABD1  _ADC1_ExternalTriggerConfig        stm8s_adc1
     0000ABF5  _ADC1_StartConversion              stm8s_adc1
     0000ABFA  _ADC1_GetConversionValue           stm8s_adc1
     0000AC40  _ADC1_AWDChannelConfig             stm8s_adc1
     0000AC96  _ADC1_SetHighThreshold             stm8s_adc1
     0000ACA4  _ADC1_SetLowThreshold              stm8s_adc1
     0000ACB2  _ADC1_GetBufferValue               stm8s_adc1
     0000AD01  _ADC1_GetAWDChannelStatus          stm8s_adc1
     0000AD3A  _ADC1_GetFlagStatus                stm8s_adc1
     0000AD9F  _ADC1_ClearFlag                    stm8s_adc1
     0000AE13  _ADC1_GetITStatus                  stm8s_adc1
     0000AE65  _ADC1_ClearITPendingBit            stm8s_adc1
     0000AEC1  _UART2_DeInit                      stm8s_uart2
     0000AEE8  _UART2_Init                        stm8s_uart2
     0000B051  _UART2_Cmd                         stm8s_uart2
     0000B064  _UART2_ITConfig                    stm8s_uart2
ASxxxx Linker V03.00 + NoICE + sdld,  page 13.
Hexadecimal  [32-Bits]

Area                                    Addr        Size        Decimal Bytes (Attributes)
--------------------------------        ----        ----        ------- ----- ------------
CODE                                0000870B    00003835 =       14389. bytes (REL,CON)

      Value  Global                              Global Defined In Module
      -----  --------------------------------   ------------------------
     0000B106  _UART2_IrDAConfig                  stm8s_uart2
     0000B119  _UART2_IrDACmd                     stm8s_uart2
     0000B12C  _UART2_LINBreakDetectionConfig     stm8s_uart2
     0000B13F  _UART2_LINConfig                   stm8s_uart2
     0000B178  _UART2_LINCmd                      stm8s_uart2
     0000B18B  _UART2_SmartCardCmd                stm8s_uart2
     0000B19E  _UART2_SmartCardNACKCmd            stm8s_uart2
     0000B1B1  _UART2_WakeUpConfig                stm8s_uart2
     0000B1BE  _UART2_ReceiverWakeUpCmd           stm8s_uart2
     0000B1D1  _UART2_ReceiveData8                stm8s_uart2
     0000B1D5  _UART2_ReceiveData9                stm8s_uart2
     0000B1F2  _UART2_SendData8                   stm8s_uart2
     0000B1F9  _UART2_SendData9                   stm8s_uart2
     0000B216  _UART2_SendBreak                   stm8s_uart2
     0000B21B  _UART2_SetAddress                  stm8s_uart2
     0000B22C  _UART2_SetGuardTime                stm8s_uart2
     0000B233  _UART2_SetPrescaler                stm8s_uart2
     0000B23A  _UART2_GetFlagStatus               stm8s_uart2
     0000B293  _UART2_ClearFlag                   stm8s_uart2
     0000B2C1  _UART2_GetITStatus                 stm8s_uart2
     0000B35B  _UART2_ClearITPendingBit           stm8s_uart2
     0000B378  _CLK_DeInit                        stm8s_clk
     0000B3AF  _CLK_FastHaltWakeUpCmd             stm8s_clk
     0000B3C2  _CLK_HSECmd                        stm8s_clk
     0000B3D5  _CLK_HSICmd                        stm8s_clk
     0000B3E8  _CLK_LSICmd                        stm8s_clk
     0000B3FB  _CLK_CCOCmd                        stm8s_clk
     0000B40E  _CLK_ClockSwitchCmd                stm8s_clk
     0000B421  _CLK_SlowActiveHaltWakeUpCmd       stm8s_clk
     0000B434  _CLK_PeripheralClockConfig         stm8s_clk
     0000B47C  _CLK_ClockSwitchConfig             stm8s_clk
     0000B52A  _CLK_HSIPrescalerConfig            stm8s_clk
     0000B53B  _CLK_CCOConfig                     stm8s_clk
     0000B550  _CLK_ITConfig                      stm8s_clk
     0000B590  _CLK_SYSCLKConfig                  stm8s_clk
     0000B5C2  _CLK_SWIMConfig                    stm8s_clk
     0000B5D5  _CLK_ClockSecuritySystemEnable     stm8s_clk
     0000B5DA  _CLK_GetSYSCLKSource               stm8s_clk
     0000B5DE  _CLK_GetClockFreq                  stm8s_clk
     0000B62E  _CLK_AdjustHSICalibrationValue     stm8s_clk
     0000B639  _CLK_SYSCLKEmergencyClear          stm8s_clk
     0000B63E  _CLK_GetFlagStatus                 stm8s_clk
     0000B680  _CLK_GetITStatus                   stm8s_clk
     0000B6A0  _CLK_ClearITPendingBit             stm8s_clk
     0000B6B0  __modulong                         
     0000B733  _vsprintf                          sprintf
     0000B74E  _sprintf                           sprintf
     0000B76E  __divulong                         
     0000B7C8  __modsint                          
     0000B7DE  __mullong                          
     0000B85A  __divsint                          
ASxxxx Linker V03.00 + NoICE + sdld,  page 14.
Hexadecimal  [32-Bits]

Area                                    Addr        Size        Decimal Bytes (Attributes)
--------------------------------        ----        ----        ------- ----- ------------
CODE                                0000870B    00003835 =       14389. bytes (REL,CON)

      Value  Global                              Global Defined In Module
      -----  --------------------------------   ------------------------
     0000B91C  __print_format                     printf_large
     0000BF31  _strlen                            _strlen

ASxxxx Linker V03.00 + NoICE + sdld,  page 15.

Files Linked                              [ module(s) ]

main.rel                                  [ main ]
driver/adc.rel                            [ adc ]
driver/oled.rel                           [ oled ]
driver/app.rel                            [ app ]
driver/beep.rel                           [ beep ]
driver/key.rel                            [ key ]
driver/modbus.rel                         [ modbus ]
driver/eeprom.rel                         [ eeprom ]
driver/stm8s_it.rel                       [ stm8s_it ]
driver/ds1302.rel                         [ ds1302 ]
driver/uart.rel                           [ uart ]
driver/relay.rel                          [ relay ]
driver/driver_common.rel                  [ driver_common ]
driver/dht12.rel                          [ dht12 ]
STM8S_StdPeriph_Lib/Libraries/STM8S_StdPeriph_Driver/src/stm8s_gpio.rel
                                          [ stm8s_gpio ]
STM8S_StdPeriph_Lib/Libraries/STM8S_StdPeriph_Driver/src/stm8s_itc.rel
                                          [ stm8s_itc ]
STM8S_StdPeriph_Lib/Libraries/STM8S_StdPeriph_Driver/src/stm8s_flash.rel
                                          [ stm8s_flash ]
STM8S_StdPeriph_Lib/Libraries/STM8S_StdPeriph_Driver/src/stm8s_exti.rel
                                          [ stm8s_exti ]
STM8S_StdPeriph_Lib/Libraries/STM8S_StdPeriph_Driver/src/stm8s_adc1.rel
                                          [ stm8s_adc1 ]
STM8S_StdPeriph_Lib/Libraries/STM8S_StdPeriph_Driver/src/stm8s_uart2.rel
                                          [ stm8s_uart2 ]
STM8S_StdPeriph_Lib/Libraries/STM8S_StdPeriph_Driver/src/stm8s_clk.rel
                                          [ stm8s_clk ]


Libraries Linked                          [ object file ]

C:\Program Files (x86)\SDCC\bin\..\lib\stm8/stm8.lib
                                          [ _modulong.rel ]
C:\Program Files (x86)\SDCC\bin\..\lib\stm8/stm8.lib
                                          [ sprintf.rel ]
C:\Program Files (x86)\SDCC\bin\..\lib\stm8/stm8.lib
                                          [ _divulong.rel ]
C:\Program Files (x86)\SDCC\bin\..\lib\stm8/stm8.lib
                                          [ _modsint.rel ]
C:\Program Files (x86)\SDCC\bin\..\lib\stm8/stm8.lib
                                          [ _mullong.rel ]
C:\Program Files (x86)\SDCC\bin\..\lib\stm8/stm8.lib
                                          [ _divsint.rel ]
C:\Program Files (x86)\SDCC\bin\..\lib\stm8/stm8.lib
                                          [ printf_large.rel ]
C:\Program Files (x86)\SDCC\bin\..\lib\stm8/stm8.lib
                                          [ _strlen.rel ]

ASxxxx Linker V03.00 + NoICE + sdld,  page 16.

User Base Address Definitions

HOME = 0x8000
DATA = 0x0001
SSEG = 0xffffffff

