ASxxxx Linker V03.00 + NoICE + sdld,  page 1.
Hexadecimal  [32-Bits]

Area                                    Addr        Size        Decimal Bytes (Attributes)
--------------------------------        ----        ----        ------- ----- ------------
.  .ABS.                            00000000    00000000 =           0. bytes (ABS,CON)

      Value  Global                              Global Defined In Module
      -----  --------------------------------   ------------------------
     FFFFFFFF  s_SSEG                          
     00000000  .__.ABS.                           _strlen
     00000000  l_CABS                          
     00000000  l_DABS                          
     00000000  l__CODE                         
     00000000  s_CABS                          
     00000000  s_DABS                          
     00000000  s__CODE                         
     00000001  l_SSEG                          
     00000001  s_DATA                          
     00000003  l_GSFINAL                       
     00000007  l_INITIALIZED                   
     00000007  l_INITIALIZER                   
     0000001A  l_GSINIT                        
     0000001D  l_DATA                          
     0000001E  s_INITIALIZED                   
     0000006F  l_HOME                          
     00000667  l_CONST                         
     00002BDB  l_CODE                          
     00008000  s_HOME                          
     0000806F  s_GSINIT                        
     00008089  s_GSFINAL                       
     0000808C  s_CONST                         
     000086F3  s_INITIALIZER                   
     000086FA  s_CODE                          

ASxxxx Linker V03.00 + NoICE + sdld,  page 2.
Hexadecimal  [32-Bits]

Area                                    Addr        Size        Decimal Bytes (Attributes)
--------------------------------        ----        ----        ------- ----- ------------
DATA                                00000001    0000001D =          29. bytes (REL,CON)

      Value  Global                              Global Defined In Module
      -----  --------------------------------   ------------------------
     00000001  _ds_time                           driver_common
     00000008  _dh_data                           driver_common
     0000000E  _adc_data                          driver_common
     00000011  _modbus_buff                       modbus
     00000019  _asm_addr                          stm8s_flash
     0000001D  _asm_val                           stm8s_flash
ASxxxx Linker V03.00 + NoICE + sdld,  page 3.
Hexadecimal  [32-Bits]

Area                                    Addr        Size        Decimal Bytes (Attributes)
--------------------------------        ----        ----        ------- ----- ------------
INITIALIZED                         0000001E    00000007 =           7. bytes (REL,CON)

      Value  Global                              Global Defined In Module
      -----  --------------------------------   ------------------------
     0000001E  _last_uart_receive_time            stm8s_it
     0000001F  _modbus_status                     modbus
     00000020  _keycount                          key
ASxxxx Linker V03.00 + NoICE + sdld,  page 4.
Hexadecimal  [32-Bits]

Area                                    Addr        Size        Decimal Bytes (Attributes)
--------------------------------        ----        ----        ------- ----- ------------
SSEG                                FFFFFFFF    00000001 =           1. bytes (REL,CON)

      Value  Global                              Global Defined In Module
      -----  --------------------------------   ------------------------
ASxxxx Linker V03.00 + NoICE + sdld,  page 5.
Hexadecimal  [32-Bits]

Area                                    Addr        Size        Decimal Bytes (Attributes)
--------------------------------        ----        ----        ------- ----- ------------
HOME                                00008000    0000006F =         111. bytes (REL,CON)

      Value  Global                              Global Defined In Module
      -----  --------------------------------   ------------------------
ASxxxx Linker V03.00 + NoICE + sdld,  page 6.
Hexadecimal  [32-Bits]

Area                                    Addr        Size        Decimal Bytes (Attributes)
--------------------------------        ----        ----        ------- ----- ------------
GSINIT                              0000806F    0000001A =          26. bytes (REL,CON)

      Value  Global                              Global Defined In Module
      -----  --------------------------------   ------------------------
ASxxxx Linker V03.00 + NoICE + sdld,  page 7.
Hexadecimal  [32-Bits]

Area                                    Addr        Size        Decimal Bytes (Attributes)
--------------------------------        ----        ----        ------- ----- ------------
GSFINAL                             00008089    00000003 =           3. bytes (REL,CON)

      Value  Global                              Global Defined In Module
      -----  --------------------------------   ------------------------
ASxxxx Linker V03.00 + NoICE + sdld,  page 8.
Hexadecimal  [32-Bits]

Area                                    Addr        Size        Decimal Bytes (Attributes)
--------------------------------        ----        ----        ------- ----- ------------
CONST                               0000808C    00000667 =        1639. bytes (REL,CON)

      Value  Global                              Global Defined In Module
      -----  --------------------------------   ------------------------
     000080F4  _F8X16                             oled
     000086E4  _HSIDivFactor                      stm8s_clk

ASxxxx Linker V03.00 + NoICE + sdld,  page 9.
Hexadecimal  [32-Bits]

Area                                    Addr        Size        Decimal Bytes (Attributes)
--------------------------------        ----        ----        ------- ----- ------------
INITIALIZER                         000086F3    00000007 =           7. bytes (REL,CON)

      Value  Global                              Global Defined In Module
      -----  --------------------------------   ------------------------
ASxxxx Linker V03.00 + NoICE + sdld,  page 10.
Hexadecimal  [32-Bits]

Area                                    Addr        Size        Decimal Bytes (Attributes)
--------------------------------        ----        ----        ------- ----- ------------
CODE                                000086FA    00002BDB =       11227. bytes (REL,CON)

      Value  Global                              Global Defined In Module
      -----  --------------------------------   ------------------------
     000086FA  _Delay                             main
     00008704  _main                              main
     00008943  _i2c_init                          dht12
     0000895E  _i2c_deinit                        dht12
     00008979  _I2CDataInOut                      dht12
     00008999  _I2C_Start                         dht12
     000089CC  _I2C_Stop                          dht12
     000089FF  _I2C_Rack                          dht12
     00008A32  _I2C_nAck                          dht12
     00008A65  _SendByte                          dht12
     00008B0A  _RcvByte                           dht12
     00008B6E  _I2C_Read                          dht12
     00008BEE  _i2c_read                          dht12
     00008C09  _ReadDHT12                         dht12
     00008C64  _driver_init                       driver_common
     00008C78  _driver_loop                       driver_common
     00008CD2  _relay_read                        relay
     00008CDE  _relay_on                          relay
     00008CF7  _relay_off                         relay
     00008D10  _Init_UART2                        uart
     00008D54  _UART2_Send_Char                   uart
     00008D68  _UART2_Send_STR                    uart
     00008D79  _putchar                           uart
     00008D7B  _ds1302_port_deinit                ds1302
     00008DA3  _ds1302_port_init                  ds1302
     00008DE1  _read_IO                           ds1302
     00008DEF  _write_IO                          ds1302
     00008DFD  _ds1302_write_byte                 ds1302
     00008E3F  _ds1302_read_byte                  ds1302
     00008E81  _ds1302_write                      ds1302
     00008EBF  _ds1302_read                       ds1302
     00008F00  _ds1302_read_time                  ds1302
     00008F70  _ds1302_write_time                 ds1302
     00008FFE  _ds1302_active                     ds1302
     00009038  _TRAP_IRQHandler                   stm8s_it
     00009039  _TLI_IRQHandler                    stm8s_it
     0000903A  _AWU_IRQHandler                    stm8s_it
     0000903B  _CLK_IRQHandler                    stm8s_it
     0000903C  _EXTI_PORTA_IRQHandler             stm8s_it
     0000903D  _EXTI_PORTB_IRQHandler             stm8s_it
     0000903E  _EXTI_PORTC_IRQHandler             stm8s_it
     0000903F  _EXTI_PORTD_IRQHandler             stm8s_it
     0000906B  _EXTI_PORTE_IRQHandler             stm8s_it
     0000906C  _SPI_IRQHandler                    stm8s_it
     0000906D  _TIM1_UPD_OVF_TRG_BRK_IRQHandler   stm8s_it
     0000906E  _TIM1_CAP_COM_IRQHandler           stm8s_it
     0000906F  _TIM2_UPD_OVF_BRK_IRQHandler       stm8s_it
     00009070  _TIM2_CAP_COM_IRQHandler           stm8s_it
     00009071  _TIM3_UPD_OVF_BRK_IRQHandler       stm8s_it
     00009072  _TIM3_CAP_COM_IRQHandler           stm8s_it
ASxxxx Linker V03.00 + NoICE + sdld,  page 11.
Hexadecimal  [32-Bits]

Area                                    Addr        Size        Decimal Bytes (Attributes)
--------------------------------        ----        ----        ------- ----- ------------
CODE                                000086FA    00002BDB =       11227. bytes (REL,CON)

      Value  Global                              Global Defined In Module
      -----  --------------------------------   ------------------------
     00009073  _I2C_IRQHandler                    stm8s_it
     00009074  _UART2_TX_IRQHandler               stm8s_it
     00009075  _UART2_RX_IRQHandler               stm8s_it
     000090EB  _ADC1_IRQHandler                   stm8s_it
     000090EC  _TIM4_UPD_OVF_IRQHandler           stm8s_it
     000090ED  _EEPROM_EEC_IRQHandler             stm8s_it
     000090EE  _eeprom_read                       eeprom
     00009107  _eeprom_write                      eeprom
     0000914A  _CRC16                             modbus
     0000919F  _modbus_send                       modbus
     000091C7  _modbus_process                    modbus
     0000934D  _key_init                          key
     0000939E  _key_read                          key
     000093B6  _beep_init                         beep
     000093C4  _beep_read                         beep
     000093D0  _beep_on                           beep
     000093E9  _beep_off                          beep
     00009402  _delay_ms                          oled
     00009420  _OLED_WR_Byte                      oled
     0000949D  _OLED_Set_Pos                      oled
     000094DA  _OLED_Display_On                   oled
     000094F6  _OLED_Display_Off                  oled
     00009512  _OLED_Clear                        oled
     0000954E  _OLED_ShowChar                     oled
     000095C5  _oled_pow                          oled
     000095FA  _OLED_ShowNum                      oled
     00009697  _OLED_ShowString                   oled
     000096CA  _OLED_Init                         oled
     00009850  _ReadADC                           adc
     000098A2  _ReadDin                           adc
     000098BB  _GPIO_DeInit                       stm8s_gpio
     000098CA  _GPIO_Init                         stm8s_gpio
     0000993F  _GPIO_Write                        stm8s_gpio
     00009945  _GPIO_WriteHigh                    stm8s_gpio
     0000994C  _GPIO_WriteLow                     stm8s_gpio
     0000995A  _GPIO_WriteReverse                 stm8s_gpio
     00009961  _GPIO_ReadOutputData               stm8s_gpio
     00009965  _GPIO_ReadInputData                stm8s_gpio
     0000996A  _GPIO_ReadInputPin                 stm8s_gpio
     00009971  _GPIO_ExternalPullUpConfig         stm8s_gpio
     0000998D  _write_byte_address                stm8s_flash
     000099A4  _read_byte_address                 stm8s_flash
     000099BA  _FLASH_Unlock                      stm8s_flash
     000099D2  _FLASH_Lock                        stm8s_flash
     000099DB  _FLASH_DeInit                      stm8s_flash
     000099F3  _FLASH_ITConfig                    stm8s_flash
     00009A06  _FLASH_EraseByte                   stm8s_flash
     00009A11  _FLASH_ProgramByte                 stm8s_flash
     00009A1D  _FLASH_ReadByte                    stm8s_flash
     00009A29  _FLASH_ProgramWord                 stm8s_flash
     00009A75  _FLASH_ProgramOptionByte           stm8s_flash
ASxxxx Linker V03.00 + NoICE + sdld,  page 12.
Hexadecimal  [32-Bits]

Area                                    Addr        Size        Decimal Bytes (Attributes)
--------------------------------        ----        ----        ------- ----- ------------
CODE                                000086FA    00002BDB =       11227. bytes (REL,CON)

      Value  Global                              Global Defined In Module
      -----  --------------------------------   ------------------------
     00009AAA  _FLASH_EraseOptionByte             stm8s_flash
     00009ADA  _FLASH_ReadOptionByte              stm8s_flash
     00009B16  _FLASH_SetLowPowerMode             stm8s_flash
     00009B27  _FLASH_SetProgrammingTime          stm8s_flash
     00009B38  _FLASH_GetLowPowerMode             stm8s_flash
     00009B3E  _FLASH_GetProgrammingTime          stm8s_flash
     00009B44  _FLASH_GetBootSize                 stm8s_flash
     00009B6B  _FLASH_GetFlagStatus               stm8s_flash
     00009B77  _FLASH_WaitForLastOperation        stm8s_flash
     00009BA7  _FLASH_EraseBlock                  stm8s_flash
     00009BDF  _FLASH_ProgramBlock                stm8s_flash
     00009C57  _EXTI_DeInit                       stm8s_exti
     00009C60  _EXTI_SetExtIntSensitivity         stm8s_exti
     00009CF2  _EXTI_SetTLISensitivity            stm8s_exti
     00009D03  _EXTI_GetExtIntSensitivity         stm8s_exti
     00009D48  _EXTI_GetTLISensitivity            stm8s_exti
     00009D4E  _ADC1_DeInit                       stm8s_adc1
     00009D7F  _ADC1_Init                         stm8s_adc1
     00009DAF  _ADC1_Cmd                          stm8s_adc1
     00009DC2  _ADC1_ScanModeCmd                  stm8s_adc1
     00009DD5  _ADC1_DataBufferCmd                stm8s_adc1
     00009DE8  _ADC1_ITConfig                     stm8s_adc1
     00009E06  _ADC1_PrescalerConfig              stm8s_adc1
     00009E17  _ADC1_SchmittTriggerConfig         stm8s_adc1
     00009E95  _ADC1_ConversionConfig             stm8s_adc1
     00009EC8  _ADC1_ExternalTriggerConfig        stm8s_adc1
     00009EEC  _ADC1_StartConversion              stm8s_adc1
     00009EF1  _ADC1_GetConversionValue           stm8s_adc1
     00009F31  _ADC1_AWDChannelConfig             stm8s_adc1
     00009F89  _ADC1_SetHighThreshold             stm8s_adc1
     00009F97  _ADC1_SetLowThreshold              stm8s_adc1
     00009FA5  _ADC1_GetBufferValue               stm8s_adc1
     00009FF2  _ADC1_GetAWDChannelStatus          stm8s_adc1
     0000A02C  _ADC1_GetFlagStatus                stm8s_adc1
     0000A091  _ADC1_ClearFlag                    stm8s_adc1
     0000A101  _ADC1_GetITStatus                  stm8s_adc1
     0000A154  _ADC1_ClearITPendingBit            stm8s_adc1
     0000A1B2  _UART2_DeInit                      stm8s_uart2
     0000A1D9  _UART2_Init                        stm8s_uart2
     0000A33E  _UART2_Cmd                         stm8s_uart2
     0000A351  _UART2_ITConfig                    stm8s_uart2
     0000A3F8  _UART2_IrDAConfig                  stm8s_uart2
     0000A40B  _UART2_IrDACmd                     stm8s_uart2
     0000A41E  _UART2_LINBreakDetectionConfig     stm8s_uart2
     0000A431  _UART2_LINConfig                   stm8s_uart2
     0000A46A  _UART2_LINCmd                      stm8s_uart2
     0000A47D  _UART2_SmartCardCmd                stm8s_uart2
     0000A490  _UART2_SmartCardNACKCmd            stm8s_uart2
     0000A4A3  _UART2_WakeUpConfig                stm8s_uart2
     0000A4B0  _UART2_ReceiverWakeUpCmd           stm8s_uart2
     0000A4C3  _UART2_ReceiveData8                stm8s_uart2
ASxxxx Linker V03.00 + NoICE + sdld,  page 13.
Hexadecimal  [32-Bits]

Area                                    Addr        Size        Decimal Bytes (Attributes)
--------------------------------        ----        ----        ------- ----- ------------
CODE                                000086FA    00002BDB =       11227. bytes (REL,CON)

      Value  Global                              Global Defined In Module
      -----  --------------------------------   ------------------------
     0000A4C7  _UART2_ReceiveData9                stm8s_uart2
     0000A4E5  _UART2_SendData8                   stm8s_uart2
     0000A4EC  _UART2_SendData9                   stm8s_uart2
     0000A509  _UART2_SendBreak                   stm8s_uart2
     0000A50E  _UART2_SetAddress                  stm8s_uart2
     0000A51F  _UART2_SetGuardTime                stm8s_uart2
     0000A526  _UART2_SetPrescaler                stm8s_uart2
     0000A52D  _UART2_GetFlagStatus               stm8s_uart2
     0000A586  _UART2_ClearFlag                   stm8s_uart2
     0000A5B4  _UART2_GetITStatus                 stm8s_uart2
     0000A650  _UART2_ClearITPendingBit           stm8s_uart2
     0000A66D  _CLK_DeInit                        stm8s_clk
     0000A6A4  _CLK_FastHaltWakeUpCmd             stm8s_clk
     0000A6B7  _CLK_HSECmd                        stm8s_clk
     0000A6CA  _CLK_HSICmd                        stm8s_clk
     0000A6DD  _CLK_LSICmd                        stm8s_clk
     0000A6F0  _CLK_CCOCmd                        stm8s_clk
     0000A703  _CLK_ClockSwitchCmd                stm8s_clk
     0000A716  _CLK_SlowActiveHaltWakeUpCmd       stm8s_clk
     0000A729  _CLK_PeripheralClockConfig         stm8s_clk
     0000A773  _CLK_ClockSwitchConfig             stm8s_clk
     0000A821  _CLK_HSIPrescalerConfig            stm8s_clk
     0000A832  _CLK_CCOConfig                     stm8s_clk
     0000A847  _CLK_ITConfig                      stm8s_clk
     0000A887  _CLK_SYSCLKConfig                  stm8s_clk
     0000A8BB  _CLK_SWIMConfig                    stm8s_clk
     0000A8CE  _CLK_ClockSecuritySystemEnable     stm8s_clk
     0000A8D3  _CLK_GetSYSCLKSource               stm8s_clk
     0000A8D7  _CLK_GetClockFreq                  stm8s_clk
     0000A929  _CLK_AdjustHSICalibrationValue     stm8s_clk
     0000A934  _CLK_SYSCLKEmergencyClear          stm8s_clk
     0000A939  _CLK_GetFlagStatus                 stm8s_clk
     0000A97B  _CLK_GetITStatus                   stm8s_clk
     0000A99B  _CLK_ClearITPendingBit             stm8s_clk
     0000A9AB  __modulong                         
     0000AA2E  _vsprintf                          sprintf
     0000AA49  _sprintf                           sprintf
     0000AA69  __divulong                         
     0000AAC3  _puts                              puts
     0000AAF2  _vprintf                           vprintf
     0000AB04  _printf                            vprintf
     0000AB1A  __mullong                          
     0000AB96  __modsint                          
     0000ABAC  __divsint                          
     0000AC66  __print_format                     printf_large
     0000B2C6  _strlen                            _strlen
ASxxxx Linker V03.00 + NoICE + sdld,  page 14.

Files Linked                              [ module(s) ]

main.rel                                  [ main ]
driver/dht12.rel                          [ dht12 ]
driver/driver_common.rel                  [ driver_common ]
driver/relay.rel                          [ relay ]
driver/uart.rel                           [ uart ]
driver/ds1302.rel                         [ ds1302 ]
driver/stm8s_it.rel                       [ stm8s_it ]
driver/eeprom.rel                         [ eeprom ]
driver/modbus.rel                         [ modbus ]
driver/key.rel                            [ key ]
driver/beep.rel                           [ beep ]
driver/oled.rel                           [ oled ]
driver/adc.rel                            [ adc ]
STM8S_StdPeriph_Lib/Libraries/STM8S_StdPeriph_Driver/src/stm8s_gpio.rel
                                          [ stm8s_gpio ]
STM8S_StdPeriph_Lib/Libraries/STM8S_StdPeriph_Driver/src/stm8s_flash.rel
                                          [ stm8s_flash ]
STM8S_StdPeriph_Lib/Libraries/STM8S_StdPeriph_Driver/src/stm8s_exti.rel
                                          [ stm8s_exti ]
STM8S_StdPeriph_Lib/Libraries/STM8S_StdPeriph_Driver/src/stm8s_adc1.rel
                                          [ stm8s_adc1 ]
STM8S_StdPeriph_Lib/Libraries/STM8S_StdPeriph_Driver/src/stm8s_uart2.rel
                                          [ stm8s_uart2 ]
STM8S_StdPeriph_Lib/Libraries/STM8S_StdPeriph_Driver/src/stm8s_clk.rel
                                          [ stm8s_clk ]


Libraries Linked                          [ object file ]

/usr/local/bin/../share/sdcc/lib/stm8/stm8.lib
                                          [ _modulong.rel ]
/usr/local/bin/../share/sdcc/lib/stm8/stm8.lib
                                          [ sprintf.rel ]
/usr/local/bin/../share/sdcc/lib/stm8/stm8.lib
                                          [ _divulong.rel ]
/usr/local/bin/../share/sdcc/lib/stm8/stm8.lib
                                          [ puts.rel ]
/usr/local/bin/../share/sdcc/lib/stm8/stm8.lib
                                          [ vprintf.rel ]
/usr/local/bin/../share/sdcc/lib/stm8/stm8.lib
                                          [ _mullong.rel ]
/usr/local/bin/../share/sdcc/lib/stm8/stm8.lib
                                          [ _modsint.rel ]
/usr/local/bin/../share/sdcc/lib/stm8/stm8.lib
                                          [ _divsint.rel ]
/usr/local/bin/../share/sdcc/lib/stm8/stm8.lib
                                          [ printf_large.rel ]
/usr/local/bin/../share/sdcc/lib/stm8/stm8.lib
                                          [ _strlen.rel ]

ASxxxx Linker V03.00 + NoICE + sdld,  page 15.

User Base Address Definitions

HOME = 0x8000
DATA = 0x0001
SSEG = 0xffffffff

