ASxxxx Linker V03.00 + NoICE + sdld,  page 1.
Hexadecimal  [32-Bits]

Area                                    Addr        Size        Decimal Bytes (Attributes)
--------------------------------        ----        ----        ------- ----- ------------
.  .ABS.                            00000000    00000000 =           0. bytes (ABS,CON)

      Value  Global                              Global Defined In Module
      -----  --------------------------------   ------------------------
     FFFFFFFF  s_SSEG                          
     00000000  .__.ABS.                           _strlen
     00000000  l_CABS                          
     00000000  l_DABS                          
     00000000  l_DATA                          
     00000000  l_INITIALIZED                   
     00000000  l_INITIALIZER                   
     00000000  l__CODE                         
     00000000  s_CABS                          
     00000000  s_DABS                          
     00000000  s__CODE                         
     00000001  l_SSEG                          
     00000001  s_DATA                          
     00000001  s_INITIALIZED                   
     00000003  l_GSFINAL                       
     00000007  l_HOME                          
     0000001A  l_GSINIT                        
     0000062D  l_CONST                         
     00001C2F  l_CODE                          
     00008000  s_HOME                          
     00008007  s_GSINIT                        
     00008021  s_GSFINAL                       
     00008024  s_CONST                         
     00008651  s_CODE                          
     00008651  s_INITIALIZER                   

ASxxxx Linker V03.00 + NoICE + sdld,  page 2.
Hexadecimal  [32-Bits]

Area                                    Addr        Size        Decimal Bytes (Attributes)
--------------------------------        ----        ----        ------- ----- ------------
HOME                                00008000    00000007 =           7. bytes (REL,CON)

      Value  Global                              Global Defined In Module
      -----  --------------------------------   ------------------------
ASxxxx Linker V03.00 + NoICE + sdld,  page 3.
Hexadecimal  [32-Bits]

Area                                    Addr        Size        Decimal Bytes (Attributes)
--------------------------------        ----        ----        ------- ----- ------------
GSINIT                              00008007    0000001A =          26. bytes (REL,CON)

      Value  Global                              Global Defined In Module
      -----  --------------------------------   ------------------------
ASxxxx Linker V03.00 + NoICE + sdld,  page 4.
Hexadecimal  [32-Bits]

Area                                    Addr        Size        Decimal Bytes (Attributes)
--------------------------------        ----        ----        ------- ----- ------------
GSFINAL                             00008021    00000003 =           3. bytes (REL,CON)

      Value  Global                              Global Defined In Module
      -----  --------------------------------   ------------------------
ASxxxx Linker V03.00 + NoICE + sdld,  page 5.
Hexadecimal  [32-Bits]

Area                                    Addr        Size        Decimal Bytes (Attributes)
--------------------------------        ----        ----        ------- ----- ------------
CONST                               00008024    0000062D =        1581. bytes (REL,CON)

      Value  Global                              Global Defined In Module
      -----  --------------------------------   ------------------------
     00008052  _F8X16                             oled
     00008642  _HSIDivFactor                      stm8s_clk

ASxxxx Linker V03.00 + NoICE + sdld,  page 6.
Hexadecimal  [32-Bits]

Area                                    Addr        Size        Decimal Bytes (Attributes)
--------------------------------        ----        ----        ------- ----- ------------
CODE                                00008651    00001C2F =        7215. bytes (REL,CON)

      Value  Global                              Global Defined In Module
      -----  --------------------------------   ------------------------
     00008651  _TRAP_IRQHandler                   stm8s_it
     00008652  _TLI_IRQHandler                    stm8s_it
     00008653  _AWU_IRQHandler                    stm8s_it
     00008654  _CLK_IRQHandler                    stm8s_it
     00008655  _EXTI_PORTA_IRQHandler             stm8s_it
     00008656  _EXTI_PORTB_IRQHandler             stm8s_it
     00008657  _EXTI_PORTC_IRQHandler             stm8s_it
     00008658  _EXTI_PORTD_IRQHandler             stm8s_it
     00008659  _EXTI_PORTE_IRQHandler             stm8s_it
     0000865A  _SPI_IRQHandler                    stm8s_it
     0000865B  _TIM1_UPD_OVF_TRG_BRK_IRQHandler   stm8s_it
     0000865C  _TIM1_CAP_COM_IRQHandler           stm8s_it
     0000865D  _TIM2_UPD_OVF_BRK_IRQHandler       stm8s_it
     0000865E  _TIM2_CAP_COM_IRQHandler           stm8s_it
     0000865F  _TIM3_UPD_OVF_BRK_IRQHandler       stm8s_it
     00008660  _TIM3_CAP_COM_IRQHandler           stm8s_it
     00008661  _I2C_IRQHandler                    stm8s_it
     00008662  _UART2_TX_IRQHandler               stm8s_it
     00008663  _UART2_RX_IRQHandler               stm8s_it
     00008664  _ADC1_IRQHandler                   stm8s_it
     00008665  _TIM4_UPD_OVF_IRQHandler           stm8s_it
     00008666  _EEPROM_EEC_IRQHandler             stm8s_it
     00008667  _Delay                             main
     00008671  _main                              main
     0000871A  _Init_UART2                        uart
     00008760  _UART2_Send_Char                   uart
     00008774  _UART2_Send_STR                    uart
     00008785  _putchar                           uart
     0000879A  _delay_ms                          oled
     000087B8  _OLED_WR_Byte                      oled
     00008835  _OLED_Set_Pos                      oled
     00008872  _OLED_Display_On                   oled
     0000888E  _OLED_Display_Off                  oled
     000088AA  _OLED_Clear                        oled
     000088E6  _OLED_ShowChar                     oled
     0000895D  _oled_pow                          oled
     00008992  _OLED_ShowNum                      oled
     00008A2F  _OLED_ShowString                   oled
     00008A62  _OLED_Init                         oled
     00008BE8  _ReadADC                           adc
     00008C3D  _GPIO_DeInit                       stm8s_gpio
     00008C4C  _GPIO_Init                         stm8s_gpio
     00008CC1  _GPIO_Write                        stm8s_gpio
     00008CC7  _GPIO_WriteHigh                    stm8s_gpio
     00008CCE  _GPIO_WriteLow                     stm8s_gpio
     00008CDC  _GPIO_WriteReverse                 stm8s_gpio
     00008CE3  _GPIO_ReadOutputData               stm8s_gpio
     00008CE7  _GPIO_ReadInputData                stm8s_gpio
     00008CEC  _GPIO_ReadInputPin                 stm8s_gpio
     00008CF3  _GPIO_ExternalPullUpConfig         stm8s_gpio
ASxxxx Linker V03.00 + NoICE + sdld,  page 7.
Hexadecimal  [32-Bits]

Area                                    Addr        Size        Decimal Bytes (Attributes)
--------------------------------        ----        ----        ------- ----- ------------
CODE                                00008651    00001C2F =        7215. bytes (REL,CON)

      Value  Global                              Global Defined In Module
      -----  --------------------------------   ------------------------
     00008D0F  _ADC1_DeInit                       stm8s_adc1
     00008D40  _ADC1_Init                         stm8s_adc1
     00008D70  _ADC1_Cmd                          stm8s_adc1
     00008D83  _ADC1_ScanModeCmd                  stm8s_adc1
     00008D96  _ADC1_DataBufferCmd                stm8s_adc1
     00008DA9  _ADC1_ITConfig                     stm8s_adc1
     00008DC7  _ADC1_PrescalerConfig              stm8s_adc1
     00008DD8  _ADC1_SchmittTriggerConfig         stm8s_adc1
     00008E56  _ADC1_ConversionConfig             stm8s_adc1
     00008E89  _ADC1_ExternalTriggerConfig        stm8s_adc1
     00008EAD  _ADC1_StartConversion              stm8s_adc1
     00008EB2  _ADC1_GetConversionValue           stm8s_adc1
     00008EF2  _ADC1_AWDChannelConfig             stm8s_adc1
     00008F4A  _ADC1_SetHighThreshold             stm8s_adc1
     00008F58  _ADC1_SetLowThreshold              stm8s_adc1
     00008F66  _ADC1_GetBufferValue               stm8s_adc1
     00008FB3  _ADC1_GetAWDChannelStatus          stm8s_adc1
     00008FED  _ADC1_GetFlagStatus                stm8s_adc1
     00009052  _ADC1_ClearFlag                    stm8s_adc1
     000090C2  _ADC1_GetITStatus                  stm8s_adc1
     00009115  _ADC1_ClearITPendingBit            stm8s_adc1
     00009173  _UART2_DeInit                      stm8s_uart2
     0000919A  _UART2_Init                        stm8s_uart2
     000092FF  _UART2_Cmd                         stm8s_uart2
     00009312  _UART2_ITConfig                    stm8s_uart2
     000093B9  _UART2_IrDAConfig                  stm8s_uart2
     000093CC  _UART2_IrDACmd                     stm8s_uart2
     000093DF  _UART2_LINBreakDetectionConfig     stm8s_uart2
     000093F2  _UART2_LINConfig                   stm8s_uart2
     0000942B  _UART2_LINCmd                      stm8s_uart2
     0000943E  _UART2_SmartCardCmd                stm8s_uart2
     00009451  _UART2_SmartCardNACKCmd            stm8s_uart2
     00009464  _UART2_WakeUpConfig                stm8s_uart2
     00009471  _UART2_ReceiverWakeUpCmd           stm8s_uart2
     00009484  _UART2_ReceiveData8                stm8s_uart2
     00009488  _UART2_ReceiveData9                stm8s_uart2
     000094A6  _UART2_SendData8                   stm8s_uart2
     000094AD  _UART2_SendData9                   stm8s_uart2
     000094CA  _UART2_SendBreak                   stm8s_uart2
     000094CF  _UART2_SetAddress                  stm8s_uart2
     000094E0  _UART2_SetGuardTime                stm8s_uart2
     000094E7  _UART2_SetPrescaler                stm8s_uart2
     000094EE  _UART2_GetFlagStatus               stm8s_uart2
     00009547  _UART2_ClearFlag                   stm8s_uart2
     00009575  _UART2_GetITStatus                 stm8s_uart2
     00009611  _UART2_ClearITPendingBit           stm8s_uart2
     0000962E  _CLK_DeInit                        stm8s_clk
     00009665  _CLK_FastHaltWakeUpCmd             stm8s_clk
     00009678  _CLK_HSECmd                        stm8s_clk
     0000968B  _CLK_HSICmd                        stm8s_clk
     0000969E  _CLK_LSICmd                        stm8s_clk
ASxxxx Linker V03.00 + NoICE + sdld,  page 8.
Hexadecimal  [32-Bits]

Area                                    Addr        Size        Decimal Bytes (Attributes)
--------------------------------        ----        ----        ------- ----- ------------
CODE                                00008651    00001C2F =        7215. bytes (REL,CON)

      Value  Global                              Global Defined In Module
      -----  --------------------------------   ------------------------
     000096B1  _CLK_CCOCmd                        stm8s_clk
     000096C4  _CLK_ClockSwitchCmd                stm8s_clk
     000096D7  _CLK_SlowActiveHaltWakeUpCmd       stm8s_clk
     000096EA  _CLK_PeripheralClockConfig         stm8s_clk
     00009734  _CLK_ClockSwitchConfig             stm8s_clk
     000097E2  _CLK_HSIPrescalerConfig            stm8s_clk
     000097F3  _CLK_CCOConfig                     stm8s_clk
     00009808  _CLK_ITConfig                      stm8s_clk
     00009848  _CLK_SYSCLKConfig                  stm8s_clk
     0000987C  _CLK_SWIMConfig                    stm8s_clk
     0000988F  _CLK_ClockSecuritySystemEnable     stm8s_clk
     00009894  _CLK_GetSYSCLKSource               stm8s_clk
     00009898  _CLK_GetClockFreq                  stm8s_clk
     000098EA  _CLK_AdjustHSICalibrationValue     stm8s_clk
     000098F5  _CLK_SYSCLKEmergencyClear          stm8s_clk
     000098FA  _CLK_GetFlagStatus                 stm8s_clk
     0000993C  _CLK_GetITStatus                   stm8s_clk
     0000995C  _CLK_ClearITPendingBit             stm8s_clk
     0000996C  __modulong                         
     000099EF  _vsprintf                          sprintf
     00009A0A  _sprintf                           sprintf
     00009A2A  __divulong                         
     00009A84  _puts                              puts
     00009AB3  _vprintf                           vprintf
     00009AC5  _printf                            vprintf
     00009ADB  __mullong                          
     00009B57  __divsint                          
     00009C11  __print_format                     printf_large
     0000A271  _strlen                            _strlen

ASxxxx Linker V03.00 + NoICE + sdld,  page 9.
Hexadecimal  [32-Bits]

Area                                    Addr        Size        Decimal Bytes (Attributes)
--------------------------------        ----        ----        ------- ----- ------------
SSEG                                FFFFFFFF    00000001 =           1. bytes (REL,CON)

      Value  Global                              Global Defined In Module
      -----  --------------------------------   ------------------------
ASxxxx Linker V03.00 + NoICE + sdld,  page 10.

Files Linked                              [ module(s) ]

stm8s_it.rel                              [ stm8s_it ]
main.rel                                  [ main ]
driver/uart.rel                           [ uart ]
driver/oled.rel                           [ oled ]
driver/adc.rel                            [ adc ]
STM8S_StdPeriph_Lib/Libraries/STM8S_StdPeriph_Driver/src/stm8s_gpio.rel
                                          [ stm8s_gpio ]
STM8S_StdPeriph_Lib/Libraries/STM8S_StdPeriph_Driver/src/stm8s_adc1.rel
                                          [ stm8s_adc1 ]
STM8S_StdPeriph_Lib/Libraries/STM8S_StdPeriph_Driver/src/stm8s_uart2.rel
                                          [ stm8s_uart2 ]
STM8S_StdPeriph_Lib/Libraries/STM8S_StdPeriph_Driver/src/stm8s_clk.rel
                                          [ stm8s_clk ]


Libraries Linked                          [ object file ]

/usr/local/bin/../share/sdcc/lib/stm8/stm8.lib
                                          [ _modulong.rel ]
/usr/local/bin/../share/sdcc/lib/stm8/stm8.lib
                                          [ sprintf.rel ]
/usr/local/bin/../share/sdcc/lib/stm8/stm8.lib
                                          [ _divulong.rel ]
/usr/local/bin/../share/sdcc/lib/stm8/stm8.lib
                                          [ puts.rel ]
/usr/local/bin/../share/sdcc/lib/stm8/stm8.lib
                                          [ vprintf.rel ]
/usr/local/bin/../share/sdcc/lib/stm8/stm8.lib
                                          [ _mullong.rel ]
/usr/local/bin/../share/sdcc/lib/stm8/stm8.lib
                                          [ _divsint.rel ]
/usr/local/bin/../share/sdcc/lib/stm8/stm8.lib
                                          [ printf_large.rel ]
/usr/local/bin/../share/sdcc/lib/stm8/stm8.lib
                                          [ _strlen.rel ]

ASxxxx Linker V03.00 + NoICE + sdld,  page 11.

User Base Address Definitions

HOME = 0x8000
DATA = 0x0001
SSEG = 0xffffffff

