ASxxxx Linker V03.00 + NoICE + sdld,  page 1.
Hexadecimal  [32-Bits]

Area                                    Addr        Size        Decimal Bytes (Attributes)
--------------------------------        ----        ----        ------- ----- ------------
.  .ABS.                            00000000    00000000 =           0. bytes (ABS,CON)

      Value  Global                              Global Defined In Module
      -----  --------------------------------   ------------------------
     FFFFFFFF  s_SSEG                          
     00000000  .__.ABS.                           _strlen
     00000000  l_CABS                          
     00000000  l_DABS                          
     00000000  l__CODE                         
     00000000  s_CABS                          
     00000000  s_DABS                          
     00000000  s__CODE                         
     00000001  l_SSEG                          
     00000001  s_DATA                          
     00000003  l_GSFINAL                       
     00000007  l_INITIALIZED                   
     00000007  l_INITIALIZER                   
     0000001A  l_GSINIT                        
     00000062  l_DATA                          
     00000063  s_INITIALIZED                   
     0000006F  l_HOME                          
     00000655  l_CONST                         
     00003045  l_CODE                          
     00008000  s_HOME                          
     0000806F  s_GSINIT                        
     00008089  s_GSFINAL                       
     0000808C  s_CONST                         
     000086E1  s_INITIALIZER                   
     000086E8  s_CODE                          

ASxxxx Linker V03.00 + NoICE + sdld,  page 2.
Hexadecimal  [32-Bits]

Area                                    Addr        Size        Decimal Bytes (Attributes)
--------------------------------        ----        ----        ------- ----- ------------
DATA                                00000001    00000062 =          98. bytes (REL,CON)

      Value  Global                              Global Defined In Module
      -----  --------------------------------   ------------------------
     00000001  _ds_time                           driver_common
     00000008  _dh_data                           driver_common
     0000000E  _adc_data                          driver_common
     00000011  _modbus_buff                       modbus
     0000005E  _asm_addr                          stm8s_flash
     00000062  _asm_val                           stm8s_flash
ASxxxx Linker V03.00 + NoICE + sdld,  page 3.
Hexadecimal  [32-Bits]

Area                                    Addr        Size        Decimal Bytes (Attributes)
--------------------------------        ----        ----        ------- ----- ------------
INITIALIZED                         00000063    00000007 =           7. bytes (REL,CON)

      Value  Global                              Global Defined In Module
      -----  --------------------------------   ------------------------
     00000063  _last_uart_receive_time            stm8s_it
     00000064  _modbus_status                     modbus
     00000065  _keycount                          key
ASxxxx Linker V03.00 + NoICE + sdld,  page 4.
Hexadecimal  [32-Bits]

Area                                    Addr        Size        Decimal Bytes (Attributes)
--------------------------------        ----        ----        ------- ----- ------------
SSEG                                FFFFFFFF    00000001 =           1. bytes (REL,CON)

      Value  Global                              Global Defined In Module
      -----  --------------------------------   ------------------------
ASxxxx Linker V03.00 + NoICE + sdld,  page 5.
Hexadecimal  [32-Bits]

Area                                    Addr        Size        Decimal Bytes (Attributes)
--------------------------------        ----        ----        ------- ----- ------------
HOME                                00008000    0000006F =         111. bytes (REL,CON)

      Value  Global                              Global Defined In Module
      -----  --------------------------------   ------------------------
ASxxxx Linker V03.00 + NoICE + sdld,  page 6.
Hexadecimal  [32-Bits]

Area                                    Addr        Size        Decimal Bytes (Attributes)
--------------------------------        ----        ----        ------- ----- ------------
GSINIT                              0000806F    0000001A =          26. bytes (REL,CON)

      Value  Global                              Global Defined In Module
      -----  --------------------------------   ------------------------
ASxxxx Linker V03.00 + NoICE + sdld,  page 7.
Hexadecimal  [32-Bits]

Area                                    Addr        Size        Decimal Bytes (Attributes)
--------------------------------        ----        ----        ------- ----- ------------
GSFINAL                             00008089    00000003 =           3. bytes (REL,CON)

      Value  Global                              Global Defined In Module
      -----  --------------------------------   ------------------------
ASxxxx Linker V03.00 + NoICE + sdld,  page 8.
Hexadecimal  [32-Bits]

Area                                    Addr        Size        Decimal Bytes (Attributes)
--------------------------------        ----        ----        ------- ----- ------------
CONST                               0000808C    00000655 =        1621. bytes (REL,CON)

      Value  Global                              Global Defined In Module
      -----  --------------------------------   ------------------------
     000080E2  _F8X16                             oled
     000086D2  _HSIDivFactor                      stm8s_clk

ASxxxx Linker V03.00 + NoICE + sdld,  page 9.
Hexadecimal  [32-Bits]

Area                                    Addr        Size        Decimal Bytes (Attributes)
--------------------------------        ----        ----        ------- ----- ------------
INITIALIZER                         000086E1    00000007 =           7. bytes (REL,CON)

      Value  Global                              Global Defined In Module
      -----  --------------------------------   ------------------------
ASxxxx Linker V03.00 + NoICE + sdld,  page 10.
Hexadecimal  [32-Bits]

Area                                    Addr        Size        Decimal Bytes (Attributes)
--------------------------------        ----        ----        ------- ----- ------------
CODE                                000086E8    00003045 =       12357. bytes (REL,CON)

      Value  Global                              Global Defined In Module
      -----  --------------------------------   ------------------------
     000086E8  _Delay                             main
     0000870F  _main                              main
     0000871E  _i2c_init                          dht12
     00008739  _i2c_deinit                        dht12
     00008754  _I2CDataInOut                      dht12
     00008774  _I2C_Start                         dht12
     000087A7  _I2C_Stop                          dht12
     000087DA  _I2C_Rack                          dht12
     0000880D  _I2C_nAck                          dht12
     00008840  _SendByte                          dht12
     000088E5  _RcvByte                           dht12
     00008949  _I2C_Read                          dht12
     000089CB  _i2c_read                          dht12
     000089E6  _ReadDHT12                         dht12
     00008A41  _driver_init                       driver_common
     00008A55  _driver_loop                       driver_common
     00008AAF  _relay_read                        relay
     00008ABB  _relay_on                          relay
     00008AD4  _relay_off                         relay
     00008AED  _Init_UART2                        uart
     00008B31  _UART2_Send_Char                   uart
     00008B45  _UART2_Send_STR                    uart
     00008B56  _putchar                           uart
     00008B58  _ds1302_port_deinit                ds1302
     00008B80  _ds1302_port_init                  ds1302
     00008BBE  _read_IO                           ds1302
     00008BCC  _write_IO                          ds1302
     00008BDA  _ds1302_write_byte                 ds1302
     00008C1C  _ds1302_read_byte                  ds1302
     00008C5E  _ds1302_write                      ds1302
     00008C9C  _ds1302_read                       ds1302
     00008CDD  _ds1302_read_time                  ds1302
     00008D4D  _ds1302_write_time                 ds1302
     00008DDB  _ds1302_active                     ds1302
     00008E15  _TRAP_IRQHandler                   stm8s_it
     00008E16  _TLI_IRQHandler                    stm8s_it
     00008E17  _AWU_IRQHandler                    stm8s_it
     00008E18  _CLK_IRQHandler                    stm8s_it
     00008E19  _EXTI_PORTA_IRQHandler             stm8s_it
     00008E1A  _EXTI_PORTB_IRQHandler             stm8s_it
     00008E1B  _EXTI_PORTC_IRQHandler             stm8s_it
     00008E1C  _EXTI_PORTD_IRQHandler             stm8s_it
     00008E48  _EXTI_PORTE_IRQHandler             stm8s_it
     00008E49  _SPI_IRQHandler                    stm8s_it
     00008E4A  _TIM1_UPD_OVF_TRG_BRK_IRQHandler   stm8s_it
     00008E4B  _TIM1_CAP_COM_IRQHandler           stm8s_it
     00008E4C  _TIM2_UPD_OVF_BRK_IRQHandler       stm8s_it
     00008E4D  _TIM2_CAP_COM_IRQHandler           stm8s_it
     00008E4E  _TIM3_UPD_OVF_BRK_IRQHandler       stm8s_it
     00008E4F  _TIM3_CAP_COM_IRQHandler           stm8s_it
ASxxxx Linker V03.00 + NoICE + sdld,  page 11.
Hexadecimal  [32-Bits]

Area                                    Addr        Size        Decimal Bytes (Attributes)
--------------------------------        ----        ----        ------- ----- ------------
CODE                                000086E8    00003045 =       12357. bytes (REL,CON)

      Value  Global                              Global Defined In Module
      -----  --------------------------------   ------------------------
     00008E50  _I2C_IRQHandler                    stm8s_it
     00008E51  _UART2_TX_IRQHandler               stm8s_it
     00008E52  _UART2_RX_IRQHandler               stm8s_it
     00008EC8  _ADC1_IRQHandler                   stm8s_it
     00008EC9  _TIM4_UPD_OVF_IRQHandler           stm8s_it
     00008ECA  _EEPROM_EEC_IRQHandler             stm8s_it
     00008ECB  _eeprom_read                       eeprom
     00008EE4  _eeprom_write                      eeprom
     00008F27  _CRC16                             modbus
     00008F7C  _modbus_send                       modbus
     00008FA4  _modbus_virtual_write              modbus
     00009020  _modbus_virtual_read               modbus
     000091D8  _modbus_process                    modbus
     000093AD  _key_init                          key
     000093FE  _key_read                          key
     00009416  _beep_init                         beep
     00009424  _beep_read                         beep
     00009430  _beep_on                           beep
     00009449  _beep_off                          beep
     00009462  _app_init                          app
     00009493  _app_loop                          app
     000098B1  _delay_ms                          oled
     000098CF  _OLED_WR_Byte                      oled
     0000994C  _OLED_Set_Pos                      oled
     00009989  _OLED_Display_On                   oled
     000099A5  _OLED_Display_Off                  oled
     000099C1  _OLED_Clear                        oled
     000099FD  _OLED_ShowChar                     oled
     00009A74  _oled_pow                          oled
     00009AA9  _OLED_ShowNum                      oled
     00009B46  _OLED_ShowString                   oled
     00009B79  _OLED_Init                         oled
     00009CFF  _ReadADC                           adc
     00009D51  _ReadDin                           adc
     00009D6A  _GPIO_DeInit                       stm8s_gpio
     00009D79  _GPIO_Init                         stm8s_gpio
     00009DEE  _GPIO_Write                        stm8s_gpio
     00009DF4  _GPIO_WriteHigh                    stm8s_gpio
     00009DFB  _GPIO_WriteLow                     stm8s_gpio
     00009E09  _GPIO_WriteReverse                 stm8s_gpio
     00009E10  _GPIO_ReadOutputData               stm8s_gpio
     00009E14  _GPIO_ReadInputData                stm8s_gpio
     00009E19  _GPIO_ReadInputPin                 stm8s_gpio
     00009E20  _GPIO_ExternalPullUpConfig         stm8s_gpio
     00009E3C  _write_byte_address                stm8s_flash
     00009E53  _read_byte_address                 stm8s_flash
     00009E69  _FLASH_Unlock                      stm8s_flash
     00009E81  _FLASH_Lock                        stm8s_flash
     00009E8A  _FLASH_DeInit                      stm8s_flash
     00009EA2  _FLASH_ITConfig                    stm8s_flash
     00009EB5  _FLASH_EraseByte                   stm8s_flash
ASxxxx Linker V03.00 + NoICE + sdld,  page 12.
Hexadecimal  [32-Bits]

Area                                    Addr        Size        Decimal Bytes (Attributes)
--------------------------------        ----        ----        ------- ----- ------------
CODE                                000086E8    00003045 =       12357. bytes (REL,CON)

      Value  Global                              Global Defined In Module
      -----  --------------------------------   ------------------------
     00009EC0  _FLASH_ProgramByte                 stm8s_flash
     00009ECC  _FLASH_ReadByte                    stm8s_flash
     00009ED8  _FLASH_ProgramWord                 stm8s_flash
     00009F24  _FLASH_ProgramOptionByte           stm8s_flash
     00009F59  _FLASH_EraseOptionByte             stm8s_flash
     00009F89  _FLASH_ReadOptionByte              stm8s_flash
     00009FC5  _FLASH_SetLowPowerMode             stm8s_flash
     00009FD6  _FLASH_SetProgrammingTime          stm8s_flash
     00009FE7  _FLASH_GetLowPowerMode             stm8s_flash
     00009FED  _FLASH_GetProgrammingTime          stm8s_flash
     00009FF3  _FLASH_GetBootSize                 stm8s_flash
     0000A01A  _FLASH_GetFlagStatus               stm8s_flash
     0000A026  _FLASH_WaitForLastOperation        stm8s_flash
     0000A056  _FLASH_EraseBlock                  stm8s_flash
     0000A08E  _FLASH_ProgramBlock                stm8s_flash
     0000A106  _EXTI_DeInit                       stm8s_exti
     0000A10F  _EXTI_SetExtIntSensitivity         stm8s_exti
     0000A1A1  _EXTI_SetTLISensitivity            stm8s_exti
     0000A1B2  _EXTI_GetExtIntSensitivity         stm8s_exti
     0000A1F7  _EXTI_GetTLISensitivity            stm8s_exti
     0000A1FD  _ADC1_DeInit                       stm8s_adc1
     0000A22E  _ADC1_Init                         stm8s_adc1
     0000A25E  _ADC1_Cmd                          stm8s_adc1
     0000A271  _ADC1_ScanModeCmd                  stm8s_adc1
     0000A284  _ADC1_DataBufferCmd                stm8s_adc1
     0000A297  _ADC1_ITConfig                     stm8s_adc1
     0000A2B5  _ADC1_PrescalerConfig              stm8s_adc1
     0000A2C6  _ADC1_SchmittTriggerConfig         stm8s_adc1
     0000A344  _ADC1_ConversionConfig             stm8s_adc1
     0000A377  _ADC1_ExternalTriggerConfig        stm8s_adc1
     0000A39B  _ADC1_StartConversion              stm8s_adc1
     0000A3A0  _ADC1_GetConversionValue           stm8s_adc1
     0000A3E0  _ADC1_AWDChannelConfig             stm8s_adc1
     0000A438  _ADC1_SetHighThreshold             stm8s_adc1
     0000A446  _ADC1_SetLowThreshold              stm8s_adc1
     0000A454  _ADC1_GetBufferValue               stm8s_adc1
     0000A4A1  _ADC1_GetAWDChannelStatus          stm8s_adc1
     0000A4DB  _ADC1_GetFlagStatus                stm8s_adc1
     0000A540  _ADC1_ClearFlag                    stm8s_adc1
     0000A5B0  _ADC1_GetITStatus                  stm8s_adc1
     0000A603  _ADC1_ClearITPendingBit            stm8s_adc1
     0000A661  _UART2_DeInit                      stm8s_uart2
     0000A688  _UART2_Init                        stm8s_uart2
     0000A7ED  _UART2_Cmd                         stm8s_uart2
     0000A800  _UART2_ITConfig                    stm8s_uart2
     0000A8A7  _UART2_IrDAConfig                  stm8s_uart2
     0000A8BA  _UART2_IrDACmd                     stm8s_uart2
     0000A8CD  _UART2_LINBreakDetectionConfig     stm8s_uart2
     0000A8E0  _UART2_LINConfig                   stm8s_uart2
     0000A919  _UART2_LINCmd                      stm8s_uart2
     0000A92C  _UART2_SmartCardCmd                stm8s_uart2
ASxxxx Linker V03.00 + NoICE + sdld,  page 13.
Hexadecimal  [32-Bits]

Area                                    Addr        Size        Decimal Bytes (Attributes)
--------------------------------        ----        ----        ------- ----- ------------
CODE                                000086E8    00003045 =       12357. bytes (REL,CON)

      Value  Global                              Global Defined In Module
      -----  --------------------------------   ------------------------
     0000A93F  _UART2_SmartCardNACKCmd            stm8s_uart2
     0000A952  _UART2_WakeUpConfig                stm8s_uart2
     0000A95F  _UART2_ReceiverWakeUpCmd           stm8s_uart2
     0000A972  _UART2_ReceiveData8                stm8s_uart2
     0000A976  _UART2_ReceiveData9                stm8s_uart2
     0000A994  _UART2_SendData8                   stm8s_uart2
     0000A99B  _UART2_SendData9                   stm8s_uart2
     0000A9B8  _UART2_SendBreak                   stm8s_uart2
     0000A9BD  _UART2_SetAddress                  stm8s_uart2
     0000A9CE  _UART2_SetGuardTime                stm8s_uart2
     0000A9D5  _UART2_SetPrescaler                stm8s_uart2
     0000A9DC  _UART2_GetFlagStatus               stm8s_uart2
     0000AA35  _UART2_ClearFlag                   stm8s_uart2
     0000AA63  _UART2_GetITStatus                 stm8s_uart2
     0000AAFF  _UART2_ClearITPendingBit           stm8s_uart2
     0000AB1C  _CLK_DeInit                        stm8s_clk
     0000AB53  _CLK_FastHaltWakeUpCmd             stm8s_clk
     0000AB66  _CLK_HSECmd                        stm8s_clk
     0000AB79  _CLK_HSICmd                        stm8s_clk
     0000AB8C  _CLK_LSICmd                        stm8s_clk
     0000AB9F  _CLK_CCOCmd                        stm8s_clk
     0000ABB2  _CLK_ClockSwitchCmd                stm8s_clk
     0000ABC5  _CLK_SlowActiveHaltWakeUpCmd       stm8s_clk
     0000ABD8  _CLK_PeripheralClockConfig         stm8s_clk
     0000AC22  _CLK_ClockSwitchConfig             stm8s_clk
     0000ACD0  _CLK_HSIPrescalerConfig            stm8s_clk
     0000ACE1  _CLK_CCOConfig                     stm8s_clk
     0000ACF6  _CLK_ITConfig                      stm8s_clk
     0000AD36  _CLK_SYSCLKConfig                  stm8s_clk
     0000AD6A  _CLK_SWIMConfig                    stm8s_clk
     0000AD7D  _CLK_ClockSecuritySystemEnable     stm8s_clk
     0000AD82  _CLK_GetSYSCLKSource               stm8s_clk
     0000AD86  _CLK_GetClockFreq                  stm8s_clk
     0000ADD8  _CLK_AdjustHSICalibrationValue     stm8s_clk
     0000ADE3  _CLK_SYSCLKEmergencyClear          stm8s_clk
     0000ADE8  _CLK_GetFlagStatus                 stm8s_clk
     0000AE2A  _CLK_GetITStatus                   stm8s_clk
     0000AE4A  _CLK_ClearITPendingBit             stm8s_clk
     0000AE5A  __modulong                         
     0000AEDD  _vsprintf                          sprintf
     0000AEF8  _sprintf                           sprintf
     0000AF18  __divulong                         
     0000AF72  __mullong                          
     0000AFEE  __modsint                          
     0000B004  __divsint                          
     0000B0BE  __print_format                     printf_large
     0000B71E  _strlen                            _strlen

ASxxxx Linker V03.00 + NoICE + sdld,  page 14.

Files Linked                              [ module(s) ]

main.rel                                  [ main ]
driver/dht12.rel                          [ dht12 ]
driver/driver_common.rel                  [ driver_common ]
driver/relay.rel                          [ relay ]
driver/uart.rel                           [ uart ]
driver/ds1302.rel                         [ ds1302 ]
driver/stm8s_it.rel                       [ stm8s_it ]
driver/eeprom.rel                         [ eeprom ]
driver/modbus.rel                         [ modbus ]
driver/key.rel                            [ key ]
driver/beep.rel                           [ beep ]
driver/app.rel                            [ app ]
driver/oled.rel                           [ oled ]
driver/adc.rel                            [ adc ]
STM8S_StdPeriph_Lib/Libraries/STM8S_StdPeriph_Driver/src/stm8s_gpio.rel
                                          [ stm8s_gpio ]
STM8S_StdPeriph_Lib/Libraries/STM8S_StdPeriph_Driver/src/stm8s_flash.rel
                                          [ stm8s_flash ]
STM8S_StdPeriph_Lib/Libraries/STM8S_StdPeriph_Driver/src/stm8s_exti.rel
                                          [ stm8s_exti ]
STM8S_StdPeriph_Lib/Libraries/STM8S_StdPeriph_Driver/src/stm8s_adc1.rel
                                          [ stm8s_adc1 ]
STM8S_StdPeriph_Lib/Libraries/STM8S_StdPeriph_Driver/src/stm8s_uart2.rel
                                          [ stm8s_uart2 ]
STM8S_StdPeriph_Lib/Libraries/STM8S_StdPeriph_Driver/src/stm8s_clk.rel
                                          [ stm8s_clk ]


Libraries Linked                          [ object file ]

/usr/local/bin/../share/sdcc/lib/stm8/stm8.lib
                                          [ _modulong.rel ]
/usr/local/bin/../share/sdcc/lib/stm8/stm8.lib
                                          [ sprintf.rel ]
/usr/local/bin/../share/sdcc/lib/stm8/stm8.lib
                                          [ _divulong.rel ]
/usr/local/bin/../share/sdcc/lib/stm8/stm8.lib
                                          [ _mullong.rel ]
/usr/local/bin/../share/sdcc/lib/stm8/stm8.lib
                                          [ _modsint.rel ]
/usr/local/bin/../share/sdcc/lib/stm8/stm8.lib
                                          [ _divsint.rel ]
/usr/local/bin/../share/sdcc/lib/stm8/stm8.lib
                                          [ printf_large.rel ]
/usr/local/bin/../share/sdcc/lib/stm8/stm8.lib
                                          [ _strlen.rel ]

ASxxxx Linker V03.00 + NoICE + sdld,  page 15.

User Base Address Definitions

HOME = 0x8000
DATA = 0x0001
SSEG = 0xffffffff

