ASxxxx Linker V03.00 + NoICE + sdld,  page 1.
Hexadecimal  [32-Bits]

Area                                    Addr        Size        Decimal Bytes (Attributes)
--------------------------------        ----        ----        ------- ----- ------------
.  .ABS.                            00000000    00000000 =           0. bytes (ABS,CON)

      Value  Global                              Global Defined In Module
      -----  --------------------------------   ------------------------
     FFFFFFFF  s_SSEG                          
     00000000  .__.ABS.                           _strlen
     00000000  l_CABS                          
     00000000  l_DABS                          
     00000000  l__CODE                         
     00000000  s_CABS                          
     00000000  s_DABS                          
     00000000  s__CODE                         
     00000001  l_DATA                          
     00000001  l_SSEG                          
     00000001  s_DATA                          
     00000002  s_INITIALIZED                   
     00000003  l_GSFINAL                       
     00000005  l_INITIALIZED                   
     00000005  l_INITIALIZER                   
     0000001E  l_GSINIT                        
     0000006F  l_HOME                          
     00000664  l_CONST                         
     00002651  l_CODE                          
     00008000  s_HOME                          
     0000806F  s_GSINIT                        
     0000808D  s_GSFINAL                       
     00008090  s_CONST                         
     000086F4  s_INITIALIZER                   
     000086F9  s_CODE                          

ASxxxx Linker V03.00 + NoICE + sdld,  page 2.
Hexadecimal  [32-Bits]

Area                                    Addr        Size        Decimal Bytes (Attributes)
--------------------------------        ----        ----        ------- ----- ------------
DATA                                00000001    00000001 =           1. bytes (REL,CON)

      Value  Global                              Global Defined In Module
      -----  --------------------------------   ------------------------
ASxxxx Linker V03.00 + NoICE + sdld,  page 3.
Hexadecimal  [32-Bits]

Area                                    Addr        Size        Decimal Bytes (Attributes)
--------------------------------        ----        ----        ------- ----- ------------
INITIALIZED                         00000002    00000005 =           5. bytes (REL,CON)

      Value  Global                              Global Defined In Module
      -----  --------------------------------   ------------------------
     00000002  _keycount                          key

ASxxxx Linker V03.00 + NoICE + sdld,  page 4.
Hexadecimal  [32-Bits]

Area                                    Addr        Size        Decimal Bytes (Attributes)
--------------------------------        ----        ----        ------- ----- ------------
HOME                                00008000    0000006F =         111. bytes (REL,CON)

      Value  Global                              Global Defined In Module
      -----  --------------------------------   ------------------------
ASxxxx Linker V03.00 + NoICE + sdld,  page 5.
Hexadecimal  [32-Bits]

Area                                    Addr        Size        Decimal Bytes (Attributes)
--------------------------------        ----        ----        ------- ----- ------------
GSINIT                              0000806F    0000001E =          30. bytes (REL,CON)

      Value  Global                              Global Defined In Module
      -----  --------------------------------   ------------------------
ASxxxx Linker V03.00 + NoICE + sdld,  page 6.
Hexadecimal  [32-Bits]

Area                                    Addr        Size        Decimal Bytes (Attributes)
--------------------------------        ----        ----        ------- ----- ------------
GSFINAL                             0000808D    00000003 =           3. bytes (REL,CON)

      Value  Global                              Global Defined In Module
      -----  --------------------------------   ------------------------
ASxxxx Linker V03.00 + NoICE + sdld,  page 7.
Hexadecimal  [32-Bits]

Area                                    Addr        Size        Decimal Bytes (Attributes)
--------------------------------        ----        ----        ------- ----- ------------
CONST                               00008090    00000664 =        1636. bytes (REL,CON)

      Value  Global                              Global Defined In Module
      -----  --------------------------------   ------------------------
     000080F5  _F8X16                             oled
     000086E5  _HSIDivFactor                      stm8s_clk

ASxxxx Linker V03.00 + NoICE + sdld,  page 8.
Hexadecimal  [32-Bits]

Area                                    Addr        Size        Decimal Bytes (Attributes)
--------------------------------        ----        ----        ------- ----- ------------
INITIALIZER                         000086F4    00000005 =           5. bytes (REL,CON)

      Value  Global                              Global Defined In Module
      -----  --------------------------------   ------------------------
ASxxxx Linker V03.00 + NoICE + sdld,  page 9.
Hexadecimal  [32-Bits]

Area                                    Addr        Size        Decimal Bytes (Attributes)
--------------------------------        ----        ----        ------- ----- ------------
CODE                                000086F9    00002651 =        9809. bytes (REL,CON)

      Value  Global                              Global Defined In Module
      -----  --------------------------------   ------------------------
     000086F9  _TRAP_IRQHandler                   stm8s_it
     000086FA  _TLI_IRQHandler                    stm8s_it
     000086FB  _AWU_IRQHandler                    stm8s_it
     000086FC  _CLK_IRQHandler                    stm8s_it
     000086FD  _EXTI_PORTA_IRQHandler             stm8s_it
     000086FE  _EXTI_PORTB_IRQHandler             stm8s_it
     000086FF  _EXTI_PORTC_IRQHandler             stm8s_it
     00008700  _EXTI_PORTD_IRQHandler             stm8s_it
     0000872D  _EXTI_PORTE_IRQHandler             stm8s_it
     0000872E  _SPI_IRQHandler                    stm8s_it
     0000872F  _TIM1_UPD_OVF_TRG_BRK_IRQHandler   stm8s_it
     00008730  _TIM1_CAP_COM_IRQHandler           stm8s_it
     00008731  _TIM2_UPD_OVF_BRK_IRQHandler       stm8s_it
     00008732  _TIM2_CAP_COM_IRQHandler           stm8s_it
     00008733  _TIM3_UPD_OVF_BRK_IRQHandler       stm8s_it
     00008734  _TIM3_CAP_COM_IRQHandler           stm8s_it
     00008735  _I2C_IRQHandler                    stm8s_it
     00008736  _UART2_TX_IRQHandler               stm8s_it
     00008737  _UART2_RX_IRQHandler               stm8s_it
     0000878D  _ADC1_IRQHandler                   stm8s_it
     0000878E  _TIM4_UPD_OVF_IRQHandler           stm8s_it
     0000878F  _EEPROM_EEC_IRQHandler             stm8s_it
     00008790  _Delay                             main
     0000879A  _main                              main
     00008A4C  _i2c_init                          dht12
     00008A67  _i2c_deinit                        dht12
     00008A82  _I2CDataInOut                      dht12
     00008AA2  _I2C_Start                         dht12
     00008AD5  _I2C_Stop                          dht12
     00008B08  _I2C_Rack                          dht12
     00008B3B  _I2C_nAck                          dht12
     00008B6E  _SendByte                          dht12
     00008C13  _RcvByte                           dht12
     00008C77  _I2C_Read                          dht12
     00008CF7  _i2c_read                          dht12
     00008D12  _ReadDHT12                         dht12
     00008D6D  _Init_UART2                        uart
     00008DB3  _UART2_Send_Char                   uart
     00008DC7  _UART2_Send_STR                    uart
     00008DD8  _putchar                           uart
     00008DED  _key_init                          key
     00008E3E  _key_read                          key
     00008E56  _ds1302_port_deinit                ds1302
     00008E7E  _ds1302_port_init                  ds1302
     00008EBC  _read_IO                           ds1302
     00008ECA  _write_IO                          ds1302
     00008ED8  _ds1302_write_byte                 ds1302
     00008F1A  _ds1302_read_byte                  ds1302
     00008F5C  _ds1302_write                      ds1302
     00008F9A  _ds1302_read                       ds1302
ASxxxx Linker V03.00 + NoICE + sdld,  page 10.
Hexadecimal  [32-Bits]

Area                                    Addr        Size        Decimal Bytes (Attributes)
--------------------------------        ----        ----        ------- ----- ------------
CODE                                000086F9    00002651 =        9809. bytes (REL,CON)

      Value  Global                              Global Defined In Module
      -----  --------------------------------   ------------------------
     00008FDB  _ds1302_check                      ds1302
     00008FF3  _ds1302_read_time                  ds1302
     0000905D  _ds1302_write_time                 ds1302
     000090E3  _ds1302_write_ram                  ds1302
     0000910D  _ds1302_read_ram                   ds1302
     00009120  _ds1302_active                     ds1302
     0000915A  _delay_ms                          oled
     00009178  _OLED_WR_Byte                      oled
     000091F5  _OLED_Set_Pos                      oled
     00009232  _OLED_Display_On                   oled
     0000924E  _OLED_Display_Off                  oled
     0000926A  _OLED_Clear                        oled
     000092A6  _OLED_ShowChar                     oled
     0000931D  _oled_pow                          oled
     00009352  _OLED_ShowNum                      oled
     000093EF  _OLED_ShowString                   oled
     00009422  _OLED_Init                         oled
     000095A8  _ReadADC                           adc
     000095FA  _GPIO_DeInit                       stm8s_gpio
     00009609  _GPIO_Init                         stm8s_gpio
     0000967E  _GPIO_Write                        stm8s_gpio
     00009684  _GPIO_WriteHigh                    stm8s_gpio
     0000968B  _GPIO_WriteLow                     stm8s_gpio
     00009699  _GPIO_WriteReverse                 stm8s_gpio
     000096A0  _GPIO_ReadOutputData               stm8s_gpio
     000096A4  _GPIO_ReadInputData                stm8s_gpio
     000096A9  _GPIO_ReadInputPin                 stm8s_gpio
     000096B0  _GPIO_ExternalPullUpConfig         stm8s_gpio
     000096CC  _EXTI_DeInit                       stm8s_exti
     000096D5  _EXTI_SetExtIntSensitivity         stm8s_exti
     00009767  _EXTI_SetTLISensitivity            stm8s_exti
     00009778  _EXTI_GetExtIntSensitivity         stm8s_exti
     000097BD  _EXTI_GetTLISensitivity            stm8s_exti
     000097C3  _ADC1_DeInit                       stm8s_adc1
     000097F4  _ADC1_Init                         stm8s_adc1
     00009824  _ADC1_Cmd                          stm8s_adc1
     00009837  _ADC1_ScanModeCmd                  stm8s_adc1
     0000984A  _ADC1_DataBufferCmd                stm8s_adc1
     0000985D  _ADC1_ITConfig                     stm8s_adc1
     0000987B  _ADC1_PrescalerConfig              stm8s_adc1
     0000988C  _ADC1_SchmittTriggerConfig         stm8s_adc1
     0000990A  _ADC1_ConversionConfig             stm8s_adc1
     0000993D  _ADC1_ExternalTriggerConfig        stm8s_adc1
     00009961  _ADC1_StartConversion              stm8s_adc1
     00009966  _ADC1_GetConversionValue           stm8s_adc1
     000099A6  _ADC1_AWDChannelConfig             stm8s_adc1
     000099FE  _ADC1_SetHighThreshold             stm8s_adc1
     00009A0C  _ADC1_SetLowThreshold              stm8s_adc1
     00009A1A  _ADC1_GetBufferValue               stm8s_adc1
     00009A67  _ADC1_GetAWDChannelStatus          stm8s_adc1
     00009AA1  _ADC1_GetFlagStatus                stm8s_adc1
ASxxxx Linker V03.00 + NoICE + sdld,  page 11.
Hexadecimal  [32-Bits]

Area                                    Addr        Size        Decimal Bytes (Attributes)
--------------------------------        ----        ----        ------- ----- ------------
CODE                                000086F9    00002651 =        9809. bytes (REL,CON)

      Value  Global                              Global Defined In Module
      -----  --------------------------------   ------------------------
     00009B06  _ADC1_ClearFlag                    stm8s_adc1
     00009B76  _ADC1_GetITStatus                  stm8s_adc1
     00009BC9  _ADC1_ClearITPendingBit            stm8s_adc1
     00009C27  _UART2_DeInit                      stm8s_uart2
     00009C4E  _UART2_Init                        stm8s_uart2
     00009DB3  _UART2_Cmd                         stm8s_uart2
     00009DC6  _UART2_ITConfig                    stm8s_uart2
     00009E6D  _UART2_IrDAConfig                  stm8s_uart2
     00009E80  _UART2_IrDACmd                     stm8s_uart2
     00009E93  _UART2_LINBreakDetectionConfig     stm8s_uart2
     00009EA6  _UART2_LINConfig                   stm8s_uart2
     00009EDF  _UART2_LINCmd                      stm8s_uart2
     00009EF2  _UART2_SmartCardCmd                stm8s_uart2
     00009F05  _UART2_SmartCardNACKCmd            stm8s_uart2
     00009F18  _UART2_WakeUpConfig                stm8s_uart2
     00009F25  _UART2_ReceiverWakeUpCmd           stm8s_uart2
     00009F38  _UART2_ReceiveData8                stm8s_uart2
     00009F3C  _UART2_ReceiveData9                stm8s_uart2
     00009F5A  _UART2_SendData8                   stm8s_uart2
     00009F61  _UART2_SendData9                   stm8s_uart2
     00009F7E  _UART2_SendBreak                   stm8s_uart2
     00009F83  _UART2_SetAddress                  stm8s_uart2
     00009F94  _UART2_SetGuardTime                stm8s_uart2
     00009F9B  _UART2_SetPrescaler                stm8s_uart2
     00009FA2  _UART2_GetFlagStatus               stm8s_uart2
     00009FFB  _UART2_ClearFlag                   stm8s_uart2
     0000A029  _UART2_GetITStatus                 stm8s_uart2
     0000A0C5  _UART2_ClearITPendingBit           stm8s_uart2
     0000A0E2  _CLK_DeInit                        stm8s_clk
     0000A119  _CLK_FastHaltWakeUpCmd             stm8s_clk
     0000A12C  _CLK_HSECmd                        stm8s_clk
     0000A13F  _CLK_HSICmd                        stm8s_clk
     0000A152  _CLK_LSICmd                        stm8s_clk
     0000A165  _CLK_CCOCmd                        stm8s_clk
     0000A178  _CLK_ClockSwitchCmd                stm8s_clk
     0000A18B  _CLK_SlowActiveHaltWakeUpCmd       stm8s_clk
     0000A19E  _CLK_PeripheralClockConfig         stm8s_clk
     0000A1E8  _CLK_ClockSwitchConfig             stm8s_clk
     0000A296  _CLK_HSIPrescalerConfig            stm8s_clk
     0000A2A7  _CLK_CCOConfig                     stm8s_clk
     0000A2BC  _CLK_ITConfig                      stm8s_clk
     0000A2FC  _CLK_SYSCLKConfig                  stm8s_clk
     0000A330  _CLK_SWIMConfig                    stm8s_clk
     0000A343  _CLK_ClockSecuritySystemEnable     stm8s_clk
     0000A348  _CLK_GetSYSCLKSource               stm8s_clk
     0000A34C  _CLK_GetClockFreq                  stm8s_clk
     0000A39E  _CLK_AdjustHSICalibrationValue     stm8s_clk
     0000A3A9  _CLK_SYSCLKEmergencyClear          stm8s_clk
     0000A3AE  _CLK_GetFlagStatus                 stm8s_clk
     0000A3F0  _CLK_GetITStatus                   stm8s_clk
     0000A410  _CLK_ClearITPendingBit             stm8s_clk
ASxxxx Linker V03.00 + NoICE + sdld,  page 12.
Hexadecimal  [32-Bits]

Area                                    Addr        Size        Decimal Bytes (Attributes)
--------------------------------        ----        ----        ------- ----- ------------
CODE                                000086F9    00002651 =        9809. bytes (REL,CON)

      Value  Global                              Global Defined In Module
      -----  --------------------------------   ------------------------
     0000A420  __modulong                         
     0000A4A3  _vsprintf                          sprintf
     0000A4BE  _sprintf                           sprintf
     0000A4DE  __divulong                         
     0000A538  _puts                              puts
     0000A567  _vprintf                           vprintf
     0000A579  _printf                            vprintf
     0000A58F  __mullong                          
     0000A60B  __modsint                          
     0000A621  __divsint                          
     0000A6DB  __print_format                     printf_large
     0000AD3B  _strlen                            _strlen

ASxxxx Linker V03.00 + NoICE + sdld,  page 13.
Hexadecimal  [32-Bits]

Area                                    Addr        Size        Decimal Bytes (Attributes)
--------------------------------        ----        ----        ------- ----- ------------
SSEG                                FFFFFFFF    00000001 =           1. bytes (REL,CON)

      Value  Global                              Global Defined In Module
      -----  --------------------------------   ------------------------
ASxxxx Linker V03.00 + NoICE + sdld,  page 14.

Files Linked                              [ module(s) ]

stm8s_it.rel                              [ stm8s_it ]
main.rel                                  [ main ]
driver/dht12.rel                          [ dht12 ]
driver/uart.rel                           [ uart ]
driver/key.rel                            [ key ]
driver/ds1302.rel                         [ ds1302 ]
driver/oled.rel                           [ oled ]
driver/adc.rel                            [ adc ]
STM8S_StdPeriph_Lib/Libraries/STM8S_StdPeriph_Driver/src/stm8s_gpio.rel
                                          [ stm8s_gpio ]
STM8S_StdPeriph_Lib/Libraries/STM8S_StdPeriph_Driver/src/stm8s_exti.rel
                                          [ stm8s_exti ]
STM8S_StdPeriph_Lib/Libraries/STM8S_StdPeriph_Driver/src/stm8s_adc1.rel
                                          [ stm8s_adc1 ]
STM8S_StdPeriph_Lib/Libraries/STM8S_StdPeriph_Driver/src/stm8s_uart2.rel
                                          [ stm8s_uart2 ]
STM8S_StdPeriph_Lib/Libraries/STM8S_StdPeriph_Driver/src/stm8s_clk.rel
                                          [ stm8s_clk ]


Libraries Linked                          [ object file ]

/usr/local/bin/../share/sdcc/lib/stm8/stm8.lib
                                          [ _modulong.rel ]
/usr/local/bin/../share/sdcc/lib/stm8/stm8.lib
                                          [ sprintf.rel ]
/usr/local/bin/../share/sdcc/lib/stm8/stm8.lib
                                          [ _divulong.rel ]
/usr/local/bin/../share/sdcc/lib/stm8/stm8.lib
                                          [ puts.rel ]
/usr/local/bin/../share/sdcc/lib/stm8/stm8.lib
                                          [ vprintf.rel ]
/usr/local/bin/../share/sdcc/lib/stm8/stm8.lib
                                          [ _mullong.rel ]
/usr/local/bin/../share/sdcc/lib/stm8/stm8.lib
                                          [ _modsint.rel ]
/usr/local/bin/../share/sdcc/lib/stm8/stm8.lib
                                          [ _divsint.rel ]
/usr/local/bin/../share/sdcc/lib/stm8/stm8.lib
                                          [ printf_large.rel ]
/usr/local/bin/../share/sdcc/lib/stm8/stm8.lib
                                          [ _strlen.rel ]

ASxxxx Linker V03.00 + NoICE + sdld,  page 15.

User Base Address Definitions

HOME = 0x8000
DATA = 0x0001
SSEG = 0xffffffff

