ASxxxx Linker V03.00 + NoICE + sdld,  page 1.
Hexadecimal  [32-Bits]

Area                                    Addr        Size        Decimal Bytes (Attributes)
--------------------------------        ----        ----        ------- ----- ------------
.  .ABS.                            00000000    00000000 =           0. bytes (ABS,CON)

      Value  Global                              Global Defined In Module
      -----  --------------------------------   ------------------------
     FFFFFFFF  s_SSEG                          
     00000000  .__.ABS.                           _strlen
     00000000  l_CABS                          
     00000000  l_DABS                          
     00000000  l__CODE                         
     00000000  s_CABS                          
     00000000  s_DABS                          
     00000000  s__CODE                         
     00000001  l_SSEG                          
     00000001  s_DATA                          
     00000003  l_GSFINAL                       
     00000007  l_INITIALIZED                   
     00000007  l_INITIALIZER                   
     0000001A  l_GSINIT                        
     0000006F  l_HOME                          
     00000088  l_DATA                          
     00000089  s_INITIALIZED                   
     00000665  l_CONST                         
     00003C7A  l_CODE                          
     00008000  s_HOME                          
     0000806F  s_GSINIT                        
     00008089  s_GSFINAL                       
     0000808C  s_CONST                         
     000086F1  s_INITIALIZER                   
     000086F8  s_CODE                          

ASxxxx Linker V03.00 + NoICE + sdld,  page 2.
Hexadecimal  [32-Bits]

Area                                    Addr        Size        Decimal Bytes (Attributes)
--------------------------------        ----        ----        ------- ----- ------------
DATA                                00000001    00000088 =         136. bytes (REL,CON)

      Value  Global                              Global Defined In Module
      -----  --------------------------------   ------------------------
     00000001  _ds_time                           driver_common
     00000008  _dh_data                           driver_common
     0000000E  _adc_data                          driver_common
     00000011  _modbus_buff                       modbus
     00000084  _asm_addr                          stm8s_flash
     00000088  _asm_val                           stm8s_flash
ASxxxx Linker V03.00 + NoICE + sdld,  page 3.
Hexadecimal  [32-Bits]

Area                                    Addr        Size        Decimal Bytes (Attributes)
--------------------------------        ----        ----        ------- ----- ------------
INITIALIZED                         00000089    00000007 =           7. bytes (REL,CON)

      Value  Global                              Global Defined In Module
      -----  --------------------------------   ------------------------
     00000089  _last_uart_receive_time            stm8s_it
     0000008A  _modbus_status                     modbus
     0000008B  _keycount                          key
ASxxxx Linker V03.00 + NoICE + sdld,  page 4.
Hexadecimal  [32-Bits]

Area                                    Addr        Size        Decimal Bytes (Attributes)
--------------------------------        ----        ----        ------- ----- ------------
SSEG                                FFFFFFFF    00000001 =           1. bytes (REL,CON)

      Value  Global                              Global Defined In Module
      -----  --------------------------------   ------------------------
ASxxxx Linker V03.00 + NoICE + sdld,  page 5.
Hexadecimal  [32-Bits]

Area                                    Addr        Size        Decimal Bytes (Attributes)
--------------------------------        ----        ----        ------- ----- ------------
HOME                                00008000    0000006F =         111. bytes (REL,CON)

      Value  Global                              Global Defined In Module
      -----  --------------------------------   ------------------------
ASxxxx Linker V03.00 + NoICE + sdld,  page 6.
Hexadecimal  [32-Bits]

Area                                    Addr        Size        Decimal Bytes (Attributes)
--------------------------------        ----        ----        ------- ----- ------------
GSINIT                              0000806F    0000001A =          26. bytes (REL,CON)

      Value  Global                              Global Defined In Module
      -----  --------------------------------   ------------------------
ASxxxx Linker V03.00 + NoICE + sdld,  page 7.
Hexadecimal  [32-Bits]

Area                                    Addr        Size        Decimal Bytes (Attributes)
--------------------------------        ----        ----        ------- ----- ------------
GSFINAL                             00008089    00000003 =           3. bytes (REL,CON)

      Value  Global                              Global Defined In Module
      -----  --------------------------------   ------------------------
ASxxxx Linker V03.00 + NoICE + sdld,  page 8.
Hexadecimal  [32-Bits]

Area                                    Addr        Size        Decimal Bytes (Attributes)
--------------------------------        ----        ----        ------- ----- ------------
CONST                               0000808C    00000665 =        1637. bytes (REL,CON)

      Value  Global                              Global Defined In Module
      -----  --------------------------------   ------------------------
     000080F2  _F8X16                             oled
     000086E2  _HSIDivFactor                      stm8s_clk

ASxxxx Linker V03.00 + NoICE + sdld,  page 9.
Hexadecimal  [32-Bits]

Area                                    Addr        Size        Decimal Bytes (Attributes)
--------------------------------        ----        ----        ------- ----- ------------
INITIALIZER                         000086F1    00000007 =           7. bytes (REL,CON)

      Value  Global                              Global Defined In Module
      -----  --------------------------------   ------------------------
ASxxxx Linker V03.00 + NoICE + sdld,  page 10.
Hexadecimal  [32-Bits]

Area                                    Addr        Size        Decimal Bytes (Attributes)
--------------------------------        ----        ----        ------- ----- ------------
CODE                                000086F8    00003C7A =       15482. bytes (REL,CON)

      Value  Global                              Global Defined In Module
      -----  --------------------------------   ------------------------
     000086F8  _Delay                             main
     0000871F  _main                              main
     0000872E  _i2c_init                          dht12
     00008749  _i2c_deinit                        dht12
     00008764  _I2CDataInOut                      dht12
     00008784  _I2C_Start                         dht12
     000087B7  _I2C_Stop                          dht12
     000087EA  _I2C_Rack                          dht12
     0000881D  _I2C_nAck                          dht12
     00008850  _SendByte                          dht12
     000088F5  _RcvByte                           dht12
     00008959  _I2C_Read                          dht12
     000089DB  _i2c_read                          dht12
     000089F6  _ReadDHT12                         dht12
     00008A51  _driver_init                       driver_common
     00008A65  _driver_loop                       driver_common
     00008ABF  _relay_read                        relay
     00008ACB  _relay_on                          relay
     00008AE4  _relay_off                         relay
     00008AFD  _Init_UART2                        uart
     00008B41  _UART2_Send_Char                   uart
     00008B55  _UART2_Send_STR                    uart
     00008B66  _putchar                           uart
     00008B68  _ds1302_port_deinit                ds1302
     00008B90  _ds1302_port_init                  ds1302
     00008BCE  _read_IO                           ds1302
     00008BDC  _write_IO                          ds1302
     00008BEA  _ds1302_write_byte                 ds1302
     00008C2C  _ds1302_read_byte                  ds1302
     00008C6E  _ds1302_write                      ds1302
     00008CAC  _ds1302_read                       ds1302
     00008CED  _ds1302_read_time                  ds1302
     00008D5D  _ds1302_write_time                 ds1302
     00008DEB  _ds1302_active                     ds1302
     00008E25  _TRAP_IRQHandler                   stm8s_it
     00008E26  _TLI_IRQHandler                    stm8s_it
     00008E27  _AWU_IRQHandler                    stm8s_it
     00008E28  _CLK_IRQHandler                    stm8s_it
     00008E29  _EXTI_PORTA_IRQHandler             stm8s_it
     00008E2A  _EXTI_PORTB_IRQHandler             stm8s_it
     00008E2B  _EXTI_PORTC_IRQHandler             stm8s_it
     00008E2C  _EXTI_PORTD_IRQHandler             stm8s_it
     00008E58  _EXTI_PORTE_IRQHandler             stm8s_it
     00008E59  _SPI_IRQHandler                    stm8s_it
     00008E5A  _TIM1_UPD_OVF_TRG_BRK_IRQHandler   stm8s_it
     00008E5B  _TIM1_CAP_COM_IRQHandler           stm8s_it
     00008E5C  _TIM2_UPD_OVF_BRK_IRQHandler       stm8s_it
     00008E5D  _TIM2_CAP_COM_IRQHandler           stm8s_it
     00008E5E  _TIM3_UPD_OVF_BRK_IRQHandler       stm8s_it
     00008E5F  _TIM3_CAP_COM_IRQHandler           stm8s_it
ASxxxx Linker V03.00 + NoICE + sdld,  page 11.
Hexadecimal  [32-Bits]

Area                                    Addr        Size        Decimal Bytes (Attributes)
--------------------------------        ----        ----        ------- ----- ------------
CODE                                000086F8    00003C7A =       15482. bytes (REL,CON)

      Value  Global                              Global Defined In Module
      -----  --------------------------------   ------------------------
     00008E60  _I2C_IRQHandler                    stm8s_it
     00008E61  _UART2_TX_IRQHandler               stm8s_it
     00008E62  _UART2_RX_IRQHandler               stm8s_it
     00008ED8  _ADC1_IRQHandler                   stm8s_it
     00008ED9  _TIM4_UPD_OVF_IRQHandler           stm8s_it
     00008EDA  _EEPROM_EEC_IRQHandler             stm8s_it
     00008EDB  _eeprom_read                       eeprom
     00008EF4  _eeprom_write                      eeprom
     00008F37  _CRC16                             modbus
     00008F8C  _modbus_send                       modbus
     00008FB4  _modbus_virtual_write              modbus
     00009030  _modbus_virtual_read               modbus
     000091E8  _modbus_process                    modbus
     000093BD  _key_init                          key
     0000940E  _key_read                          key
     00009426  _beep_init                         beep
     00009434  _beep_read                         beep
     00009440  _beep_on                           beep
     00009459  _beep_off                          beep
     00009472  _app_init                          app
     000094A3  _app_loop                          app
     0000A4F6  _delay_ms                          oled
     0000A514  _OLED_WR_Byte                      oled
     0000A591  _OLED_Set_Pos                      oled
     0000A5CE  _OLED_Display_On                   oled
     0000A5EA  _OLED_Display_Off                  oled
     0000A606  _OLED_Clear                        oled
     0000A642  _OLED_ShowChar                     oled
     0000A6B9  _oled_pow                          oled
     0000A6EE  _OLED_ShowNum                      oled
     0000A78B  _OLED_ShowString                   oled
     0000A7BE  _OLED_Init                         oled
     0000A944  _ReadADC                           adc
     0000A996  _ReadDin                           adc
     0000A9AF  _GPIO_DeInit                       stm8s_gpio
     0000A9BE  _GPIO_Init                         stm8s_gpio
     0000AA33  _GPIO_Write                        stm8s_gpio
     0000AA39  _GPIO_WriteHigh                    stm8s_gpio
     0000AA40  _GPIO_WriteLow                     stm8s_gpio
     0000AA4E  _GPIO_WriteReverse                 stm8s_gpio
     0000AA55  _GPIO_ReadOutputData               stm8s_gpio
     0000AA59  _GPIO_ReadInputData                stm8s_gpio
     0000AA5E  _GPIO_ReadInputPin                 stm8s_gpio
     0000AA65  _GPIO_ExternalPullUpConfig         stm8s_gpio
     0000AA81  _write_byte_address                stm8s_flash
     0000AA98  _read_byte_address                 stm8s_flash
     0000AAAE  _FLASH_Unlock                      stm8s_flash
     0000AAC6  _FLASH_Lock                        stm8s_flash
     0000AACF  _FLASH_DeInit                      stm8s_flash
     0000AAE7  _FLASH_ITConfig                    stm8s_flash
     0000AAFA  _FLASH_EraseByte                   stm8s_flash
ASxxxx Linker V03.00 + NoICE + sdld,  page 12.
Hexadecimal  [32-Bits]

Area                                    Addr        Size        Decimal Bytes (Attributes)
--------------------------------        ----        ----        ------- ----- ------------
CODE                                000086F8    00003C7A =       15482. bytes (REL,CON)

      Value  Global                              Global Defined In Module
      -----  --------------------------------   ------------------------
     0000AB05  _FLASH_ProgramByte                 stm8s_flash
     0000AB11  _FLASH_ReadByte                    stm8s_flash
     0000AB1D  _FLASH_ProgramWord                 stm8s_flash
     0000AB69  _FLASH_ProgramOptionByte           stm8s_flash
     0000AB9E  _FLASH_EraseOptionByte             stm8s_flash
     0000ABCE  _FLASH_ReadOptionByte              stm8s_flash
     0000AC0A  _FLASH_SetLowPowerMode             stm8s_flash
     0000AC1B  _FLASH_SetProgrammingTime          stm8s_flash
     0000AC2C  _FLASH_GetLowPowerMode             stm8s_flash
     0000AC32  _FLASH_GetProgrammingTime          stm8s_flash
     0000AC38  _FLASH_GetBootSize                 stm8s_flash
     0000AC5F  _FLASH_GetFlagStatus               stm8s_flash
     0000AC6B  _FLASH_WaitForLastOperation        stm8s_flash
     0000AC9B  _FLASH_EraseBlock                  stm8s_flash
     0000ACD3  _FLASH_ProgramBlock                stm8s_flash
     0000AD4B  _EXTI_DeInit                       stm8s_exti
     0000AD54  _EXTI_SetExtIntSensitivity         stm8s_exti
     0000ADE6  _EXTI_SetTLISensitivity            stm8s_exti
     0000ADF7  _EXTI_GetExtIntSensitivity         stm8s_exti
     0000AE3C  _EXTI_GetTLISensitivity            stm8s_exti
     0000AE42  _ADC1_DeInit                       stm8s_adc1
     0000AE73  _ADC1_Init                         stm8s_adc1
     0000AEA3  _ADC1_Cmd                          stm8s_adc1
     0000AEB6  _ADC1_ScanModeCmd                  stm8s_adc1
     0000AEC9  _ADC1_DataBufferCmd                stm8s_adc1
     0000AEDC  _ADC1_ITConfig                     stm8s_adc1
     0000AEFA  _ADC1_PrescalerConfig              stm8s_adc1
     0000AF0B  _ADC1_SchmittTriggerConfig         stm8s_adc1
     0000AF89  _ADC1_ConversionConfig             stm8s_adc1
     0000AFBC  _ADC1_ExternalTriggerConfig        stm8s_adc1
     0000AFE0  _ADC1_StartConversion              stm8s_adc1
     0000AFE5  _ADC1_GetConversionValue           stm8s_adc1
     0000B025  _ADC1_AWDChannelConfig             stm8s_adc1
     0000B07D  _ADC1_SetHighThreshold             stm8s_adc1
     0000B08B  _ADC1_SetLowThreshold              stm8s_adc1
     0000B099  _ADC1_GetBufferValue               stm8s_adc1
     0000B0E6  _ADC1_GetAWDChannelStatus          stm8s_adc1
     0000B120  _ADC1_GetFlagStatus                stm8s_adc1
     0000B185  _ADC1_ClearFlag                    stm8s_adc1
     0000B1F5  _ADC1_GetITStatus                  stm8s_adc1
     0000B248  _ADC1_ClearITPendingBit            stm8s_adc1
     0000B2A6  _UART2_DeInit                      stm8s_uart2
     0000B2CD  _UART2_Init                        stm8s_uart2
     0000B432  _UART2_Cmd                         stm8s_uart2
     0000B445  _UART2_ITConfig                    stm8s_uart2
     0000B4EC  _UART2_IrDAConfig                  stm8s_uart2
     0000B4FF  _UART2_IrDACmd                     stm8s_uart2
     0000B512  _UART2_LINBreakDetectionConfig     stm8s_uart2
     0000B525  _UART2_LINConfig                   stm8s_uart2
     0000B55E  _UART2_LINCmd                      stm8s_uart2
     0000B571  _UART2_SmartCardCmd                stm8s_uart2
ASxxxx Linker V03.00 + NoICE + sdld,  page 13.
Hexadecimal  [32-Bits]

Area                                    Addr        Size        Decimal Bytes (Attributes)
--------------------------------        ----        ----        ------- ----- ------------
CODE                                000086F8    00003C7A =       15482. bytes (REL,CON)

      Value  Global                              Global Defined In Module
      -----  --------------------------------   ------------------------
     0000B584  _UART2_SmartCardNACKCmd            stm8s_uart2
     0000B597  _UART2_WakeUpConfig                stm8s_uart2
     0000B5A4  _UART2_ReceiverWakeUpCmd           stm8s_uart2
     0000B5B7  _UART2_ReceiveData8                stm8s_uart2
     0000B5BB  _UART2_ReceiveData9                stm8s_uart2
     0000B5D9  _UART2_SendData8                   stm8s_uart2
     0000B5E0  _UART2_SendData9                   stm8s_uart2
     0000B5FD  _UART2_SendBreak                   stm8s_uart2
     0000B602  _UART2_SetAddress                  stm8s_uart2
     0000B613  _UART2_SetGuardTime                stm8s_uart2
     0000B61A  _UART2_SetPrescaler                stm8s_uart2
     0000B621  _UART2_GetFlagStatus               stm8s_uart2
     0000B67A  _UART2_ClearFlag                   stm8s_uart2
     0000B6A8  _UART2_GetITStatus                 stm8s_uart2
     0000B744  _UART2_ClearITPendingBit           stm8s_uart2
     0000B761  _CLK_DeInit                        stm8s_clk
     0000B798  _CLK_FastHaltWakeUpCmd             stm8s_clk
     0000B7AB  _CLK_HSECmd                        stm8s_clk
     0000B7BE  _CLK_HSICmd                        stm8s_clk
     0000B7D1  _CLK_LSICmd                        stm8s_clk
     0000B7E4  _CLK_CCOCmd                        stm8s_clk
     0000B7F7  _CLK_ClockSwitchCmd                stm8s_clk
     0000B80A  _CLK_SlowActiveHaltWakeUpCmd       stm8s_clk
     0000B81D  _CLK_PeripheralClockConfig         stm8s_clk
     0000B867  _CLK_ClockSwitchConfig             stm8s_clk
     0000B915  _CLK_HSIPrescalerConfig            stm8s_clk
     0000B926  _CLK_CCOConfig                     stm8s_clk
     0000B93B  _CLK_ITConfig                      stm8s_clk
     0000B97B  _CLK_SYSCLKConfig                  stm8s_clk
     0000B9AF  _CLK_SWIMConfig                    stm8s_clk
     0000B9C2  _CLK_ClockSecuritySystemEnable     stm8s_clk
     0000B9C7  _CLK_GetSYSCLKSource               stm8s_clk
     0000B9CB  _CLK_GetClockFreq                  stm8s_clk
     0000BA1D  _CLK_AdjustHSICalibrationValue     stm8s_clk
     0000BA28  _CLK_SYSCLKEmergencyClear          stm8s_clk
     0000BA2D  _CLK_GetFlagStatus                 stm8s_clk
     0000BA6F  _CLK_GetITStatus                   stm8s_clk
     0000BA8F  _CLK_ClearITPendingBit             stm8s_clk
     0000BA9F  __modulong                         
     0000BB22  _vsprintf                          sprintf
     0000BB3D  _sprintf                           sprintf
     0000BB5D  __divulong                         
     0000BBB7  __mullong                          
     0000BC33  __modsint                          
     0000BC49  __divsint                          
     0000BD03  __print_format                     printf_large
     0000C363  _strlen                            _strlen

ASxxxx Linker V03.00 + NoICE + sdld,  page 14.

Files Linked                              [ module(s) ]

main.rel                                  [ main ]
driver/dht12.rel                          [ dht12 ]
driver/driver_common.rel                  [ driver_common ]
driver/relay.rel                          [ relay ]
driver/uart.rel                           [ uart ]
driver/ds1302.rel                         [ ds1302 ]
driver/stm8s_it.rel                       [ stm8s_it ]
driver/eeprom.rel                         [ eeprom ]
driver/modbus.rel                         [ modbus ]
driver/key.rel                            [ key ]
driver/beep.rel                           [ beep ]
driver/app.rel                            [ app ]
driver/oled.rel                           [ oled ]
driver/adc.rel                            [ adc ]
STM8S_StdPeriph_Lib/Libraries/STM8S_StdPeriph_Driver/src/stm8s_gpio.rel
                                          [ stm8s_gpio ]
STM8S_StdPeriph_Lib/Libraries/STM8S_StdPeriph_Driver/src/stm8s_flash.rel
                                          [ stm8s_flash ]
STM8S_StdPeriph_Lib/Libraries/STM8S_StdPeriph_Driver/src/stm8s_exti.rel
                                          [ stm8s_exti ]
STM8S_StdPeriph_Lib/Libraries/STM8S_StdPeriph_Driver/src/stm8s_adc1.rel
                                          [ stm8s_adc1 ]
STM8S_StdPeriph_Lib/Libraries/STM8S_StdPeriph_Driver/src/stm8s_uart2.rel
                                          [ stm8s_uart2 ]
STM8S_StdPeriph_Lib/Libraries/STM8S_StdPeriph_Driver/src/stm8s_clk.rel
                                          [ stm8s_clk ]


Libraries Linked                          [ object file ]

/usr/local/bin/../share/sdcc/lib/stm8/stm8.lib
                                          [ _modulong.rel ]
/usr/local/bin/../share/sdcc/lib/stm8/stm8.lib
                                          [ sprintf.rel ]
/usr/local/bin/../share/sdcc/lib/stm8/stm8.lib
                                          [ _divulong.rel ]
/usr/local/bin/../share/sdcc/lib/stm8/stm8.lib
                                          [ _mullong.rel ]
/usr/local/bin/../share/sdcc/lib/stm8/stm8.lib
                                          [ _modsint.rel ]
/usr/local/bin/../share/sdcc/lib/stm8/stm8.lib
                                          [ _divsint.rel ]
/usr/local/bin/../share/sdcc/lib/stm8/stm8.lib
                                          [ printf_large.rel ]
/usr/local/bin/../share/sdcc/lib/stm8/stm8.lib
                                          [ _strlen.rel ]

ASxxxx Linker V03.00 + NoICE + sdld,  page 15.

User Base Address Definitions

HOME = 0x8000
DATA = 0x0001
SSEG = 0xffffffff

