ASxxxx Linker V03.00 + NoICE + sdld,  page 1.
Hexadecimal  [32-Bits]

Area                                    Addr        Size        Decimal Bytes (Attributes)
--------------------------------        ----        ----        ------- ----- ------------
.  .ABS.                            00000000    00000000 =           0. bytes (ABS,CON)

      Value  Global                              Global Defined In Module
      -----  --------------------------------   ------------------------
     FFFFFFFF  s_SSEG                          
     00000000  .__.ABS.                           _strlen
     00000000  l_CABS                          
     00000000  l_DABS                          
     00000000  l__CODE                         
     00000000  s_CABS                          
     00000000  s_DABS                          
     00000000  s__CODE                         
     00000001  l_SSEG                          
     00000001  s_DATA                          
     00000003  l_GSFINAL                       
     0000000A  l_INITIALIZED                   
     0000000A  l_INITIALIZER                   
     0000001A  l_GSINIT                        
     0000006F  l_HOME                          
     00000098  l_DATA                          
     00000099  s_INITIALIZED                   
     00000678  l_CONST                         
     00003D20  l_CODE                          
     00008000  s_HOME                          
     0000806F  s_GSINIT                        
     00008089  s_GSFINAL                       
     0000808C  s_CONST                         
     00008704  s_INITIALIZER                   
     0000870E  s_CODE                          

ASxxxx Linker V03.00 + NoICE + sdld,  page 2.
Hexadecimal  [32-Bits]

Area                                    Addr        Size        Decimal Bytes (Attributes)
--------------------------------        ----        ----        ------- ----- ------------
DATA                                00000001    00000098 =         152. bytes (REL,CON)

      Value  Global                              Global Defined In Module
      -----  --------------------------------   ------------------------
     00000001  _dht12_timer                       time2
     0000007A  _modbus_buff                       modbus
     00000084  _ds_time                           driver_common
     0000008B  _dh_data                           driver_common
     00000090  _adc_data                          driver_common
     00000094  _asm_addr                          stm8s_flash
     00000098  _asm_val                           stm8s_flash

ASxxxx Linker V03.00 + NoICE + sdld,  page 3.
Hexadecimal  [32-Bits]

Area                                    Addr        Size        Decimal Bytes (Attributes)
--------------------------------        ----        ----        ------- ----- ------------
INITIALIZED                         00000099    0000000A =          10. bytes (REL,CON)

      Value  Global                              Global Defined In Module
      -----  --------------------------------   ------------------------
     00000099  _modbus_timer                      time2
     0000009B  _ds_1302_timer                     time2
     0000009D  _keycount                          key
     000000A2  _modbus_status                     modbus

ASxxxx Linker V03.00 + NoICE + sdld,  page 4.
Hexadecimal  [32-Bits]

Area                                    Addr        Size        Decimal Bytes (Attributes)
--------------------------------        ----        ----        ------- ----- ------------
SSEG                                FFFFFFFF    00000001 =           1. bytes (REL,CON)

      Value  Global                              Global Defined In Module
      -----  --------------------------------   ------------------------
ASxxxx Linker V03.00 + NoICE + sdld,  page 5.
Hexadecimal  [32-Bits]

Area                                    Addr        Size        Decimal Bytes (Attributes)
--------------------------------        ----        ----        ------- ----- ------------
HOME                                00008000    0000006F =         111. bytes (REL,CON)

      Value  Global                              Global Defined In Module
      -----  --------------------------------   ------------------------
ASxxxx Linker V03.00 + NoICE + sdld,  page 6.
Hexadecimal  [32-Bits]

Area                                    Addr        Size        Decimal Bytes (Attributes)
--------------------------------        ----        ----        ------- ----- ------------
GSINIT                              0000806F    0000001A =          26. bytes (REL,CON)

      Value  Global                              Global Defined In Module
      -----  --------------------------------   ------------------------
ASxxxx Linker V03.00 + NoICE + sdld,  page 7.
Hexadecimal  [32-Bits]

Area                                    Addr        Size        Decimal Bytes (Attributes)
--------------------------------        ----        ----        ------- ----- ------------
GSFINAL                             00008089    00000003 =           3. bytes (REL,CON)

      Value  Global                              Global Defined In Module
      -----  --------------------------------   ------------------------
ASxxxx Linker V03.00 + NoICE + sdld,  page 8.
Hexadecimal  [32-Bits]

Area                                    Addr        Size        Decimal Bytes (Attributes)
--------------------------------        ----        ----        ------- ----- ------------
CONST                               0000808C    00000678 =        1656. bytes (REL,CON)

      Value  Global                              Global Defined In Module
      -----  --------------------------------   ------------------------
     0000808C  _F8X16                             oled
     000086F5  _HSIDivFactor                      stm8s_clk

ASxxxx Linker V03.00 + NoICE + sdld,  page 9.
Hexadecimal  [32-Bits]

Area                                    Addr        Size        Decimal Bytes (Attributes)
--------------------------------        ----        ----        ------- ----- ------------
INITIALIZER                         00008704    0000000A =          10. bytes (REL,CON)

      Value  Global                              Global Defined In Module
      -----  --------------------------------   ------------------------
ASxxxx Linker V03.00 + NoICE + sdld,  page 10.
Hexadecimal  [32-Bits]

Area                                    Addr        Size        Decimal Bytes (Attributes)
--------------------------------        ----        ----        ------- ----- ------------
CODE                                0000870E    00003D20 =       15648. bytes (REL,CON)

      Value  Global                              Global Defined In Module
      -----  --------------------------------   ------------------------
     0000870E  _Delay                             main
     0000873F  _main                              main
     0000875A  _ReadADC                           adc
     000087B3  _ReadDin                           adc
     000087CC  _Tim2_Init                         time2
     000087EF  _delay_ms                          oled
     0000880B  _OLED_WR_Byte                      oled
     00008888  _OLED_Set_Pos                      oled
     000088B6  _OLED_Display_On                   oled
     000088CF  _OLED_Display_Off                  oled
     000088E8  _OLED_Clear                        oled
     00008920  _OLED_ShowChar                     oled
     00008993  _oled_pow                          oled
     000089C7  _OLED_ShowNum                      oled
     00008A64  _OLED_ShowString                   oled
     00008A95  _OLED_Init                         oled
     00008BFB  _Is_In_Area                        app
     00008C74  _app_init                          app
     00008CA5  _app_loop                          app
     000096F3  _beep_init                         beep
     00009701  _beep_read                         beep
     0000970D  _beep_on                           beep
     00009726  _beep_off                          beep
     0000973F  _key_init                          key
     00009797  _key_read                          key
     000097AF  _CRC16                             modbus
     00009804  _modbus_send                       modbus
     0000982B  _modbus_virtual_write              modbus
     000098A4  _modbus_virtual_read               modbus
     00009A20  _modbus_process                    modbus
     00009BEF  _WitchDog_init                     iwdg
     00009C05  _WitchDog_reset                    iwdg
     00009C08  _eeprom_read                       eeprom
     00009C1C  _eeprom_write                      eeprom
     00009C5A  _TRAP_IRQHandler                   stm8s_it
     00009C5B  _TLI_IRQHandler                    stm8s_it
     00009C5C  _AWU_IRQHandler                    stm8s_it
     00009C5D  _CLK_IRQHandler                    stm8s_it
     00009C5E  _EXTI_PORTA_IRQHandler             stm8s_it
     00009C5F  _EXTI_PORTB_IRQHandler             stm8s_it
     00009C60  _EXTI_PORTC_IRQHandler             stm8s_it
     00009C61  _EXTI_PORTD_IRQHandler             stm8s_it
     00009C89  _EXTI_PORTE_IRQHandler             stm8s_it
     00009C8A  _SPI_IRQHandler                    stm8s_it
     00009C8B  _TIM1_UPD_OVF_TRG_BRK_IRQHandler   stm8s_it
     00009C8C  _TIM1_CAP_COM_IRQHandler           stm8s_it
     00009C8D  _TIM2_UPD_OVF_BRK_IRQHandler       stm8s_it
     00009CAC  _TIM2_CAP_COM_IRQHandler           stm8s_it
     00009CAD  _TIM3_UPD_OVF_BRK_IRQHandler       stm8s_it
     00009CAE  _TIM3_CAP_COM_IRQHandler           stm8s_it
ASxxxx Linker V03.00 + NoICE + sdld,  page 11.
Hexadecimal  [32-Bits]

Area                                    Addr        Size        Decimal Bytes (Attributes)
--------------------------------        ----        ----        ------- ----- ------------
CODE                                0000870E    00003D20 =       15648. bytes (REL,CON)

      Value  Global                              Global Defined In Module
      -----  --------------------------------   ------------------------
     00009CAF  _I2C_IRQHandler                    stm8s_it
     00009CB0  _UART2_TX_IRQHandler               stm8s_it
     00009CB1  _UART2_RX_IRQHandler               stm8s_it
     00009D11  _ADC1_IRQHandler                   stm8s_it
     00009D12  _TIM4_UPD_OVF_IRQHandler           stm8s_it
     00009D13  _EEPROM_EEC_IRQHandler             stm8s_it
     00009D14  _ds1302_port_init                  ds1302
     00009D52  _read_IO                           ds1302
     00009D60  _write_IO                          ds1302
     00009D6E  _ds1302_write_byte                 ds1302
     00009DB0  _ds1302_read_byte                  ds1302
     00009DEC  _ds1302_write                      ds1302
     00009E2A  _ds1302_read                       ds1302
     00009E6B  _ds1302_read_time                  ds1302
     00009ED6  _ds1302_write_time                 ds1302
     00009F53  _ds1302_active                     ds1302
     00009F87  _Init_UART2                        uart
     00009FD3  _UART2_Send_Char                   uart
     00009FE6  _UART2_Send_STR                    uart
     00009FF7  _putchar                           uart
     00009FF9  _relay_read                        relay
     0000A005  _relay_on                          relay
     0000A01E  _relay_off                         relay
     0000A037  _driver_init                       driver_common
     0000A053  _driver_loop                       driver_common
     0000A08B  _i2c_init                          dht12
     0000A0A6  _i2c_deinit                        dht12
     0000A0C1  _I2CDataInOut                      dht12
     0000A0E1  _I2C_Start                         dht12
     0000A114  _I2C_Stop                          dht12
     0000A147  _I2C_Rack                          dht12
     0000A17A  _I2C_nAck                          dht12
     0000A1AD  _SendByte                          dht12
     0000A250  _RcvByte                           dht12
     0000A2B1  _I2C_Read                          dht12
     0000A333  _i2c_read                          dht12
     0000A34E  _ReadDHT12                         dht12
     0000A3A2  _GPIO_DeInit                       stm8s_gpio
     0000A3B1  _GPIO_Init                         stm8s_gpio
     0000A426  _GPIO_Write                        stm8s_gpio
     0000A42C  _GPIO_WriteHigh                    stm8s_gpio
     0000A433  _GPIO_WriteLow                     stm8s_gpio
     0000A441  _GPIO_WriteReverse                 stm8s_gpio
     0000A448  _GPIO_ReadOutputData               stm8s_gpio
     0000A44C  _GPIO_ReadInputData                stm8s_gpio
     0000A451  _GPIO_ReadInputPin                 stm8s_gpio
     0000A458  _GPIO_ExternalPullUpConfig         stm8s_gpio
     0000A474  _TIM2_DeInit                       stm8s_tim2
     0000A4CD  _TIM2_TimeBaseInit                 stm8s_tim2
     0000A4E6  _TIM2_OC1Init                      stm8s_tim2
     0000A51B  _TIM2_OC2Init                      stm8s_tim2
ASxxxx Linker V03.00 + NoICE + sdld,  page 12.
Hexadecimal  [32-Bits]

Area                                    Addr        Size        Decimal Bytes (Attributes)
--------------------------------        ----        ----        ------- ----- ------------
CODE                                0000870E    00003D20 =       15648. bytes (REL,CON)

      Value  Global                              Global Defined In Module
      -----  --------------------------------   ------------------------
     0000A550  _TIM2_OC3Init                      stm8s_tim2
     0000A585  _TIM2_ICInit                       stm8s_tim2
     0000A5D0  _TIM2_PWMIConfig                   stm8s_tim2
     0000A649  _TIM2_Cmd                          stm8s_tim2
     0000A65C  _TIM2_ITConfig                     stm8s_tim2
     0000A679  _TIM2_UpdateDisableConfig          stm8s_tim2
     0000A68C  _TIM2_UpdateRequestConfig          stm8s_tim2
     0000A69F  _TIM2_SelectOnePulseMode           stm8s_tim2
     0000A6B2  _TIM2_PrescalerConfig              stm8s_tim2
     0000A6BF  _TIM2_ForcedOC1Config              stm8s_tim2
     0000A6CA  _TIM2_ForcedOC2Config              stm8s_tim2
     0000A6D5  _TIM2_ForcedOC3Config              stm8s_tim2
     0000A6E0  _TIM2_ARRPreloadConfig             stm8s_tim2
     0000A6F3  _TIM2_OC1PreloadConfig             stm8s_tim2
     0000A706  _TIM2_OC2PreloadConfig             stm8s_tim2
     0000A719  _TIM2_OC3PreloadConfig             stm8s_tim2
     0000A72C  _TIM2_GenerateEvent                stm8s_tim2
     0000A733  _TIM2_OC1PolarityConfig            stm8s_tim2
     0000A746  _TIM2_OC2PolarityConfig            stm8s_tim2
     0000A759  _TIM2_OC3PolarityConfig            stm8s_tim2
     0000A76C  _TIM2_CCxCmd                       stm8s_tim2
     0000A7AE  _TIM2_SelectOCxM                   stm8s_tim2
     0000A7E4  _TIM2_SetCounter                   stm8s_tim2
     0000A7F7  _TIM2_SetAutoreload                stm8s_tim2
     0000A80A  _TIM2_SetCompare1                  stm8s_tim2
     0000A81D  _TIM2_SetCompare2                  stm8s_tim2
     0000A830  _TIM2_SetCompare3                  stm8s_tim2
     0000A843  _TIM2_SetIC1Prescaler              stm8s_tim2
     0000A84E  _TIM2_SetIC2Prescaler              stm8s_tim2
     0000A859  _TIM2_SetIC3Prescaler              stm8s_tim2
     0000A864  _TIM2_GetCapture1                  stm8s_tim2
     0000A87D  _TIM2_GetCapture2                  stm8s_tim2
     0000A896  _TIM2_GetCapture3                  stm8s_tim2
     0000A8AF  _TIM2_GetCounter                   stm8s_tim2
     0000A8CA  _TIM2_GetPrescaler                 stm8s_tim2
     0000A8CE  _TIM2_GetFlagStatus                stm8s_tim2
     0000A8F1  _TIM2_ClearFlag                    stm8s_tim2
     0000A8FC  _TIM2_GetITStatus                  stm8s_tim2
     0000A917  _TIM2_ClearITPendingBit            stm8s_tim2
     0000A9B1  _IWDG_WriteAccessCmd               stm8s_iwdg
     0000A9B8  _IWDG_SetPrescaler                 stm8s_iwdg
     0000A9BF  _IWDG_SetReload                    stm8s_iwdg
     0000A9C6  _IWDG_ReloadCounter                stm8s_iwdg
     0000A9CB  _IWDG_Enable                       stm8s_iwdg
     0000A9D0  _ITC_GetCPUCC                      stm8s_itc
     0000A9D8  _ITC_DeInit                        stm8s_itc
     0000A9F9  _ITC_GetSoftIntStatus              stm8s_itc
     0000A9FF  _ITC_GetSoftwarePriority           stm8s_itc
     0000AAA7  _ITC_SetSoftwarePriority           stm8s_itc
     0000AB91  _write_byte_address                stm8s_flash
     0000ABA8  _read_byte_address                 stm8s_flash
ASxxxx Linker V03.00 + NoICE + sdld,  page 13.
Hexadecimal  [32-Bits]

Area                                    Addr        Size        Decimal Bytes (Attributes)
--------------------------------        ----        ----        ------- ----- ------------
CODE                                0000870E    00003D20 =       15648. bytes (REL,CON)

      Value  Global                              Global Defined In Module
      -----  --------------------------------   ------------------------
     0000ABBE  _FLASH_Unlock                      stm8s_flash
     0000ABD6  _FLASH_Lock                        stm8s_flash
     0000ABDF  _FLASH_DeInit                      stm8s_flash
     0000ABF7  _FLASH_ITConfig                    stm8s_flash
     0000AC0A  _FLASH_EraseByte                   stm8s_flash
     0000AC15  _FLASH_ProgramByte                 stm8s_flash
     0000AC21  _FLASH_ReadByte                    stm8s_flash
     0000AC2D  _FLASH_ProgramWord                 stm8s_flash
     0000AC79  _FLASH_ProgramOptionByte           stm8s_flash
     0000ACAA  _FLASH_EraseOptionByte             stm8s_flash
     0000ACD6  _FLASH_ReadOptionByte              stm8s_flash
     0000AD0E  _FLASH_SetLowPowerMode             stm8s_flash
     0000AD1F  _FLASH_SetProgrammingTime          stm8s_flash
     0000AD30  _FLASH_GetLowPowerMode             stm8s_flash
     0000AD36  _FLASH_GetProgrammingTime          stm8s_flash
     0000AD3C  _FLASH_GetBootSize                 stm8s_flash
     0000AD63  _FLASH_GetFlagStatus               stm8s_flash
     0000AD6F  _FLASH_WaitForLastOperation        stm8s_flash
     0000AD9F  _FLASH_EraseBlock                  stm8s_flash
     0000ADDE  _FLASH_ProgramBlock                stm8s_flash
     0000AE54  _EXTI_DeInit                       stm8s_exti
     0000AE5D  _EXTI_SetExtIntSensitivity         stm8s_exti
     0000AEED  _EXTI_SetTLISensitivity            stm8s_exti
     0000AEFE  _EXTI_GetExtIntSensitivity         stm8s_exti
     0000AF43  _EXTI_GetTLISensitivity            stm8s_exti
     0000AF49  _ADC1_DeInit                       stm8s_adc1
     0000AF7A  _ADC1_Init                         stm8s_adc1
     0000AFA8  _ADC1_Cmd                          stm8s_adc1
     0000AFBB  _ADC1_ScanModeCmd                  stm8s_adc1
     0000AFCE  _ADC1_DataBufferCmd                stm8s_adc1
     0000AFE1  _ADC1_ITConfig                     stm8s_adc1
     0000AFFF  _ADC1_PrescalerConfig              stm8s_adc1
     0000B010  _ADC1_SchmittTriggerConfig         stm8s_adc1
     0000B08C  _ADC1_ConversionConfig             stm8s_adc1
     0000B0BF  _ADC1_ExternalTriggerConfig        stm8s_adc1
     0000B0E3  _ADC1_StartConversion              stm8s_adc1
     0000B0E8  _ADC1_GetConversionValue           stm8s_adc1
     0000B12E  _ADC1_AWDChannelConfig             stm8s_adc1
     0000B184  _ADC1_SetHighThreshold             stm8s_adc1
     0000B192  _ADC1_SetLowThreshold              stm8s_adc1
     0000B1A0  _ADC1_GetBufferValue               stm8s_adc1
     0000B1EF  _ADC1_GetAWDChannelStatus          stm8s_adc1
     0000B228  _ADC1_GetFlagStatus                stm8s_adc1
     0000B28D  _ADC1_ClearFlag                    stm8s_adc1
     0000B301  _ADC1_GetITStatus                  stm8s_adc1
     0000B353  _ADC1_ClearITPendingBit            stm8s_adc1
     0000B3AF  _UART2_DeInit                      stm8s_uart2
     0000B3D6  _UART2_Init                        stm8s_uart2
     0000B53F  _UART2_Cmd                         stm8s_uart2
     0000B552  _UART2_ITConfig                    stm8s_uart2
     0000B5F4  _UART2_IrDAConfig                  stm8s_uart2
ASxxxx Linker V03.00 + NoICE + sdld,  page 14.
Hexadecimal  [32-Bits]

Area                                    Addr        Size        Decimal Bytes (Attributes)
--------------------------------        ----        ----        ------- ----- ------------
CODE                                0000870E    00003D20 =       15648. bytes (REL,CON)

      Value  Global                              Global Defined In Module
      -----  --------------------------------   ------------------------
     0000B607  _UART2_IrDACmd                     stm8s_uart2
     0000B61A  _UART2_LINBreakDetectionConfig     stm8s_uart2
     0000B62D  _UART2_LINConfig                   stm8s_uart2
     0000B666  _UART2_LINCmd                      stm8s_uart2
     0000B679  _UART2_SmartCardCmd                stm8s_uart2
     0000B68C  _UART2_SmartCardNACKCmd            stm8s_uart2
     0000B69F  _UART2_WakeUpConfig                stm8s_uart2
     0000B6AC  _UART2_ReceiverWakeUpCmd           stm8s_uart2
     0000B6BF  _UART2_ReceiveData8                stm8s_uart2
     0000B6C3  _UART2_ReceiveData9                stm8s_uart2
     0000B6E0  _UART2_SendData8                   stm8s_uart2
     0000B6E7  _UART2_SendData9                   stm8s_uart2
     0000B704  _UART2_SendBreak                   stm8s_uart2
     0000B709  _UART2_SetAddress                  stm8s_uart2
     0000B71A  _UART2_SetGuardTime                stm8s_uart2
     0000B721  _UART2_SetPrescaler                stm8s_uart2
     0000B728  _UART2_GetFlagStatus               stm8s_uart2
     0000B781  _UART2_ClearFlag                   stm8s_uart2
     0000B7AF  _UART2_GetITStatus                 stm8s_uart2
     0000B849  _UART2_ClearITPendingBit           stm8s_uart2
     0000B866  _CLK_DeInit                        stm8s_clk
     0000B89D  _CLK_FastHaltWakeUpCmd             stm8s_clk
     0000B8B0  _CLK_HSECmd                        stm8s_clk
     0000B8C3  _CLK_HSICmd                        stm8s_clk
     0000B8D6  _CLK_LSICmd                        stm8s_clk
     0000B8E9  _CLK_CCOCmd                        stm8s_clk
     0000B8FC  _CLK_ClockSwitchCmd                stm8s_clk
     0000B90F  _CLK_SlowActiveHaltWakeUpCmd       stm8s_clk
     0000B922  _CLK_PeripheralClockConfig         stm8s_clk
     0000B96A  _CLK_ClockSwitchConfig             stm8s_clk
     0000BA18  _CLK_HSIPrescalerConfig            stm8s_clk
     0000BA29  _CLK_CCOConfig                     stm8s_clk
     0000BA3E  _CLK_ITConfig                      stm8s_clk
     0000BA7E  _CLK_SYSCLKConfig                  stm8s_clk
     0000BAB0  _CLK_SWIMConfig                    stm8s_clk
     0000BAC3  _CLK_ClockSecuritySystemEnable     stm8s_clk
     0000BAC8  _CLK_GetSYSCLKSource               stm8s_clk
     0000BACC  _CLK_GetClockFreq                  stm8s_clk
     0000BB1C  _CLK_AdjustHSICalibrationValue     stm8s_clk
     0000BB27  _CLK_SYSCLKEmergencyClear          stm8s_clk
     0000BB2C  _CLK_GetFlagStatus                 stm8s_clk
     0000BB6E  _CLK_GetITStatus                   stm8s_clk
     0000BB8E  _CLK_ClearITPendingBit             stm8s_clk
     0000BB9E  __modulong                         
     0000BC21  _vsprintf                          sprintf
     0000BC3C  _sprintf                           sprintf
     0000BC5C  __divulong                         
     0000BCB6  __modsint                          
     0000BCCC  __mullong                          
     0000BD48  __divsint                          
     0000BE0A  __print_format                     printf_large
ASxxxx Linker V03.00 + NoICE + sdld,  page 15.
Hexadecimal  [32-Bits]

Area                                    Addr        Size        Decimal Bytes (Attributes)
--------------------------------        ----        ----        ------- ----- ------------
CODE                                0000870E    00003D20 =       15648. bytes (REL,CON)

      Value  Global                              Global Defined In Module
      -----  --------------------------------   ------------------------
     0000C41F  _strlen                            _strlen
ASxxxx Linker V03.00 + NoICE + sdld,  page 16.

Files Linked                              [ module(s) ]

main.rel                                  [ main ]
driver/adc.rel                            [ adc ]
driver/time2.rel                          [ time2 ]
driver/oled.rel                           [ oled ]
driver/app.rel                            [ app ]
driver/beep.rel                           [ beep ]
driver/key.rel                            [ key ]
driver/modbus.rel                         [ modbus ]
driver/iwdg.rel                           [ iwdg ]
driver/eeprom.rel                         [ eeprom ]
driver/stm8s_it.rel                       [ stm8s_it ]
driver/ds1302.rel                         [ ds1302 ]
driver/uart.rel                           [ uart ]
driver/relay.rel                          [ relay ]
driver/driver_common.rel                  [ driver_common ]
driver/dht12.rel                          [ dht12 ]
STM8S_StdPeriph_Lib/Libraries/STM8S_StdPeriph_Driver/src/stm8s_gpio.rel
                                          [ stm8s_gpio ]
STM8S_StdPeriph_Lib/Libraries/STM8S_StdPeriph_Driver/src/stm8s_tim2.rel
                                          [ stm8s_tim2 ]
STM8S_StdPeriph_Lib/Libraries/STM8S_StdPeriph_Driver/src/stm8s_iwdg.rel
                                          [ stm8s_iwdg ]
STM8S_StdPeriph_Lib/Libraries/STM8S_StdPeriph_Driver/src/stm8s_itc.rel
                                          [ stm8s_itc ]
STM8S_StdPeriph_Lib/Libraries/STM8S_StdPeriph_Driver/src/stm8s_flash.rel
                                          [ stm8s_flash ]
STM8S_StdPeriph_Lib/Libraries/STM8S_StdPeriph_Driver/src/stm8s_exti.rel
                                          [ stm8s_exti ]
STM8S_StdPeriph_Lib/Libraries/STM8S_StdPeriph_Driver/src/stm8s_adc1.rel
                                          [ stm8s_adc1 ]
STM8S_StdPeriph_Lib/Libraries/STM8S_StdPeriph_Driver/src/stm8s_uart2.rel
                                          [ stm8s_uart2 ]
STM8S_StdPeriph_Lib/Libraries/STM8S_StdPeriph_Driver/src/stm8s_clk.rel
                                          [ stm8s_clk ]


Libraries Linked                          [ object file ]

C:\Program Files (x86)\SDCC\bin\..\lib\stm8/stm8.lib
                                          [ _modulong.rel ]
C:\Program Files (x86)\SDCC\bin\..\lib\stm8/stm8.lib
                                          [ sprintf.rel ]
C:\Program Files (x86)\SDCC\bin\..\lib\stm8/stm8.lib
                                          [ _divulong.rel ]
C:\Program Files (x86)\SDCC\bin\..\lib\stm8/stm8.lib
                                          [ _modsint.rel ]
C:\Program Files (x86)\SDCC\bin\..\lib\stm8/stm8.lib
                                          [ _mullong.rel ]
C:\Program Files (x86)\SDCC\bin\..\lib\stm8/stm8.lib
                                          [ _divsint.rel ]
C:\Program Files (x86)\SDCC\bin\..\lib\stm8/stm8.lib
                                          [ printf_large.rel ]
C:\Program Files (x86)\SDCC\bin\..\lib\stm8/stm8.lib
                                          [ _strlen.rel ]

ASxxxx Linker V03.00 + NoICE + sdld,  page 17.

User Base Address Definitions

HOME = 0x8000
DATA = 0x0001
SSEG = 0xffffffff

