ASxxxx Linker V03.00 + NoICE + sdld,  page 1.
Hexadecimal  [32-Bits]

Area                                    Addr        Size        Decimal Bytes (Attributes)
--------------------------------        ----        ----        ------- ----- ------------
.  .ABS.                            00000000    00000000 =           0. bytes (ABS,CON)

      Value  Global                              Global Defined In Module
      -----  --------------------------------   ------------------------
     FFFFFFFF  s_SSEG                          
     00000000  .__.ABS.                           _strlen
     00000000  l_CABS                          
     00000000  l_DABS                          
     00000000  l_INITIALIZED                   
     00000000  l_INITIALIZER                   
     00000000  l__CODE                         
     00000000  s_CABS                          
     00000000  s_DABS                          
     00000000  s__CODE                         
     00000001  l_DATA                          
     00000001  l_SSEG                          
     00000001  s_DATA                          
     00000002  s_INITIALIZED                   
     00000003  l_GSFINAL                       
     0000001E  l_GSINIT                        
     0000006F  l_HOME                          
     00000650  l_CONST                         
     0000245A  l_CODE                          
     00008000  s_HOME                          
     0000806F  s_GSINIT                        
     0000808D  s_GSFINAL                       
     00008090  s_CONST                         
     000086E0  s_CODE                          
     000086E0  s_INITIALIZER                   

ASxxxx Linker V03.00 + NoICE + sdld,  page 2.
Hexadecimal  [32-Bits]

Area                                    Addr        Size        Decimal Bytes (Attributes)
--------------------------------        ----        ----        ------- ----- ------------
DATA                                00000001    00000001 =           1. bytes (REL,CON)

      Value  Global                              Global Defined In Module
      -----  --------------------------------   ------------------------
ASxxxx Linker V03.00 + NoICE + sdld,  page 3.
Hexadecimal  [32-Bits]

Area                                    Addr        Size        Decimal Bytes (Attributes)
--------------------------------        ----        ----        ------- ----- ------------
HOME                                00008000    0000006F =         111. bytes (REL,CON)

      Value  Global                              Global Defined In Module
      -----  --------------------------------   ------------------------
ASxxxx Linker V03.00 + NoICE + sdld,  page 4.
Hexadecimal  [32-Bits]

Area                                    Addr        Size        Decimal Bytes (Attributes)
--------------------------------        ----        ----        ------- ----- ------------
GSINIT                              0000806F    0000001E =          30. bytes (REL,CON)

      Value  Global                              Global Defined In Module
      -----  --------------------------------   ------------------------
ASxxxx Linker V03.00 + NoICE + sdld,  page 5.
Hexadecimal  [32-Bits]

Area                                    Addr        Size        Decimal Bytes (Attributes)
--------------------------------        ----        ----        ------- ----- ------------
GSFINAL                             0000808D    00000003 =           3. bytes (REL,CON)

      Value  Global                              Global Defined In Module
      -----  --------------------------------   ------------------------
ASxxxx Linker V03.00 + NoICE + sdld,  page 6.
Hexadecimal  [32-Bits]

Area                                    Addr        Size        Decimal Bytes (Attributes)
--------------------------------        ----        ----        ------- ----- ------------
CONST                               00008090    00000650 =        1616. bytes (REL,CON)

      Value  Global                              Global Defined In Module
      -----  --------------------------------   ------------------------
     000080E1  _F8X16                             oled
     000086D1  _HSIDivFactor                      stm8s_clk

ASxxxx Linker V03.00 + NoICE + sdld,  page 7.
Hexadecimal  [32-Bits]

Area                                    Addr        Size        Decimal Bytes (Attributes)
--------------------------------        ----        ----        ------- ----- ------------
CODE                                000086E0    0000245A =        9306. bytes (REL,CON)

      Value  Global                              Global Defined In Module
      -----  --------------------------------   ------------------------
     000086E0  _TRAP_IRQHandler                   stm8s_it
     000086E1  _TLI_IRQHandler                    stm8s_it
     000086E2  _AWU_IRQHandler                    stm8s_it
     000086E3  _CLK_IRQHandler                    stm8s_it
     000086E4  _EXTI_PORTA_IRQHandler             stm8s_it
     000086E5  _EXTI_PORTB_IRQHandler             stm8s_it
     000086E6  _EXTI_PORTC_IRQHandler             stm8s_it
     000086E7  _EXTI_PORTD_IRQHandler             stm8s_it
     000086E8  _EXTI_PORTE_IRQHandler             stm8s_it
     000086E9  _SPI_IRQHandler                    stm8s_it
     000086EA  _TIM1_UPD_OVF_TRG_BRK_IRQHandler   stm8s_it
     000086EB  _TIM1_CAP_COM_IRQHandler           stm8s_it
     000086EC  _TIM2_UPD_OVF_BRK_IRQHandler       stm8s_it
     000086ED  _TIM2_CAP_COM_IRQHandler           stm8s_it
     000086EE  _TIM3_UPD_OVF_BRK_IRQHandler       stm8s_it
     000086EF  _TIM3_CAP_COM_IRQHandler           stm8s_it
     000086F0  _I2C_IRQHandler                    stm8s_it
     000086F1  _UART2_TX_IRQHandler               stm8s_it
     000086F2  _UART2_RX_IRQHandler               stm8s_it
     00008748  _ADC1_IRQHandler                   stm8s_it
     00008749  _TIM4_UPD_OVF_IRQHandler           stm8s_it
     0000874A  _EEPROM_EEC_IRQHandler             stm8s_it
     0000874B  _Delay                             main
     00008755  _main                              main
     0000899C  _i2c_init                          dht12
     000089B7  _i2c_deinit                        dht12
     000089D2  _I2CDataInOut                      dht12
     000089F2  _I2C_Start                         dht12
     00008A25  _I2C_Stop                          dht12
     00008A58  _I2C_Rack                          dht12
     00008A8B  _I2C_nAck                          dht12
     00008ABE  _SendByte                          dht12
     00008B63  _RcvByte                           dht12
     00008BC7  _I2C_Read                          dht12
     00008C47  _i2c_read                          dht12
     00008C62  _ReadDHT12                         dht12
     00008CBD  _Init_UART2                        uart
     00008D03  _UART2_Send_Char                   uart
     00008D17  _UART2_Send_STR                    uart
     00008D28  _putchar                           uart
     00008D3D  _ds1302_port_deinit                ds1302
     00008D65  _ds1302_port_init                  ds1302
     00008DA3  _read_IO                           ds1302
     00008DB1  _write_IO                          ds1302
     00008DBF  _ds1302_write_byte                 ds1302
     00008E01  _ds1302_read_byte                  ds1302
     00008E43  _ds1302_write                      ds1302
     00008E81  _ds1302_read                       ds1302
     00008EC2  _ds1302_check                      ds1302
     00008EDA  _ds1302_read_time                  ds1302
ASxxxx Linker V03.00 + NoICE + sdld,  page 8.
Hexadecimal  [32-Bits]

Area                                    Addr        Size        Decimal Bytes (Attributes)
--------------------------------        ----        ----        ------- ----- ------------
CODE                                000086E0    0000245A =        9306. bytes (REL,CON)

      Value  Global                              Global Defined In Module
      -----  --------------------------------   ------------------------
     00008F44  _ds1302_write_time                 ds1302
     00008FCA  _ds1302_write_ram                  ds1302
     00008FF4  _ds1302_read_ram                   ds1302
     00009007  _ds1302_active                     ds1302
     00009041  _delay_ms                          oled
     0000905F  _OLED_WR_Byte                      oled
     000090DC  _OLED_Set_Pos                      oled
     00009119  _OLED_Display_On                   oled
     00009135  _OLED_Display_Off                  oled
     00009151  _OLED_Clear                        oled
     0000918D  _OLED_ShowChar                     oled
     00009204  _oled_pow                          oled
     00009239  _OLED_ShowNum                      oled
     000092D6  _OLED_ShowString                   oled
     00009309  _OLED_Init                         oled
     0000948F  _ReadADC                           adc
     000094E1  _GPIO_DeInit                       stm8s_gpio
     000094F0  _GPIO_Init                         stm8s_gpio
     00009565  _GPIO_Write                        stm8s_gpio
     0000956B  _GPIO_WriteHigh                    stm8s_gpio
     00009572  _GPIO_WriteLow                     stm8s_gpio
     00009580  _GPIO_WriteReverse                 stm8s_gpio
     00009587  _GPIO_ReadOutputData               stm8s_gpio
     0000958B  _GPIO_ReadInputData                stm8s_gpio
     00009590  _GPIO_ReadInputPin                 stm8s_gpio
     00009597  _GPIO_ExternalPullUpConfig         stm8s_gpio
     000095B3  _ADC1_DeInit                       stm8s_adc1
     000095E4  _ADC1_Init                         stm8s_adc1
     00009614  _ADC1_Cmd                          stm8s_adc1
     00009627  _ADC1_ScanModeCmd                  stm8s_adc1
     0000963A  _ADC1_DataBufferCmd                stm8s_adc1
     0000964D  _ADC1_ITConfig                     stm8s_adc1
     0000966B  _ADC1_PrescalerConfig              stm8s_adc1
     0000967C  _ADC1_SchmittTriggerConfig         stm8s_adc1
     000096FA  _ADC1_ConversionConfig             stm8s_adc1
     0000972D  _ADC1_ExternalTriggerConfig        stm8s_adc1
     00009751  _ADC1_StartConversion              stm8s_adc1
     00009756  _ADC1_GetConversionValue           stm8s_adc1
     00009796  _ADC1_AWDChannelConfig             stm8s_adc1
     000097EE  _ADC1_SetHighThreshold             stm8s_adc1
     000097FC  _ADC1_SetLowThreshold              stm8s_adc1
     0000980A  _ADC1_GetBufferValue               stm8s_adc1
     00009857  _ADC1_GetAWDChannelStatus          stm8s_adc1
     00009891  _ADC1_GetFlagStatus                stm8s_adc1
     000098F6  _ADC1_ClearFlag                    stm8s_adc1
     00009966  _ADC1_GetITStatus                  stm8s_adc1
     000099B9  _ADC1_ClearITPendingBit            stm8s_adc1
     00009A17  _UART2_DeInit                      stm8s_uart2
     00009A3E  _UART2_Init                        stm8s_uart2
     00009BA3  _UART2_Cmd                         stm8s_uart2
     00009BB6  _UART2_ITConfig                    stm8s_uart2
ASxxxx Linker V03.00 + NoICE + sdld,  page 9.
Hexadecimal  [32-Bits]

Area                                    Addr        Size        Decimal Bytes (Attributes)
--------------------------------        ----        ----        ------- ----- ------------
CODE                                000086E0    0000245A =        9306. bytes (REL,CON)

      Value  Global                              Global Defined In Module
      -----  --------------------------------   ------------------------
     00009C5D  _UART2_IrDAConfig                  stm8s_uart2
     00009C70  _UART2_IrDACmd                     stm8s_uart2
     00009C83  _UART2_LINBreakDetectionConfig     stm8s_uart2
     00009C96  _UART2_LINConfig                   stm8s_uart2
     00009CCF  _UART2_LINCmd                      stm8s_uart2
     00009CE2  _UART2_SmartCardCmd                stm8s_uart2
     00009CF5  _UART2_SmartCardNACKCmd            stm8s_uart2
     00009D08  _UART2_WakeUpConfig                stm8s_uart2
     00009D15  _UART2_ReceiverWakeUpCmd           stm8s_uart2
     00009D28  _UART2_ReceiveData8                stm8s_uart2
     00009D2C  _UART2_ReceiveData9                stm8s_uart2
     00009D4A  _UART2_SendData8                   stm8s_uart2
     00009D51  _UART2_SendData9                   stm8s_uart2
     00009D6E  _UART2_SendBreak                   stm8s_uart2
     00009D73  _UART2_SetAddress                  stm8s_uart2
     00009D84  _UART2_SetGuardTime                stm8s_uart2
     00009D8B  _UART2_SetPrescaler                stm8s_uart2
     00009D92  _UART2_GetFlagStatus               stm8s_uart2
     00009DEB  _UART2_ClearFlag                   stm8s_uart2
     00009E19  _UART2_GetITStatus                 stm8s_uart2
     00009EB5  _UART2_ClearITPendingBit           stm8s_uart2
     00009ED2  _CLK_DeInit                        stm8s_clk
     00009F09  _CLK_FastHaltWakeUpCmd             stm8s_clk
     00009F1C  _CLK_HSECmd                        stm8s_clk
     00009F2F  _CLK_HSICmd                        stm8s_clk
     00009F42  _CLK_LSICmd                        stm8s_clk
     00009F55  _CLK_CCOCmd                        stm8s_clk
     00009F68  _CLK_ClockSwitchCmd                stm8s_clk
     00009F7B  _CLK_SlowActiveHaltWakeUpCmd       stm8s_clk
     00009F8E  _CLK_PeripheralClockConfig         stm8s_clk
     00009FD8  _CLK_ClockSwitchConfig             stm8s_clk
     0000A086  _CLK_HSIPrescalerConfig            stm8s_clk
     0000A097  _CLK_CCOConfig                     stm8s_clk
     0000A0AC  _CLK_ITConfig                      stm8s_clk
     0000A0EC  _CLK_SYSCLKConfig                  stm8s_clk
     0000A120  _CLK_SWIMConfig                    stm8s_clk
     0000A133  _CLK_ClockSecuritySystemEnable     stm8s_clk
     0000A138  _CLK_GetSYSCLKSource               stm8s_clk
     0000A13C  _CLK_GetClockFreq                  stm8s_clk
     0000A18E  _CLK_AdjustHSICalibrationValue     stm8s_clk
     0000A199  _CLK_SYSCLKEmergencyClear          stm8s_clk
     0000A19E  _CLK_GetFlagStatus                 stm8s_clk
     0000A1E0  _CLK_GetITStatus                   stm8s_clk
     0000A200  _CLK_ClearITPendingBit             stm8s_clk
     0000A210  __modulong                         
     0000A293  _vsprintf                          sprintf
     0000A2AE  _sprintf                           sprintf
     0000A2CE  __divulong                         
     0000A328  _puts                              puts
     0000A357  _vprintf                           vprintf
     0000A369  _printf                            vprintf
ASxxxx Linker V03.00 + NoICE + sdld,  page 10.
Hexadecimal  [32-Bits]

Area                                    Addr        Size        Decimal Bytes (Attributes)
--------------------------------        ----        ----        ------- ----- ------------
CODE                                000086E0    0000245A =        9306. bytes (REL,CON)

      Value  Global                              Global Defined In Module
      -----  --------------------------------   ------------------------
     0000A37F  __mullong                          
     0000A3FB  __modsint                          
     0000A411  __divsint                          
     0000A4CB  __print_format                     printf_large
     0000AB2B  _strlen                            _strlen

ASxxxx Linker V03.00 + NoICE + sdld,  page 11.
Hexadecimal  [32-Bits]

Area                                    Addr        Size        Decimal Bytes (Attributes)
--------------------------------        ----        ----        ------- ----- ------------
SSEG                                FFFFFFFF    00000001 =           1. bytes (REL,CON)

      Value  Global                              Global Defined In Module
      -----  --------------------------------   ------------------------
ASxxxx Linker V03.00 + NoICE + sdld,  page 12.

Files Linked                              [ module(s) ]

stm8s_it.rel                              [ stm8s_it ]
main.rel                                  [ main ]
driver/dht12.rel                          [ dht12 ]
driver/uart.rel                           [ uart ]
driver/ds1302.rel                         [ ds1302 ]
driver/oled.rel                           [ oled ]
driver/adc.rel                            [ adc ]
STM8S_StdPeriph_Lib/Libraries/STM8S_StdPeriph_Driver/src/stm8s_gpio.rel
                                          [ stm8s_gpio ]
STM8S_StdPeriph_Lib/Libraries/STM8S_StdPeriph_Driver/src/stm8s_adc1.rel
                                          [ stm8s_adc1 ]
STM8S_StdPeriph_Lib/Libraries/STM8S_StdPeriph_Driver/src/stm8s_uart2.rel
                                          [ stm8s_uart2 ]
STM8S_StdPeriph_Lib/Libraries/STM8S_StdPeriph_Driver/src/stm8s_clk.rel
                                          [ stm8s_clk ]


Libraries Linked                          [ object file ]

/usr/local/bin/../share/sdcc/lib/stm8/stm8.lib
                                          [ _modulong.rel ]
/usr/local/bin/../share/sdcc/lib/stm8/stm8.lib
                                          [ sprintf.rel ]
/usr/local/bin/../share/sdcc/lib/stm8/stm8.lib
                                          [ _divulong.rel ]
/usr/local/bin/../share/sdcc/lib/stm8/stm8.lib
                                          [ puts.rel ]
/usr/local/bin/../share/sdcc/lib/stm8/stm8.lib
                                          [ vprintf.rel ]
/usr/local/bin/../share/sdcc/lib/stm8/stm8.lib
                                          [ _mullong.rel ]
/usr/local/bin/../share/sdcc/lib/stm8/stm8.lib
                                          [ _modsint.rel ]
/usr/local/bin/../share/sdcc/lib/stm8/stm8.lib
                                          [ _divsint.rel ]
/usr/local/bin/../share/sdcc/lib/stm8/stm8.lib
                                          [ printf_large.rel ]
/usr/local/bin/../share/sdcc/lib/stm8/stm8.lib
                                          [ _strlen.rel ]

ASxxxx Linker V03.00 + NoICE + sdld,  page 13.

User Base Address Definitions

HOME = 0x8000
DATA = 0x0001
SSEG = 0xffffffff

