ASxxxx Linker V03.00 + NoICE + sdld,  page 1.
Hexadecimal  [32-Bits]

Area                                    Addr        Size        Decimal Bytes (Attributes)
--------------------------------        ----        ----        ------- ----- ------------
.  .ABS.                            00000000    00000000 =           0. bytes (ABS,CON)

      Value  Global                              Global Defined In Module
      -----  --------------------------------   ------------------------
     FFFFFFFF  s_SSEG                          
     00000000  .__.ABS.                           _strlen
     00000000  l_CABS                          
     00000000  l_DABS                          
     00000000  l_DATA                          
     00000000  l_INITIALIZED                   
     00000000  l_INITIALIZER                   
     00000000  l__CODE                         
     00000000  s_CABS                          
     00000000  s_DABS                          
     00000000  s__CODE                         
     00000001  l_SSEG                          
     00000001  s_DATA                          
     00000001  s_INITIALIZED                   
     00000003  l_GSFINAL                       
     00000007  l_HOME                          
     0000001A  l_GSINIT                        
     00000639  l_CONST                         
     00002038  l_CODE                          
     00008000  s_HOME                          
     00008007  s_GSINIT                        
     00008021  s_GSFINAL                       
     00008024  s_CONST                         
     0000865D  s_CODE                          
     0000865D  s_INITIALIZER                   

ASxxxx Linker V03.00 + NoICE + sdld,  page 2.
Hexadecimal  [32-Bits]

Area                                    Addr        Size        Decimal Bytes (Attributes)
--------------------------------        ----        ----        ------- ----- ------------
HOME                                00008000    00000007 =           7. bytes (REL,CON)

      Value  Global                              Global Defined In Module
      -----  --------------------------------   ------------------------
ASxxxx Linker V03.00 + NoICE + sdld,  page 3.
Hexadecimal  [32-Bits]

Area                                    Addr        Size        Decimal Bytes (Attributes)
--------------------------------        ----        ----        ------- ----- ------------
GSINIT                              00008007    0000001A =          26. bytes (REL,CON)

      Value  Global                              Global Defined In Module
      -----  --------------------------------   ------------------------
ASxxxx Linker V03.00 + NoICE + sdld,  page 4.
Hexadecimal  [32-Bits]

Area                                    Addr        Size        Decimal Bytes (Attributes)
--------------------------------        ----        ----        ------- ----- ------------
GSFINAL                             00008021    00000003 =           3. bytes (REL,CON)

      Value  Global                              Global Defined In Module
      -----  --------------------------------   ------------------------
ASxxxx Linker V03.00 + NoICE + sdld,  page 5.
Hexadecimal  [32-Bits]

Area                                    Addr        Size        Decimal Bytes (Attributes)
--------------------------------        ----        ----        ------- ----- ------------
CONST                               00008024    00000639 =        1593. bytes (REL,CON)

      Value  Global                              Global Defined In Module
      -----  --------------------------------   ------------------------
     0000805E  _F8X16                             oled
     0000864E  _HSIDivFactor                      stm8s_clk

ASxxxx Linker V03.00 + NoICE + sdld,  page 6.
Hexadecimal  [32-Bits]

Area                                    Addr        Size        Decimal Bytes (Attributes)
--------------------------------        ----        ----        ------- ----- ------------
CODE                                0000865D    00002038 =        8248. bytes (REL,CON)

      Value  Global                              Global Defined In Module
      -----  --------------------------------   ------------------------
     0000865D  _TRAP_IRQHandler                   stm8s_it
     0000865E  _TLI_IRQHandler                    stm8s_it
     0000865F  _AWU_IRQHandler                    stm8s_it
     00008660  _CLK_IRQHandler                    stm8s_it
     00008661  _EXTI_PORTA_IRQHandler             stm8s_it
     00008662  _EXTI_PORTB_IRQHandler             stm8s_it
     00008663  _EXTI_PORTC_IRQHandler             stm8s_it
     00008664  _EXTI_PORTD_IRQHandler             stm8s_it
     00008665  _EXTI_PORTE_IRQHandler             stm8s_it
     00008666  _SPI_IRQHandler                    stm8s_it
     00008667  _TIM1_UPD_OVF_TRG_BRK_IRQHandler   stm8s_it
     00008668  _TIM1_CAP_COM_IRQHandler           stm8s_it
     00008669  _TIM2_UPD_OVF_BRK_IRQHandler       stm8s_it
     0000866A  _TIM2_CAP_COM_IRQHandler           stm8s_it
     0000866B  _TIM3_UPD_OVF_BRK_IRQHandler       stm8s_it
     0000866C  _TIM3_CAP_COM_IRQHandler           stm8s_it
     0000866D  _I2C_IRQHandler                    stm8s_it
     0000866E  _UART2_TX_IRQHandler               stm8s_it
     0000866F  _UART2_RX_IRQHandler               stm8s_it
     00008670  _ADC1_IRQHandler                   stm8s_it
     00008671  _TIM4_UPD_OVF_IRQHandler           stm8s_it
     00008672  _EEPROM_EEC_IRQHandler             stm8s_it
     00008673  _Delay                             main
     0000867D  _main                              main
     000087E6  _Init_UART2                        uart
     0000882C  _UART2_Send_Char                   uart
     00008840  _UART2_Send_STR                    uart
     00008851  _putchar                           uart
     00008866  _delay_us                          ds1302
     00008886  _ds1302_port_deinit                ds1302
     000088AE  _ds1302_port_init                  ds1302
     000088EC  _read_IO                           ds1302
     000088FA  _write_IO                          ds1302
     00008908  _ds1302_write_byte                 ds1302
     00008953  _ds1302_read_byte                  ds1302
     0000899E  _ds1302_write                      ds1302
     000089DC  _ds1302_read                       ds1302
     00008A1D  _ds1302_check                      ds1302
     00008A35  _ds1302_read_time                  ds1302
     00008A9F  _ds1302_write_time                 ds1302
     00008B25  _ds1302_write_ram                  ds1302
     00008B4F  _ds1302_read_ram                   ds1302
     00008B62  _ds1302_active                     ds1302
     00008B9C  _delay_ms                          oled
     00008BBA  _OLED_WR_Byte                      oled
     00008C37  _OLED_Set_Pos                      oled
     00008C74  _OLED_Display_On                   oled
     00008C90  _OLED_Display_Off                  oled
     00008CAC  _OLED_Clear                        oled
     00008CE8  _OLED_ShowChar                     oled
ASxxxx Linker V03.00 + NoICE + sdld,  page 7.
Hexadecimal  [32-Bits]

Area                                    Addr        Size        Decimal Bytes (Attributes)
--------------------------------        ----        ----        ------- ----- ------------
CODE                                0000865D    00002038 =        8248. bytes (REL,CON)

      Value  Global                              Global Defined In Module
      -----  --------------------------------   ------------------------
     00008D5F  _oled_pow                          oled
     00008D94  _OLED_ShowNum                      oled
     00008E31  _OLED_ShowString                   oled
     00008E64  _OLED_Init                         oled
     00008FEA  _ReadADC                           adc
     0000903C  _GPIO_DeInit                       stm8s_gpio
     0000904B  _GPIO_Init                         stm8s_gpio
     000090C0  _GPIO_Write                        stm8s_gpio
     000090C6  _GPIO_WriteHigh                    stm8s_gpio
     000090CD  _GPIO_WriteLow                     stm8s_gpio
     000090DB  _GPIO_WriteReverse                 stm8s_gpio
     000090E2  _GPIO_ReadOutputData               stm8s_gpio
     000090E6  _GPIO_ReadInputData                stm8s_gpio
     000090EB  _GPIO_ReadInputPin                 stm8s_gpio
     000090F2  _GPIO_ExternalPullUpConfig         stm8s_gpio
     0000910E  _ADC1_DeInit                       stm8s_adc1
     0000913F  _ADC1_Init                         stm8s_adc1
     0000916F  _ADC1_Cmd                          stm8s_adc1
     00009182  _ADC1_ScanModeCmd                  stm8s_adc1
     00009195  _ADC1_DataBufferCmd                stm8s_adc1
     000091A8  _ADC1_ITConfig                     stm8s_adc1
     000091C6  _ADC1_PrescalerConfig              stm8s_adc1
     000091D7  _ADC1_SchmittTriggerConfig         stm8s_adc1
     00009255  _ADC1_ConversionConfig             stm8s_adc1
     00009288  _ADC1_ExternalTriggerConfig        stm8s_adc1
     000092AC  _ADC1_StartConversion              stm8s_adc1
     000092B1  _ADC1_GetConversionValue           stm8s_adc1
     000092F1  _ADC1_AWDChannelConfig             stm8s_adc1
     00009349  _ADC1_SetHighThreshold             stm8s_adc1
     00009357  _ADC1_SetLowThreshold              stm8s_adc1
     00009365  _ADC1_GetBufferValue               stm8s_adc1
     000093B2  _ADC1_GetAWDChannelStatus          stm8s_adc1
     000093EC  _ADC1_GetFlagStatus                stm8s_adc1
     00009451  _ADC1_ClearFlag                    stm8s_adc1
     000094C1  _ADC1_GetITStatus                  stm8s_adc1
     00009514  _ADC1_ClearITPendingBit            stm8s_adc1
     00009572  _UART2_DeInit                      stm8s_uart2
     00009599  _UART2_Init                        stm8s_uart2
     000096FE  _UART2_Cmd                         stm8s_uart2
     00009711  _UART2_ITConfig                    stm8s_uart2
     000097B8  _UART2_IrDAConfig                  stm8s_uart2
     000097CB  _UART2_IrDACmd                     stm8s_uart2
     000097DE  _UART2_LINBreakDetectionConfig     stm8s_uart2
     000097F1  _UART2_LINConfig                   stm8s_uart2
     0000982A  _UART2_LINCmd                      stm8s_uart2
     0000983D  _UART2_SmartCardCmd                stm8s_uart2
     00009850  _UART2_SmartCardNACKCmd            stm8s_uart2
     00009863  _UART2_WakeUpConfig                stm8s_uart2
     00009870  _UART2_ReceiverWakeUpCmd           stm8s_uart2
     00009883  _UART2_ReceiveData8                stm8s_uart2
     00009887  _UART2_ReceiveData9                stm8s_uart2
ASxxxx Linker V03.00 + NoICE + sdld,  page 8.
Hexadecimal  [32-Bits]

Area                                    Addr        Size        Decimal Bytes (Attributes)
--------------------------------        ----        ----        ------- ----- ------------
CODE                                0000865D    00002038 =        8248. bytes (REL,CON)

      Value  Global                              Global Defined In Module
      -----  --------------------------------   ------------------------
     000098A5  _UART2_SendData8                   stm8s_uart2
     000098AC  _UART2_SendData9                   stm8s_uart2
     000098C9  _UART2_SendBreak                   stm8s_uart2
     000098CE  _UART2_SetAddress                  stm8s_uart2
     000098DF  _UART2_SetGuardTime                stm8s_uart2
     000098E6  _UART2_SetPrescaler                stm8s_uart2
     000098ED  _UART2_GetFlagStatus               stm8s_uart2
     00009946  _UART2_ClearFlag                   stm8s_uart2
     00009974  _UART2_GetITStatus                 stm8s_uart2
     00009A10  _UART2_ClearITPendingBit           stm8s_uart2
     00009A2D  _CLK_DeInit                        stm8s_clk
     00009A64  _CLK_FastHaltWakeUpCmd             stm8s_clk
     00009A77  _CLK_HSECmd                        stm8s_clk
     00009A8A  _CLK_HSICmd                        stm8s_clk
     00009A9D  _CLK_LSICmd                        stm8s_clk
     00009AB0  _CLK_CCOCmd                        stm8s_clk
     00009AC3  _CLK_ClockSwitchCmd                stm8s_clk
     00009AD6  _CLK_SlowActiveHaltWakeUpCmd       stm8s_clk
     00009AE9  _CLK_PeripheralClockConfig         stm8s_clk
     00009B33  _CLK_ClockSwitchConfig             stm8s_clk
     00009BE1  _CLK_HSIPrescalerConfig            stm8s_clk
     00009BF2  _CLK_CCOConfig                     stm8s_clk
     00009C07  _CLK_ITConfig                      stm8s_clk
     00009C47  _CLK_SYSCLKConfig                  stm8s_clk
     00009C7B  _CLK_SWIMConfig                    stm8s_clk
     00009C8E  _CLK_ClockSecuritySystemEnable     stm8s_clk
     00009C93  _CLK_GetSYSCLKSource               stm8s_clk
     00009C97  _CLK_GetClockFreq                  stm8s_clk
     00009CE9  _CLK_AdjustHSICalibrationValue     stm8s_clk
     00009CF4  _CLK_SYSCLKEmergencyClear          stm8s_clk
     00009CF9  _CLK_GetFlagStatus                 stm8s_clk
     00009D3B  _CLK_GetITStatus                   stm8s_clk
     00009D5B  _CLK_ClearITPendingBit             stm8s_clk
     00009D6B  __modulong                         
     00009DEE  _vsprintf                          sprintf
     00009E09  _sprintf                           sprintf
     00009E29  __divulong                         
     00009E83  _puts                              puts
     00009EB2  _vprintf                           vprintf
     00009EC4  _printf                            vprintf
     00009EDA  __mullong                          
     00009F56  __modsint                          
     00009F6C  __divsint                          
     0000A026  __print_format                     printf_large
     0000A686  _strlen                            _strlen

ASxxxx Linker V03.00 + NoICE + sdld,  page 9.
Hexadecimal  [32-Bits]

Area                                    Addr        Size        Decimal Bytes (Attributes)
--------------------------------        ----        ----        ------- ----- ------------
SSEG                                FFFFFFFF    00000001 =           1. bytes (REL,CON)

      Value  Global                              Global Defined In Module
      -----  --------------------------------   ------------------------
ASxxxx Linker V03.00 + NoICE + sdld,  page 10.

Files Linked                              [ module(s) ]

stm8s_it.rel                              [ stm8s_it ]
main.rel                                  [ main ]
driver/uart.rel                           [ uart ]
driver/ds1302.rel                         [ ds1302 ]
driver/oled.rel                           [ oled ]
driver/adc.rel                            [ adc ]
STM8S_StdPeriph_Lib/Libraries/STM8S_StdPeriph_Driver/src/stm8s_gpio.rel
                                          [ stm8s_gpio ]
STM8S_StdPeriph_Lib/Libraries/STM8S_StdPeriph_Driver/src/stm8s_adc1.rel
                                          [ stm8s_adc1 ]
STM8S_StdPeriph_Lib/Libraries/STM8S_StdPeriph_Driver/src/stm8s_uart2.rel
                                          [ stm8s_uart2 ]
STM8S_StdPeriph_Lib/Libraries/STM8S_StdPeriph_Driver/src/stm8s_clk.rel
                                          [ stm8s_clk ]


Libraries Linked                          [ object file ]

/usr/local/bin/../share/sdcc/lib/stm8/stm8.lib
                                          [ _modulong.rel ]
/usr/local/bin/../share/sdcc/lib/stm8/stm8.lib
                                          [ sprintf.rel ]
/usr/local/bin/../share/sdcc/lib/stm8/stm8.lib
                                          [ _divulong.rel ]
/usr/local/bin/../share/sdcc/lib/stm8/stm8.lib
                                          [ puts.rel ]
/usr/local/bin/../share/sdcc/lib/stm8/stm8.lib
                                          [ vprintf.rel ]
/usr/local/bin/../share/sdcc/lib/stm8/stm8.lib
                                          [ _mullong.rel ]
/usr/local/bin/../share/sdcc/lib/stm8/stm8.lib
                                          [ _modsint.rel ]
/usr/local/bin/../share/sdcc/lib/stm8/stm8.lib
                                          [ _divsint.rel ]
/usr/local/bin/../share/sdcc/lib/stm8/stm8.lib
                                          [ printf_large.rel ]
/usr/local/bin/../share/sdcc/lib/stm8/stm8.lib
                                          [ _strlen.rel ]

ASxxxx Linker V03.00 + NoICE + sdld,  page 11.

User Base Address Definitions

HOME = 0x8000
DATA = 0x0001
SSEG = 0xffffffff

