ASxxxx Linker V03.00 + NoICE + sdld,  page 1.
Hexadecimal  [32-Bits]

Area                                    Addr        Size        Decimal Bytes (Attributes)
--------------------------------        ----        ----        ------- ----- ------------
.  .ABS.                            00000000    00000000 =           0. bytes (ABS,CON)

      Value  Global                              Global Defined In Module
      -----  --------------------------------   ------------------------
     FFFFFFFF  s_SSEG                          
     00000000  .__.ABS.                           _strlen
     00000000  l_CABS                          
     00000000  l_DABS                          
     00000000  l__CODE                         
     00000000  s_CABS                          
     00000000  s_DABS                          
     00000000  s__CODE                         
     00000001  l_SSEG                          
     00000001  s_DATA                          
     00000003  l_GSFINAL                       
     00000005  l_INITIALIZED                   
     00000005  l_INITIALIZER                   
     00000013  l_DATA                          
     00000014  s_INITIALIZED                   
     0000001E  l_GSINIT                        
     0000006F  l_HOME                          
     00000667  l_CONST                         
     000029D6  l_CODE                          
     00008000  s_HOME                          
     0000806F  s_GSINIT                        
     0000808D  s_GSFINAL                       
     00008090  s_CONST                         
     000086F7  s_INITIALIZER                   
     000086FC  s_CODE                          

ASxxxx Linker V03.00 + NoICE + sdld,  page 2.
Hexadecimal  [32-Bits]

Area                                    Addr        Size        Decimal Bytes (Attributes)
--------------------------------        ----        ----        ------- ----- ------------
DATA                                00000001    00000013 =          19. bytes (REL,CON)

      Value  Global                              Global Defined In Module
      -----  --------------------------------   ------------------------
     00000002  _ds_time                           driver_common
     00000009  _dh_data                           driver_common
     0000000F  _asm_addr                          stm8s_flash
     00000013  _asm_val                           stm8s_flash

ASxxxx Linker V03.00 + NoICE + sdld,  page 3.
Hexadecimal  [32-Bits]

Area                                    Addr        Size        Decimal Bytes (Attributes)
--------------------------------        ----        ----        ------- ----- ------------
INITIALIZED                         00000014    00000005 =           5. bytes (REL,CON)

      Value  Global                              Global Defined In Module
      -----  --------------------------------   ------------------------
     00000014  _keycount                          key

ASxxxx Linker V03.00 + NoICE + sdld,  page 4.
Hexadecimal  [32-Bits]

Area                                    Addr        Size        Decimal Bytes (Attributes)
--------------------------------        ----        ----        ------- ----- ------------
SSEG                                FFFFFFFF    00000001 =           1. bytes (REL,CON)

      Value  Global                              Global Defined In Module
      -----  --------------------------------   ------------------------
ASxxxx Linker V03.00 + NoICE + sdld,  page 5.
Hexadecimal  [32-Bits]

Area                                    Addr        Size        Decimal Bytes (Attributes)
--------------------------------        ----        ----        ------- ----- ------------
HOME                                00008000    0000006F =         111. bytes (REL,CON)

      Value  Global                              Global Defined In Module
      -----  --------------------------------   ------------------------
ASxxxx Linker V03.00 + NoICE + sdld,  page 6.
Hexadecimal  [32-Bits]

Area                                    Addr        Size        Decimal Bytes (Attributes)
--------------------------------        ----        ----        ------- ----- ------------
GSINIT                              0000806F    0000001E =          30. bytes (REL,CON)

      Value  Global                              Global Defined In Module
      -----  --------------------------------   ------------------------
ASxxxx Linker V03.00 + NoICE + sdld,  page 7.
Hexadecimal  [32-Bits]

Area                                    Addr        Size        Decimal Bytes (Attributes)
--------------------------------        ----        ----        ------- ----- ------------
GSFINAL                             0000808D    00000003 =           3. bytes (REL,CON)

      Value  Global                              Global Defined In Module
      -----  --------------------------------   ------------------------
ASxxxx Linker V03.00 + NoICE + sdld,  page 8.
Hexadecimal  [32-Bits]

Area                                    Addr        Size        Decimal Bytes (Attributes)
--------------------------------        ----        ----        ------- ----- ------------
CONST                               00008090    00000667 =        1639. bytes (REL,CON)

      Value  Global                              Global Defined In Module
      -----  --------------------------------   ------------------------
     000080F8  _F8X16                             oled
     000086E8  _HSIDivFactor                      stm8s_clk

ASxxxx Linker V03.00 + NoICE + sdld,  page 9.
Hexadecimal  [32-Bits]

Area                                    Addr        Size        Decimal Bytes (Attributes)
--------------------------------        ----        ----        ------- ----- ------------
INITIALIZER                         000086F7    00000005 =           5. bytes (REL,CON)

      Value  Global                              Global Defined In Module
      -----  --------------------------------   ------------------------
ASxxxx Linker V03.00 + NoICE + sdld,  page 10.
Hexadecimal  [32-Bits]

Area                                    Addr        Size        Decimal Bytes (Attributes)
--------------------------------        ----        ----        ------- ----- ------------
CODE                                000086FC    000029D6 =       10710. bytes (REL,CON)

      Value  Global                              Global Defined In Module
      -----  --------------------------------   ------------------------
     000086FC  _Delay                             main
     00008706  _main                              main
     0000895F  _i2c_init                          dht12
     0000897A  _i2c_deinit                        dht12
     00008995  _I2CDataInOut                      dht12
     000089B5  _I2C_Start                         dht12
     000089E8  _I2C_Stop                          dht12
     00008A1B  _I2C_Rack                          dht12
     00008A4E  _I2C_nAck                          dht12
     00008A81  _SendByte                          dht12
     00008B26  _RcvByte                           dht12
     00008B8A  _I2C_Read                          dht12
     00008C0A  _i2c_read                          dht12
     00008C25  _ReadDHT12                         dht12
     00008C80  _driver_init                       driver_common
     00008C94  _driver_loop                       driver_common
     00008CDC  _relay_read                        relay
     00008CE8  _relay_on                          relay
     00008D01  _relay_off                         relay
     00008D1A  _Init_UART2                        uart
     00008D60  _UART2_Send_Char                   uart
     00008D74  _UART2_Send_STR                    uart
     00008D85  _putchar                           uart
     00008D9A  _ds1302_port_deinit                ds1302
     00008DC2  _ds1302_port_init                  ds1302
     00008E00  _read_IO                           ds1302
     00008E0E  _write_IO                          ds1302
     00008E1C  _ds1302_write_byte                 ds1302
     00008E5E  _ds1302_read_byte                  ds1302
     00008EA0  _ds1302_write                      ds1302
     00008EDE  _ds1302_read                       ds1302
     00008F1F  _ds1302_read_time                  ds1302
     00008F8F  _ds1302_write_time                 ds1302
     0000901D  _ds1302_active                     ds1302
     00009057  _TRAP_IRQHandler                   stm8s_it
     00009058  _TLI_IRQHandler                    stm8s_it
     00009059  _AWU_IRQHandler                    stm8s_it
     0000905A  _CLK_IRQHandler                    stm8s_it
     0000905B  _EXTI_PORTA_IRQHandler             stm8s_it
     0000905C  _EXTI_PORTB_IRQHandler             stm8s_it
     0000905D  _EXTI_PORTC_IRQHandler             stm8s_it
     0000905E  _EXTI_PORTD_IRQHandler             stm8s_it
     0000908B  _EXTI_PORTE_IRQHandler             stm8s_it
     0000908C  _SPI_IRQHandler                    stm8s_it
     0000908D  _TIM1_UPD_OVF_TRG_BRK_IRQHandler   stm8s_it
     0000908E  _TIM1_CAP_COM_IRQHandler           stm8s_it
     0000908F  _TIM2_UPD_OVF_BRK_IRQHandler       stm8s_it
     00009090  _TIM2_CAP_COM_IRQHandler           stm8s_it
     00009091  _TIM3_UPD_OVF_BRK_IRQHandler       stm8s_it
     00009092  _TIM3_CAP_COM_IRQHandler           stm8s_it
ASxxxx Linker V03.00 + NoICE + sdld,  page 11.
Hexadecimal  [32-Bits]

Area                                    Addr        Size        Decimal Bytes (Attributes)
--------------------------------        ----        ----        ------- ----- ------------
CODE                                000086FC    000029D6 =       10710. bytes (REL,CON)

      Value  Global                              Global Defined In Module
      -----  --------------------------------   ------------------------
     00009093  _I2C_IRQHandler                    stm8s_it
     00009094  _UART2_TX_IRQHandler               stm8s_it
     00009095  _UART2_RX_IRQHandler               stm8s_it
     000090EB  _ADC1_IRQHandler                   stm8s_it
     000090EC  _TIM4_UPD_OVF_IRQHandler           stm8s_it
     000090ED  _EEPROM_EEC_IRQHandler             stm8s_it
     000090EE  _eeprom_read                       eeprom
     00009107  _eeprom_write                      eeprom
     0000914A  _key_init                          key
     0000919B  _key_read                          key
     000091B3  _beep_init                         beep
     000091C1  _beep_read                         beep
     000091CD  _beep_on                           beep
     000091E6  _beep_off                          beep
     000091FF  _delay_ms                          oled
     0000921D  _OLED_WR_Byte                      oled
     0000929A  _OLED_Set_Pos                      oled
     000092D7  _OLED_Display_On                   oled
     000092F3  _OLED_Display_Off                  oled
     0000930F  _OLED_Clear                        oled
     0000934B  _OLED_ShowChar                     oled
     000093C2  _oled_pow                          oled
     000093F7  _OLED_ShowNum                      oled
     00009494  _OLED_ShowString                   oled
     000094C7  _OLED_Init                         oled
     0000964D  _ReadADC                           adc
     0000969F  _ReadDin                           adc
     000096B8  _GPIO_DeInit                       stm8s_gpio
     000096C7  _GPIO_Init                         stm8s_gpio
     0000973C  _GPIO_Write                        stm8s_gpio
     00009742  _GPIO_WriteHigh                    stm8s_gpio
     00009749  _GPIO_WriteLow                     stm8s_gpio
     00009757  _GPIO_WriteReverse                 stm8s_gpio
     0000975E  _GPIO_ReadOutputData               stm8s_gpio
     00009762  _GPIO_ReadInputData                stm8s_gpio
     00009767  _GPIO_ReadInputPin                 stm8s_gpio
     0000976E  _GPIO_ExternalPullUpConfig         stm8s_gpio
     0000978A  _write_byte_address                stm8s_flash
     000097A1  _read_byte_address                 stm8s_flash
     000097B7  _FLASH_Unlock                      stm8s_flash
     000097CF  _FLASH_Lock                        stm8s_flash
     000097D8  _FLASH_DeInit                      stm8s_flash
     000097F0  _FLASH_ITConfig                    stm8s_flash
     00009803  _FLASH_EraseByte                   stm8s_flash
     0000980E  _FLASH_ProgramByte                 stm8s_flash
     0000981A  _FLASH_ReadByte                    stm8s_flash
     00009826  _FLASH_ProgramWord                 stm8s_flash
     00009872  _FLASH_ProgramOptionByte           stm8s_flash
     000098A7  _FLASH_EraseOptionByte             stm8s_flash
     000098D7  _FLASH_ReadOptionByte              stm8s_flash
     00009913  _FLASH_SetLowPowerMode             stm8s_flash
ASxxxx Linker V03.00 + NoICE + sdld,  page 12.
Hexadecimal  [32-Bits]

Area                                    Addr        Size        Decimal Bytes (Attributes)
--------------------------------        ----        ----        ------- ----- ------------
CODE                                000086FC    000029D6 =       10710. bytes (REL,CON)

      Value  Global                              Global Defined In Module
      -----  --------------------------------   ------------------------
     00009924  _FLASH_SetProgrammingTime          stm8s_flash
     00009935  _FLASH_GetLowPowerMode             stm8s_flash
     0000993B  _FLASH_GetProgrammingTime          stm8s_flash
     00009941  _FLASH_GetBootSize                 stm8s_flash
     00009968  _FLASH_GetFlagStatus               stm8s_flash
     00009974  _FLASH_WaitForLastOperation        stm8s_flash
     000099A4  _FLASH_EraseBlock                  stm8s_flash
     000099DC  _FLASH_ProgramBlock                stm8s_flash
     00009A54  _EXTI_DeInit                       stm8s_exti
     00009A5D  _EXTI_SetExtIntSensitivity         stm8s_exti
     00009AEF  _EXTI_SetTLISensitivity            stm8s_exti
     00009B00  _EXTI_GetExtIntSensitivity         stm8s_exti
     00009B45  _EXTI_GetTLISensitivity            stm8s_exti
     00009B4B  _ADC1_DeInit                       stm8s_adc1
     00009B7C  _ADC1_Init                         stm8s_adc1
     00009BAC  _ADC1_Cmd                          stm8s_adc1
     00009BBF  _ADC1_ScanModeCmd                  stm8s_adc1
     00009BD2  _ADC1_DataBufferCmd                stm8s_adc1
     00009BE5  _ADC1_ITConfig                     stm8s_adc1
     00009C03  _ADC1_PrescalerConfig              stm8s_adc1
     00009C14  _ADC1_SchmittTriggerConfig         stm8s_adc1
     00009C92  _ADC1_ConversionConfig             stm8s_adc1
     00009CC5  _ADC1_ExternalTriggerConfig        stm8s_adc1
     00009CE9  _ADC1_StartConversion              stm8s_adc1
     00009CEE  _ADC1_GetConversionValue           stm8s_adc1
     00009D2E  _ADC1_AWDChannelConfig             stm8s_adc1
     00009D86  _ADC1_SetHighThreshold             stm8s_adc1
     00009D94  _ADC1_SetLowThreshold              stm8s_adc1
     00009DA2  _ADC1_GetBufferValue               stm8s_adc1
     00009DEF  _ADC1_GetAWDChannelStatus          stm8s_adc1
     00009E29  _ADC1_GetFlagStatus                stm8s_adc1
     00009E8E  _ADC1_ClearFlag                    stm8s_adc1
     00009EFE  _ADC1_GetITStatus                  stm8s_adc1
     00009F51  _ADC1_ClearITPendingBit            stm8s_adc1
     00009FAF  _UART2_DeInit                      stm8s_uart2
     00009FD6  _UART2_Init                        stm8s_uart2
     0000A13B  _UART2_Cmd                         stm8s_uart2
     0000A14E  _UART2_ITConfig                    stm8s_uart2
     0000A1F5  _UART2_IrDAConfig                  stm8s_uart2
     0000A208  _UART2_IrDACmd                     stm8s_uart2
     0000A21B  _UART2_LINBreakDetectionConfig     stm8s_uart2
     0000A22E  _UART2_LINConfig                   stm8s_uart2
     0000A267  _UART2_LINCmd                      stm8s_uart2
     0000A27A  _UART2_SmartCardCmd                stm8s_uart2
     0000A28D  _UART2_SmartCardNACKCmd            stm8s_uart2
     0000A2A0  _UART2_WakeUpConfig                stm8s_uart2
     0000A2AD  _UART2_ReceiverWakeUpCmd           stm8s_uart2
     0000A2C0  _UART2_ReceiveData8                stm8s_uart2
     0000A2C4  _UART2_ReceiveData9                stm8s_uart2
     0000A2E2  _UART2_SendData8                   stm8s_uart2
     0000A2E9  _UART2_SendData9                   stm8s_uart2
ASxxxx Linker V03.00 + NoICE + sdld,  page 13.
Hexadecimal  [32-Bits]

Area                                    Addr        Size        Decimal Bytes (Attributes)
--------------------------------        ----        ----        ------- ----- ------------
CODE                                000086FC    000029D6 =       10710. bytes (REL,CON)

      Value  Global                              Global Defined In Module
      -----  --------------------------------   ------------------------
     0000A306  _UART2_SendBreak                   stm8s_uart2
     0000A30B  _UART2_SetAddress                  stm8s_uart2
     0000A31C  _UART2_SetGuardTime                stm8s_uart2
     0000A323  _UART2_SetPrescaler                stm8s_uart2
     0000A32A  _UART2_GetFlagStatus               stm8s_uart2
     0000A383  _UART2_ClearFlag                   stm8s_uart2
     0000A3B1  _UART2_GetITStatus                 stm8s_uart2
     0000A44D  _UART2_ClearITPendingBit           stm8s_uart2
     0000A46A  _CLK_DeInit                        stm8s_clk
     0000A4A1  _CLK_FastHaltWakeUpCmd             stm8s_clk
     0000A4B4  _CLK_HSECmd                        stm8s_clk
     0000A4C7  _CLK_HSICmd                        stm8s_clk
     0000A4DA  _CLK_LSICmd                        stm8s_clk
     0000A4ED  _CLK_CCOCmd                        stm8s_clk
     0000A500  _CLK_ClockSwitchCmd                stm8s_clk
     0000A513  _CLK_SlowActiveHaltWakeUpCmd       stm8s_clk
     0000A526  _CLK_PeripheralClockConfig         stm8s_clk
     0000A570  _CLK_ClockSwitchConfig             stm8s_clk
     0000A61E  _CLK_HSIPrescalerConfig            stm8s_clk
     0000A62F  _CLK_CCOConfig                     stm8s_clk
     0000A644  _CLK_ITConfig                      stm8s_clk
     0000A684  _CLK_SYSCLKConfig                  stm8s_clk
     0000A6B8  _CLK_SWIMConfig                    stm8s_clk
     0000A6CB  _CLK_ClockSecuritySystemEnable     stm8s_clk
     0000A6D0  _CLK_GetSYSCLKSource               stm8s_clk
     0000A6D4  _CLK_GetClockFreq                  stm8s_clk
     0000A726  _CLK_AdjustHSICalibrationValue     stm8s_clk
     0000A731  _CLK_SYSCLKEmergencyClear          stm8s_clk
     0000A736  _CLK_GetFlagStatus                 stm8s_clk
     0000A778  _CLK_GetITStatus                   stm8s_clk
     0000A798  _CLK_ClearITPendingBit             stm8s_clk
     0000A7A8  __modulong                         
     0000A82B  _vsprintf                          sprintf
     0000A846  _sprintf                           sprintf
     0000A866  __divulong                         
     0000A8C0  _puts                              puts
     0000A8EF  _vprintf                           vprintf
     0000A901  _printf                            vprintf
     0000A917  __mullong                          
     0000A993  __modsint                          
     0000A9A9  __divsint                          
     0000AA63  __print_format                     printf_large
     0000B0C3  _strlen                            _strlen
ASxxxx Linker V03.00 + NoICE + sdld,  page 14.

Files Linked                              [ module(s) ]

main.rel                                  [ main ]
driver/dht12.rel                          [ dht12 ]
driver/driver_common.rel                  [ driver_common ]
driver/relay.rel                          [ relay ]
driver/uart.rel                           [ uart ]
driver/ds1302.rel                         [ ds1302 ]
driver/stm8s_it.rel                       [ stm8s_it ]
driver/eeprom.rel                         [ eeprom ]
driver/key.rel                            [ key ]
driver/beep.rel                           [ beep ]
driver/oled.rel                           [ oled ]
driver/adc.rel                            [ adc ]
STM8S_StdPeriph_Lib/Libraries/STM8S_StdPeriph_Driver/src/stm8s_gpio.rel
                                          [ stm8s_gpio ]
STM8S_StdPeriph_Lib/Libraries/STM8S_StdPeriph_Driver/src/stm8s_flash.rel
                                          [ stm8s_flash ]
STM8S_StdPeriph_Lib/Libraries/STM8S_StdPeriph_Driver/src/stm8s_exti.rel
                                          [ stm8s_exti ]
STM8S_StdPeriph_Lib/Libraries/STM8S_StdPeriph_Driver/src/stm8s_adc1.rel
                                          [ stm8s_adc1 ]
STM8S_StdPeriph_Lib/Libraries/STM8S_StdPeriph_Driver/src/stm8s_uart2.rel
                                          [ stm8s_uart2 ]
STM8S_StdPeriph_Lib/Libraries/STM8S_StdPeriph_Driver/src/stm8s_clk.rel
                                          [ stm8s_clk ]


Libraries Linked                          [ object file ]

/usr/local/bin/../share/sdcc/lib/stm8/stm8.lib
                                          [ _modulong.rel ]
/usr/local/bin/../share/sdcc/lib/stm8/stm8.lib
                                          [ sprintf.rel ]
/usr/local/bin/../share/sdcc/lib/stm8/stm8.lib
                                          [ _divulong.rel ]
/usr/local/bin/../share/sdcc/lib/stm8/stm8.lib
                                          [ puts.rel ]
/usr/local/bin/../share/sdcc/lib/stm8/stm8.lib
                                          [ vprintf.rel ]
/usr/local/bin/../share/sdcc/lib/stm8/stm8.lib
                                          [ _mullong.rel ]
/usr/local/bin/../share/sdcc/lib/stm8/stm8.lib
                                          [ _modsint.rel ]
/usr/local/bin/../share/sdcc/lib/stm8/stm8.lib
                                          [ _divsint.rel ]
/usr/local/bin/../share/sdcc/lib/stm8/stm8.lib
                                          [ printf_large.rel ]
/usr/local/bin/../share/sdcc/lib/stm8/stm8.lib
                                          [ _strlen.rel ]

ASxxxx Linker V03.00 + NoICE + sdld,  page 15.

User Base Address Definitions

HOME = 0x8000
DATA = 0x0001
SSEG = 0xffffffff

