ASxxxx Linker V03.00 + NoICE + sdld,  page 1.
Hexadecimal  [32-Bits]

Area                                    Addr        Size        Decimal Bytes (Attributes)
--------------------------------        ----        ----        ------- ----- ------------
.  .ABS.                            00000000    00000000 =           0. bytes (ABS,CON)

      Value  Global                              Global Defined In Module
      -----  --------------------------------   ------------------------
     FFFFFFFF  s_SSEG                          
     00000000  .__.ABS.                           _strlen
     00000000  l_CABS                          
     00000000  l_DABS                          
     00000000  l__CODE                         
     00000000  s_CABS                          
     00000000  s_DABS                          
     00000000  s__CODE                         
     00000001  l_SSEG                          
     00000001  s_DATA                          
     00000003  l_GSFINAL                       
     00000007  l_INITIALIZED                   
     00000007  l_INITIALIZER                   
     0000001A  l_GSINIT                        
     0000006F  l_HOME                          
     00000097  l_DATA                          
     00000098  s_INITIALIZED                   
     00000678  l_CONST                         
     0000388A  l_CODE                          
     00008000  s_HOME                          
     0000806F  s_GSINIT                        
     00008089  s_GSFINAL                       
     0000808C  s_CONST                         
     00008704  s_INITIALIZER                   
     0000870B  s_CODE                          

ASxxxx Linker V03.00 + NoICE + sdld,  page 2.
Hexadecimal  [32-Bits]

Area                                    Addr        Size        Decimal Bytes (Attributes)
--------------------------------        ----        ----        ------- ----- ------------
DATA                                00000001    00000097 =         151. bytes (REL,CON)

      Value  Global                              Global Defined In Module
      -----  --------------------------------   ------------------------
     00000078  _modbus_buff                       modbus
     00000082  _ds_time                           driver_common
     00000089  _dh_data                           driver_common
     0000008F  _adc_data                          driver_common
     00000093  _asm_addr                          stm8s_flash
     00000097  _asm_val                           stm8s_flash
ASxxxx Linker V03.00 + NoICE + sdld,  page 3.
Hexadecimal  [32-Bits]

Area                                    Addr        Size        Decimal Bytes (Attributes)
--------------------------------        ----        ----        ------- ----- ------------
INITIALIZED                         00000098    00000007 =           7. bytes (REL,CON)

      Value  Global                              Global Defined In Module
      -----  --------------------------------   ------------------------
     00000098  _keycount                          key
     0000009D  _modbus_status                     modbus
     0000009E  _last_uart_receive_time            stm8s_it
ASxxxx Linker V03.00 + NoICE + sdld,  page 4.
Hexadecimal  [32-Bits]

Area                                    Addr        Size        Decimal Bytes (Attributes)
--------------------------------        ----        ----        ------- ----- ------------
SSEG                                FFFFFFFF    00000001 =           1. bytes (REL,CON)

      Value  Global                              Global Defined In Module
      -----  --------------------------------   ------------------------
ASxxxx Linker V03.00 + NoICE + sdld,  page 5.
Hexadecimal  [32-Bits]

Area                                    Addr        Size        Decimal Bytes (Attributes)
--------------------------------        ----        ----        ------- ----- ------------
HOME                                00008000    0000006F =         111. bytes (REL,CON)

      Value  Global                              Global Defined In Module
      -----  --------------------------------   ------------------------
ASxxxx Linker V03.00 + NoICE + sdld,  page 6.
Hexadecimal  [32-Bits]

Area                                    Addr        Size        Decimal Bytes (Attributes)
--------------------------------        ----        ----        ------- ----- ------------
GSINIT                              0000806F    0000001A =          26. bytes (REL,CON)

      Value  Global                              Global Defined In Module
      -----  --------------------------------   ------------------------
ASxxxx Linker V03.00 + NoICE + sdld,  page 7.
Hexadecimal  [32-Bits]

Area                                    Addr        Size        Decimal Bytes (Attributes)
--------------------------------        ----        ----        ------- ----- ------------
GSFINAL                             00008089    00000003 =           3. bytes (REL,CON)

      Value  Global                              Global Defined In Module
      -----  --------------------------------   ------------------------
ASxxxx Linker V03.00 + NoICE + sdld,  page 8.
Hexadecimal  [32-Bits]

Area                                    Addr        Size        Decimal Bytes (Attributes)
--------------------------------        ----        ----        ------- ----- ------------
CONST                               0000808C    00000678 =        1656. bytes (REL,CON)

      Value  Global                              Global Defined In Module
      -----  --------------------------------   ------------------------
     0000808C  _F8X16                             oled
     000086F5  _HSIDivFactor                      stm8s_clk

ASxxxx Linker V03.00 + NoICE + sdld,  page 9.
Hexadecimal  [32-Bits]

Area                                    Addr        Size        Decimal Bytes (Attributes)
--------------------------------        ----        ----        ------- ----- ------------
INITIALIZER                         00008704    00000007 =           7. bytes (REL,CON)

      Value  Global                              Global Defined In Module
      -----  --------------------------------   ------------------------
ASxxxx Linker V03.00 + NoICE + sdld,  page 10.
Hexadecimal  [32-Bits]

Area                                    Addr        Size        Decimal Bytes (Attributes)
--------------------------------        ----        ----        ------- ----- ------------
CODE                                0000870B    0000388A =       14474. bytes (REL,CON)

      Value  Global                              Global Defined In Module
      -----  --------------------------------   ------------------------
     0000870B  _Delay                             main
     0000873C  _main                              main
     00008757  _ReadADC                           adc
     000087B0  _ReadDin                           adc
     000087C9  _delay_ms                          oled
     000087E5  _OLED_WR_Byte                      oled
     00008862  _OLED_Set_Pos                      oled
     00008890  _OLED_Display_On                   oled
     000088A9  _OLED_Display_Off                  oled
     000088C2  _OLED_Clear                        oled
     000088FA  _OLED_ShowChar                     oled
     0000896D  _oled_pow                          oled
     000089A1  _OLED_ShowNum                      oled
     00008A3E  _OLED_ShowString                   oled
     00008A6F  _OLED_Init                         oled
     00008BD5  _Is_In_Area                        app
     00008C4E  _app_init                          app
     00008C7F  _app_loop                          app
     00009755  _beep_init                         beep
     00009763  _beep_read                         beep
     0000976F  _beep_on                           beep
     00009788  _beep_off                          beep
     000097A1  _key_init                          key
     000097F9  _key_read                          key
     00009811  _CRC16                             modbus
     00009866  _modbus_send                       modbus
     0000988D  _modbus_virtual_write              modbus
     00009906  _modbus_virtual_read               modbus
     00009A82  _modbus_process                    modbus
     00009C51  _WitchDog_init                     iwdg
     00009C67  _WitchDog_reset                    iwdg
     00009C6A  _eeprom_read                       eeprom
     00009C7E  _eeprom_write                      eeprom
     00009CBC  _TRAP_IRQHandler                   stm8s_it
     00009CBD  _TLI_IRQHandler                    stm8s_it
     00009CBE  _AWU_IRQHandler                    stm8s_it
     00009CBF  _CLK_IRQHandler                    stm8s_it
     00009CC0  _EXTI_PORTA_IRQHandler             stm8s_it
     00009CC1  _EXTI_PORTB_IRQHandler             stm8s_it
     00009CC2  _EXTI_PORTC_IRQHandler             stm8s_it
     00009CC3  _EXTI_PORTD_IRQHandler             stm8s_it
     00009CEB  _EXTI_PORTE_IRQHandler             stm8s_it
     00009CEC  _SPI_IRQHandler                    stm8s_it
     00009CED  _TIM1_UPD_OVF_TRG_BRK_IRQHandler   stm8s_it
     00009CEE  _TIM1_CAP_COM_IRQHandler           stm8s_it
     00009CEF  _TIM2_UPD_OVF_BRK_IRQHandler       stm8s_it
     00009CF0  _TIM2_CAP_COM_IRQHandler           stm8s_it
     00009CF1  _TIM3_UPD_OVF_BRK_IRQHandler       stm8s_it
     00009CF2  _TIM3_CAP_COM_IRQHandler           stm8s_it
     00009CF3  _I2C_IRQHandler                    stm8s_it
ASxxxx Linker V03.00 + NoICE + sdld,  page 11.
Hexadecimal  [32-Bits]

Area                                    Addr        Size        Decimal Bytes (Attributes)
--------------------------------        ----        ----        ------- ----- ------------
CODE                                0000870B    0000388A =       14474. bytes (REL,CON)

      Value  Global                              Global Defined In Module
      -----  --------------------------------   ------------------------
     00009CF4  _UART2_TX_IRQHandler               stm8s_it
     00009CF5  _UART2_RX_IRQHandler               stm8s_it
     00009D75  _ADC1_IRQHandler                   stm8s_it
     00009D76  _TIM4_UPD_OVF_IRQHandler           stm8s_it
     00009D77  _EEPROM_EEC_IRQHandler             stm8s_it
     00009D78  _ds1302_port_deinit                ds1302
     00009DA0  _ds1302_port_init                  ds1302
     00009DDE  _read_IO                           ds1302
     00009DEC  _write_IO                          ds1302
     00009DFA  _ds1302_write_byte                 ds1302
     00009E3C  _ds1302_read_byte                  ds1302
     00009E78  _ds1302_write                      ds1302
     00009EB6  _ds1302_read                       ds1302
     00009EF7  _ds1302_read_time                  ds1302
     00009F65  _ds1302_write_time                 ds1302
     00009FE5  _ds1302_active                     ds1302
     0000A01B  _Init_UART2                        uart
     0000A067  _UART2_Send_Char                   uart
     0000A07A  _UART2_Send_STR                    uart
     0000A08B  _putchar                           uart
     0000A08D  _relay_read                        relay
     0000A099  _relay_on                          relay
     0000A0B2  _relay_off                         relay
     0000A0CB  _driver_init                       driver_common
     0000A0DE  _driver_loop                       driver_common
     0000A12F  _i2c_init                          dht12
     0000A14A  _i2c_deinit                        dht12
     0000A165  _I2CDataInOut                      dht12
     0000A185  _I2C_Start                         dht12
     0000A1B8  _I2C_Stop                          dht12
     0000A1EB  _I2C_Rack                          dht12
     0000A21E  _I2C_nAck                          dht12
     0000A251  _SendByte                          dht12
     0000A2F4  _RcvByte                           dht12
     0000A355  _I2C_Read                          dht12
     0000A3D7  _i2c_read                          dht12
     0000A3F2  _ReadDHT12                         dht12
     0000A446  _GPIO_DeInit                       stm8s_gpio
     0000A455  _GPIO_Init                         stm8s_gpio
     0000A4CA  _GPIO_Write                        stm8s_gpio
     0000A4D0  _GPIO_WriteHigh                    stm8s_gpio
     0000A4D7  _GPIO_WriteLow                     stm8s_gpio
     0000A4E5  _GPIO_WriteReverse                 stm8s_gpio
     0000A4EC  _GPIO_ReadOutputData               stm8s_gpio
     0000A4F0  _GPIO_ReadInputData                stm8s_gpio
     0000A4F5  _GPIO_ReadInputPin                 stm8s_gpio
     0000A4FC  _GPIO_ExternalPullUpConfig         stm8s_gpio
     0000A518  _IWDG_WriteAccessCmd               stm8s_iwdg
     0000A51F  _IWDG_SetPrescaler                 stm8s_iwdg
     0000A526  _IWDG_SetReload                    stm8s_iwdg
     0000A52D  _IWDG_ReloadCounter                stm8s_iwdg
ASxxxx Linker V03.00 + NoICE + sdld,  page 12.
Hexadecimal  [32-Bits]

Area                                    Addr        Size        Decimal Bytes (Attributes)
--------------------------------        ----        ----        ------- ----- ------------
CODE                                0000870B    0000388A =       14474. bytes (REL,CON)

      Value  Global                              Global Defined In Module
      -----  --------------------------------   ------------------------
     0000A532  _IWDG_Enable                       stm8s_iwdg
     0000A537  _ITC_GetCPUCC                      stm8s_itc
     0000A53F  _ITC_DeInit                        stm8s_itc
     0000A560  _ITC_GetSoftIntStatus              stm8s_itc
     0000A566  _ITC_GetSoftwarePriority           stm8s_itc
     0000A60E  _ITC_SetSoftwarePriority           stm8s_itc
     0000A6F8  _write_byte_address                stm8s_flash
     0000A70F  _read_byte_address                 stm8s_flash
     0000A725  _FLASH_Unlock                      stm8s_flash
     0000A73D  _FLASH_Lock                        stm8s_flash
     0000A746  _FLASH_DeInit                      stm8s_flash
     0000A75E  _FLASH_ITConfig                    stm8s_flash
     0000A771  _FLASH_EraseByte                   stm8s_flash
     0000A77C  _FLASH_ProgramByte                 stm8s_flash
     0000A788  _FLASH_ReadByte                    stm8s_flash
     0000A794  _FLASH_ProgramWord                 stm8s_flash
     0000A7E0  _FLASH_ProgramOptionByte           stm8s_flash
     0000A811  _FLASH_EraseOptionByte             stm8s_flash
     0000A83D  _FLASH_ReadOptionByte              stm8s_flash
     0000A875  _FLASH_SetLowPowerMode             stm8s_flash
     0000A886  _FLASH_SetProgrammingTime          stm8s_flash
     0000A897  _FLASH_GetLowPowerMode             stm8s_flash
     0000A89D  _FLASH_GetProgrammingTime          stm8s_flash
     0000A8A3  _FLASH_GetBootSize                 stm8s_flash
     0000A8CA  _FLASH_GetFlagStatus               stm8s_flash
     0000A8D6  _FLASH_WaitForLastOperation        stm8s_flash
     0000A906  _FLASH_EraseBlock                  stm8s_flash
     0000A945  _FLASH_ProgramBlock                stm8s_flash
     0000A9BB  _EXTI_DeInit                       stm8s_exti
     0000A9C4  _EXTI_SetExtIntSensitivity         stm8s_exti
     0000AA54  _EXTI_SetTLISensitivity            stm8s_exti
     0000AA65  _EXTI_GetExtIntSensitivity         stm8s_exti
     0000AAAA  _EXTI_GetTLISensitivity            stm8s_exti
     0000AAB0  _ADC1_DeInit                       stm8s_adc1
     0000AAE1  _ADC1_Init                         stm8s_adc1
     0000AB0F  _ADC1_Cmd                          stm8s_adc1
     0000AB22  _ADC1_ScanModeCmd                  stm8s_adc1
     0000AB35  _ADC1_DataBufferCmd                stm8s_adc1
     0000AB48  _ADC1_ITConfig                     stm8s_adc1
     0000AB66  _ADC1_PrescalerConfig              stm8s_adc1
     0000AB77  _ADC1_SchmittTriggerConfig         stm8s_adc1
     0000ABF3  _ADC1_ConversionConfig             stm8s_adc1
     0000AC26  _ADC1_ExternalTriggerConfig        stm8s_adc1
     0000AC4A  _ADC1_StartConversion              stm8s_adc1
     0000AC4F  _ADC1_GetConversionValue           stm8s_adc1
     0000AC95  _ADC1_AWDChannelConfig             stm8s_adc1
     0000ACEB  _ADC1_SetHighThreshold             stm8s_adc1
     0000ACF9  _ADC1_SetLowThreshold              stm8s_adc1
     0000AD07  _ADC1_GetBufferValue               stm8s_adc1
     0000AD56  _ADC1_GetAWDChannelStatus          stm8s_adc1
     0000AD8F  _ADC1_GetFlagStatus                stm8s_adc1
ASxxxx Linker V03.00 + NoICE + sdld,  page 13.
Hexadecimal  [32-Bits]

Area                                    Addr        Size        Decimal Bytes (Attributes)
--------------------------------        ----        ----        ------- ----- ------------
CODE                                0000870B    0000388A =       14474. bytes (REL,CON)

      Value  Global                              Global Defined In Module
      -----  --------------------------------   ------------------------
     0000ADF4  _ADC1_ClearFlag                    stm8s_adc1
     0000AE68  _ADC1_GetITStatus                  stm8s_adc1
     0000AEBA  _ADC1_ClearITPendingBit            stm8s_adc1
     0000AF16  _UART2_DeInit                      stm8s_uart2
     0000AF3D  _UART2_Init                        stm8s_uart2
     0000B0A6  _UART2_Cmd                         stm8s_uart2
     0000B0B9  _UART2_ITConfig                    stm8s_uart2
     0000B15B  _UART2_IrDAConfig                  stm8s_uart2
     0000B16E  _UART2_IrDACmd                     stm8s_uart2
     0000B181  _UART2_LINBreakDetectionConfig     stm8s_uart2
     0000B194  _UART2_LINConfig                   stm8s_uart2
     0000B1CD  _UART2_LINCmd                      stm8s_uart2
     0000B1E0  _UART2_SmartCardCmd                stm8s_uart2
     0000B1F3  _UART2_SmartCardNACKCmd            stm8s_uart2
     0000B206  _UART2_WakeUpConfig                stm8s_uart2
     0000B213  _UART2_ReceiverWakeUpCmd           stm8s_uart2
     0000B226  _UART2_ReceiveData8                stm8s_uart2
     0000B22A  _UART2_ReceiveData9                stm8s_uart2
     0000B247  _UART2_SendData8                   stm8s_uart2
     0000B24E  _UART2_SendData9                   stm8s_uart2
     0000B26B  _UART2_SendBreak                   stm8s_uart2
     0000B270  _UART2_SetAddress                  stm8s_uart2
     0000B281  _UART2_SetGuardTime                stm8s_uart2
     0000B288  _UART2_SetPrescaler                stm8s_uart2
     0000B28F  _UART2_GetFlagStatus               stm8s_uart2
     0000B2E8  _UART2_ClearFlag                   stm8s_uart2
     0000B316  _UART2_GetITStatus                 stm8s_uart2
     0000B3B0  _UART2_ClearITPendingBit           stm8s_uart2
     0000B3CD  _CLK_DeInit                        stm8s_clk
     0000B404  _CLK_FastHaltWakeUpCmd             stm8s_clk
     0000B417  _CLK_HSECmd                        stm8s_clk
     0000B42A  _CLK_HSICmd                        stm8s_clk
     0000B43D  _CLK_LSICmd                        stm8s_clk
     0000B450  _CLK_CCOCmd                        stm8s_clk
     0000B463  _CLK_ClockSwitchCmd                stm8s_clk
     0000B476  _CLK_SlowActiveHaltWakeUpCmd       stm8s_clk
     0000B489  _CLK_PeripheralClockConfig         stm8s_clk
     0000B4D1  _CLK_ClockSwitchConfig             stm8s_clk
     0000B57F  _CLK_HSIPrescalerConfig            stm8s_clk
     0000B590  _CLK_CCOConfig                     stm8s_clk
     0000B5A5  _CLK_ITConfig                      stm8s_clk
     0000B5E5  _CLK_SYSCLKConfig                  stm8s_clk
     0000B617  _CLK_SWIMConfig                    stm8s_clk
     0000B62A  _CLK_ClockSecuritySystemEnable     stm8s_clk
     0000B62F  _CLK_GetSYSCLKSource               stm8s_clk
     0000B633  _CLK_GetClockFreq                  stm8s_clk
     0000B683  _CLK_AdjustHSICalibrationValue     stm8s_clk
     0000B68E  _CLK_SYSCLKEmergencyClear          stm8s_clk
     0000B693  _CLK_GetFlagStatus                 stm8s_clk
     0000B6D5  _CLK_GetITStatus                   stm8s_clk
     0000B6F5  _CLK_ClearITPendingBit             stm8s_clk
ASxxxx Linker V03.00 + NoICE + sdld,  page 14.
Hexadecimal  [32-Bits]

Area                                    Addr        Size        Decimal Bytes (Attributes)
--------------------------------        ----        ----        ------- ----- ------------
CODE                                0000870B    0000388A =       14474. bytes (REL,CON)

      Value  Global                              Global Defined In Module
      -----  --------------------------------   ------------------------
     0000B705  __modulong                         
     0000B788  _vsprintf                          sprintf
     0000B7A3  _sprintf                           sprintf
     0000B7C3  __divulong                         
     0000B81D  __modsint                          
     0000B833  __mullong                          
     0000B8AF  __divsint                          
     0000B971  __print_format                     printf_large
     0000BF86  _strlen                            _strlen

ASxxxx Linker V03.00 + NoICE + sdld,  page 15.

Files Linked                              [ module(s) ]

main.rel                                  [ main ]
driver/adc.rel                            [ adc ]
driver/oled.rel                           [ oled ]
driver/app.rel                            [ app ]
driver/beep.rel                           [ beep ]
driver/key.rel                            [ key ]
driver/modbus.rel                         [ modbus ]
driver/iwdg.rel                           [ iwdg ]
driver/eeprom.rel                         [ eeprom ]
driver/stm8s_it.rel                       [ stm8s_it ]
driver/ds1302.rel                         [ ds1302 ]
driver/uart.rel                           [ uart ]
driver/relay.rel                          [ relay ]
driver/driver_common.rel                  [ driver_common ]
driver/dht12.rel                          [ dht12 ]
STM8S_StdPeriph_Lib/Libraries/STM8S_StdPeriph_Driver/src/stm8s_gpio.rel
                                          [ stm8s_gpio ]
STM8S_StdPeriph_Lib/Libraries/STM8S_StdPeriph_Driver/src/stm8s_iwdg.rel
                                          [ stm8s_iwdg ]
STM8S_StdPeriph_Lib/Libraries/STM8S_StdPeriph_Driver/src/stm8s_itc.rel
                                          [ stm8s_itc ]
STM8S_StdPeriph_Lib/Libraries/STM8S_StdPeriph_Driver/src/stm8s_flash.rel
                                          [ stm8s_flash ]
STM8S_StdPeriph_Lib/Libraries/STM8S_StdPeriph_Driver/src/stm8s_exti.rel
                                          [ stm8s_exti ]
STM8S_StdPeriph_Lib/Libraries/STM8S_StdPeriph_Driver/src/stm8s_adc1.rel
                                          [ stm8s_adc1 ]
STM8S_StdPeriph_Lib/Libraries/STM8S_StdPeriph_Driver/src/stm8s_uart2.rel
                                          [ stm8s_uart2 ]
STM8S_StdPeriph_Lib/Libraries/STM8S_StdPeriph_Driver/src/stm8s_clk.rel
                                          [ stm8s_clk ]


Libraries Linked                          [ object file ]

C:\Program Files (x86)\SDCC\bin\..\lib\stm8/stm8.lib
                                          [ _modulong.rel ]
C:\Program Files (x86)\SDCC\bin\..\lib\stm8/stm8.lib
                                          [ sprintf.rel ]
C:\Program Files (x86)\SDCC\bin\..\lib\stm8/stm8.lib
                                          [ _divulong.rel ]
C:\Program Files (x86)\SDCC\bin\..\lib\stm8/stm8.lib
                                          [ _modsint.rel ]
C:\Program Files (x86)\SDCC\bin\..\lib\stm8/stm8.lib
                                          [ _mullong.rel ]
C:\Program Files (x86)\SDCC\bin\..\lib\stm8/stm8.lib
                                          [ _divsint.rel ]
C:\Program Files (x86)\SDCC\bin\..\lib\stm8/stm8.lib
                                          [ printf_large.rel ]
C:\Program Files (x86)\SDCC\bin\..\lib\stm8/stm8.lib
                                          [ _strlen.rel ]

ASxxxx Linker V03.00 + NoICE + sdld,  page 16.

User Base Address Definitions

HOME = 0x8000
DATA = 0x0001
SSEG = 0xffffffff

