ASxxxx Linker V03.00 + NoICE + sdld,  page 1.
Hexadecimal  [32-Bits]

Area                                    Addr        Size        Decimal Bytes (Attributes)
--------------------------------        ----        ----        ------- ----- ------------
.  .ABS.                            00000000    00000000 =           0. bytes (ABS,CON)

      Value  Global                              Global Defined In Module
      -----  --------------------------------   ------------------------
     FFFFFFFF  s_SSEG                          
     00000000  .__.ABS.                           _strlen
     00000000  l_CABS                          
     00000000  l_DABS                          
     00000000  l__CODE                         
     00000000  s_CABS                          
     00000000  s_DABS                          
     00000000  s__CODE                         
     00000001  l_SSEG                          
     00000001  s_DATA                          
     00000003  l_GSFINAL                       
     00000007  l_INITIALIZED                   
     00000007  l_INITIALIZER                   
     0000001A  l_GSINIT                        
     0000006F  l_HOME                          
     00000097  l_DATA                          
     00000098  s_INITIALIZED                   
     00000678  l_CONST                         
     000038D2  l_CODE                          
     00008000  s_HOME                          
     0000806F  s_GSINIT                        
     00008089  s_GSFINAL                       
     0000808C  s_CONST                         
     00008704  s_INITIALIZER                   
     0000870B  s_CODE                          

ASxxxx Linker V03.00 + NoICE + sdld,  page 2.
Hexadecimal  [32-Bits]

Area                                    Addr        Size        Decimal Bytes (Attributes)
--------------------------------        ----        ----        ------- ----- ------------
DATA                                00000001    00000097 =         151. bytes (REL,CON)

      Value  Global                              Global Defined In Module
      -----  --------------------------------   ------------------------
     00000078  _modbus_buff                       modbus
     00000082  _ds_time                           driver_common
     00000089  _dh_data                           driver_common
     0000008F  _adc_data                          driver_common
     00000093  _asm_addr                          stm8s_flash
     00000097  _asm_val                           stm8s_flash
ASxxxx Linker V03.00 + NoICE + sdld,  page 3.
Hexadecimal  [32-Bits]

Area                                    Addr        Size        Decimal Bytes (Attributes)
--------------------------------        ----        ----        ------- ----- ------------
INITIALIZED                         00000098    00000007 =           7. bytes (REL,CON)

      Value  Global                              Global Defined In Module
      -----  --------------------------------   ------------------------
     00000098  _keycount                          key
     0000009D  _modbus_status                     modbus
     0000009E  _last_uart_receive_time            stm8s_it
ASxxxx Linker V03.00 + NoICE + sdld,  page 4.
Hexadecimal  [32-Bits]

Area                                    Addr        Size        Decimal Bytes (Attributes)
--------------------------------        ----        ----        ------- ----- ------------
SSEG                                FFFFFFFF    00000001 =           1. bytes (REL,CON)

      Value  Global                              Global Defined In Module
      -----  --------------------------------   ------------------------
ASxxxx Linker V03.00 + NoICE + sdld,  page 5.
Hexadecimal  [32-Bits]

Area                                    Addr        Size        Decimal Bytes (Attributes)
--------------------------------        ----        ----        ------- ----- ------------
HOME                                00008000    0000006F =         111. bytes (REL,CON)

      Value  Global                              Global Defined In Module
      -----  --------------------------------   ------------------------
ASxxxx Linker V03.00 + NoICE + sdld,  page 6.
Hexadecimal  [32-Bits]

Area                                    Addr        Size        Decimal Bytes (Attributes)
--------------------------------        ----        ----        ------- ----- ------------
GSINIT                              0000806F    0000001A =          26. bytes (REL,CON)

      Value  Global                              Global Defined In Module
      -----  --------------------------------   ------------------------
ASxxxx Linker V03.00 + NoICE + sdld,  page 7.
Hexadecimal  [32-Bits]

Area                                    Addr        Size        Decimal Bytes (Attributes)
--------------------------------        ----        ----        ------- ----- ------------
GSFINAL                             00008089    00000003 =           3. bytes (REL,CON)

      Value  Global                              Global Defined In Module
      -----  --------------------------------   ------------------------
ASxxxx Linker V03.00 + NoICE + sdld,  page 8.
Hexadecimal  [32-Bits]

Area                                    Addr        Size        Decimal Bytes (Attributes)
--------------------------------        ----        ----        ------- ----- ------------
CONST                               0000808C    00000678 =        1656. bytes (REL,CON)

      Value  Global                              Global Defined In Module
      -----  --------------------------------   ------------------------
     0000808C  _F8X16                             oled
     000086F5  _HSIDivFactor                      stm8s_clk

ASxxxx Linker V03.00 + NoICE + sdld,  page 9.
Hexadecimal  [32-Bits]

Area                                    Addr        Size        Decimal Bytes (Attributes)
--------------------------------        ----        ----        ------- ----- ------------
INITIALIZER                         00008704    00000007 =           7. bytes (REL,CON)

      Value  Global                              Global Defined In Module
      -----  --------------------------------   ------------------------
ASxxxx Linker V03.00 + NoICE + sdld,  page 10.
Hexadecimal  [32-Bits]

Area                                    Addr        Size        Decimal Bytes (Attributes)
--------------------------------        ----        ----        ------- ----- ------------
CODE                                0000870B    000038D2 =       14546. bytes (REL,CON)

      Value  Global                              Global Defined In Module
      -----  --------------------------------   ------------------------
     0000870B  _Delay                             main
     0000873C  _main                              main
     0000874B  _ReadADC                           adc
     000087A6  _ReadDin                           adc
     000087BF  _delay_ms                          oled
     000087DD  _OLED_WR_Byte                      oled
     0000885A  _OLED_Set_Pos                      oled
     0000888B  _OLED_Display_On                   oled
     000088A7  _OLED_Display_Off                  oled
     000088C3  _OLED_Clear                        oled
     000088FF  _OLED_ShowChar                     oled
     00008976  _oled_pow                          oled
     000089B5  _OLED_ShowNum                      oled
     00008A52  _OLED_ShowString                   oled
     00008A83  _OLED_Init                         oled
     00008C09  _Is_In_Area                        app
     00008C82  _app_init                          app
     00008CB3  _app_loop                          app
     000097A1  _beep_init                         beep
     000097AF  _beep_read                         beep
     000097BB  _beep_on                           beep
     000097D4  _beep_off                          beep
     000097ED  _key_init                          key
     00009847  _key_read                          key
     0000985F  _CRC16                             modbus
     000098B4  _modbus_send                       modbus
     000098DC  _modbus_virtual_write              modbus
     00009958  _modbus_virtual_read               modbus
     00009AD4  _modbus_process                    modbus
     00009CA3  _eeprom_read                       eeprom
     00009CB7  _eeprom_write                      eeprom
     00009CF5  _TRAP_IRQHandler                   stm8s_it
     00009CF6  _TLI_IRQHandler                    stm8s_it
     00009CF7  _AWU_IRQHandler                    stm8s_it
     00009CF8  _CLK_IRQHandler                    stm8s_it
     00009CF9  _EXTI_PORTA_IRQHandler             stm8s_it
     00009CFA  _EXTI_PORTB_IRQHandler             stm8s_it
     00009CFB  _EXTI_PORTC_IRQHandler             stm8s_it
     00009CFC  _EXTI_PORTD_IRQHandler             stm8s_it
     00009D25  _EXTI_PORTE_IRQHandler             stm8s_it
     00009D26  _SPI_IRQHandler                    stm8s_it
     00009D27  _TIM1_UPD_OVF_TRG_BRK_IRQHandler   stm8s_it
     00009D28  _TIM1_CAP_COM_IRQHandler           stm8s_it
     00009D29  _TIM2_UPD_OVF_BRK_IRQHandler       stm8s_it
     00009D2A  _TIM2_CAP_COM_IRQHandler           stm8s_it
     00009D2B  _TIM3_UPD_OVF_BRK_IRQHandler       stm8s_it
     00009D2C  _TIM3_CAP_COM_IRQHandler           stm8s_it
     00009D2D  _I2C_IRQHandler                    stm8s_it
     00009D2E  _UART2_TX_IRQHandler               stm8s_it
     00009D2F  _UART2_RX_IRQHandler               stm8s_it
ASxxxx Linker V03.00 + NoICE + sdld,  page 11.
Hexadecimal  [32-Bits]

Area                                    Addr        Size        Decimal Bytes (Attributes)
--------------------------------        ----        ----        ------- ----- ------------
CODE                                0000870B    000038D2 =       14546. bytes (REL,CON)

      Value  Global                              Global Defined In Module
      -----  --------------------------------   ------------------------
     00009DB6  _ADC1_IRQHandler                   stm8s_it
     00009DB7  _TIM4_UPD_OVF_IRQHandler           stm8s_it
     00009DB8  _EEPROM_EEC_IRQHandler             stm8s_it
     00009DB9  _ds1302_port_deinit                ds1302
     00009DE1  _ds1302_port_init                  ds1302
     00009E1F  _read_IO                           ds1302
     00009E2D  _write_IO                          ds1302
     00009E3B  _ds1302_write_byte                 ds1302
     00009E7D  _ds1302_read_byte                  ds1302
     00009EBB  _ds1302_write                      ds1302
     00009EF9  _ds1302_read                       ds1302
     00009F3A  _ds1302_read_time                  ds1302
     00009FAA  _ds1302_write_time                 ds1302
     0000A038  _ds1302_active                     ds1302
     0000A072  _Init_UART2                        uart
     0000A0BF  _UART2_Send_Char                   uart
     0000A0D3  _UART2_Send_STR                    uart
     0000A0E4  _putchar                           uart
     0000A0E6  _relay_read                        relay
     0000A0F2  _relay_on                          relay
     0000A10B  _relay_off                         relay
     0000A124  _driver_init                       driver_common
     0000A135  _driver_loop                       driver_common
     0000A185  _i2c_init                          dht12
     0000A1A0  _i2c_deinit                        dht12
     0000A1BB  _I2CDataInOut                      dht12
     0000A1DB  _I2C_Start                         dht12
     0000A20E  _I2C_Stop                          dht12
     0000A241  _I2C_Rack                          dht12
     0000A274  _I2C_nAck                          dht12
     0000A2A7  _SendByte                          dht12
     0000A34C  _RcvByte                           dht12
     0000A3AF  _I2C_Read                          dht12
     0000A431  _i2c_read                          dht12
     0000A44C  _ReadDHT12                         dht12
     0000A4A7  _GPIO_DeInit                       stm8s_gpio
     0000A4B6  _GPIO_Init                         stm8s_gpio
     0000A52B  _GPIO_Write                        stm8s_gpio
     0000A531  _GPIO_WriteHigh                    stm8s_gpio
     0000A538  _GPIO_WriteLow                     stm8s_gpio
     0000A546  _GPIO_WriteReverse                 stm8s_gpio
     0000A54D  _GPIO_ReadOutputData               stm8s_gpio
     0000A551  _GPIO_ReadInputData                stm8s_gpio
     0000A556  _GPIO_ReadInputPin                 stm8s_gpio
     0000A55D  _GPIO_ExternalPullUpConfig         stm8s_gpio
     0000A579  _ITC_GetCPUCC                      stm8s_itc
     0000A581  _ITC_DeInit                        stm8s_itc
     0000A5A2  _ITC_GetSoftIntStatus              stm8s_itc
     0000A5A8  _ITC_GetSoftwarePriority           stm8s_itc
     0000A650  _ITC_SetSoftwarePriority           stm8s_itc
     0000A73C  _write_byte_address                stm8s_flash
ASxxxx Linker V03.00 + NoICE + sdld,  page 12.
Hexadecimal  [32-Bits]

Area                                    Addr        Size        Decimal Bytes (Attributes)
--------------------------------        ----        ----        ------- ----- ------------
CODE                                0000870B    000038D2 =       14546. bytes (REL,CON)

      Value  Global                              Global Defined In Module
      -----  --------------------------------   ------------------------
     0000A753  _read_byte_address                 stm8s_flash
     0000A769  _FLASH_Unlock                      stm8s_flash
     0000A781  _FLASH_Lock                        stm8s_flash
     0000A78A  _FLASH_DeInit                      stm8s_flash
     0000A7A2  _FLASH_ITConfig                    stm8s_flash
     0000A7B5  _FLASH_EraseByte                   stm8s_flash
     0000A7C0  _FLASH_ProgramByte                 stm8s_flash
     0000A7CC  _FLASH_ReadByte                    stm8s_flash
     0000A7D8  _FLASH_ProgramWord                 stm8s_flash
     0000A824  _FLASH_ProgramOptionByte           stm8s_flash
     0000A855  _FLASH_EraseOptionByte             stm8s_flash
     0000A881  _FLASH_ReadOptionByte              stm8s_flash
     0000A8B9  _FLASH_SetLowPowerMode             stm8s_flash
     0000A8CA  _FLASH_SetProgrammingTime          stm8s_flash
     0000A8DB  _FLASH_GetLowPowerMode             stm8s_flash
     0000A8E1  _FLASH_GetProgrammingTime          stm8s_flash
     0000A8E7  _FLASH_GetBootSize                 stm8s_flash
     0000A90E  _FLASH_GetFlagStatus               stm8s_flash
     0000A91A  _FLASH_WaitForLastOperation        stm8s_flash
     0000A94A  _FLASH_EraseBlock                  stm8s_flash
     0000A984  _FLASH_ProgramBlock                stm8s_flash
     0000A9FA  _EXTI_DeInit                       stm8s_exti
     0000AA03  _EXTI_SetExtIntSensitivity         stm8s_exti
     0000AA93  _EXTI_SetTLISensitivity            stm8s_exti
     0000AAA4  _EXTI_GetExtIntSensitivity         stm8s_exti
     0000AAE9  _EXTI_GetTLISensitivity            stm8s_exti
     0000AAEF  _ADC1_DeInit                       stm8s_adc1
     0000AB20  _ADC1_Init                         stm8s_adc1
     0000AB50  _ADC1_Cmd                          stm8s_adc1
     0000AB63  _ADC1_ScanModeCmd                  stm8s_adc1
     0000AB76  _ADC1_DataBufferCmd                stm8s_adc1
     0000AB89  _ADC1_ITConfig                     stm8s_adc1
     0000ABA7  _ADC1_PrescalerConfig              stm8s_adc1
     0000ABB8  _ADC1_SchmittTriggerConfig         stm8s_adc1
     0000AC34  _ADC1_ConversionConfig             stm8s_adc1
     0000AC67  _ADC1_ExternalTriggerConfig        stm8s_adc1
     0000AC8B  _ADC1_StartConversion              stm8s_adc1
     0000AC90  _ADC1_GetConversionValue           stm8s_adc1
     0000ACD6  _ADC1_AWDChannelConfig             stm8s_adc1
     0000AD2C  _ADC1_SetHighThreshold             stm8s_adc1
     0000AD3A  _ADC1_SetLowThreshold              stm8s_adc1
     0000AD48  _ADC1_GetBufferValue               stm8s_adc1
     0000AD97  _ADC1_GetAWDChannelStatus          stm8s_adc1
     0000ADD0  _ADC1_GetFlagStatus                stm8s_adc1
     0000AE35  _ADC1_ClearFlag                    stm8s_adc1
     0000AEAB  _ADC1_GetITStatus                  stm8s_adc1
     0000AEFD  _ADC1_ClearITPendingBit            stm8s_adc1
     0000AF59  _UART2_DeInit                      stm8s_uart2
     0000AF80  _UART2_Init                        stm8s_uart2
     0000B0E9  _UART2_Cmd                         stm8s_uart2
     0000B0FC  _UART2_ITConfig                    stm8s_uart2
ASxxxx Linker V03.00 + NoICE + sdld,  page 13.
Hexadecimal  [32-Bits]

Area                                    Addr        Size        Decimal Bytes (Attributes)
--------------------------------        ----        ----        ------- ----- ------------
CODE                                0000870B    000038D2 =       14546. bytes (REL,CON)

      Value  Global                              Global Defined In Module
      -----  --------------------------------   ------------------------
     0000B19E  _UART2_IrDAConfig                  stm8s_uart2
     0000B1B1  _UART2_IrDACmd                     stm8s_uart2
     0000B1C4  _UART2_LINBreakDetectionConfig     stm8s_uart2
     0000B1D7  _UART2_LINConfig                   stm8s_uart2
     0000B210  _UART2_LINCmd                      stm8s_uart2
     0000B223  _UART2_SmartCardCmd                stm8s_uart2
     0000B236  _UART2_SmartCardNACKCmd            stm8s_uart2
     0000B249  _UART2_WakeUpConfig                stm8s_uart2
     0000B256  _UART2_ReceiverWakeUpCmd           stm8s_uart2
     0000B269  _UART2_ReceiveData8                stm8s_uart2
     0000B26D  _UART2_ReceiveData9                stm8s_uart2
     0000B28B  _UART2_SendData8                   stm8s_uart2
     0000B292  _UART2_SendData9                   stm8s_uart2
     0000B2AF  _UART2_SendBreak                   stm8s_uart2
     0000B2B4  _UART2_SetAddress                  stm8s_uart2
     0000B2C5  _UART2_SetGuardTime                stm8s_uart2
     0000B2CC  _UART2_SetPrescaler                stm8s_uart2
     0000B2D3  _UART2_GetFlagStatus               stm8s_uart2
     0000B32C  _UART2_ClearFlag                   stm8s_uart2
     0000B35A  _UART2_GetITStatus                 stm8s_uart2
     0000B3F6  _UART2_ClearITPendingBit           stm8s_uart2
     0000B413  _CLK_DeInit                        stm8s_clk
     0000B44A  _CLK_FastHaltWakeUpCmd             stm8s_clk
     0000B45D  _CLK_HSECmd                        stm8s_clk
     0000B470  _CLK_HSICmd                        stm8s_clk
     0000B483  _CLK_LSICmd                        stm8s_clk
     0000B496  _CLK_CCOCmd                        stm8s_clk
     0000B4A9  _CLK_ClockSwitchCmd                stm8s_clk
     0000B4BC  _CLK_SlowActiveHaltWakeUpCmd       stm8s_clk
     0000B4CF  _CLK_PeripheralClockConfig         stm8s_clk
     0000B519  _CLK_ClockSwitchConfig             stm8s_clk
     0000B5C7  _CLK_HSIPrescalerConfig            stm8s_clk
     0000B5D8  _CLK_CCOConfig                     stm8s_clk
     0000B5ED  _CLK_ITConfig                      stm8s_clk
     0000B62D  _CLK_SYSCLKConfig                  stm8s_clk
     0000B65F  _CLK_SWIMConfig                    stm8s_clk
     0000B672  _CLK_ClockSecuritySystemEnable     stm8s_clk
     0000B677  _CLK_GetSYSCLKSource               stm8s_clk
     0000B67B  _CLK_GetClockFreq                  stm8s_clk
     0000B6CB  _CLK_AdjustHSICalibrationValue     stm8s_clk
     0000B6D6  _CLK_SYSCLKEmergencyClear          stm8s_clk
     0000B6DB  _CLK_GetFlagStatus                 stm8s_clk
     0000B71D  _CLK_GetITStatus                   stm8s_clk
     0000B73D  _CLK_ClearITPendingBit             stm8s_clk
     0000B74D  __modulong                         
     0000B7D0  _vsprintf                          sprintf
     0000B7EB  _sprintf                           sprintf
     0000B80B  __divulong                         
     0000B865  __modsint                          
     0000B87B  __mullong                          
     0000B8F7  __divsint                          
ASxxxx Linker V03.00 + NoICE + sdld,  page 14.
Hexadecimal  [32-Bits]

Area                                    Addr        Size        Decimal Bytes (Attributes)
--------------------------------        ----        ----        ------- ----- ------------
CODE                                0000870B    000038D2 =       14546. bytes (REL,CON)

      Value  Global                              Global Defined In Module
      -----  --------------------------------   ------------------------
     0000B9B9  __print_format                     printf_large
     0000BFCE  _strlen                            _strlen

ASxxxx Linker V03.00 + NoICE + sdld,  page 15.

Files Linked                              [ module(s) ]

main.rel                                  [ main ]
driver/adc.rel                            [ adc ]
driver/oled.rel                           [ oled ]
driver/app.rel                            [ app ]
driver/beep.rel                           [ beep ]
driver/key.rel                            [ key ]
driver/modbus.rel                         [ modbus ]
driver/eeprom.rel                         [ eeprom ]
driver/stm8s_it.rel                       [ stm8s_it ]
driver/ds1302.rel                         [ ds1302 ]
driver/uart.rel                           [ uart ]
driver/relay.rel                          [ relay ]
driver/driver_common.rel                  [ driver_common ]
driver/dht12.rel                          [ dht12 ]
STM8S_StdPeriph_Lib/Libraries/STM8S_StdPeriph_Driver/src/stm8s_gpio.rel
                                          [ stm8s_gpio ]
STM8S_StdPeriph_Lib/Libraries/STM8S_StdPeriph_Driver/src/stm8s_itc.rel
                                          [ stm8s_itc ]
STM8S_StdPeriph_Lib/Libraries/STM8S_StdPeriph_Driver/src/stm8s_flash.rel
                                          [ stm8s_flash ]
STM8S_StdPeriph_Lib/Libraries/STM8S_StdPeriph_Driver/src/stm8s_exti.rel
                                          [ stm8s_exti ]
STM8S_StdPeriph_Lib/Libraries/STM8S_StdPeriph_Driver/src/stm8s_adc1.rel
                                          [ stm8s_adc1 ]
STM8S_StdPeriph_Lib/Libraries/STM8S_StdPeriph_Driver/src/stm8s_uart2.rel
                                          [ stm8s_uart2 ]
STM8S_StdPeriph_Lib/Libraries/STM8S_StdPeriph_Driver/src/stm8s_clk.rel
                                          [ stm8s_clk ]


Libraries Linked                          [ object file ]

C:\Program Files (x86)\SDCC\bin\..\lib\stm8/stm8.lib
                                          [ _modulong.rel ]
C:\Program Files (x86)\SDCC\bin\..\lib\stm8/stm8.lib
                                          [ sprintf.rel ]
C:\Program Files (x86)\SDCC\bin\..\lib\stm8/stm8.lib
                                          [ _divulong.rel ]
C:\Program Files (x86)\SDCC\bin\..\lib\stm8/stm8.lib
                                          [ _modsint.rel ]
C:\Program Files (x86)\SDCC\bin\..\lib\stm8/stm8.lib
                                          [ _mullong.rel ]
C:\Program Files (x86)\SDCC\bin\..\lib\stm8/stm8.lib
                                          [ _divsint.rel ]
C:\Program Files (x86)\SDCC\bin\..\lib\stm8/stm8.lib
                                          [ printf_large.rel ]
C:\Program Files (x86)\SDCC\bin\..\lib\stm8/stm8.lib
                                          [ _strlen.rel ]

ASxxxx Linker V03.00 + NoICE + sdld,  page 16.

User Base Address Definitions

HOME = 0x8000
DATA = 0x0001
SSEG = 0xffffffff

