ASxxxx Linker V03.00 + NoICE + sdld,  page 1.
Hexadecimal  [32-Bits]

Area                                    Addr        Size        Decimal Bytes (Attributes)
--------------------------------        ----        ----        ------- ----- ------------
.  .ABS.                            00000000    00000000 =           0. bytes (ABS,CON)

      Value  Global                              Global Defined In Module
      -----  --------------------------------   ------------------------
     FFFFFFFF  s_SSEG                          
     00000000  .__.ABS.                           _strlen
     00000000  l_CABS                          
     00000000  l_DABS                          
     00000000  l__CODE                         
     00000000  s_CABS                          
     00000000  s_DABS                          
     00000000  s__CODE                         
     00000001  l_SSEG                          
     00000001  s_DATA                          
     00000003  l_GSFINAL                       
     00000007  l_INITIALIZED                   
     00000007  l_INITIALIZER                   
     0000001A  l_GSINIT                        
     0000001D  l_DATA                          
     0000001E  s_INITIALIZED                   
     0000006F  l_HOME                          
     00000667  l_CONST                         
     00002A58  l_CODE                          
     00008000  s_HOME                          
     0000806F  s_GSINIT                        
     00008089  s_GSFINAL                       
     0000808C  s_CONST                         
     000086F3  s_INITIALIZER                   
     000086FA  s_CODE                          

ASxxxx Linker V03.00 + NoICE + sdld,  page 2.
Hexadecimal  [32-Bits]

Area                                    Addr        Size        Decimal Bytes (Attributes)
--------------------------------        ----        ----        ------- ----- ------------
DATA                                00000001    0000001D =          29. bytes (REL,CON)

      Value  Global                              Global Defined In Module
      -----  --------------------------------   ------------------------
     00000001  _ds_time                           driver_common
     00000008  _dh_data                           driver_common
     0000000E  _adc_data                          driver_common
     00000011  _modbus_buff                       modbus
     00000019  _asm_addr                          stm8s_flash
     0000001D  _asm_val                           stm8s_flash
ASxxxx Linker V03.00 + NoICE + sdld,  page 3.
Hexadecimal  [32-Bits]

Area                                    Addr        Size        Decimal Bytes (Attributes)
--------------------------------        ----        ----        ------- ----- ------------
INITIALIZED                         0000001E    00000007 =           7. bytes (REL,CON)

      Value  Global                              Global Defined In Module
      -----  --------------------------------   ------------------------
     0000001E  _last_uart_receive_time            stm8s_it
     0000001F  _modbus_status                     modbus
     00000020  _keycount                          key
ASxxxx Linker V03.00 + NoICE + sdld,  page 4.
Hexadecimal  [32-Bits]

Area                                    Addr        Size        Decimal Bytes (Attributes)
--------------------------------        ----        ----        ------- ----- ------------
SSEG                                FFFFFFFF    00000001 =           1. bytes (REL,CON)

      Value  Global                              Global Defined In Module
      -----  --------------------------------   ------------------------
ASxxxx Linker V03.00 + NoICE + sdld,  page 5.
Hexadecimal  [32-Bits]

Area                                    Addr        Size        Decimal Bytes (Attributes)
--------------------------------        ----        ----        ------- ----- ------------
HOME                                00008000    0000006F =         111. bytes (REL,CON)

      Value  Global                              Global Defined In Module
      -----  --------------------------------   ------------------------
ASxxxx Linker V03.00 + NoICE + sdld,  page 6.
Hexadecimal  [32-Bits]

Area                                    Addr        Size        Decimal Bytes (Attributes)
--------------------------------        ----        ----        ------- ----- ------------
GSINIT                              0000806F    0000001A =          26. bytes (REL,CON)

      Value  Global                              Global Defined In Module
      -----  --------------------------------   ------------------------
ASxxxx Linker V03.00 + NoICE + sdld,  page 7.
Hexadecimal  [32-Bits]

Area                                    Addr        Size        Decimal Bytes (Attributes)
--------------------------------        ----        ----        ------- ----- ------------
GSFINAL                             00008089    00000003 =           3. bytes (REL,CON)

      Value  Global                              Global Defined In Module
      -----  --------------------------------   ------------------------
ASxxxx Linker V03.00 + NoICE + sdld,  page 8.
Hexadecimal  [32-Bits]

Area                                    Addr        Size        Decimal Bytes (Attributes)
--------------------------------        ----        ----        ------- ----- ------------
CONST                               0000808C    00000667 =        1639. bytes (REL,CON)

      Value  Global                              Global Defined In Module
      -----  --------------------------------   ------------------------
     000080F4  _F8X16                             oled
     000086E4  _HSIDivFactor                      stm8s_clk

ASxxxx Linker V03.00 + NoICE + sdld,  page 9.
Hexadecimal  [32-Bits]

Area                                    Addr        Size        Decimal Bytes (Attributes)
--------------------------------        ----        ----        ------- ----- ------------
INITIALIZER                         000086F3    00000007 =           7. bytes (REL,CON)

      Value  Global                              Global Defined In Module
      -----  --------------------------------   ------------------------
ASxxxx Linker V03.00 + NoICE + sdld,  page 10.
Hexadecimal  [32-Bits]

Area                                    Addr        Size        Decimal Bytes (Attributes)
--------------------------------        ----        ----        ------- ----- ------------
CODE                                000086FA    00002A58 =       10840. bytes (REL,CON)

      Value  Global                              Global Defined In Module
      -----  --------------------------------   ------------------------
     000086FA  _Delay                             main
     00008704  _main                              main
     00008945  _i2c_init                          dht12
     00008960  _i2c_deinit                        dht12
     0000897B  _I2CDataInOut                      dht12
     0000899B  _I2C_Start                         dht12
     000089CE  _I2C_Stop                          dht12
     00008A01  _I2C_Rack                          dht12
     00008A34  _I2C_nAck                          dht12
     00008A67  _SendByte                          dht12
     00008B0C  _RcvByte                           dht12
     00008B70  _I2C_Read                          dht12
     00008BF0  _i2c_read                          dht12
     00008C0B  _ReadDHT12                         dht12
     00008C66  _driver_init                       driver_common
     00008C7A  _driver_loop                       driver_common
     00008CD4  _relay_read                        relay
     00008CE0  _relay_on                          relay
     00008CF9  _relay_off                         relay
     00008D12  _Init_UART2                        uart
     00008D56  _UART2_Send_Char                   uart
     00008D6A  _UART2_Send_STR                    uart
     00008D7B  _putchar                           uart
     00008D7D  _ds1302_port_deinit                ds1302
     00008DA5  _ds1302_port_init                  ds1302
     00008DE3  _read_IO                           ds1302
     00008DF1  _write_IO                          ds1302
     00008DFF  _ds1302_write_byte                 ds1302
     00008E41  _ds1302_read_byte                  ds1302
     00008E83  _ds1302_write                      ds1302
     00008EC1  _ds1302_read                       ds1302
     00008F02  _ds1302_read_time                  ds1302
     00008F72  _ds1302_write_time                 ds1302
     00009000  _ds1302_active                     ds1302
     0000903A  _TRAP_IRQHandler                   stm8s_it
     0000903B  _TLI_IRQHandler                    stm8s_it
     0000903C  _AWU_IRQHandler                    stm8s_it
     0000903D  _CLK_IRQHandler                    stm8s_it
     0000903E  _EXTI_PORTA_IRQHandler             stm8s_it
     0000903F  _EXTI_PORTB_IRQHandler             stm8s_it
     00009040  _EXTI_PORTC_IRQHandler             stm8s_it
     00009041  _EXTI_PORTD_IRQHandler             stm8s_it
     0000906D  _EXTI_PORTE_IRQHandler             stm8s_it
     0000906E  _SPI_IRQHandler                    stm8s_it
     0000906F  _TIM1_UPD_OVF_TRG_BRK_IRQHandler   stm8s_it
     00009070  _TIM1_CAP_COM_IRQHandler           stm8s_it
     00009071  _TIM2_UPD_OVF_BRK_IRQHandler       stm8s_it
     00009072  _TIM2_CAP_COM_IRQHandler           stm8s_it
     00009073  _TIM3_UPD_OVF_BRK_IRQHandler       stm8s_it
     00009074  _TIM3_CAP_COM_IRQHandler           stm8s_it
ASxxxx Linker V03.00 + NoICE + sdld,  page 11.
Hexadecimal  [32-Bits]

Area                                    Addr        Size        Decimal Bytes (Attributes)
--------------------------------        ----        ----        ------- ----- ------------
CODE                                000086FA    00002A58 =       10840. bytes (REL,CON)

      Value  Global                              Global Defined In Module
      -----  --------------------------------   ------------------------
     00009075  _I2C_IRQHandler                    stm8s_it
     00009076  _UART2_TX_IRQHandler               stm8s_it
     00009077  _UART2_RX_IRQHandler               stm8s_it
     000090ED  _ADC1_IRQHandler                   stm8s_it
     000090EE  _TIM4_UPD_OVF_IRQHandler           stm8s_it
     000090EF  _EEPROM_EEC_IRQHandler             stm8s_it
     000090F0  _eeprom_read                       eeprom
     00009109  _eeprom_write                      eeprom
     0000914C  _CRC16                             modbus
     000091A1  _modbus_send                       modbus
     000091C7  _modbus_process                    modbus
     000091CA  _key_init                          key
     0000921B  _key_read                          key
     00009233  _beep_init                         beep
     00009241  _beep_read                         beep
     0000924D  _beep_on                           beep
     00009266  _beep_off                          beep
     0000927F  _delay_ms                          oled
     0000929D  _OLED_WR_Byte                      oled
     0000931A  _OLED_Set_Pos                      oled
     00009357  _OLED_Display_On                   oled
     00009373  _OLED_Display_Off                  oled
     0000938F  _OLED_Clear                        oled
     000093CB  _OLED_ShowChar                     oled
     00009442  _oled_pow                          oled
     00009477  _OLED_ShowNum                      oled
     00009514  _OLED_ShowString                   oled
     00009547  _OLED_Init                         oled
     000096CD  _ReadADC                           adc
     0000971F  _ReadDin                           adc
     00009738  _GPIO_DeInit                       stm8s_gpio
     00009747  _GPIO_Init                         stm8s_gpio
     000097BC  _GPIO_Write                        stm8s_gpio
     000097C2  _GPIO_WriteHigh                    stm8s_gpio
     000097C9  _GPIO_WriteLow                     stm8s_gpio
     000097D7  _GPIO_WriteReverse                 stm8s_gpio
     000097DE  _GPIO_ReadOutputData               stm8s_gpio
     000097E2  _GPIO_ReadInputData                stm8s_gpio
     000097E7  _GPIO_ReadInputPin                 stm8s_gpio
     000097EE  _GPIO_ExternalPullUpConfig         stm8s_gpio
     0000980A  _write_byte_address                stm8s_flash
     00009821  _read_byte_address                 stm8s_flash
     00009837  _FLASH_Unlock                      stm8s_flash
     0000984F  _FLASH_Lock                        stm8s_flash
     00009858  _FLASH_DeInit                      stm8s_flash
     00009870  _FLASH_ITConfig                    stm8s_flash
     00009883  _FLASH_EraseByte                   stm8s_flash
     0000988E  _FLASH_ProgramByte                 stm8s_flash
     0000989A  _FLASH_ReadByte                    stm8s_flash
     000098A6  _FLASH_ProgramWord                 stm8s_flash
     000098F2  _FLASH_ProgramOptionByte           stm8s_flash
ASxxxx Linker V03.00 + NoICE + sdld,  page 12.
Hexadecimal  [32-Bits]

Area                                    Addr        Size        Decimal Bytes (Attributes)
--------------------------------        ----        ----        ------- ----- ------------
CODE                                000086FA    00002A58 =       10840. bytes (REL,CON)

      Value  Global                              Global Defined In Module
      -----  --------------------------------   ------------------------
     00009927  _FLASH_EraseOptionByte             stm8s_flash
     00009957  _FLASH_ReadOptionByte              stm8s_flash
     00009993  _FLASH_SetLowPowerMode             stm8s_flash
     000099A4  _FLASH_SetProgrammingTime          stm8s_flash
     000099B5  _FLASH_GetLowPowerMode             stm8s_flash
     000099BB  _FLASH_GetProgrammingTime          stm8s_flash
     000099C1  _FLASH_GetBootSize                 stm8s_flash
     000099E8  _FLASH_GetFlagStatus               stm8s_flash
     000099F4  _FLASH_WaitForLastOperation        stm8s_flash
     00009A24  _FLASH_EraseBlock                  stm8s_flash
     00009A5C  _FLASH_ProgramBlock                stm8s_flash
     00009AD4  _EXTI_DeInit                       stm8s_exti
     00009ADD  _EXTI_SetExtIntSensitivity         stm8s_exti
     00009B6F  _EXTI_SetTLISensitivity            stm8s_exti
     00009B80  _EXTI_GetExtIntSensitivity         stm8s_exti
     00009BC5  _EXTI_GetTLISensitivity            stm8s_exti
     00009BCB  _ADC1_DeInit                       stm8s_adc1
     00009BFC  _ADC1_Init                         stm8s_adc1
     00009C2C  _ADC1_Cmd                          stm8s_adc1
     00009C3F  _ADC1_ScanModeCmd                  stm8s_adc1
     00009C52  _ADC1_DataBufferCmd                stm8s_adc1
     00009C65  _ADC1_ITConfig                     stm8s_adc1
     00009C83  _ADC1_PrescalerConfig              stm8s_adc1
     00009C94  _ADC1_SchmittTriggerConfig         stm8s_adc1
     00009D12  _ADC1_ConversionConfig             stm8s_adc1
     00009D45  _ADC1_ExternalTriggerConfig        stm8s_adc1
     00009D69  _ADC1_StartConversion              stm8s_adc1
     00009D6E  _ADC1_GetConversionValue           stm8s_adc1
     00009DAE  _ADC1_AWDChannelConfig             stm8s_adc1
     00009E06  _ADC1_SetHighThreshold             stm8s_adc1
     00009E14  _ADC1_SetLowThreshold              stm8s_adc1
     00009E22  _ADC1_GetBufferValue               stm8s_adc1
     00009E6F  _ADC1_GetAWDChannelStatus          stm8s_adc1
     00009EA9  _ADC1_GetFlagStatus                stm8s_adc1
     00009F0E  _ADC1_ClearFlag                    stm8s_adc1
     00009F7E  _ADC1_GetITStatus                  stm8s_adc1
     00009FD1  _ADC1_ClearITPendingBit            stm8s_adc1
     0000A02F  _UART2_DeInit                      stm8s_uart2
     0000A056  _UART2_Init                        stm8s_uart2
     0000A1BB  _UART2_Cmd                         stm8s_uart2
     0000A1CE  _UART2_ITConfig                    stm8s_uart2
     0000A275  _UART2_IrDAConfig                  stm8s_uart2
     0000A288  _UART2_IrDACmd                     stm8s_uart2
     0000A29B  _UART2_LINBreakDetectionConfig     stm8s_uart2
     0000A2AE  _UART2_LINConfig                   stm8s_uart2
     0000A2E7  _UART2_LINCmd                      stm8s_uart2
     0000A2FA  _UART2_SmartCardCmd                stm8s_uart2
     0000A30D  _UART2_SmartCardNACKCmd            stm8s_uart2
     0000A320  _UART2_WakeUpConfig                stm8s_uart2
     0000A32D  _UART2_ReceiverWakeUpCmd           stm8s_uart2
     0000A340  _UART2_ReceiveData8                stm8s_uart2
ASxxxx Linker V03.00 + NoICE + sdld,  page 13.
Hexadecimal  [32-Bits]

Area                                    Addr        Size        Decimal Bytes (Attributes)
--------------------------------        ----        ----        ------- ----- ------------
CODE                                000086FA    00002A58 =       10840. bytes (REL,CON)

      Value  Global                              Global Defined In Module
      -----  --------------------------------   ------------------------
     0000A344  _UART2_ReceiveData9                stm8s_uart2
     0000A362  _UART2_SendData8                   stm8s_uart2
     0000A369  _UART2_SendData9                   stm8s_uart2
     0000A386  _UART2_SendBreak                   stm8s_uart2
     0000A38B  _UART2_SetAddress                  stm8s_uart2
     0000A39C  _UART2_SetGuardTime                stm8s_uart2
     0000A3A3  _UART2_SetPrescaler                stm8s_uart2
     0000A3AA  _UART2_GetFlagStatus               stm8s_uart2
     0000A403  _UART2_ClearFlag                   stm8s_uart2
     0000A431  _UART2_GetITStatus                 stm8s_uart2
     0000A4CD  _UART2_ClearITPendingBit           stm8s_uart2
     0000A4EA  _CLK_DeInit                        stm8s_clk
     0000A521  _CLK_FastHaltWakeUpCmd             stm8s_clk
     0000A534  _CLK_HSECmd                        stm8s_clk
     0000A547  _CLK_HSICmd                        stm8s_clk
     0000A55A  _CLK_LSICmd                        stm8s_clk
     0000A56D  _CLK_CCOCmd                        stm8s_clk
     0000A580  _CLK_ClockSwitchCmd                stm8s_clk
     0000A593  _CLK_SlowActiveHaltWakeUpCmd       stm8s_clk
     0000A5A6  _CLK_PeripheralClockConfig         stm8s_clk
     0000A5F0  _CLK_ClockSwitchConfig             stm8s_clk
     0000A69E  _CLK_HSIPrescalerConfig            stm8s_clk
     0000A6AF  _CLK_CCOConfig                     stm8s_clk
     0000A6C4  _CLK_ITConfig                      stm8s_clk
     0000A704  _CLK_SYSCLKConfig                  stm8s_clk
     0000A738  _CLK_SWIMConfig                    stm8s_clk
     0000A74B  _CLK_ClockSecuritySystemEnable     stm8s_clk
     0000A750  _CLK_GetSYSCLKSource               stm8s_clk
     0000A754  _CLK_GetClockFreq                  stm8s_clk
     0000A7A6  _CLK_AdjustHSICalibrationValue     stm8s_clk
     0000A7B1  _CLK_SYSCLKEmergencyClear          stm8s_clk
     0000A7B6  _CLK_GetFlagStatus                 stm8s_clk
     0000A7F8  _CLK_GetITStatus                   stm8s_clk
     0000A818  _CLK_ClearITPendingBit             stm8s_clk
     0000A828  __modulong                         
     0000A8AB  _vsprintf                          sprintf
     0000A8C6  _sprintf                           sprintf
     0000A8E6  __divulong                         
     0000A940  _puts                              puts
     0000A96F  _vprintf                           vprintf
     0000A981  _printf                            vprintf
     0000A997  __mullong                          
     0000AA13  __modsint                          
     0000AA29  __divsint                          
     0000AAE3  __print_format                     printf_large
     0000B143  _strlen                            _strlen
ASxxxx Linker V03.00 + NoICE + sdld,  page 14.

Files Linked                              [ module(s) ]

main.rel                                  [ main ]
driver/dht12.rel                          [ dht12 ]
driver/driver_common.rel                  [ driver_common ]
driver/relay.rel                          [ relay ]
driver/uart.rel                           [ uart ]
driver/ds1302.rel                         [ ds1302 ]
driver/stm8s_it.rel                       [ stm8s_it ]
driver/eeprom.rel                         [ eeprom ]
driver/modbus.rel                         [ modbus ]
driver/key.rel                            [ key ]
driver/beep.rel                           [ beep ]
driver/oled.rel                           [ oled ]
driver/adc.rel                            [ adc ]
STM8S_StdPeriph_Lib/Libraries/STM8S_StdPeriph_Driver/src/stm8s_gpio.rel
                                          [ stm8s_gpio ]
STM8S_StdPeriph_Lib/Libraries/STM8S_StdPeriph_Driver/src/stm8s_flash.rel
                                          [ stm8s_flash ]
STM8S_StdPeriph_Lib/Libraries/STM8S_StdPeriph_Driver/src/stm8s_exti.rel
                                          [ stm8s_exti ]
STM8S_StdPeriph_Lib/Libraries/STM8S_StdPeriph_Driver/src/stm8s_adc1.rel
                                          [ stm8s_adc1 ]
STM8S_StdPeriph_Lib/Libraries/STM8S_StdPeriph_Driver/src/stm8s_uart2.rel
                                          [ stm8s_uart2 ]
STM8S_StdPeriph_Lib/Libraries/STM8S_StdPeriph_Driver/src/stm8s_clk.rel
                                          [ stm8s_clk ]


Libraries Linked                          [ object file ]

/usr/local/bin/../share/sdcc/lib/stm8/stm8.lib
                                          [ _modulong.rel ]
/usr/local/bin/../share/sdcc/lib/stm8/stm8.lib
                                          [ sprintf.rel ]
/usr/local/bin/../share/sdcc/lib/stm8/stm8.lib
                                          [ _divulong.rel ]
/usr/local/bin/../share/sdcc/lib/stm8/stm8.lib
                                          [ puts.rel ]
/usr/local/bin/../share/sdcc/lib/stm8/stm8.lib
                                          [ vprintf.rel ]
/usr/local/bin/../share/sdcc/lib/stm8/stm8.lib
                                          [ _mullong.rel ]
/usr/local/bin/../share/sdcc/lib/stm8/stm8.lib
                                          [ _modsint.rel ]
/usr/local/bin/../share/sdcc/lib/stm8/stm8.lib
                                          [ _divsint.rel ]
/usr/local/bin/../share/sdcc/lib/stm8/stm8.lib
                                          [ printf_large.rel ]
/usr/local/bin/../share/sdcc/lib/stm8/stm8.lib
                                          [ _strlen.rel ]

ASxxxx Linker V03.00 + NoICE + sdld,  page 15.

User Base Address Definitions

HOME = 0x8000
DATA = 0x0001
SSEG = 0xffffffff

