ASxxxx Linker V03.00 + NoICE + sdld,  page 1.
Hexadecimal  [32-Bits]

Area                                    Addr        Size        Decimal Bytes (Attributes)
--------------------------------        ----        ----        ------- ----- ------------
.  .ABS.                            00000000    00000000 =           0. bytes (ABS,CON)

      Value  Global                              Global Defined In Module
      -----  --------------------------------   ------------------------
     FFFFFFFF  s_SSEG                          
     00000000  .__.ABS.                           _strlen
     00000000  l_CABS                          
     00000000  l_DABS                          
     00000000  l__CODE                         
     00000000  s_CABS                          
     00000000  s_DABS                          
     00000000  s__CODE                         
     00000001  l_SSEG                          
     00000001  s_DATA                          
     00000003  l_GSFINAL                       
     0000001A  l_GSINIT                        
     0000001F  l_INITIALIZED                   
     0000001F  l_INITIALIZER                   
     0000006F  l_HOME                          
     00000096  l_DATA                          
     00000097  s_INITIALIZED                   
     00000697  l_CONST                         
     000040CE  l_CODE                          
     00008000  s_HOME                          
     0000806F  s_GSINIT                        
     00008089  s_GSFINAL                       
     0000808C  s_CONST                         
     00008723  s_INITIALIZER                   
     00008742  s_CODE                          

ASxxxx Linker V03.00 + NoICE + sdld,  page 2.
Hexadecimal  [32-Bits]

Area                                    Addr        Size        Decimal Bytes (Attributes)
--------------------------------        ----        ----        ------- ----- ------------
DATA                                00000001    00000096 =         150. bytes (REL,CON)

      Value  Global                              Global Defined In Module
      -----  --------------------------------   ------------------------
     00000078  _modbus_buff                       modbus
     00000082  _ds_time                           driver_common
     00000089  _dh_data                           driver_common
     0000008E  _adc_data                          driver_common
     00000092  _asm_addr                          stm8s_flash
     00000096  _asm_val                           stm8s_flash
ASxxxx Linker V03.00 + NoICE + sdld,  page 3.
Hexadecimal  [32-Bits]

Area                                    Addr        Size        Decimal Bytes (Attributes)
--------------------------------        ----        ----        ------- ----- ------------
INITIALIZED                         00000097    0000001F =          31. bytes (REL,CON)

      Value  Global                              Global Defined In Module
      -----  --------------------------------   ------------------------
     00000097  _pos                               adc
     00000098  _modbus_timer                      time2
     0000009C  _dht12_timer                       time2
     000000A0  _ds_1302_timer                     time2
     000000A4  _adc_timer                         time2
     000000A8  _app_rule_timer                    time2
     000000AC  _extend_channel_timer              time2
     000000B0  _keycount                          key
     000000B5  _modbus_status                     modbus
ASxxxx Linker V03.00 + NoICE + sdld,  page 4.
Hexadecimal  [32-Bits]

Area                                    Addr        Size        Decimal Bytes (Attributes)
--------------------------------        ----        ----        ------- ----- ------------
SSEG                                FFFFFFFF    00000001 =           1. bytes (REL,CON)

      Value  Global                              Global Defined In Module
      -----  --------------------------------   ------------------------
ASxxxx Linker V03.00 + NoICE + sdld,  page 5.
Hexadecimal  [32-Bits]

Area                                    Addr        Size        Decimal Bytes (Attributes)
--------------------------------        ----        ----        ------- ----- ------------
HOME                                00008000    0000006F =         111. bytes (REL,CON)

      Value  Global                              Global Defined In Module
      -----  --------------------------------   ------------------------
ASxxxx Linker V03.00 + NoICE + sdld,  page 6.
Hexadecimal  [32-Bits]

Area                                    Addr        Size        Decimal Bytes (Attributes)
--------------------------------        ----        ----        ------- ----- ------------
GSINIT                              0000806F    0000001A =          26. bytes (REL,CON)

      Value  Global                              Global Defined In Module
      -----  --------------------------------   ------------------------
ASxxxx Linker V03.00 + NoICE + sdld,  page 7.
Hexadecimal  [32-Bits]

Area                                    Addr        Size        Decimal Bytes (Attributes)
--------------------------------        ----        ----        ------- ----- ------------
GSFINAL                             00008089    00000003 =           3. bytes (REL,CON)

      Value  Global                              Global Defined In Module
      -----  --------------------------------   ------------------------
ASxxxx Linker V03.00 + NoICE + sdld,  page 8.
Hexadecimal  [32-Bits]

Area                                    Addr        Size        Decimal Bytes (Attributes)
--------------------------------        ----        ----        ------- ----- ------------
CONST                               0000808C    00000697 =        1687. bytes (REL,CON)

      Value  Global                              Global Defined In Module
      -----  --------------------------------   ------------------------
     0000808C  _F8X16                             oled
     00008714  _HSIDivFactor                      stm8s_clk

ASxxxx Linker V03.00 + NoICE + sdld,  page 9.
Hexadecimal  [32-Bits]

Area                                    Addr        Size        Decimal Bytes (Attributes)
--------------------------------        ----        ----        ------- ----- ------------
INITIALIZER                         00008723    0000001F =          31. bytes (REL,CON)

      Value  Global                              Global Defined In Module
      -----  --------------------------------   ------------------------
ASxxxx Linker V03.00 + NoICE + sdld,  page 10.
Hexadecimal  [32-Bits]

Area                                    Addr        Size        Decimal Bytes (Attributes)
--------------------------------        ----        ----        ------- ----- ------------
CODE                                00008742    000040CE =       16590. bytes (REL,CON)

      Value  Global                              Global Defined In Module
      -----  --------------------------------   ------------------------
     00008742  _Delay                             main
     00008769  _main                              main
     00008778  _ReadADC                           adc
     000087D1  _ReadDin                           adc
     000087EA  _extend_board_init                 adc
     00008852  _extend_board_channel_change       adc
     000088F8  _Tim2_Init                         time2
     0000891B  _delay_ms                          oled
     00008937  _OLED_WR_Byte                      oled
     000089B4  _OLED_Set_Pos                      oled
     000089E2  _OLED_Display_On                   oled
     000089FB  _OLED_Display_Off                  oled
     00008A14  _OLED_Clear                        oled
     00008A4C  _OLED_ShowChar                     oled
     00008ABF  _oled_pow                          oled
     00008AF3  _OLED_ShowNum                      oled
     00008B90  _OLED_ShowString                   oled
     00008BC1  _OLED_Init                         oled
     00008D27  _Is_In_Area                        app
     00008DA0  _app_init                          app
     00008DD1  _app_loop                          app
     00009854  _beep_init                         beep
     00009862  _beep_read                         beep
     0000986E  _beep_on                           beep
     00009887  _beep_off                          beep
     000098A0  _key_init                          key
     000098F8  _key_read                          key
     00009910  _CRC16                             modbus
     00009965  _modbus_send                       modbus
     0000998C  _modbus_virtual_write              modbus
     00009A18  _modbus_virtual_read               modbus
     00009BBE  _modbus_process                    modbus
     00009D8D  _WitchDog_init                     iwdg
     00009DA3  _WitchDog_reset                    iwdg
     00009DA6  _eeprom_read                       eeprom
     00009DBA  _eeprom_write                      eeprom
     00009DF8  _TRAP_IRQHandler                   stm8s_it
     00009DF9  _TLI_IRQHandler                    stm8s_it
     00009DFA  _AWU_IRQHandler                    stm8s_it
     00009DFB  _CLK_IRQHandler                    stm8s_it
     00009DFC  _EXTI_PORTA_IRQHandler             stm8s_it
     00009DFD  _EXTI_PORTB_IRQHandler             stm8s_it
     00009DFE  _EXTI_PORTC_IRQHandler             stm8s_it
     00009DFF  _EXTI_PORTD_IRQHandler             stm8s_it
     00009E3B  _EXTI_PORTE_IRQHandler             stm8s_it
     00009E3C  _SPI_IRQHandler                    stm8s_it
     00009E3D  _TIM1_UPD_OVF_TRG_BRK_IRQHandler   stm8s_it
     00009E3E  _TIM1_CAP_COM_IRQHandler           stm8s_it
     00009E3F  _TIM2_UPD_OVF_BRK_IRQHandler       stm8s_it
     00009EC7  _TIM2_CAP_COM_IRQHandler           stm8s_it
ASxxxx Linker V03.00 + NoICE + sdld,  page 11.
Hexadecimal  [32-Bits]

Area                                    Addr        Size        Decimal Bytes (Attributes)
--------------------------------        ----        ----        ------- ----- ------------
CODE                                00008742    000040CE =       16590. bytes (REL,CON)

      Value  Global                              Global Defined In Module
      -----  --------------------------------   ------------------------
     00009EC8  _TIM3_UPD_OVF_BRK_IRQHandler       stm8s_it
     00009EC9  _TIM3_CAP_COM_IRQHandler           stm8s_it
     00009ECA  _I2C_IRQHandler                    stm8s_it
     00009ECB  _UART2_TX_IRQHandler               stm8s_it
     00009ECC  _UART2_RX_IRQHandler               stm8s_it
     00009F39  _ADC1_IRQHandler                   stm8s_it
     00009F3A  _TIM4_UPD_OVF_IRQHandler           stm8s_it
     00009F3B  _EEPROM_EEC_IRQHandler             stm8s_it
     00009F3C  _ds1302_port_init                  ds1302
     00009F7A  _read_IO                           ds1302
     00009F88  _write_IO                          ds1302
     00009F96  _ds1302_write_byte                 ds1302
     00009FD8  _ds1302_read_byte                  ds1302
     0000A014  _ds1302_write                      ds1302
     0000A052  _ds1302_read                       ds1302
     0000A093  _ds1302_read_time                  ds1302
     0000A0FE  _ds1302_write_time                 ds1302
     0000A17B  _ds1302_active                     ds1302
     0000A1AF  _Init_UART2                        uart
     0000A1FB  _UART2_Send_Char                   uart
     0000A20E  _UART2_Send_STR                    uart
     0000A21F  _putchar                           uart
     0000A221  _UART2_Init_Send                   uart
     0000A23A  _relay_read                        relay
     0000A246  _relay_on                          relay
     0000A25F  _relay_off                         relay
     0000A278  _driver_init                       driver_common
     0000A29A  _driver_loop                       driver_common
     0000A389  __delay_5us                        dht12
     0000A3A6  _i2c_init                          dht12
     0000A3C1  _i2c_deinit                        dht12
     0000A3DC  _I2CDataInOut                      dht12
     0000A3FC  _I2C_Start                         dht12
     0000A447  _I2C_Stop                          dht12
     0000A492  _I2C_Rack                          dht12
     0000A4DD  _I2C_nAck                          dht12
     0000A528  _SendByte                          dht12
     0000A5E1  _RcvByte                           dht12
     0000A66A  _I2C_Read                          dht12
     0000A6FC  _i2c_read                          dht12
     0000A717  _ReadDHT12                         dht12
     0000A76B  _GPIO_DeInit                       stm8s_gpio
     0000A77A  _GPIO_Init                         stm8s_gpio
     0000A7EF  _GPIO_Write                        stm8s_gpio
     0000A7F5  _GPIO_WriteHigh                    stm8s_gpio
     0000A7FC  _GPIO_WriteLow                     stm8s_gpio
     0000A80A  _GPIO_WriteReverse                 stm8s_gpio
     0000A811  _GPIO_ReadOutputData               stm8s_gpio
     0000A815  _GPIO_ReadInputData                stm8s_gpio
     0000A81A  _GPIO_ReadInputPin                 stm8s_gpio
     0000A821  _GPIO_ExternalPullUpConfig         stm8s_gpio
ASxxxx Linker V03.00 + NoICE + sdld,  page 12.
Hexadecimal  [32-Bits]

Area                                    Addr        Size        Decimal Bytes (Attributes)
--------------------------------        ----        ----        ------- ----- ------------
CODE                                00008742    000040CE =       16590. bytes (REL,CON)

      Value  Global                              Global Defined In Module
      -----  --------------------------------   ------------------------
     0000A83D  _TIM2_DeInit                       stm8s_tim2
     0000A896  _TIM2_TimeBaseInit                 stm8s_tim2
     0000A8AF  _TIM2_OC1Init                      stm8s_tim2
     0000A8E4  _TIM2_OC2Init                      stm8s_tim2
     0000A919  _TIM2_OC3Init                      stm8s_tim2
     0000A94E  _TIM2_ICInit                       stm8s_tim2
     0000A999  _TIM2_PWMIConfig                   stm8s_tim2
     0000AA12  _TIM2_Cmd                          stm8s_tim2
     0000AA25  _TIM2_ITConfig                     stm8s_tim2
     0000AA42  _TIM2_UpdateDisableConfig          stm8s_tim2
     0000AA55  _TIM2_UpdateRequestConfig          stm8s_tim2
     0000AA68  _TIM2_SelectOnePulseMode           stm8s_tim2
     0000AA7B  _TIM2_PrescalerConfig              stm8s_tim2
     0000AA88  _TIM2_ForcedOC1Config              stm8s_tim2
     0000AA93  _TIM2_ForcedOC2Config              stm8s_tim2
     0000AA9E  _TIM2_ForcedOC3Config              stm8s_tim2
     0000AAA9  _TIM2_ARRPreloadConfig             stm8s_tim2
     0000AABC  _TIM2_OC1PreloadConfig             stm8s_tim2
     0000AACF  _TIM2_OC2PreloadConfig             stm8s_tim2
     0000AAE2  _TIM2_OC3PreloadConfig             stm8s_tim2
     0000AAF5  _TIM2_GenerateEvent                stm8s_tim2
     0000AAFC  _TIM2_OC1PolarityConfig            stm8s_tim2
     0000AB0F  _TIM2_OC2PolarityConfig            stm8s_tim2
     0000AB22  _TIM2_OC3PolarityConfig            stm8s_tim2
     0000AB35  _TIM2_CCxCmd                       stm8s_tim2
     0000AB77  _TIM2_SelectOCxM                   stm8s_tim2
     0000ABAD  _TIM2_SetCounter                   stm8s_tim2
     0000ABC0  _TIM2_SetAutoreload                stm8s_tim2
     0000ABD3  _TIM2_SetCompare1                  stm8s_tim2
     0000ABE6  _TIM2_SetCompare2                  stm8s_tim2
     0000ABF9  _TIM2_SetCompare3                  stm8s_tim2
     0000AC0C  _TIM2_SetIC1Prescaler              stm8s_tim2
     0000AC17  _TIM2_SetIC2Prescaler              stm8s_tim2
     0000AC22  _TIM2_SetIC3Prescaler              stm8s_tim2
     0000AC2D  _TIM2_GetCapture1                  stm8s_tim2
     0000AC46  _TIM2_GetCapture2                  stm8s_tim2
     0000AC5F  _TIM2_GetCapture3                  stm8s_tim2
     0000AC78  _TIM2_GetCounter                   stm8s_tim2
     0000AC93  _TIM2_GetPrescaler                 stm8s_tim2
     0000AC97  _TIM2_GetFlagStatus                stm8s_tim2
     0000ACBA  _TIM2_ClearFlag                    stm8s_tim2
     0000ACC5  _TIM2_GetITStatus                  stm8s_tim2
     0000ACE0  _TIM2_ClearITPendingBit            stm8s_tim2
     0000AD7A  _IWDG_WriteAccessCmd               stm8s_iwdg
     0000AD81  _IWDG_SetPrescaler                 stm8s_iwdg
     0000AD88  _IWDG_SetReload                    stm8s_iwdg
     0000AD8F  _IWDG_ReloadCounter                stm8s_iwdg
     0000AD94  _IWDG_Enable                       stm8s_iwdg
     0000AD99  _ITC_GetCPUCC                      stm8s_itc
     0000ADA1  _ITC_DeInit                        stm8s_itc
     0000ADC2  _ITC_GetSoftIntStatus              stm8s_itc
ASxxxx Linker V03.00 + NoICE + sdld,  page 13.
Hexadecimal  [32-Bits]

Area                                    Addr        Size        Decimal Bytes (Attributes)
--------------------------------        ----        ----        ------- ----- ------------
CODE                                00008742    000040CE =       16590. bytes (REL,CON)

      Value  Global                              Global Defined In Module
      -----  --------------------------------   ------------------------
     0000ADC8  _ITC_GetSoftwarePriority           stm8s_itc
     0000AE70  _ITC_SetSoftwarePriority           stm8s_itc
     0000AF5A  _write_byte_address                stm8s_flash
     0000AF71  _read_byte_address                 stm8s_flash
     0000AF87  _FLASH_Unlock                      stm8s_flash
     0000AF9F  _FLASH_Lock                        stm8s_flash
     0000AFA8  _FLASH_DeInit                      stm8s_flash
     0000AFC0  _FLASH_ITConfig                    stm8s_flash
     0000AFD3  _FLASH_EraseByte                   stm8s_flash
     0000AFDE  _FLASH_ProgramByte                 stm8s_flash
     0000AFEA  _FLASH_ReadByte                    stm8s_flash
     0000AFF6  _FLASH_ProgramWord                 stm8s_flash
     0000B042  _FLASH_ProgramOptionByte           stm8s_flash
     0000B073  _FLASH_EraseOptionByte             stm8s_flash
     0000B09F  _FLASH_ReadOptionByte              stm8s_flash
     0000B0D7  _FLASH_SetLowPowerMode             stm8s_flash
     0000B0E8  _FLASH_SetProgrammingTime          stm8s_flash
     0000B0F9  _FLASH_GetLowPowerMode             stm8s_flash
     0000B0FF  _FLASH_GetProgrammingTime          stm8s_flash
     0000B105  _FLASH_GetBootSize                 stm8s_flash
     0000B12C  _FLASH_GetFlagStatus               stm8s_flash
     0000B138  _FLASH_WaitForLastOperation        stm8s_flash
     0000B168  _FLASH_EraseBlock                  stm8s_flash
     0000B1A7  _FLASH_ProgramBlock                stm8s_flash
     0000B21D  _EXTI_DeInit                       stm8s_exti
     0000B226  _EXTI_SetExtIntSensitivity         stm8s_exti
     0000B2B6  _EXTI_SetTLISensitivity            stm8s_exti
     0000B2C7  _EXTI_GetExtIntSensitivity         stm8s_exti
     0000B30C  _EXTI_GetTLISensitivity            stm8s_exti
     0000B312  _ADC1_DeInit                       stm8s_adc1
     0000B343  _ADC1_Init                         stm8s_adc1
     0000B371  _ADC1_Cmd                          stm8s_adc1
     0000B384  _ADC1_ScanModeCmd                  stm8s_adc1
     0000B397  _ADC1_DataBufferCmd                stm8s_adc1
     0000B3AA  _ADC1_ITConfig                     stm8s_adc1
     0000B3C8  _ADC1_PrescalerConfig              stm8s_adc1
     0000B3D9  _ADC1_SchmittTriggerConfig         stm8s_adc1
     0000B455  _ADC1_ConversionConfig             stm8s_adc1
     0000B488  _ADC1_ExternalTriggerConfig        stm8s_adc1
     0000B4AC  _ADC1_StartConversion              stm8s_adc1
     0000B4B1  _ADC1_GetConversionValue           stm8s_adc1
     0000B4F7  _ADC1_AWDChannelConfig             stm8s_adc1
     0000B54D  _ADC1_SetHighThreshold             stm8s_adc1
     0000B55B  _ADC1_SetLowThreshold              stm8s_adc1
     0000B569  _ADC1_GetBufferValue               stm8s_adc1
     0000B5B8  _ADC1_GetAWDChannelStatus          stm8s_adc1
     0000B5F1  _ADC1_GetFlagStatus                stm8s_adc1
     0000B656  _ADC1_ClearFlag                    stm8s_adc1
     0000B6CA  _ADC1_GetITStatus                  stm8s_adc1
     0000B71C  _ADC1_ClearITPendingBit            stm8s_adc1
     0000B778  _UART2_DeInit                      stm8s_uart2
ASxxxx Linker V03.00 + NoICE + sdld,  page 14.
Hexadecimal  [32-Bits]

Area                                    Addr        Size        Decimal Bytes (Attributes)
--------------------------------        ----        ----        ------- ----- ------------
CODE                                00008742    000040CE =       16590. bytes (REL,CON)

      Value  Global                              Global Defined In Module
      -----  --------------------------------   ------------------------
     0000B79F  _UART2_Init                        stm8s_uart2
     0000B908  _UART2_Cmd                         stm8s_uart2
     0000B91B  _UART2_ITConfig                    stm8s_uart2
     0000B9BD  _UART2_IrDAConfig                  stm8s_uart2
     0000B9D0  _UART2_IrDACmd                     stm8s_uart2
     0000B9E3  _UART2_LINBreakDetectionConfig     stm8s_uart2
     0000B9F6  _UART2_LINConfig                   stm8s_uart2
     0000BA2F  _UART2_LINCmd                      stm8s_uart2
     0000BA42  _UART2_SmartCardCmd                stm8s_uart2
     0000BA55  _UART2_SmartCardNACKCmd            stm8s_uart2
     0000BA68  _UART2_WakeUpConfig                stm8s_uart2
     0000BA75  _UART2_ReceiverWakeUpCmd           stm8s_uart2
     0000BA88  _UART2_ReceiveData8                stm8s_uart2
     0000BA8C  _UART2_ReceiveData9                stm8s_uart2
     0000BAA9  _UART2_SendData8                   stm8s_uart2
     0000BAB0  _UART2_SendData9                   stm8s_uart2
     0000BACD  _UART2_SendBreak                   stm8s_uart2
     0000BAD2  _UART2_SetAddress                  stm8s_uart2
     0000BAE3  _UART2_SetGuardTime                stm8s_uart2
     0000BAEA  _UART2_SetPrescaler                stm8s_uart2
     0000BAF1  _UART2_GetFlagStatus               stm8s_uart2
     0000BB4A  _UART2_ClearFlag                   stm8s_uart2
     0000BB78  _UART2_GetITStatus                 stm8s_uart2
     0000BC12  _UART2_ClearITPendingBit           stm8s_uart2
     0000BC2F  _CLK_DeInit                        stm8s_clk
     0000BC66  _CLK_FastHaltWakeUpCmd             stm8s_clk
     0000BC79  _CLK_HSECmd                        stm8s_clk
     0000BC8C  _CLK_HSICmd                        stm8s_clk
     0000BC9F  _CLK_LSICmd                        stm8s_clk
     0000BCB2  _CLK_CCOCmd                        stm8s_clk
     0000BCC5  _CLK_ClockSwitchCmd                stm8s_clk
     0000BCD8  _CLK_SlowActiveHaltWakeUpCmd       stm8s_clk
     0000BCEB  _CLK_PeripheralClockConfig         stm8s_clk
     0000BD33  _CLK_ClockSwitchConfig             stm8s_clk
     0000BDE1  _CLK_HSIPrescalerConfig            stm8s_clk
     0000BDF2  _CLK_CCOConfig                     stm8s_clk
     0000BE07  _CLK_ITConfig                      stm8s_clk
     0000BE47  _CLK_SYSCLKConfig                  stm8s_clk
     0000BE79  _CLK_SWIMConfig                    stm8s_clk
     0000BE8C  _CLK_ClockSecuritySystemEnable     stm8s_clk
     0000BE91  _CLK_GetSYSCLKSource               stm8s_clk
     0000BE95  _CLK_GetClockFreq                  stm8s_clk
     0000BEE5  _CLK_AdjustHSICalibrationValue     stm8s_clk
     0000BEF0  _CLK_SYSCLKEmergencyClear          stm8s_clk
     0000BEF5  _CLK_GetFlagStatus                 stm8s_clk
     0000BF37  _CLK_GetITStatus                   stm8s_clk
     0000BF57  _CLK_ClearITPendingBit             stm8s_clk
     0000BF67  __mulint                           
     0000BF80  __modulong                         
     0000C003  _vsprintf                          sprintf
     0000C01E  _sprintf                           sprintf
ASxxxx Linker V03.00 + NoICE + sdld,  page 15.
Hexadecimal  [32-Bits]

Area                                    Addr        Size        Decimal Bytes (Attributes)
--------------------------------        ----        ----        ------- ----- ------------
CODE                                00008742    000040CE =       16590. bytes (REL,CON)

      Value  Global                              Global Defined In Module
      -----  --------------------------------   ------------------------
     0000C03E  __divulong                         
     0000C098  __modsint                          
     0000C0AE  __mullong                          
     0000C12A  __divsint                          
     0000C1EC  __print_format                     printf_large
     0000C801  _strlen                            _strlen

ASxxxx Linker V03.00 + NoICE + sdld,  page 16.

Files Linked                              [ module(s) ]

main.rel                                  [ main ]
driver/adc.rel                            [ adc ]
driver/time2.rel                          [ time2 ]
driver/oled.rel                           [ oled ]
driver/app.rel                            [ app ]
driver/beep.rel                           [ beep ]
driver/key.rel                            [ key ]
driver/modbus.rel                         [ modbus ]
driver/iwdg.rel                           [ iwdg ]
driver/eeprom.rel                         [ eeprom ]
driver/stm8s_it.rel                       [ stm8s_it ]
driver/ds1302.rel                         [ ds1302 ]
driver/uart.rel                           [ uart ]
driver/relay.rel                          [ relay ]
driver/driver_common.rel                  [ driver_common ]
driver/dht12.rel                          [ dht12 ]
STM8S_StdPeriph_Lib/Libraries/STM8S_StdPeriph_Driver/src/stm8s_gpio.rel
                                          [ stm8s_gpio ]
STM8S_StdPeriph_Lib/Libraries/STM8S_StdPeriph_Driver/src/stm8s_tim2.rel
                                          [ stm8s_tim2 ]
STM8S_StdPeriph_Lib/Libraries/STM8S_StdPeriph_Driver/src/stm8s_iwdg.rel
                                          [ stm8s_iwdg ]
STM8S_StdPeriph_Lib/Libraries/STM8S_StdPeriph_Driver/src/stm8s_itc.rel
                                          [ stm8s_itc ]
STM8S_StdPeriph_Lib/Libraries/STM8S_StdPeriph_Driver/src/stm8s_flash.rel
                                          [ stm8s_flash ]
STM8S_StdPeriph_Lib/Libraries/STM8S_StdPeriph_Driver/src/stm8s_exti.rel
                                          [ stm8s_exti ]
STM8S_StdPeriph_Lib/Libraries/STM8S_StdPeriph_Driver/src/stm8s_adc1.rel
                                          [ stm8s_adc1 ]
STM8S_StdPeriph_Lib/Libraries/STM8S_StdPeriph_Driver/src/stm8s_uart2.rel
                                          [ stm8s_uart2 ]
STM8S_StdPeriph_Lib/Libraries/STM8S_StdPeriph_Driver/src/stm8s_clk.rel
                                          [ stm8s_clk ]


Libraries Linked                          [ object file ]

C:\Program Files (x86)\SDCC\bin\..\lib\stm8/stm8.lib
                                          [ _mulint.rel ]
C:\Program Files (x86)\SDCC\bin\..\lib\stm8/stm8.lib
                                          [ _modulong.rel ]
C:\Program Files (x86)\SDCC\bin\..\lib\stm8/stm8.lib
                                          [ sprintf.rel ]
C:\Program Files (x86)\SDCC\bin\..\lib\stm8/stm8.lib
                                          [ _divulong.rel ]
C:\Program Files (x86)\SDCC\bin\..\lib\stm8/stm8.lib
                                          [ _modsint.rel ]
C:\Program Files (x86)\SDCC\bin\..\lib\stm8/stm8.lib
                                          [ _mullong.rel ]
C:\Program Files (x86)\SDCC\bin\..\lib\stm8/stm8.lib
                                          [ _divsint.rel ]
C:\Program Files (x86)\SDCC\bin\..\lib\stm8/stm8.lib
                                          [ printf_large.rel ]
C:\Program Files (x86)\SDCC\bin\..\lib\stm8/stm8.lib
                                          [ _strlen.rel ]

ASxxxx Linker V03.00 + NoICE + sdld,  page 17.

User Base Address Definitions

HOME = 0x8000
DATA = 0x0001
SSEG = 0xffffffff

