ASxxxx Linker V03.00 + NoICE + sdld,  page 1.
Hexadecimal  [32-Bits]

Area                                    Addr        Size        Decimal Bytes (Attributes)
--------------------------------        ----        ----        ------- ----- ------------
.  .ABS.                            00000000    00000000 =           0. bytes (ABS,CON)

      Value  Global                              Global Defined In Module
      -----  --------------------------------   ------------------------
     FFFFFFFF  s_SSEG                          
     00000000  .__.ABS.                           _strlen
     00000000  l_CABS                          
     00000000  l_DABS                          
     00000000  l__CODE                         
     00000000  s_CABS                          
     00000000  s_DABS                          
     00000000  s__CODE                         
     00000001  l_SSEG                          
     00000001  s_DATA                          
     00000003  l_GSFINAL                       
     00000005  l_INITIALIZED                   
     00000005  l_INITIALIZER                   
     00000006  l_DATA                          
     00000007  s_INITIALIZED                   
     0000001E  l_GSINIT                        
     0000006F  l_HOME                          
     00000667  l_CONST                         
     00002935  l_CODE                          
     00008000  s_HOME                          
     0000806F  s_GSINIT                        
     0000808D  s_GSFINAL                       
     00008090  s_CONST                         
     000086F7  s_INITIALIZER                   
     000086FC  s_CODE                          

ASxxxx Linker V03.00 + NoICE + sdld,  page 2.
Hexadecimal  [32-Bits]

Area                                    Addr        Size        Decimal Bytes (Attributes)
--------------------------------        ----        ----        ------- ----- ------------
DATA                                00000001    00000006 =           6. bytes (REL,CON)

      Value  Global                              Global Defined In Module
      -----  --------------------------------   ------------------------
     00000002  _asm_addr                          stm8s_flash
     00000006  _asm_val                           stm8s_flash

ASxxxx Linker V03.00 + NoICE + sdld,  page 3.
Hexadecimal  [32-Bits]

Area                                    Addr        Size        Decimal Bytes (Attributes)
--------------------------------        ----        ----        ------- ----- ------------
INITIALIZED                         00000007    00000005 =           5. bytes (REL,CON)

      Value  Global                              Global Defined In Module
      -----  --------------------------------   ------------------------
     00000007  _keycount                          key

ASxxxx Linker V03.00 + NoICE + sdld,  page 4.
Hexadecimal  [32-Bits]

Area                                    Addr        Size        Decimal Bytes (Attributes)
--------------------------------        ----        ----        ------- ----- ------------
SSEG                                FFFFFFFF    00000001 =           1. bytes (REL,CON)

      Value  Global                              Global Defined In Module
      -----  --------------------------------   ------------------------
ASxxxx Linker V03.00 + NoICE + sdld,  page 5.
Hexadecimal  [32-Bits]

Area                                    Addr        Size        Decimal Bytes (Attributes)
--------------------------------        ----        ----        ------- ----- ------------
HOME                                00008000    0000006F =         111. bytes (REL,CON)

      Value  Global                              Global Defined In Module
      -----  --------------------------------   ------------------------
ASxxxx Linker V03.00 + NoICE + sdld,  page 6.
Hexadecimal  [32-Bits]

Area                                    Addr        Size        Decimal Bytes (Attributes)
--------------------------------        ----        ----        ------- ----- ------------
GSINIT                              0000806F    0000001E =          30. bytes (REL,CON)

      Value  Global                              Global Defined In Module
      -----  --------------------------------   ------------------------
ASxxxx Linker V03.00 + NoICE + sdld,  page 7.
Hexadecimal  [32-Bits]

Area                                    Addr        Size        Decimal Bytes (Attributes)
--------------------------------        ----        ----        ------- ----- ------------
GSFINAL                             0000808D    00000003 =           3. bytes (REL,CON)

      Value  Global                              Global Defined In Module
      -----  --------------------------------   ------------------------
ASxxxx Linker V03.00 + NoICE + sdld,  page 8.
Hexadecimal  [32-Bits]

Area                                    Addr        Size        Decimal Bytes (Attributes)
--------------------------------        ----        ----        ------- ----- ------------
CONST                               00008090    00000667 =        1639. bytes (REL,CON)

      Value  Global                              Global Defined In Module
      -----  --------------------------------   ------------------------
     000080F8  _F8X16                             oled
     000086E8  _HSIDivFactor                      stm8s_clk

ASxxxx Linker V03.00 + NoICE + sdld,  page 9.
Hexadecimal  [32-Bits]

Area                                    Addr        Size        Decimal Bytes (Attributes)
--------------------------------        ----        ----        ------- ----- ------------
INITIALIZER                         000086F7    00000005 =           5. bytes (REL,CON)

      Value  Global                              Global Defined In Module
      -----  --------------------------------   ------------------------
ASxxxx Linker V03.00 + NoICE + sdld,  page 10.
Hexadecimal  [32-Bits]

Area                                    Addr        Size        Decimal Bytes (Attributes)
--------------------------------        ----        ----        ------- ----- ------------
CODE                                000086FC    00002935 =       10549. bytes (REL,CON)

      Value  Global                              Global Defined In Module
      -----  --------------------------------   ------------------------
     000086FC  _Delay                             main
     00008706  _main                              main
     000089BD  _i2c_init                          dht12
     000089D8  _i2c_deinit                        dht12
     000089F3  _I2CDataInOut                      dht12
     00008A13  _I2C_Start                         dht12
     00008A46  _I2C_Stop                          dht12
     00008A79  _I2C_Rack                          dht12
     00008AAC  _I2C_nAck                          dht12
     00008ADF  _SendByte                          dht12
     00008B84  _RcvByte                           dht12
     00008BE8  _I2C_Read                          dht12
     00008C68  _i2c_read                          dht12
     00008C83  _ReadDHT12                         dht12
     00008CDE  _ds1302_port_deinit                ds1302
     00008D06  _ds1302_port_init                  ds1302
     00008D44  _read_IO                           ds1302
     00008D52  _write_IO                          ds1302
     00008D60  _ds1302_write_byte                 ds1302
     00008DA2  _ds1302_read_byte                  ds1302
     00008DE4  _ds1302_write                      ds1302
     00008E22  _ds1302_read                       ds1302
     00008E63  _ds1302_read_time                  ds1302
     00008ED3  _ds1302_write_time                 ds1302
     00008F61  _ds1302_active                     ds1302
     00008F9B  _Init_UART2                        uart
     00008FE1  _UART2_Send_Char                   uart
     00008FF5  _UART2_Send_STR                    uart
     00009006  _putchar                           uart
     0000901B  _TRAP_IRQHandler                   stm8s_it
     0000901C  _TLI_IRQHandler                    stm8s_it
     0000901D  _AWU_IRQHandler                    stm8s_it
     0000901E  _CLK_IRQHandler                    stm8s_it
     0000901F  _EXTI_PORTA_IRQHandler             stm8s_it
     00009020  _EXTI_PORTB_IRQHandler             stm8s_it
     00009021  _EXTI_PORTC_IRQHandler             stm8s_it
     00009022  _EXTI_PORTD_IRQHandler             stm8s_it
     0000904F  _EXTI_PORTE_IRQHandler             stm8s_it
     00009050  _SPI_IRQHandler                    stm8s_it
     00009051  _TIM1_UPD_OVF_TRG_BRK_IRQHandler   stm8s_it
     00009052  _TIM1_CAP_COM_IRQHandler           stm8s_it
     00009053  _TIM2_UPD_OVF_BRK_IRQHandler       stm8s_it
     00009054  _TIM2_CAP_COM_IRQHandler           stm8s_it
     00009055  _TIM3_UPD_OVF_BRK_IRQHandler       stm8s_it
     00009056  _TIM3_CAP_COM_IRQHandler           stm8s_it
     00009057  _I2C_IRQHandler                    stm8s_it
     00009058  _UART2_TX_IRQHandler               stm8s_it
     00009059  _UART2_RX_IRQHandler               stm8s_it
     000090AF  _ADC1_IRQHandler                   stm8s_it
     000090B0  _TIM4_UPD_OVF_IRQHandler           stm8s_it
ASxxxx Linker V03.00 + NoICE + sdld,  page 11.
Hexadecimal  [32-Bits]

Area                                    Addr        Size        Decimal Bytes (Attributes)
--------------------------------        ----        ----        ------- ----- ------------
CODE                                000086FC    00002935 =       10549. bytes (REL,CON)

      Value  Global                              Global Defined In Module
      -----  --------------------------------   ------------------------
     000090B1  _EEPROM_EEC_IRQHandler             stm8s_it
     000090B2  _key_init                          key
     00009103  _key_read                          key
     0000911B  _delay_ms                          oled
     00009139  _OLED_WR_Byte                      oled
     000091B6  _OLED_Set_Pos                      oled
     000091F3  _OLED_Display_On                   oled
     0000920F  _OLED_Display_Off                  oled
     0000922B  _OLED_Clear                        oled
     00009267  _OLED_ShowChar                     oled
     000092DE  _oled_pow                          oled
     00009313  _OLED_ShowNum                      oled
     000093B0  _OLED_ShowString                   oled
     000093E3  _OLED_Init                         oled
     00009569  _eeprom_read                       eeprom
     00009582  _eeprom_write                      eeprom
     000095C5  _ReadADC                           adc
     00009617  _GPIO_DeInit                       stm8s_gpio
     00009626  _GPIO_Init                         stm8s_gpio
     0000969B  _GPIO_Write                        stm8s_gpio
     000096A1  _GPIO_WriteHigh                    stm8s_gpio
     000096A8  _GPIO_WriteLow                     stm8s_gpio
     000096B6  _GPIO_WriteReverse                 stm8s_gpio
     000096BD  _GPIO_ReadOutputData               stm8s_gpio
     000096C1  _GPIO_ReadInputData                stm8s_gpio
     000096C6  _GPIO_ReadInputPin                 stm8s_gpio
     000096CD  _GPIO_ExternalPullUpConfig         stm8s_gpio
     000096E9  _write_byte_address                stm8s_flash
     00009700  _read_byte_address                 stm8s_flash
     00009716  _FLASH_Unlock                      stm8s_flash
     0000972E  _FLASH_Lock                        stm8s_flash
     00009737  _FLASH_DeInit                      stm8s_flash
     0000974F  _FLASH_ITConfig                    stm8s_flash
     00009762  _FLASH_EraseByte                   stm8s_flash
     0000976D  _FLASH_ProgramByte                 stm8s_flash
     00009779  _FLASH_ReadByte                    stm8s_flash
     00009785  _FLASH_ProgramWord                 stm8s_flash
     000097D1  _FLASH_ProgramOptionByte           stm8s_flash
     00009806  _FLASH_EraseOptionByte             stm8s_flash
     00009836  _FLASH_ReadOptionByte              stm8s_flash
     00009872  _FLASH_SetLowPowerMode             stm8s_flash
     00009883  _FLASH_SetProgrammingTime          stm8s_flash
     00009894  _FLASH_GetLowPowerMode             stm8s_flash
     0000989A  _FLASH_GetProgrammingTime          stm8s_flash
     000098A0  _FLASH_GetBootSize                 stm8s_flash
     000098C7  _FLASH_GetFlagStatus               stm8s_flash
     000098D3  _FLASH_WaitForLastOperation        stm8s_flash
     00009903  _FLASH_EraseBlock                  stm8s_flash
     0000993B  _FLASH_ProgramBlock                stm8s_flash
     000099B3  _EXTI_DeInit                       stm8s_exti
     000099BC  _EXTI_SetExtIntSensitivity         stm8s_exti
ASxxxx Linker V03.00 + NoICE + sdld,  page 12.
Hexadecimal  [32-Bits]

Area                                    Addr        Size        Decimal Bytes (Attributes)
--------------------------------        ----        ----        ------- ----- ------------
CODE                                000086FC    00002935 =       10549. bytes (REL,CON)

      Value  Global                              Global Defined In Module
      -----  --------------------------------   ------------------------
     00009A4E  _EXTI_SetTLISensitivity            stm8s_exti
     00009A5F  _EXTI_GetExtIntSensitivity         stm8s_exti
     00009AA4  _EXTI_GetTLISensitivity            stm8s_exti
     00009AAA  _ADC1_DeInit                       stm8s_adc1
     00009ADB  _ADC1_Init                         stm8s_adc1
     00009B0B  _ADC1_Cmd                          stm8s_adc1
     00009B1E  _ADC1_ScanModeCmd                  stm8s_adc1
     00009B31  _ADC1_DataBufferCmd                stm8s_adc1
     00009B44  _ADC1_ITConfig                     stm8s_adc1
     00009B62  _ADC1_PrescalerConfig              stm8s_adc1
     00009B73  _ADC1_SchmittTriggerConfig         stm8s_adc1
     00009BF1  _ADC1_ConversionConfig             stm8s_adc1
     00009C24  _ADC1_ExternalTriggerConfig        stm8s_adc1
     00009C48  _ADC1_StartConversion              stm8s_adc1
     00009C4D  _ADC1_GetConversionValue           stm8s_adc1
     00009C8D  _ADC1_AWDChannelConfig             stm8s_adc1
     00009CE5  _ADC1_SetHighThreshold             stm8s_adc1
     00009CF3  _ADC1_SetLowThreshold              stm8s_adc1
     00009D01  _ADC1_GetBufferValue               stm8s_adc1
     00009D4E  _ADC1_GetAWDChannelStatus          stm8s_adc1
     00009D88  _ADC1_GetFlagStatus                stm8s_adc1
     00009DED  _ADC1_ClearFlag                    stm8s_adc1
     00009E5D  _ADC1_GetITStatus                  stm8s_adc1
     00009EB0  _ADC1_ClearITPendingBit            stm8s_adc1
     00009F0E  _UART2_DeInit                      stm8s_uart2
     00009F35  _UART2_Init                        stm8s_uart2
     0000A09A  _UART2_Cmd                         stm8s_uart2
     0000A0AD  _UART2_ITConfig                    stm8s_uart2
     0000A154  _UART2_IrDAConfig                  stm8s_uart2
     0000A167  _UART2_IrDACmd                     stm8s_uart2
     0000A17A  _UART2_LINBreakDetectionConfig     stm8s_uart2
     0000A18D  _UART2_LINConfig                   stm8s_uart2
     0000A1C6  _UART2_LINCmd                      stm8s_uart2
     0000A1D9  _UART2_SmartCardCmd                stm8s_uart2
     0000A1EC  _UART2_SmartCardNACKCmd            stm8s_uart2
     0000A1FF  _UART2_WakeUpConfig                stm8s_uart2
     0000A20C  _UART2_ReceiverWakeUpCmd           stm8s_uart2
     0000A21F  _UART2_ReceiveData8                stm8s_uart2
     0000A223  _UART2_ReceiveData9                stm8s_uart2
     0000A241  _UART2_SendData8                   stm8s_uart2
     0000A248  _UART2_SendData9                   stm8s_uart2
     0000A265  _UART2_SendBreak                   stm8s_uart2
     0000A26A  _UART2_SetAddress                  stm8s_uart2
     0000A27B  _UART2_SetGuardTime                stm8s_uart2
     0000A282  _UART2_SetPrescaler                stm8s_uart2
     0000A289  _UART2_GetFlagStatus               stm8s_uart2
     0000A2E2  _UART2_ClearFlag                   stm8s_uart2
     0000A310  _UART2_GetITStatus                 stm8s_uart2
     0000A3AC  _UART2_ClearITPendingBit           stm8s_uart2
     0000A3C9  _CLK_DeInit                        stm8s_clk
     0000A400  _CLK_FastHaltWakeUpCmd             stm8s_clk
ASxxxx Linker V03.00 + NoICE + sdld,  page 13.
Hexadecimal  [32-Bits]

Area                                    Addr        Size        Decimal Bytes (Attributes)
--------------------------------        ----        ----        ------- ----- ------------
CODE                                000086FC    00002935 =       10549. bytes (REL,CON)

      Value  Global                              Global Defined In Module
      -----  --------------------------------   ------------------------
     0000A413  _CLK_HSECmd                        stm8s_clk
     0000A426  _CLK_HSICmd                        stm8s_clk
     0000A439  _CLK_LSICmd                        stm8s_clk
     0000A44C  _CLK_CCOCmd                        stm8s_clk
     0000A45F  _CLK_ClockSwitchCmd                stm8s_clk
     0000A472  _CLK_SlowActiveHaltWakeUpCmd       stm8s_clk
     0000A485  _CLK_PeripheralClockConfig         stm8s_clk
     0000A4CF  _CLK_ClockSwitchConfig             stm8s_clk
     0000A57D  _CLK_HSIPrescalerConfig            stm8s_clk
     0000A58E  _CLK_CCOConfig                     stm8s_clk
     0000A5A3  _CLK_ITConfig                      stm8s_clk
     0000A5E3  _CLK_SYSCLKConfig                  stm8s_clk
     0000A617  _CLK_SWIMConfig                    stm8s_clk
     0000A62A  _CLK_ClockSecuritySystemEnable     stm8s_clk
     0000A62F  _CLK_GetSYSCLKSource               stm8s_clk
     0000A633  _CLK_GetClockFreq                  stm8s_clk
     0000A685  _CLK_AdjustHSICalibrationValue     stm8s_clk
     0000A690  _CLK_SYSCLKEmergencyClear          stm8s_clk
     0000A695  _CLK_GetFlagStatus                 stm8s_clk
     0000A6D7  _CLK_GetITStatus                   stm8s_clk
     0000A6F7  _CLK_ClearITPendingBit             stm8s_clk
     0000A707  __modulong                         
     0000A78A  _vsprintf                          sprintf
     0000A7A5  _sprintf                           sprintf
     0000A7C5  __divulong                         
     0000A81F  _puts                              puts
     0000A84E  _vprintf                           vprintf
     0000A860  _printf                            vprintf
     0000A876  __mullong                          
     0000A8F2  __modsint                          
     0000A908  __divsint                          
     0000A9C2  __print_format                     printf_large
     0000B022  _strlen                            _strlen

ASxxxx Linker V03.00 + NoICE + sdld,  page 14.

Files Linked                              [ module(s) ]

main.rel                                  [ main ]
driver/dht12.rel                          [ dht12 ]
driver/ds1302.rel                         [ ds1302 ]
driver/uart.rel                           [ uart ]
driver/stm8s_it.rel                       [ stm8s_it ]
driver/key.rel                            [ key ]
driver/oled.rel                           [ oled ]
driver/eeprom.rel                         [ eeprom ]
driver/adc.rel                            [ adc ]
STM8S_StdPeriph_Lib/Libraries/STM8S_StdPeriph_Driver/src/stm8s_gpio.rel
                                          [ stm8s_gpio ]
STM8S_StdPeriph_Lib/Libraries/STM8S_StdPeriph_Driver/src/stm8s_flash.rel
                                          [ stm8s_flash ]
STM8S_StdPeriph_Lib/Libraries/STM8S_StdPeriph_Driver/src/stm8s_exti.rel
                                          [ stm8s_exti ]
STM8S_StdPeriph_Lib/Libraries/STM8S_StdPeriph_Driver/src/stm8s_adc1.rel
                                          [ stm8s_adc1 ]
STM8S_StdPeriph_Lib/Libraries/STM8S_StdPeriph_Driver/src/stm8s_uart2.rel
                                          [ stm8s_uart2 ]
STM8S_StdPeriph_Lib/Libraries/STM8S_StdPeriph_Driver/src/stm8s_clk.rel
                                          [ stm8s_clk ]


Libraries Linked                          [ object file ]

/usr/local/bin/../share/sdcc/lib/stm8/stm8.lib
                                          [ _modulong.rel ]
/usr/local/bin/../share/sdcc/lib/stm8/stm8.lib
                                          [ sprintf.rel ]
/usr/local/bin/../share/sdcc/lib/stm8/stm8.lib
                                          [ _divulong.rel ]
/usr/local/bin/../share/sdcc/lib/stm8/stm8.lib
                                          [ puts.rel ]
/usr/local/bin/../share/sdcc/lib/stm8/stm8.lib
                                          [ vprintf.rel ]
/usr/local/bin/../share/sdcc/lib/stm8/stm8.lib
                                          [ _mullong.rel ]
/usr/local/bin/../share/sdcc/lib/stm8/stm8.lib
                                          [ _modsint.rel ]
/usr/local/bin/../share/sdcc/lib/stm8/stm8.lib
                                          [ _divsint.rel ]
/usr/local/bin/../share/sdcc/lib/stm8/stm8.lib
                                          [ printf_large.rel ]
/usr/local/bin/../share/sdcc/lib/stm8/stm8.lib
                                          [ _strlen.rel ]

ASxxxx Linker V03.00 + NoICE + sdld,  page 15.

User Base Address Definitions

HOME = 0x8000
DATA = 0x0001
SSEG = 0xffffffff

