ASxxxx Linker V03.00 + NoICE + sdld,  page 1.
Hexadecimal  [32-Bits]

Area                                    Addr        Size        Decimal Bytes (Attributes)
--------------------------------        ----        ----        ------- ----- ------------
.  .ABS.                            00000000    00000000 =           0. bytes (ABS,CON)

      Value  Global                              Global Defined In Module
      -----  --------------------------------   ------------------------
     FFFFFFFF  s_SSEG                          
     00000000  .__.ABS.                           _strlen
     00000000  l_CABS                          
     00000000  l_DABS                          
     00000000  l__CODE                         
     00000000  s_CABS                          
     00000000  s_DABS                          
     00000000  s__CODE                         
     00000001  l_SSEG                          
     00000001  s_DATA                          
     00000003  l_GSFINAL                       
     00000007  l_INITIALIZED                   
     00000007  l_INITIALIZER                   
     0000001A  l_GSINIT                        
     0000006F  l_HOME                          
     00000088  l_DATA                          
     00000089  s_INITIALIZED                   
     00000655  l_CONST                         
     00003C19  l_CODE                          
     00008000  s_HOME                          
     0000806F  s_GSINIT                        
     00008089  s_GSFINAL                       
     0000808C  s_CONST                         
     000086E1  s_INITIALIZER                   
     000086E8  s_CODE                          

ASxxxx Linker V03.00 + NoICE + sdld,  page 2.
Hexadecimal  [32-Bits]

Area                                    Addr        Size        Decimal Bytes (Attributes)
--------------------------------        ----        ----        ------- ----- ------------
DATA                                00000001    00000088 =         136. bytes (REL,CON)

      Value  Global                              Global Defined In Module
      -----  --------------------------------   ------------------------
     00000001  _ds_time                           driver_common
     00000008  _dh_data                           driver_common
     0000000E  _adc_data                          driver_common
     00000011  _modbus_buff                       modbus
     00000084  _asm_addr                          stm8s_flash
     00000088  _asm_val                           stm8s_flash
ASxxxx Linker V03.00 + NoICE + sdld,  page 3.
Hexadecimal  [32-Bits]

Area                                    Addr        Size        Decimal Bytes (Attributes)
--------------------------------        ----        ----        ------- ----- ------------
INITIALIZED                         00000089    00000007 =           7. bytes (REL,CON)

      Value  Global                              Global Defined In Module
      -----  --------------------------------   ------------------------
     00000089  _last_uart_receive_time            stm8s_it
     0000008A  _modbus_status                     modbus
     0000008B  _keycount                          key
ASxxxx Linker V03.00 + NoICE + sdld,  page 4.
Hexadecimal  [32-Bits]

Area                                    Addr        Size        Decimal Bytes (Attributes)
--------------------------------        ----        ----        ------- ----- ------------
SSEG                                FFFFFFFF    00000001 =           1. bytes (REL,CON)

      Value  Global                              Global Defined In Module
      -----  --------------------------------   ------------------------
ASxxxx Linker V03.00 + NoICE + sdld,  page 5.
Hexadecimal  [32-Bits]

Area                                    Addr        Size        Decimal Bytes (Attributes)
--------------------------------        ----        ----        ------- ----- ------------
HOME                                00008000    0000006F =         111. bytes (REL,CON)

      Value  Global                              Global Defined In Module
      -----  --------------------------------   ------------------------
ASxxxx Linker V03.00 + NoICE + sdld,  page 6.
Hexadecimal  [32-Bits]

Area                                    Addr        Size        Decimal Bytes (Attributes)
--------------------------------        ----        ----        ------- ----- ------------
GSINIT                              0000806F    0000001A =          26. bytes (REL,CON)

      Value  Global                              Global Defined In Module
      -----  --------------------------------   ------------------------
ASxxxx Linker V03.00 + NoICE + sdld,  page 7.
Hexadecimal  [32-Bits]

Area                                    Addr        Size        Decimal Bytes (Attributes)
--------------------------------        ----        ----        ------- ----- ------------
GSFINAL                             00008089    00000003 =           3. bytes (REL,CON)

      Value  Global                              Global Defined In Module
      -----  --------------------------------   ------------------------
ASxxxx Linker V03.00 + NoICE + sdld,  page 8.
Hexadecimal  [32-Bits]

Area                                    Addr        Size        Decimal Bytes (Attributes)
--------------------------------        ----        ----        ------- ----- ------------
CONST                               0000808C    00000655 =        1621. bytes (REL,CON)

      Value  Global                              Global Defined In Module
      -----  --------------------------------   ------------------------
     000080E2  _F8X16                             oled
     000086D2  _HSIDivFactor                      stm8s_clk

ASxxxx Linker V03.00 + NoICE + sdld,  page 9.
Hexadecimal  [32-Bits]

Area                                    Addr        Size        Decimal Bytes (Attributes)
--------------------------------        ----        ----        ------- ----- ------------
INITIALIZER                         000086E1    00000007 =           7. bytes (REL,CON)

      Value  Global                              Global Defined In Module
      -----  --------------------------------   ------------------------
ASxxxx Linker V03.00 + NoICE + sdld,  page 10.
Hexadecimal  [32-Bits]

Area                                    Addr        Size        Decimal Bytes (Attributes)
--------------------------------        ----        ----        ------- ----- ------------
CODE                                000086E8    00003C19 =       15385. bytes (REL,CON)

      Value  Global                              Global Defined In Module
      -----  --------------------------------   ------------------------
     000086E8  _Delay                             main
     0000870F  _main                              main
     0000871E  _i2c_init                          dht12
     00008739  _i2c_deinit                        dht12
     00008754  _I2CDataInOut                      dht12
     00008774  _I2C_Start                         dht12
     000087A7  _I2C_Stop                          dht12
     000087DA  _I2C_Rack                          dht12
     0000880D  _I2C_nAck                          dht12
     00008840  _SendByte                          dht12
     000088E5  _RcvByte                           dht12
     00008949  _I2C_Read                          dht12
     000089CB  _i2c_read                          dht12
     000089E6  _ReadDHT12                         dht12
     00008A41  _driver_init                       driver_common
     00008A55  _driver_loop                       driver_common
     00008AAF  _relay_read                        relay
     00008ABB  _relay_on                          relay
     00008AD4  _relay_off                         relay
     00008AED  _Init_UART2                        uart
     00008B31  _UART2_Send_Char                   uart
     00008B45  _UART2_Send_STR                    uart
     00008B56  _putchar                           uart
     00008B58  _ds1302_port_deinit                ds1302
     00008B80  _ds1302_port_init                  ds1302
     00008BBE  _read_IO                           ds1302
     00008BCC  _write_IO                          ds1302
     00008BDA  _ds1302_write_byte                 ds1302
     00008C1C  _ds1302_read_byte                  ds1302
     00008C5E  _ds1302_write                      ds1302
     00008C9C  _ds1302_read                       ds1302
     00008CDD  _ds1302_read_time                  ds1302
     00008D4D  _ds1302_write_time                 ds1302
     00008DDB  _ds1302_active                     ds1302
     00008E15  _TRAP_IRQHandler                   stm8s_it
     00008E16  _TLI_IRQHandler                    stm8s_it
     00008E17  _AWU_IRQHandler                    stm8s_it
     00008E18  _CLK_IRQHandler                    stm8s_it
     00008E19  _EXTI_PORTA_IRQHandler             stm8s_it
     00008E1A  _EXTI_PORTB_IRQHandler             stm8s_it
     00008E1B  _EXTI_PORTC_IRQHandler             stm8s_it
     00008E1C  _EXTI_PORTD_IRQHandler             stm8s_it
     00008E48  _EXTI_PORTE_IRQHandler             stm8s_it
     00008E49  _SPI_IRQHandler                    stm8s_it
     00008E4A  _TIM1_UPD_OVF_TRG_BRK_IRQHandler   stm8s_it
     00008E4B  _TIM1_CAP_COM_IRQHandler           stm8s_it
     00008E4C  _TIM2_UPD_OVF_BRK_IRQHandler       stm8s_it
     00008E4D  _TIM2_CAP_COM_IRQHandler           stm8s_it
     00008E4E  _TIM3_UPD_OVF_BRK_IRQHandler       stm8s_it
     00008E4F  _TIM3_CAP_COM_IRQHandler           stm8s_it
ASxxxx Linker V03.00 + NoICE + sdld,  page 11.
Hexadecimal  [32-Bits]

Area                                    Addr        Size        Decimal Bytes (Attributes)
--------------------------------        ----        ----        ------- ----- ------------
CODE                                000086E8    00003C19 =       15385. bytes (REL,CON)

      Value  Global                              Global Defined In Module
      -----  --------------------------------   ------------------------
     00008E50  _I2C_IRQHandler                    stm8s_it
     00008E51  _UART2_TX_IRQHandler               stm8s_it
     00008E52  _UART2_RX_IRQHandler               stm8s_it
     00008EC8  _ADC1_IRQHandler                   stm8s_it
     00008EC9  _TIM4_UPD_OVF_IRQHandler           stm8s_it
     00008ECA  _EEPROM_EEC_IRQHandler             stm8s_it
     00008ECB  _eeprom_read                       eeprom
     00008EE4  _eeprom_write                      eeprom
     00008F27  _CRC16                             modbus
     00008F7C  _modbus_send                       modbus
     00008FA4  _modbus_virtual_write              modbus
     00009020  _modbus_virtual_read               modbus
     000091D8  _modbus_process                    modbus
     000093AD  _key_init                          key
     000093FE  _key_read                          key
     00009416  _beep_init                         beep
     00009424  _beep_read                         beep
     00009430  _beep_on                           beep
     00009449  _beep_off                          beep
     00009462  _app_init                          app
     00009493  _app_loop                          app
     0000A485  _delay_ms                          oled
     0000A4A3  _OLED_WR_Byte                      oled
     0000A520  _OLED_Set_Pos                      oled
     0000A55D  _OLED_Display_On                   oled
     0000A579  _OLED_Display_Off                  oled
     0000A595  _OLED_Clear                        oled
     0000A5D1  _OLED_ShowChar                     oled
     0000A648  _oled_pow                          oled
     0000A67D  _OLED_ShowNum                      oled
     0000A71A  _OLED_ShowString                   oled
     0000A74D  _OLED_Init                         oled
     0000A8D3  _ReadADC                           adc
     0000A925  _ReadDin                           adc
     0000A93E  _GPIO_DeInit                       stm8s_gpio
     0000A94D  _GPIO_Init                         stm8s_gpio
     0000A9C2  _GPIO_Write                        stm8s_gpio
     0000A9C8  _GPIO_WriteHigh                    stm8s_gpio
     0000A9CF  _GPIO_WriteLow                     stm8s_gpio
     0000A9DD  _GPIO_WriteReverse                 stm8s_gpio
     0000A9E4  _GPIO_ReadOutputData               stm8s_gpio
     0000A9E8  _GPIO_ReadInputData                stm8s_gpio
     0000A9ED  _GPIO_ReadInputPin                 stm8s_gpio
     0000A9F4  _GPIO_ExternalPullUpConfig         stm8s_gpio
     0000AA10  _write_byte_address                stm8s_flash
     0000AA27  _read_byte_address                 stm8s_flash
     0000AA3D  _FLASH_Unlock                      stm8s_flash
     0000AA55  _FLASH_Lock                        stm8s_flash
     0000AA5E  _FLASH_DeInit                      stm8s_flash
     0000AA76  _FLASH_ITConfig                    stm8s_flash
     0000AA89  _FLASH_EraseByte                   stm8s_flash
ASxxxx Linker V03.00 + NoICE + sdld,  page 12.
Hexadecimal  [32-Bits]

Area                                    Addr        Size        Decimal Bytes (Attributes)
--------------------------------        ----        ----        ------- ----- ------------
CODE                                000086E8    00003C19 =       15385. bytes (REL,CON)

      Value  Global                              Global Defined In Module
      -----  --------------------------------   ------------------------
     0000AA94  _FLASH_ProgramByte                 stm8s_flash
     0000AAA0  _FLASH_ReadByte                    stm8s_flash
     0000AAAC  _FLASH_ProgramWord                 stm8s_flash
     0000AAF8  _FLASH_ProgramOptionByte           stm8s_flash
     0000AB2D  _FLASH_EraseOptionByte             stm8s_flash
     0000AB5D  _FLASH_ReadOptionByte              stm8s_flash
     0000AB99  _FLASH_SetLowPowerMode             stm8s_flash
     0000ABAA  _FLASH_SetProgrammingTime          stm8s_flash
     0000ABBB  _FLASH_GetLowPowerMode             stm8s_flash
     0000ABC1  _FLASH_GetProgrammingTime          stm8s_flash
     0000ABC7  _FLASH_GetBootSize                 stm8s_flash
     0000ABEE  _FLASH_GetFlagStatus               stm8s_flash
     0000ABFA  _FLASH_WaitForLastOperation        stm8s_flash
     0000AC2A  _FLASH_EraseBlock                  stm8s_flash
     0000AC62  _FLASH_ProgramBlock                stm8s_flash
     0000ACDA  _EXTI_DeInit                       stm8s_exti
     0000ACE3  _EXTI_SetExtIntSensitivity         stm8s_exti
     0000AD75  _EXTI_SetTLISensitivity            stm8s_exti
     0000AD86  _EXTI_GetExtIntSensitivity         stm8s_exti
     0000ADCB  _EXTI_GetTLISensitivity            stm8s_exti
     0000ADD1  _ADC1_DeInit                       stm8s_adc1
     0000AE02  _ADC1_Init                         stm8s_adc1
     0000AE32  _ADC1_Cmd                          stm8s_adc1
     0000AE45  _ADC1_ScanModeCmd                  stm8s_adc1
     0000AE58  _ADC1_DataBufferCmd                stm8s_adc1
     0000AE6B  _ADC1_ITConfig                     stm8s_adc1
     0000AE89  _ADC1_PrescalerConfig              stm8s_adc1
     0000AE9A  _ADC1_SchmittTriggerConfig         stm8s_adc1
     0000AF18  _ADC1_ConversionConfig             stm8s_adc1
     0000AF4B  _ADC1_ExternalTriggerConfig        stm8s_adc1
     0000AF6F  _ADC1_StartConversion              stm8s_adc1
     0000AF74  _ADC1_GetConversionValue           stm8s_adc1
     0000AFB4  _ADC1_AWDChannelConfig             stm8s_adc1
     0000B00C  _ADC1_SetHighThreshold             stm8s_adc1
     0000B01A  _ADC1_SetLowThreshold              stm8s_adc1
     0000B028  _ADC1_GetBufferValue               stm8s_adc1
     0000B075  _ADC1_GetAWDChannelStatus          stm8s_adc1
     0000B0AF  _ADC1_GetFlagStatus                stm8s_adc1
     0000B114  _ADC1_ClearFlag                    stm8s_adc1
     0000B184  _ADC1_GetITStatus                  stm8s_adc1
     0000B1D7  _ADC1_ClearITPendingBit            stm8s_adc1
     0000B235  _UART2_DeInit                      stm8s_uart2
     0000B25C  _UART2_Init                        stm8s_uart2
     0000B3C1  _UART2_Cmd                         stm8s_uart2
     0000B3D4  _UART2_ITConfig                    stm8s_uart2
     0000B47B  _UART2_IrDAConfig                  stm8s_uart2
     0000B48E  _UART2_IrDACmd                     stm8s_uart2
     0000B4A1  _UART2_LINBreakDetectionConfig     stm8s_uart2
     0000B4B4  _UART2_LINConfig                   stm8s_uart2
     0000B4ED  _UART2_LINCmd                      stm8s_uart2
     0000B500  _UART2_SmartCardCmd                stm8s_uart2
ASxxxx Linker V03.00 + NoICE + sdld,  page 13.
Hexadecimal  [32-Bits]

Area                                    Addr        Size        Decimal Bytes (Attributes)
--------------------------------        ----        ----        ------- ----- ------------
CODE                                000086E8    00003C19 =       15385. bytes (REL,CON)

      Value  Global                              Global Defined In Module
      -----  --------------------------------   ------------------------
     0000B513  _UART2_SmartCardNACKCmd            stm8s_uart2
     0000B526  _UART2_WakeUpConfig                stm8s_uart2
     0000B533  _UART2_ReceiverWakeUpCmd           stm8s_uart2
     0000B546  _UART2_ReceiveData8                stm8s_uart2
     0000B54A  _UART2_ReceiveData9                stm8s_uart2
     0000B568  _UART2_SendData8                   stm8s_uart2
     0000B56F  _UART2_SendData9                   stm8s_uart2
     0000B58C  _UART2_SendBreak                   stm8s_uart2
     0000B591  _UART2_SetAddress                  stm8s_uart2
     0000B5A2  _UART2_SetGuardTime                stm8s_uart2
     0000B5A9  _UART2_SetPrescaler                stm8s_uart2
     0000B5B0  _UART2_GetFlagStatus               stm8s_uart2
     0000B609  _UART2_ClearFlag                   stm8s_uart2
     0000B637  _UART2_GetITStatus                 stm8s_uart2
     0000B6D3  _UART2_ClearITPendingBit           stm8s_uart2
     0000B6F0  _CLK_DeInit                        stm8s_clk
     0000B727  _CLK_FastHaltWakeUpCmd             stm8s_clk
     0000B73A  _CLK_HSECmd                        stm8s_clk
     0000B74D  _CLK_HSICmd                        stm8s_clk
     0000B760  _CLK_LSICmd                        stm8s_clk
     0000B773  _CLK_CCOCmd                        stm8s_clk
     0000B786  _CLK_ClockSwitchCmd                stm8s_clk
     0000B799  _CLK_SlowActiveHaltWakeUpCmd       stm8s_clk
     0000B7AC  _CLK_PeripheralClockConfig         stm8s_clk
     0000B7F6  _CLK_ClockSwitchConfig             stm8s_clk
     0000B8A4  _CLK_HSIPrescalerConfig            stm8s_clk
     0000B8B5  _CLK_CCOConfig                     stm8s_clk
     0000B8CA  _CLK_ITConfig                      stm8s_clk
     0000B90A  _CLK_SYSCLKConfig                  stm8s_clk
     0000B93E  _CLK_SWIMConfig                    stm8s_clk
     0000B951  _CLK_ClockSecuritySystemEnable     stm8s_clk
     0000B956  _CLK_GetSYSCLKSource               stm8s_clk
     0000B95A  _CLK_GetClockFreq                  stm8s_clk
     0000B9AC  _CLK_AdjustHSICalibrationValue     stm8s_clk
     0000B9B7  _CLK_SYSCLKEmergencyClear          stm8s_clk
     0000B9BC  _CLK_GetFlagStatus                 stm8s_clk
     0000B9FE  _CLK_GetITStatus                   stm8s_clk
     0000BA1E  _CLK_ClearITPendingBit             stm8s_clk
     0000BA2E  __modulong                         
     0000BAB1  _vsprintf                          sprintf
     0000BACC  _sprintf                           sprintf
     0000BAEC  __divulong                         
     0000BB46  __mullong                          
     0000BBC2  __modsint                          
     0000BBD8  __divsint                          
     0000BC92  __print_format                     printf_large
     0000C2F2  _strlen                            _strlen

ASxxxx Linker V03.00 + NoICE + sdld,  page 14.

Files Linked                              [ module(s) ]

main.rel                                  [ main ]
driver/dht12.rel                          [ dht12 ]
driver/driver_common.rel                  [ driver_common ]
driver/relay.rel                          [ relay ]
driver/uart.rel                           [ uart ]
driver/ds1302.rel                         [ ds1302 ]
driver/stm8s_it.rel                       [ stm8s_it ]
driver/eeprom.rel                         [ eeprom ]
driver/modbus.rel                         [ modbus ]
driver/key.rel                            [ key ]
driver/beep.rel                           [ beep ]
driver/app.rel                            [ app ]
driver/oled.rel                           [ oled ]
driver/adc.rel                            [ adc ]
STM8S_StdPeriph_Lib/Libraries/STM8S_StdPeriph_Driver/src/stm8s_gpio.rel
                                          [ stm8s_gpio ]
STM8S_StdPeriph_Lib/Libraries/STM8S_StdPeriph_Driver/src/stm8s_flash.rel
                                          [ stm8s_flash ]
STM8S_StdPeriph_Lib/Libraries/STM8S_StdPeriph_Driver/src/stm8s_exti.rel
                                          [ stm8s_exti ]
STM8S_StdPeriph_Lib/Libraries/STM8S_StdPeriph_Driver/src/stm8s_adc1.rel
                                          [ stm8s_adc1 ]
STM8S_StdPeriph_Lib/Libraries/STM8S_StdPeriph_Driver/src/stm8s_uart2.rel
                                          [ stm8s_uart2 ]
STM8S_StdPeriph_Lib/Libraries/STM8S_StdPeriph_Driver/src/stm8s_clk.rel
                                          [ stm8s_clk ]


Libraries Linked                          [ object file ]

/usr/local/bin/../share/sdcc/lib/stm8/stm8.lib
                                          [ _modulong.rel ]
/usr/local/bin/../share/sdcc/lib/stm8/stm8.lib
                                          [ sprintf.rel ]
/usr/local/bin/../share/sdcc/lib/stm8/stm8.lib
                                          [ _divulong.rel ]
/usr/local/bin/../share/sdcc/lib/stm8/stm8.lib
                                          [ _mullong.rel ]
/usr/local/bin/../share/sdcc/lib/stm8/stm8.lib
                                          [ _modsint.rel ]
/usr/local/bin/../share/sdcc/lib/stm8/stm8.lib
                                          [ _divsint.rel ]
/usr/local/bin/../share/sdcc/lib/stm8/stm8.lib
                                          [ printf_large.rel ]
/usr/local/bin/../share/sdcc/lib/stm8/stm8.lib
                                          [ _strlen.rel ]

ASxxxx Linker V03.00 + NoICE + sdld,  page 15.

User Base Address Definitions

HOME = 0x8000
DATA = 0x0001
SSEG = 0xffffffff

