ASxxxx Linker V03.00 + NoICE + sdld,  page 1.
Hexadecimal  [32-Bits]

Area                                    Addr        Size        Decimal Bytes (Attributes)
--------------------------------        ----        ----        ------- ----- ------------
.  .ABS.                            00000000    00000000 =           0. bytes (ABS,CON)

      Value  Global                              Global Defined In Module
      -----  --------------------------------   ------------------------
     FFFFFFFF  s_SSEG                          
     00000000  .__.ABS.                           _strlen
     00000000  l_CABS                          
     00000000  l_DABS                          
     00000000  l__CODE                         
     00000000  s_CABS                          
     00000000  s_DABS                          
     00000000  s__CODE                         
     00000001  l_SSEG                          
     00000001  s_DATA                          
     00000003  l_GSFINAL                       
     00000005  l_INITIALIZED                   
     00000005  l_INITIALIZER                   
     00000006  l_DATA                          
     00000007  s_INITIALIZED                   
     0000001E  l_GSINIT                        
     0000006F  l_HOME                          
     00000667  l_CONST                         
     00002926  l_CODE                          
     00008000  s_HOME                          
     0000806F  s_GSINIT                        
     0000808D  s_GSFINAL                       
     00008090  s_CONST                         
     000086F7  s_INITIALIZER                   
     000086FC  s_CODE                          

ASxxxx Linker V03.00 + NoICE + sdld,  page 2.
Hexadecimal  [32-Bits]

Area                                    Addr        Size        Decimal Bytes (Attributes)
--------------------------------        ----        ----        ------- ----- ------------
DATA                                00000001    00000006 =           6. bytes (REL,CON)

      Value  Global                              Global Defined In Module
      -----  --------------------------------   ------------------------
     00000002  _asm_addr                          stm8s_flash
     00000006  _asm_val                           stm8s_flash

ASxxxx Linker V03.00 + NoICE + sdld,  page 3.
Hexadecimal  [32-Bits]

Area                                    Addr        Size        Decimal Bytes (Attributes)
--------------------------------        ----        ----        ------- ----- ------------
INITIALIZED                         00000007    00000005 =           5. bytes (REL,CON)

      Value  Global                              Global Defined In Module
      -----  --------------------------------   ------------------------
     00000007  _keycount                          key

ASxxxx Linker V03.00 + NoICE + sdld,  page 4.
Hexadecimal  [32-Bits]

Area                                    Addr        Size        Decimal Bytes (Attributes)
--------------------------------        ----        ----        ------- ----- ------------
SSEG                                FFFFFFFF    00000001 =           1. bytes (REL,CON)

      Value  Global                              Global Defined In Module
      -----  --------------------------------   ------------------------
ASxxxx Linker V03.00 + NoICE + sdld,  page 5.
Hexadecimal  [32-Bits]

Area                                    Addr        Size        Decimal Bytes (Attributes)
--------------------------------        ----        ----        ------- ----- ------------
HOME                                00008000    0000006F =         111. bytes (REL,CON)

      Value  Global                              Global Defined In Module
      -----  --------------------------------   ------------------------
ASxxxx Linker V03.00 + NoICE + sdld,  page 6.
Hexadecimal  [32-Bits]

Area                                    Addr        Size        Decimal Bytes (Attributes)
--------------------------------        ----        ----        ------- ----- ------------
GSINIT                              0000806F    0000001E =          30. bytes (REL,CON)

      Value  Global                              Global Defined In Module
      -----  --------------------------------   ------------------------
ASxxxx Linker V03.00 + NoICE + sdld,  page 7.
Hexadecimal  [32-Bits]

Area                                    Addr        Size        Decimal Bytes (Attributes)
--------------------------------        ----        ----        ------- ----- ------------
GSFINAL                             0000808D    00000003 =           3. bytes (REL,CON)

      Value  Global                              Global Defined In Module
      -----  --------------------------------   ------------------------
ASxxxx Linker V03.00 + NoICE + sdld,  page 8.
Hexadecimal  [32-Bits]

Area                                    Addr        Size        Decimal Bytes (Attributes)
--------------------------------        ----        ----        ------- ----- ------------
CONST                               00008090    00000667 =        1639. bytes (REL,CON)

      Value  Global                              Global Defined In Module
      -----  --------------------------------   ------------------------
     000080F8  _F8X16                             oled
     000086E8  _HSIDivFactor                      stm8s_clk

ASxxxx Linker V03.00 + NoICE + sdld,  page 9.
Hexadecimal  [32-Bits]

Area                                    Addr        Size        Decimal Bytes (Attributes)
--------------------------------        ----        ----        ------- ----- ------------
INITIALIZER                         000086F7    00000005 =           5. bytes (REL,CON)

      Value  Global                              Global Defined In Module
      -----  --------------------------------   ------------------------
ASxxxx Linker V03.00 + NoICE + sdld,  page 10.
Hexadecimal  [32-Bits]

Area                                    Addr        Size        Decimal Bytes (Attributes)
--------------------------------        ----        ----        ------- ----- ------------
CODE                                000086FC    00002926 =       10534. bytes (REL,CON)

      Value  Global                              Global Defined In Module
      -----  --------------------------------   ------------------------
     000086FC  _Delay                             main
     00008706  _main                              main
     000089B0  _i2c_init                          dht12
     000089CB  _i2c_deinit                        dht12
     000089E6  _I2CDataInOut                      dht12
     00008A06  _I2C_Start                         dht12
     00008A39  _I2C_Stop                          dht12
     00008A6C  _I2C_Rack                          dht12
     00008A9F  _I2C_nAck                          dht12
     00008AD2  _SendByte                          dht12
     00008B77  _RcvByte                           dht12
     00008BDB  _I2C_Read                          dht12
     00008C5B  _i2c_read                          dht12
     00008C76  _ReadDHT12                         dht12
     00008CD1  _ds1302_port_deinit                ds1302
     00008CF9  _ds1302_port_init                  ds1302
     00008D37  _read_IO                           ds1302
     00008D45  _write_IO                          ds1302
     00008D53  _ds1302_write_byte                 ds1302
     00008D95  _ds1302_read_byte                  ds1302
     00008DD7  _ds1302_write                      ds1302
     00008E15  _ds1302_read                       ds1302
     00008E56  _ds1302_read_time                  ds1302
     00008EC6  _ds1302_write_time                 ds1302
     00008F54  _ds1302_active                     ds1302
     00008F8E  _driver_init                       driver_common
     00008F9F  _Init_UART2                        uart
     00008FE5  _UART2_Send_Char                   uart
     00008FF9  _UART2_Send_STR                    uart
     0000900A  _putchar                           uart
     0000900C  _TRAP_IRQHandler                   stm8s_it
     0000900D  _TLI_IRQHandler                    stm8s_it
     0000900E  _AWU_IRQHandler                    stm8s_it
     0000900F  _CLK_IRQHandler                    stm8s_it
     00009010  _EXTI_PORTA_IRQHandler             stm8s_it
     00009011  _EXTI_PORTB_IRQHandler             stm8s_it
     00009012  _EXTI_PORTC_IRQHandler             stm8s_it
     00009013  _EXTI_PORTD_IRQHandler             stm8s_it
     00009040  _EXTI_PORTE_IRQHandler             stm8s_it
     00009041  _SPI_IRQHandler                    stm8s_it
     00009042  _TIM1_UPD_OVF_TRG_BRK_IRQHandler   stm8s_it
     00009043  _TIM1_CAP_COM_IRQHandler           stm8s_it
     00009044  _TIM2_UPD_OVF_BRK_IRQHandler       stm8s_it
     00009045  _TIM2_CAP_COM_IRQHandler           stm8s_it
     00009046  _TIM3_UPD_OVF_BRK_IRQHandler       stm8s_it
     00009047  _TIM3_CAP_COM_IRQHandler           stm8s_it
     00009048  _I2C_IRQHandler                    stm8s_it
     00009049  _UART2_TX_IRQHandler               stm8s_it
     0000904A  _UART2_RX_IRQHandler               stm8s_it
     000090A0  _ADC1_IRQHandler                   stm8s_it
ASxxxx Linker V03.00 + NoICE + sdld,  page 11.
Hexadecimal  [32-Bits]

Area                                    Addr        Size        Decimal Bytes (Attributes)
--------------------------------        ----        ----        ------- ----- ------------
CODE                                000086FC    00002926 =       10534. bytes (REL,CON)

      Value  Global                              Global Defined In Module
      -----  --------------------------------   ------------------------
     000090A1  _TIM4_UPD_OVF_IRQHandler           stm8s_it
     000090A2  _EEPROM_EEC_IRQHandler             stm8s_it
     000090A3  _key_init                          key
     000090F4  _key_read                          key
     0000910C  _delay_ms                          oled
     0000912A  _OLED_WR_Byte                      oled
     000091A7  _OLED_Set_Pos                      oled
     000091E4  _OLED_Display_On                   oled
     00009200  _OLED_Display_Off                  oled
     0000921C  _OLED_Clear                        oled
     00009258  _OLED_ShowChar                     oled
     000092CF  _oled_pow                          oled
     00009304  _OLED_ShowNum                      oled
     000093A1  _OLED_ShowString                   oled
     000093D4  _OLED_Init                         oled
     0000955A  _eeprom_read                       eeprom
     00009573  _eeprom_write                      eeprom
     000095B6  _ReadADC                           adc
     00009608  _GPIO_DeInit                       stm8s_gpio
     00009617  _GPIO_Init                         stm8s_gpio
     0000968C  _GPIO_Write                        stm8s_gpio
     00009692  _GPIO_WriteHigh                    stm8s_gpio
     00009699  _GPIO_WriteLow                     stm8s_gpio
     000096A7  _GPIO_WriteReverse                 stm8s_gpio
     000096AE  _GPIO_ReadOutputData               stm8s_gpio
     000096B2  _GPIO_ReadInputData                stm8s_gpio
     000096B7  _GPIO_ReadInputPin                 stm8s_gpio
     000096BE  _GPIO_ExternalPullUpConfig         stm8s_gpio
     000096DA  _write_byte_address                stm8s_flash
     000096F1  _read_byte_address                 stm8s_flash
     00009707  _FLASH_Unlock                      stm8s_flash
     0000971F  _FLASH_Lock                        stm8s_flash
     00009728  _FLASH_DeInit                      stm8s_flash
     00009740  _FLASH_ITConfig                    stm8s_flash
     00009753  _FLASH_EraseByte                   stm8s_flash
     0000975E  _FLASH_ProgramByte                 stm8s_flash
     0000976A  _FLASH_ReadByte                    stm8s_flash
     00009776  _FLASH_ProgramWord                 stm8s_flash
     000097C2  _FLASH_ProgramOptionByte           stm8s_flash
     000097F7  _FLASH_EraseOptionByte             stm8s_flash
     00009827  _FLASH_ReadOptionByte              stm8s_flash
     00009863  _FLASH_SetLowPowerMode             stm8s_flash
     00009874  _FLASH_SetProgrammingTime          stm8s_flash
     00009885  _FLASH_GetLowPowerMode             stm8s_flash
     0000988B  _FLASH_GetProgrammingTime          stm8s_flash
     00009891  _FLASH_GetBootSize                 stm8s_flash
     000098B8  _FLASH_GetFlagStatus               stm8s_flash
     000098C4  _FLASH_WaitForLastOperation        stm8s_flash
     000098F4  _FLASH_EraseBlock                  stm8s_flash
     0000992C  _FLASH_ProgramBlock                stm8s_flash
     000099A4  _EXTI_DeInit                       stm8s_exti
ASxxxx Linker V03.00 + NoICE + sdld,  page 12.
Hexadecimal  [32-Bits]

Area                                    Addr        Size        Decimal Bytes (Attributes)
--------------------------------        ----        ----        ------- ----- ------------
CODE                                000086FC    00002926 =       10534. bytes (REL,CON)

      Value  Global                              Global Defined In Module
      -----  --------------------------------   ------------------------
     000099AD  _EXTI_SetExtIntSensitivity         stm8s_exti
     00009A3F  _EXTI_SetTLISensitivity            stm8s_exti
     00009A50  _EXTI_GetExtIntSensitivity         stm8s_exti
     00009A95  _EXTI_GetTLISensitivity            stm8s_exti
     00009A9B  _ADC1_DeInit                       stm8s_adc1
     00009ACC  _ADC1_Init                         stm8s_adc1
     00009AFC  _ADC1_Cmd                          stm8s_adc1
     00009B0F  _ADC1_ScanModeCmd                  stm8s_adc1
     00009B22  _ADC1_DataBufferCmd                stm8s_adc1
     00009B35  _ADC1_ITConfig                     stm8s_adc1
     00009B53  _ADC1_PrescalerConfig              stm8s_adc1
     00009B64  _ADC1_SchmittTriggerConfig         stm8s_adc1
     00009BE2  _ADC1_ConversionConfig             stm8s_adc1
     00009C15  _ADC1_ExternalTriggerConfig        stm8s_adc1
     00009C39  _ADC1_StartConversion              stm8s_adc1
     00009C3E  _ADC1_GetConversionValue           stm8s_adc1
     00009C7E  _ADC1_AWDChannelConfig             stm8s_adc1
     00009CD6  _ADC1_SetHighThreshold             stm8s_adc1
     00009CE4  _ADC1_SetLowThreshold              stm8s_adc1
     00009CF2  _ADC1_GetBufferValue               stm8s_adc1
     00009D3F  _ADC1_GetAWDChannelStatus          stm8s_adc1
     00009D79  _ADC1_GetFlagStatus                stm8s_adc1
     00009DDE  _ADC1_ClearFlag                    stm8s_adc1
     00009E4E  _ADC1_GetITStatus                  stm8s_adc1
     00009EA1  _ADC1_ClearITPendingBit            stm8s_adc1
     00009EFF  _UART2_DeInit                      stm8s_uart2
     00009F26  _UART2_Init                        stm8s_uart2
     0000A08B  _UART2_Cmd                         stm8s_uart2
     0000A09E  _UART2_ITConfig                    stm8s_uart2
     0000A145  _UART2_IrDAConfig                  stm8s_uart2
     0000A158  _UART2_IrDACmd                     stm8s_uart2
     0000A16B  _UART2_LINBreakDetectionConfig     stm8s_uart2
     0000A17E  _UART2_LINConfig                   stm8s_uart2
     0000A1B7  _UART2_LINCmd                      stm8s_uart2
     0000A1CA  _UART2_SmartCardCmd                stm8s_uart2
     0000A1DD  _UART2_SmartCardNACKCmd            stm8s_uart2
     0000A1F0  _UART2_WakeUpConfig                stm8s_uart2
     0000A1FD  _UART2_ReceiverWakeUpCmd           stm8s_uart2
     0000A210  _UART2_ReceiveData8                stm8s_uart2
     0000A214  _UART2_ReceiveData9                stm8s_uart2
     0000A232  _UART2_SendData8                   stm8s_uart2
     0000A239  _UART2_SendData9                   stm8s_uart2
     0000A256  _UART2_SendBreak                   stm8s_uart2
     0000A25B  _UART2_SetAddress                  stm8s_uart2
     0000A26C  _UART2_SetGuardTime                stm8s_uart2
     0000A273  _UART2_SetPrescaler                stm8s_uart2
     0000A27A  _UART2_GetFlagStatus               stm8s_uart2
     0000A2D3  _UART2_ClearFlag                   stm8s_uart2
     0000A301  _UART2_GetITStatus                 stm8s_uart2
     0000A39D  _UART2_ClearITPendingBit           stm8s_uart2
     0000A3BA  _CLK_DeInit                        stm8s_clk
ASxxxx Linker V03.00 + NoICE + sdld,  page 13.
Hexadecimal  [32-Bits]

Area                                    Addr        Size        Decimal Bytes (Attributes)
--------------------------------        ----        ----        ------- ----- ------------
CODE                                000086FC    00002926 =       10534. bytes (REL,CON)

      Value  Global                              Global Defined In Module
      -----  --------------------------------   ------------------------
     0000A3F1  _CLK_FastHaltWakeUpCmd             stm8s_clk
     0000A404  _CLK_HSECmd                        stm8s_clk
     0000A417  _CLK_HSICmd                        stm8s_clk
     0000A42A  _CLK_LSICmd                        stm8s_clk
     0000A43D  _CLK_CCOCmd                        stm8s_clk
     0000A450  _CLK_ClockSwitchCmd                stm8s_clk
     0000A463  _CLK_SlowActiveHaltWakeUpCmd       stm8s_clk
     0000A476  _CLK_PeripheralClockConfig         stm8s_clk
     0000A4C0  _CLK_ClockSwitchConfig             stm8s_clk
     0000A56E  _CLK_HSIPrescalerConfig            stm8s_clk
     0000A57F  _CLK_CCOConfig                     stm8s_clk
     0000A594  _CLK_ITConfig                      stm8s_clk
     0000A5D4  _CLK_SYSCLKConfig                  stm8s_clk
     0000A608  _CLK_SWIMConfig                    stm8s_clk
     0000A61B  _CLK_ClockSecuritySystemEnable     stm8s_clk
     0000A620  _CLK_GetSYSCLKSource               stm8s_clk
     0000A624  _CLK_GetClockFreq                  stm8s_clk
     0000A676  _CLK_AdjustHSICalibrationValue     stm8s_clk
     0000A681  _CLK_SYSCLKEmergencyClear          stm8s_clk
     0000A686  _CLK_GetFlagStatus                 stm8s_clk
     0000A6C8  _CLK_GetITStatus                   stm8s_clk
     0000A6E8  _CLK_ClearITPendingBit             stm8s_clk
     0000A6F8  __modulong                         
     0000A77B  _vsprintf                          sprintf
     0000A796  _sprintf                           sprintf
     0000A7B6  __divulong                         
     0000A810  _puts                              puts
     0000A83F  _vprintf                           vprintf
     0000A851  _printf                            vprintf
     0000A867  __mullong                          
     0000A8E3  __modsint                          
     0000A8F9  __divsint                          
     0000A9B3  __print_format                     printf_large
     0000B013  _strlen                            _strlen
ASxxxx Linker V03.00 + NoICE + sdld,  page 14.

Files Linked                              [ module(s) ]

main.rel                                  [ main ]
driver/dht12.rel                          [ dht12 ]
driver/ds1302.rel                         [ ds1302 ]
driver/driver_common.rel                  [ driver_common ]
driver/uart.rel                           [ uart ]
driver/stm8s_it.rel                       [ stm8s_it ]
driver/key.rel                            [ key ]
driver/oled.rel                           [ oled ]
driver/eeprom.rel                         [ eeprom ]
driver/adc.rel                            [ adc ]
STM8S_StdPeriph_Lib/Libraries/STM8S_StdPeriph_Driver/src/stm8s_gpio.rel
                                          [ stm8s_gpio ]
STM8S_StdPeriph_Lib/Libraries/STM8S_StdPeriph_Driver/src/stm8s_flash.rel
                                          [ stm8s_flash ]
STM8S_StdPeriph_Lib/Libraries/STM8S_StdPeriph_Driver/src/stm8s_exti.rel
                                          [ stm8s_exti ]
STM8S_StdPeriph_Lib/Libraries/STM8S_StdPeriph_Driver/src/stm8s_adc1.rel
                                          [ stm8s_adc1 ]
STM8S_StdPeriph_Lib/Libraries/STM8S_StdPeriph_Driver/src/stm8s_uart2.rel
                                          [ stm8s_uart2 ]
STM8S_StdPeriph_Lib/Libraries/STM8S_StdPeriph_Driver/src/stm8s_clk.rel
                                          [ stm8s_clk ]


Libraries Linked                          [ object file ]

/usr/local/bin/../share/sdcc/lib/stm8/stm8.lib
                                          [ _modulong.rel ]
/usr/local/bin/../share/sdcc/lib/stm8/stm8.lib
                                          [ sprintf.rel ]
/usr/local/bin/../share/sdcc/lib/stm8/stm8.lib
                                          [ _divulong.rel ]
/usr/local/bin/../share/sdcc/lib/stm8/stm8.lib
                                          [ puts.rel ]
/usr/local/bin/../share/sdcc/lib/stm8/stm8.lib
                                          [ vprintf.rel ]
/usr/local/bin/../share/sdcc/lib/stm8/stm8.lib
                                          [ _mullong.rel ]
/usr/local/bin/../share/sdcc/lib/stm8/stm8.lib
                                          [ _modsint.rel ]
/usr/local/bin/../share/sdcc/lib/stm8/stm8.lib
                                          [ _divsint.rel ]
/usr/local/bin/../share/sdcc/lib/stm8/stm8.lib
                                          [ printf_large.rel ]
/usr/local/bin/../share/sdcc/lib/stm8/stm8.lib
                                          [ _strlen.rel ]

ASxxxx Linker V03.00 + NoICE + sdld,  page 15.

User Base Address Definitions

HOME = 0x8000
DATA = 0x0001
SSEG = 0xffffffff

