ASxxxx Linker V03.00 + NoICE + sdld,  page 1.
Hexadecimal  [32-Bits]

Area                                    Addr        Size        Decimal Bytes (Attributes)
--------------------------------        ----        ----        ------- ----- ------------
.  .ABS.                            00000000    00000000 =           0. bytes (ABS,CON)

      Value  Global                              Global Defined In Module
      -----  --------------------------------   ------------------------
     FFFFFFFF  s_SSEG                          
     00000000  .__.ABS.                           _strlen
     00000000  l_CABS                          
     00000000  l_DABS                          
     00000000  l__CODE                         
     00000000  s_CABS                          
     00000000  s_DABS                          
     00000000  s__CODE                         
     00000001  l_SSEG                          
     00000001  s_DATA                          
     00000003  l_GSFINAL                       
     00000005  l_INITIALIZED                   
     00000005  l_INITIALIZER                   
     00000006  l_DATA                          
     00000007  s_INITIALIZED                   
     0000001E  l_GSINIT                        
     0000006F  l_HOME                          
     00000667  l_CONST                         
     000029A0  l_CODE                          
     00008000  s_HOME                          
     0000806F  s_GSINIT                        
     0000808D  s_GSFINAL                       
     00008090  s_CONST                         
     000086F7  s_INITIALIZER                   
     000086FC  s_CODE                          

ASxxxx Linker V03.00 + NoICE + sdld,  page 2.
Hexadecimal  [32-Bits]

Area                                    Addr        Size        Decimal Bytes (Attributes)
--------------------------------        ----        ----        ------- ----- ------------
DATA                                00000001    00000006 =           6. bytes (REL,CON)

      Value  Global                              Global Defined In Module
      -----  --------------------------------   ------------------------
     00000002  _asm_addr                          stm8s_flash
     00000006  _asm_val                           stm8s_flash

ASxxxx Linker V03.00 + NoICE + sdld,  page 3.
Hexadecimal  [32-Bits]

Area                                    Addr        Size        Decimal Bytes (Attributes)
--------------------------------        ----        ----        ------- ----- ------------
INITIALIZED                         00000007    00000005 =           5. bytes (REL,CON)

      Value  Global                              Global Defined In Module
      -----  --------------------------------   ------------------------
     00000007  _keycount                          key

ASxxxx Linker V03.00 + NoICE + sdld,  page 4.
Hexadecimal  [32-Bits]

Area                                    Addr        Size        Decimal Bytes (Attributes)
--------------------------------        ----        ----        ------- ----- ------------
SSEG                                FFFFFFFF    00000001 =           1. bytes (REL,CON)

      Value  Global                              Global Defined In Module
      -----  --------------------------------   ------------------------
ASxxxx Linker V03.00 + NoICE + sdld,  page 5.
Hexadecimal  [32-Bits]

Area                                    Addr        Size        Decimal Bytes (Attributes)
--------------------------------        ----        ----        ------- ----- ------------
HOME                                00008000    0000006F =         111. bytes (REL,CON)

      Value  Global                              Global Defined In Module
      -----  --------------------------------   ------------------------
ASxxxx Linker V03.00 + NoICE + sdld,  page 6.
Hexadecimal  [32-Bits]

Area                                    Addr        Size        Decimal Bytes (Attributes)
--------------------------------        ----        ----        ------- ----- ------------
GSINIT                              0000806F    0000001E =          30. bytes (REL,CON)

      Value  Global                              Global Defined In Module
      -----  --------------------------------   ------------------------
ASxxxx Linker V03.00 + NoICE + sdld,  page 7.
Hexadecimal  [32-Bits]

Area                                    Addr        Size        Decimal Bytes (Attributes)
--------------------------------        ----        ----        ------- ----- ------------
GSFINAL                             0000808D    00000003 =           3. bytes (REL,CON)

      Value  Global                              Global Defined In Module
      -----  --------------------------------   ------------------------
ASxxxx Linker V03.00 + NoICE + sdld,  page 8.
Hexadecimal  [32-Bits]

Area                                    Addr        Size        Decimal Bytes (Attributes)
--------------------------------        ----        ----        ------- ----- ------------
CONST                               00008090    00000667 =        1639. bytes (REL,CON)

      Value  Global                              Global Defined In Module
      -----  --------------------------------   ------------------------
     000080F8  _F8X16                             oled
     000086E8  _HSIDivFactor                      stm8s_clk

ASxxxx Linker V03.00 + NoICE + sdld,  page 9.
Hexadecimal  [32-Bits]

Area                                    Addr        Size        Decimal Bytes (Attributes)
--------------------------------        ----        ----        ------- ----- ------------
INITIALIZER                         000086F7    00000005 =           5. bytes (REL,CON)

      Value  Global                              Global Defined In Module
      -----  --------------------------------   ------------------------
ASxxxx Linker V03.00 + NoICE + sdld,  page 10.
Hexadecimal  [32-Bits]

Area                                    Addr        Size        Decimal Bytes (Attributes)
--------------------------------        ----        ----        ------- ----- ------------
CODE                                000086FC    000029A0 =       10656. bytes (REL,CON)

      Value  Global                              Global Defined In Module
      -----  --------------------------------   ------------------------
     000086FC  _Delay                             main
     00008706  _main                              main
     00008984  _i2c_init                          dht12
     0000899F  _i2c_deinit                        dht12
     000089BA  _I2CDataInOut                      dht12
     000089DA  _I2C_Start                         dht12
     00008A0D  _I2C_Stop                          dht12
     00008A40  _I2C_Rack                          dht12
     00008A73  _I2C_nAck                          dht12
     00008AA6  _SendByte                          dht12
     00008B4B  _RcvByte                           dht12
     00008BAF  _I2C_Read                          dht12
     00008C2F  _i2c_read                          dht12
     00008C4A  _ReadDHT12                         dht12
     00008CA5  _driver_init                       driver_common
     00008CB9  _relay_read                        relay
     00008CC5  _relay_on                          relay
     00008CDE  _relay_off                         relay
     00008CF7  _Init_UART2                        uart
     00008D3D  _UART2_Send_Char                   uart
     00008D51  _UART2_Send_STR                    uart
     00008D62  _putchar                           uart
     00008D64  _ds1302_port_deinit                ds1302
     00008D8C  _ds1302_port_init                  ds1302
     00008DCA  _read_IO                           ds1302
     00008DD8  _write_IO                          ds1302
     00008DE6  _ds1302_write_byte                 ds1302
     00008E28  _ds1302_read_byte                  ds1302
     00008E6A  _ds1302_write                      ds1302
     00008EA8  _ds1302_read                       ds1302
     00008EE9  _ds1302_read_time                  ds1302
     00008F59  _ds1302_write_time                 ds1302
     00008FE7  _ds1302_active                     ds1302
     00009021  _TRAP_IRQHandler                   stm8s_it
     00009022  _TLI_IRQHandler                    stm8s_it
     00009023  _AWU_IRQHandler                    stm8s_it
     00009024  _CLK_IRQHandler                    stm8s_it
     00009025  _EXTI_PORTA_IRQHandler             stm8s_it
     00009026  _EXTI_PORTB_IRQHandler             stm8s_it
     00009027  _EXTI_PORTC_IRQHandler             stm8s_it
     00009028  _EXTI_PORTD_IRQHandler             stm8s_it
     00009055  _EXTI_PORTE_IRQHandler             stm8s_it
     00009056  _SPI_IRQHandler                    stm8s_it
     00009057  _TIM1_UPD_OVF_TRG_BRK_IRQHandler   stm8s_it
     00009058  _TIM1_CAP_COM_IRQHandler           stm8s_it
     00009059  _TIM2_UPD_OVF_BRK_IRQHandler       stm8s_it
     0000905A  _TIM2_CAP_COM_IRQHandler           stm8s_it
     0000905B  _TIM3_UPD_OVF_BRK_IRQHandler       stm8s_it
     0000905C  _TIM3_CAP_COM_IRQHandler           stm8s_it
     0000905D  _I2C_IRQHandler                    stm8s_it
ASxxxx Linker V03.00 + NoICE + sdld,  page 11.
Hexadecimal  [32-Bits]

Area                                    Addr        Size        Decimal Bytes (Attributes)
--------------------------------        ----        ----        ------- ----- ------------
CODE                                000086FC    000029A0 =       10656. bytes (REL,CON)

      Value  Global                              Global Defined In Module
      -----  --------------------------------   ------------------------
     0000905E  _UART2_TX_IRQHandler               stm8s_it
     0000905F  _UART2_RX_IRQHandler               stm8s_it
     000090B5  _ADC1_IRQHandler                   stm8s_it
     000090B6  _TIM4_UPD_OVF_IRQHandler           stm8s_it
     000090B7  _EEPROM_EEC_IRQHandler             stm8s_it
     000090B8  _eeprom_read                       eeprom
     000090D1  _eeprom_write                      eeprom
     00009114  _key_init                          key
     00009165  _key_read                          key
     0000917D  _beep_init                         beep
     0000918B  _beep_read                         beep
     00009197  _beep_on                           beep
     000091B0  _beep_off                          beep
     000091C9  _delay_ms                          oled
     000091E7  _OLED_WR_Byte                      oled
     00009264  _OLED_Set_Pos                      oled
     000092A1  _OLED_Display_On                   oled
     000092BD  _OLED_Display_Off                  oled
     000092D9  _OLED_Clear                        oled
     00009315  _OLED_ShowChar                     oled
     0000938C  _oled_pow                          oled
     000093C1  _OLED_ShowNum                      oled
     0000945E  _OLED_ShowString                   oled
     00009491  _OLED_Init                         oled
     00009617  _ReadADC                           adc
     00009669  _ReadDin                           adc
     00009682  _GPIO_DeInit                       stm8s_gpio
     00009691  _GPIO_Init                         stm8s_gpio
     00009706  _GPIO_Write                        stm8s_gpio
     0000970C  _GPIO_WriteHigh                    stm8s_gpio
     00009713  _GPIO_WriteLow                     stm8s_gpio
     00009721  _GPIO_WriteReverse                 stm8s_gpio
     00009728  _GPIO_ReadOutputData               stm8s_gpio
     0000972C  _GPIO_ReadInputData                stm8s_gpio
     00009731  _GPIO_ReadInputPin                 stm8s_gpio
     00009738  _GPIO_ExternalPullUpConfig         stm8s_gpio
     00009754  _write_byte_address                stm8s_flash
     0000976B  _read_byte_address                 stm8s_flash
     00009781  _FLASH_Unlock                      stm8s_flash
     00009799  _FLASH_Lock                        stm8s_flash
     000097A2  _FLASH_DeInit                      stm8s_flash
     000097BA  _FLASH_ITConfig                    stm8s_flash
     000097CD  _FLASH_EraseByte                   stm8s_flash
     000097D8  _FLASH_ProgramByte                 stm8s_flash
     000097E4  _FLASH_ReadByte                    stm8s_flash
     000097F0  _FLASH_ProgramWord                 stm8s_flash
     0000983C  _FLASH_ProgramOptionByte           stm8s_flash
     00009871  _FLASH_EraseOptionByte             stm8s_flash
     000098A1  _FLASH_ReadOptionByte              stm8s_flash
     000098DD  _FLASH_SetLowPowerMode             stm8s_flash
     000098EE  _FLASH_SetProgrammingTime          stm8s_flash
ASxxxx Linker V03.00 + NoICE + sdld,  page 12.
Hexadecimal  [32-Bits]

Area                                    Addr        Size        Decimal Bytes (Attributes)
--------------------------------        ----        ----        ------- ----- ------------
CODE                                000086FC    000029A0 =       10656. bytes (REL,CON)

      Value  Global                              Global Defined In Module
      -----  --------------------------------   ------------------------
     000098FF  _FLASH_GetLowPowerMode             stm8s_flash
     00009905  _FLASH_GetProgrammingTime          stm8s_flash
     0000990B  _FLASH_GetBootSize                 stm8s_flash
     00009932  _FLASH_GetFlagStatus               stm8s_flash
     0000993E  _FLASH_WaitForLastOperation        stm8s_flash
     0000996E  _FLASH_EraseBlock                  stm8s_flash
     000099A6  _FLASH_ProgramBlock                stm8s_flash
     00009A1E  _EXTI_DeInit                       stm8s_exti
     00009A27  _EXTI_SetExtIntSensitivity         stm8s_exti
     00009AB9  _EXTI_SetTLISensitivity            stm8s_exti
     00009ACA  _EXTI_GetExtIntSensitivity         stm8s_exti
     00009B0F  _EXTI_GetTLISensitivity            stm8s_exti
     00009B15  _ADC1_DeInit                       stm8s_adc1
     00009B46  _ADC1_Init                         stm8s_adc1
     00009B76  _ADC1_Cmd                          stm8s_adc1
     00009B89  _ADC1_ScanModeCmd                  stm8s_adc1
     00009B9C  _ADC1_DataBufferCmd                stm8s_adc1
     00009BAF  _ADC1_ITConfig                     stm8s_adc1
     00009BCD  _ADC1_PrescalerConfig              stm8s_adc1
     00009BDE  _ADC1_SchmittTriggerConfig         stm8s_adc1
     00009C5C  _ADC1_ConversionConfig             stm8s_adc1
     00009C8F  _ADC1_ExternalTriggerConfig        stm8s_adc1
     00009CB3  _ADC1_StartConversion              stm8s_adc1
     00009CB8  _ADC1_GetConversionValue           stm8s_adc1
     00009CF8  _ADC1_AWDChannelConfig             stm8s_adc1
     00009D50  _ADC1_SetHighThreshold             stm8s_adc1
     00009D5E  _ADC1_SetLowThreshold              stm8s_adc1
     00009D6C  _ADC1_GetBufferValue               stm8s_adc1
     00009DB9  _ADC1_GetAWDChannelStatus          stm8s_adc1
     00009DF3  _ADC1_GetFlagStatus                stm8s_adc1
     00009E58  _ADC1_ClearFlag                    stm8s_adc1
     00009EC8  _ADC1_GetITStatus                  stm8s_adc1
     00009F1B  _ADC1_ClearITPendingBit            stm8s_adc1
     00009F79  _UART2_DeInit                      stm8s_uart2
     00009FA0  _UART2_Init                        stm8s_uart2
     0000A105  _UART2_Cmd                         stm8s_uart2
     0000A118  _UART2_ITConfig                    stm8s_uart2
     0000A1BF  _UART2_IrDAConfig                  stm8s_uart2
     0000A1D2  _UART2_IrDACmd                     stm8s_uart2
     0000A1E5  _UART2_LINBreakDetectionConfig     stm8s_uart2
     0000A1F8  _UART2_LINConfig                   stm8s_uart2
     0000A231  _UART2_LINCmd                      stm8s_uart2
     0000A244  _UART2_SmartCardCmd                stm8s_uart2
     0000A257  _UART2_SmartCardNACKCmd            stm8s_uart2
     0000A26A  _UART2_WakeUpConfig                stm8s_uart2
     0000A277  _UART2_ReceiverWakeUpCmd           stm8s_uart2
     0000A28A  _UART2_ReceiveData8                stm8s_uart2
     0000A28E  _UART2_ReceiveData9                stm8s_uart2
     0000A2AC  _UART2_SendData8                   stm8s_uart2
     0000A2B3  _UART2_SendData9                   stm8s_uart2
     0000A2D0  _UART2_SendBreak                   stm8s_uart2
ASxxxx Linker V03.00 + NoICE + sdld,  page 13.
Hexadecimal  [32-Bits]

Area                                    Addr        Size        Decimal Bytes (Attributes)
--------------------------------        ----        ----        ------- ----- ------------
CODE                                000086FC    000029A0 =       10656. bytes (REL,CON)

      Value  Global                              Global Defined In Module
      -----  --------------------------------   ------------------------
     0000A2D5  _UART2_SetAddress                  stm8s_uart2
     0000A2E6  _UART2_SetGuardTime                stm8s_uart2
     0000A2ED  _UART2_SetPrescaler                stm8s_uart2
     0000A2F4  _UART2_GetFlagStatus               stm8s_uart2
     0000A34D  _UART2_ClearFlag                   stm8s_uart2
     0000A37B  _UART2_GetITStatus                 stm8s_uart2
     0000A417  _UART2_ClearITPendingBit           stm8s_uart2
     0000A434  _CLK_DeInit                        stm8s_clk
     0000A46B  _CLK_FastHaltWakeUpCmd             stm8s_clk
     0000A47E  _CLK_HSECmd                        stm8s_clk
     0000A491  _CLK_HSICmd                        stm8s_clk
     0000A4A4  _CLK_LSICmd                        stm8s_clk
     0000A4B7  _CLK_CCOCmd                        stm8s_clk
     0000A4CA  _CLK_ClockSwitchCmd                stm8s_clk
     0000A4DD  _CLK_SlowActiveHaltWakeUpCmd       stm8s_clk
     0000A4F0  _CLK_PeripheralClockConfig         stm8s_clk
     0000A53A  _CLK_ClockSwitchConfig             stm8s_clk
     0000A5E8  _CLK_HSIPrescalerConfig            stm8s_clk
     0000A5F9  _CLK_CCOConfig                     stm8s_clk
     0000A60E  _CLK_ITConfig                      stm8s_clk
     0000A64E  _CLK_SYSCLKConfig                  stm8s_clk
     0000A682  _CLK_SWIMConfig                    stm8s_clk
     0000A695  _CLK_ClockSecuritySystemEnable     stm8s_clk
     0000A69A  _CLK_GetSYSCLKSource               stm8s_clk
     0000A69E  _CLK_GetClockFreq                  stm8s_clk
     0000A6F0  _CLK_AdjustHSICalibrationValue     stm8s_clk
     0000A6FB  _CLK_SYSCLKEmergencyClear          stm8s_clk
     0000A700  _CLK_GetFlagStatus                 stm8s_clk
     0000A742  _CLK_GetITStatus                   stm8s_clk
     0000A762  _CLK_ClearITPendingBit             stm8s_clk
     0000A772  __modulong                         
     0000A7F5  _vsprintf                          sprintf
     0000A810  _sprintf                           sprintf
     0000A830  __divulong                         
     0000A88A  _puts                              puts
     0000A8B9  _vprintf                           vprintf
     0000A8CB  _printf                            vprintf
     0000A8E1  __mullong                          
     0000A95D  __modsint                          
     0000A973  __divsint                          
     0000AA2D  __print_format                     printf_large
     0000B08D  _strlen                            _strlen

ASxxxx Linker V03.00 + NoICE + sdld,  page 14.

Files Linked                              [ module(s) ]

main.rel                                  [ main ]
driver/dht12.rel                          [ dht12 ]
driver/driver_common.rel                  [ driver_common ]
driver/relay.rel                          [ relay ]
driver/uart.rel                           [ uart ]
driver/ds1302.rel                         [ ds1302 ]
driver/stm8s_it.rel                       [ stm8s_it ]
driver/eeprom.rel                         [ eeprom ]
driver/key.rel                            [ key ]
driver/beep.rel                           [ beep ]
driver/oled.rel                           [ oled ]
driver/adc.rel                            [ adc ]
STM8S_StdPeriph_Lib/Libraries/STM8S_StdPeriph_Driver/src/stm8s_gpio.rel
                                          [ stm8s_gpio ]
STM8S_StdPeriph_Lib/Libraries/STM8S_StdPeriph_Driver/src/stm8s_flash.rel
                                          [ stm8s_flash ]
STM8S_StdPeriph_Lib/Libraries/STM8S_StdPeriph_Driver/src/stm8s_exti.rel
                                          [ stm8s_exti ]
STM8S_StdPeriph_Lib/Libraries/STM8S_StdPeriph_Driver/src/stm8s_adc1.rel
                                          [ stm8s_adc1 ]
STM8S_StdPeriph_Lib/Libraries/STM8S_StdPeriph_Driver/src/stm8s_uart2.rel
                                          [ stm8s_uart2 ]
STM8S_StdPeriph_Lib/Libraries/STM8S_StdPeriph_Driver/src/stm8s_clk.rel
                                          [ stm8s_clk ]


Libraries Linked                          [ object file ]

/usr/local/bin/../share/sdcc/lib/stm8/stm8.lib
                                          [ _modulong.rel ]
/usr/local/bin/../share/sdcc/lib/stm8/stm8.lib
                                          [ sprintf.rel ]
/usr/local/bin/../share/sdcc/lib/stm8/stm8.lib
                                          [ _divulong.rel ]
/usr/local/bin/../share/sdcc/lib/stm8/stm8.lib
                                          [ puts.rel ]
/usr/local/bin/../share/sdcc/lib/stm8/stm8.lib
                                          [ vprintf.rel ]
/usr/local/bin/../share/sdcc/lib/stm8/stm8.lib
                                          [ _mullong.rel ]
/usr/local/bin/../share/sdcc/lib/stm8/stm8.lib
                                          [ _modsint.rel ]
/usr/local/bin/../share/sdcc/lib/stm8/stm8.lib
                                          [ _divsint.rel ]
/usr/local/bin/../share/sdcc/lib/stm8/stm8.lib
                                          [ printf_large.rel ]
/usr/local/bin/../share/sdcc/lib/stm8/stm8.lib
                                          [ _strlen.rel ]

ASxxxx Linker V03.00 + NoICE + sdld,  page 15.

User Base Address Definitions

HOME = 0x8000
DATA = 0x0001
SSEG = 0xffffffff

