                                      1 ;--------------------------------------------------------
                                      2 ; File Created by SDCC : free open source ANSI-C Compiler
                                      3 ; Version 3.8.0 #10562 (Linux)
                                      4 ;--------------------------------------------------------
                                      5 	.module dht12
                                      6 	.optsdcc -mstm8
                                      7 	
                                      8 ;--------------------------------------------------------
                                      9 ; Public variables in this module
                                     10 ;--------------------------------------------------------
                                     11 	.globl _i2c_read
                                     12 	.globl _I2C_Read
                                     13 	.globl _RcvByte
                                     14 	.globl _SendByte
                                     15 	.globl _I2C_nAck
                                     16 	.globl _I2C_Rack
                                     17 	.globl _I2C_Stop
                                     18 	.globl _I2C_Start
                                     19 	.globl _I2CDataInOut
                                     20 	.globl __delay_5us
                                     21 	.globl _i2c_deinit
                                     22 	.globl _i2c_init
                                     23 	.globl _GPIO_ReadInputPin
                                     24 	.globl _GPIO_WriteLow
                                     25 	.globl _GPIO_WriteHigh
                                     26 	.globl _GPIO_Init
                                     27 	.globl _ReadDHT12
                                     28 ;--------------------------------------------------------
                                     29 ; ram data
                                     30 ;--------------------------------------------------------
                                     31 	.area DATA
                                     32 ;--------------------------------------------------------
                                     33 ; ram data
                                     34 ;--------------------------------------------------------
                                     35 	.area INITIALIZED
                                     36 ;--------------------------------------------------------
                                     37 ; absolute external ram data
                                     38 ;--------------------------------------------------------
                                     39 	.area DABS (ABS)
                                     40 
                                     41 ; default segment ordering for linker
                                     42 	.area HOME
                                     43 	.area GSINIT
                                     44 	.area GSFINAL
                                     45 	.area CONST
                                     46 	.area INITIALIZER
                                     47 	.area CODE
                                     48 
                                     49 ;--------------------------------------------------------
                                     50 ; global & static initialisations
                                     51 ;--------------------------------------------------------
                                     52 	.area HOME
                                     53 	.area GSINIT
                                     54 	.area GSFINAL
                                     55 	.area GSINIT
                                     56 ;--------------------------------------------------------
                                     57 ; Home
                                     58 ;--------------------------------------------------------
                                     59 	.area HOME
                                     60 	.area HOME
                                     61 ;--------------------------------------------------------
                                     62 ; code
                                     63 ;--------------------------------------------------------
                                     64 	.area CODE
                                     65 ;	driver/dht12.c: 3: void i2c_init()
                                     66 ;	-----------------------------------------
                                     67 ;	 function i2c_init
                                     68 ;	-----------------------------------------
      000000                         69 _i2c_init:
                                     70 ;	driver/dht12.c: 5: GPIO_Init(GPIOB,GPIO_PIN_4,GPIO_MODE_OUT_OD_LOW_FAST);
      000000 4B A0            [ 1]   71 	push	#0xa0
      000002 4B 10            [ 1]   72 	push	#0x10
      000004 4B 05            [ 1]   73 	push	#0x05
      000006 4B 50            [ 1]   74 	push	#0x50
      000008 CDr00r00         [ 4]   75 	call	_GPIO_Init
      00000B 5B 04            [ 2]   76 	addw	sp, #4
                                     77 ;	driver/dht12.c: 6: GPIO_Init(GPIOB,GPIO_PIN_5,GPIO_MODE_OUT_OD_LOW_FAST);
      00000D 4B A0            [ 1]   78 	push	#0xa0
      00000F 4B 20            [ 1]   79 	push	#0x20
      000011 4B 05            [ 1]   80 	push	#0x05
      000013 4B 50            [ 1]   81 	push	#0x50
      000015 CDr00r00         [ 4]   82 	call	_GPIO_Init
      000018 5B 04            [ 2]   83 	addw	sp, #4
                                     84 ;	driver/dht12.c: 7: }
      00001A 81               [ 4]   85 	ret
                                     86 ;	driver/dht12.c: 8: void i2c_deinit() 
                                     87 ;	-----------------------------------------
                                     88 ;	 function i2c_deinit
                                     89 ;	-----------------------------------------
      00001B                         90 _i2c_deinit:
                                     91 ;	driver/dht12.c: 10: GPIO_Init(GPIOB,GPIO_PIN_4, GPIO_MODE_IN_FL_NO_IT);
      00001B 4B 00            [ 1]   92 	push	#0x00
      00001D 4B 10            [ 1]   93 	push	#0x10
      00001F 4B 05            [ 1]   94 	push	#0x05
      000021 4B 50            [ 1]   95 	push	#0x50
      000023 CDr00r00         [ 4]   96 	call	_GPIO_Init
      000026 5B 04            [ 2]   97 	addw	sp, #4
                                     98 ;	driver/dht12.c: 11: GPIO_Init(GPIOB,GPIO_PIN_5, GPIO_MODE_IN_FL_NO_IT);
      000028 4B 00            [ 1]   99 	push	#0x00
      00002A 4B 20            [ 1]  100 	push	#0x20
      00002C 4B 05            [ 1]  101 	push	#0x05
      00002E 4B 50            [ 1]  102 	push	#0x50
      000030 CDr00r00         [ 4]  103 	call	_GPIO_Init
      000033 5B 04            [ 2]  104 	addw	sp, #4
                                    105 ;	driver/dht12.c: 12: }
      000035 81               [ 4]  106 	ret
                                    107 ;	driver/dht12.c: 14: void _delay_5us(unsigned int xx)
                                    108 ;	-----------------------------------------
                                    109 ;	 function _delay_5us
                                    110 ;	-----------------------------------------
      000036                        111 __delay_5us:
      000036 52 04            [ 2]  112 	sub	sp, #4
                                    113 ;	driver/dht12.c: 16: unsigned int yy = 0;
      000038 16 07            [ 2]  114 	ldw	y, (0x07, sp)
      00003A 17 03            [ 2]  115 	ldw	(0x03, sp), y
      00003C                        116 00107$:
                                    117 ;	driver/dht12.c: 17: for(;xx>0;xx--)
      00003C 1E 03            [ 2]  118 	ldw	x, (0x03, sp)
      00003E 27 11            [ 1]  119 	jreq	00109$
                                    120 ;	driver/dht12.c: 19: for(yy = 0;yy<1;yy++)
      000040 5F               [ 1]  121 	clrw	x
      000041 5C               [ 1]  122 	incw	x
      000042                        123 00105$:
                                    124 ;	driver/dht12.c: 20: nop();
      000042 9D               [ 1]  125 	nop
      000043 5A               [ 2]  126 	decw	x
                                    127 ;	driver/dht12.c: 19: for(yy = 0;yy<1;yy++)
      000044 1F 01            [ 2]  128 	ldw	(0x01, sp), x
      000046 90 93            [ 1]  129 	ldw	y, x
      000048 26 F8            [ 1]  130 	jrne	00105$
                                    131 ;	driver/dht12.c: 17: for(;xx>0;xx--)
      00004A 1E 03            [ 2]  132 	ldw	x, (0x03, sp)
      00004C 5A               [ 2]  133 	decw	x
      00004D 1F 03            [ 2]  134 	ldw	(0x03, sp), x
      00004F 20 EB            [ 2]  135 	jra	00107$
      000051                        136 00109$:
                                    137 ;	driver/dht12.c: 32: }
      000051 5B 04            [ 2]  138 	addw	sp, #4
      000053 81               [ 4]  139 	ret
                                    140 ;	driver/dht12.c: 60: void I2CDataInOut(bool InOut)  
                                    141 ;	-----------------------------------------
                                    142 ;	 function I2CDataInOut
                                    143 ;	-----------------------------------------
      000054                        144 _I2CDataInOut:
                                    145 ;	driver/dht12.c: 64: if(InOut)  
      000054 0D 03            [ 1]  146 	tnz	(0x03, sp)
      000056 27 0E            [ 1]  147 	jreq	00102$
                                    148 ;	driver/dht12.c: 68: GPIO_Init(I2C_PORT,I2CSDA,GPIO_MODE_IN_FL_NO_IT);  
      000058 4B 00            [ 1]  149 	push	#0x00
      00005A 4B 20            [ 1]  150 	push	#0x20
      00005C 4B 05            [ 1]  151 	push	#0x05
      00005E 4B 50            [ 1]  152 	push	#0x50
      000060 CDr00r00         [ 4]  153 	call	_GPIO_Init
      000063 5B 04            [ 2]  154 	addw	sp, #4
      000065 81               [ 4]  155 	ret
      000066                        156 00102$:
                                    157 ;	driver/dht12.c: 76: GPIO_Init(I2C_PORT,I2CSDA,GPIO_MODE_OUT_PP_LOW_FAST);  
      000066 4B E0            [ 1]  158 	push	#0xe0
      000068 4B 20            [ 1]  159 	push	#0x20
      00006A 4B 05            [ 1]  160 	push	#0x05
      00006C 4B 50            [ 1]  161 	push	#0x50
      00006E CDr00r00         [ 4]  162 	call	_GPIO_Init
      000071 5B 04            [ 2]  163 	addw	sp, #4
                                    164 ;	driver/dht12.c: 80: }  
      000073 81               [ 4]  165 	ret
                                    166 ;	driver/dht12.c: 92: void I2C_Start (void)  
                                    167 ;	-----------------------------------------
                                    168 ;	 function I2C_Start
                                    169 ;	-----------------------------------------
      000074                        170 _I2C_Start:
                                    171 ;	driver/dht12.c: 95: I2CDataInOut(I2CDataOut);
      000074 4B 00            [ 1]  172 	push	#0x00
      000076 CDr00r54         [ 4]  173 	call	_I2CDataInOut
      000079 84               [ 1]  174 	pop	a
                                    175 ;	driver/dht12.c: 97: GPIO_WriteHigh(I2C_PORT, I2CSDA);  
      00007A 4B 20            [ 1]  176 	push	#0x20
      00007C 4B 05            [ 1]  177 	push	#0x05
      00007E 4B 50            [ 1]  178 	push	#0x50
      000080 CDr00r00         [ 4]  179 	call	_GPIO_WriteHigh
      000083 5B 03            [ 2]  180 	addw	sp, #3
                                    181 ;	driver/dht12.c: 99: _delay_5us(5);  
      000085 4B 05            [ 1]  182 	push	#0x05
      000087 4B 00            [ 1]  183 	push	#0x00
      000089 CDr00r36         [ 4]  184 	call	__delay_5us
      00008C 5B 02            [ 2]  185 	addw	sp, #2
                                    186 ;	driver/dht12.c: 101: GPIO_WriteHigh(I2C_PORT, I2CSCL);  
      00008E 4B 10            [ 1]  187 	push	#0x10
      000090 4B 05            [ 1]  188 	push	#0x05
      000092 4B 50            [ 1]  189 	push	#0x50
      000094 CDr00r00         [ 4]  190 	call	_GPIO_WriteHigh
      000097 5B 03            [ 2]  191 	addw	sp, #3
                                    192 ;	driver/dht12.c: 103: _delay_5us(5);  
      000099 4B 05            [ 1]  193 	push	#0x05
      00009B 4B 00            [ 1]  194 	push	#0x00
      00009D CDr00r36         [ 4]  195 	call	__delay_5us
      0000A0 5B 02            [ 2]  196 	addw	sp, #2
                                    197 ;	driver/dht12.c: 105: GPIO_WriteLow(I2C_PORT, I2CSDA);  
      0000A2 4B 20            [ 1]  198 	push	#0x20
      0000A4 4B 05            [ 1]  199 	push	#0x05
      0000A6 4B 50            [ 1]  200 	push	#0x50
      0000A8 CDr00r00         [ 4]  201 	call	_GPIO_WriteLow
      0000AB 5B 03            [ 2]  202 	addw	sp, #3
                                    203 ;	driver/dht12.c: 107: _delay_5us(5);  
      0000AD 4B 05            [ 1]  204 	push	#0x05
      0000AF 4B 00            [ 1]  205 	push	#0x00
      0000B1 CDr00r36         [ 4]  206 	call	__delay_5us
      0000B4 5B 02            [ 2]  207 	addw	sp, #2
                                    208 ;	driver/dht12.c: 108: GPIO_WriteLow(I2C_PORT, I2CSCL);    
      0000B6 4B 10            [ 1]  209 	push	#0x10
      0000B8 4B 05            [ 1]  210 	push	#0x05
      0000BA 4B 50            [ 1]  211 	push	#0x50
      0000BC CDr00r00         [ 4]  212 	call	_GPIO_WriteLow
      0000BF 5B 03            [ 2]  213 	addw	sp, #3
                                    214 ;	driver/dht12.c: 109: }  
      0000C1 81               [ 4]  215 	ret
                                    216 ;	driver/dht12.c: 119: void I2C_Stop (void)  
                                    217 ;	-----------------------------------------
                                    218 ;	 function I2C_Stop
                                    219 ;	-----------------------------------------
      0000C2                        220 _I2C_Stop:
                                    221 ;	driver/dht12.c: 122: I2CDataInOut(I2CDataOut);
      0000C2 4B 00            [ 1]  222 	push	#0x00
      0000C4 CDr00r54         [ 4]  223 	call	_I2CDataInOut
      0000C7 84               [ 1]  224 	pop	a
                                    225 ;	driver/dht12.c: 123: GPIO_WriteLow(I2C_PORT, I2CSCL); 
      0000C8 4B 10            [ 1]  226 	push	#0x10
      0000CA 4B 05            [ 1]  227 	push	#0x05
      0000CC 4B 50            [ 1]  228 	push	#0x50
      0000CE CDr00r00         [ 4]  229 	call	_GPIO_WriteLow
      0000D1 5B 03            [ 2]  230 	addw	sp, #3
                                    231 ;	driver/dht12.c: 124: _delay_5us(5);   
      0000D3 4B 05            [ 1]  232 	push	#0x05
      0000D5 4B 00            [ 1]  233 	push	#0x00
      0000D7 CDr00r36         [ 4]  234 	call	__delay_5us
      0000DA 5B 02            [ 2]  235 	addw	sp, #2
                                    236 ;	driver/dht12.c: 125: GPIO_WriteLow(I2C_PORT, I2CSDA);  
      0000DC 4B 20            [ 1]  237 	push	#0x20
      0000DE 4B 05            [ 1]  238 	push	#0x05
      0000E0 4B 50            [ 1]  239 	push	#0x50
      0000E2 CDr00r00         [ 4]  240 	call	_GPIO_WriteLow
      0000E5 5B 03            [ 2]  241 	addw	sp, #3
                                    242 ;	driver/dht12.c: 127: _delay_5us(5);  
      0000E7 4B 05            [ 1]  243 	push	#0x05
      0000E9 4B 00            [ 1]  244 	push	#0x00
      0000EB CDr00r36         [ 4]  245 	call	__delay_5us
      0000EE 5B 02            [ 2]  246 	addw	sp, #2
                                    247 ;	driver/dht12.c: 129: GPIO_WriteHigh(I2C_PORT, I2CSCL);  
      0000F0 4B 10            [ 1]  248 	push	#0x10
      0000F2 4B 05            [ 1]  249 	push	#0x05
      0000F4 4B 50            [ 1]  250 	push	#0x50
      0000F6 CDr00r00         [ 4]  251 	call	_GPIO_WriteHigh
      0000F9 5B 03            [ 2]  252 	addw	sp, #3
                                    253 ;	driver/dht12.c: 131: _delay_5us(5);  
      0000FB 4B 05            [ 1]  254 	push	#0x05
      0000FD 4B 00            [ 1]  255 	push	#0x00
      0000FF CDr00r36         [ 4]  256 	call	__delay_5us
      000102 5B 02            [ 2]  257 	addw	sp, #2
                                    258 ;	driver/dht12.c: 133: GPIO_WriteHigh(I2C_PORT, I2CSDA);  
      000104 4B 20            [ 1]  259 	push	#0x20
      000106 4B 05            [ 1]  260 	push	#0x05
      000108 4B 50            [ 1]  261 	push	#0x50
      00010A CDr00r00         [ 4]  262 	call	_GPIO_WriteHigh
      00010D 5B 03            [ 2]  263 	addw	sp, #3
                                    264 ;	driver/dht12.c: 135: }  
      00010F 81               [ 4]  265 	ret
                                    266 ;	driver/dht12.c: 149: void I2C_Rack(void)  
                                    267 ;	-----------------------------------------
                                    268 ;	 function I2C_Rack
                                    269 ;	-----------------------------------------
      000110                        270 _I2C_Rack:
                                    271 ;	driver/dht12.c: 152: I2CDataInOut(I2CDataOut);
      000110 4B 00            [ 1]  272 	push	#0x00
      000112 CDr00r54         [ 4]  273 	call	_I2CDataInOut
      000115 84               [ 1]  274 	pop	a
                                    275 ;	driver/dht12.c: 154: GPIO_WriteLow(I2C_PORT, I2CSDA);  
      000116 4B 20            [ 1]  276 	push	#0x20
      000118 4B 05            [ 1]  277 	push	#0x05
      00011A 4B 50            [ 1]  278 	push	#0x50
      00011C CDr00r00         [ 4]  279 	call	_GPIO_WriteLow
      00011F 5B 03            [ 2]  280 	addw	sp, #3
                                    281 ;	driver/dht12.c: 156: _delay_5us(5);  
      000121 4B 05            [ 1]  282 	push	#0x05
      000123 4B 00            [ 1]  283 	push	#0x00
      000125 CDr00r36         [ 4]  284 	call	__delay_5us
      000128 5B 02            [ 2]  285 	addw	sp, #2
                                    286 ;	driver/dht12.c: 158: GPIO_WriteHigh(I2C_PORT, I2CSCL);  
      00012A 4B 10            [ 1]  287 	push	#0x10
      00012C 4B 05            [ 1]  288 	push	#0x05
      00012E 4B 50            [ 1]  289 	push	#0x50
      000130 CDr00r00         [ 4]  290 	call	_GPIO_WriteHigh
      000133 5B 03            [ 2]  291 	addw	sp, #3
                                    292 ;	driver/dht12.c: 160: _delay_5us(5);  
      000135 4B 05            [ 1]  293 	push	#0x05
      000137 4B 00            [ 1]  294 	push	#0x00
      000139 CDr00r36         [ 4]  295 	call	__delay_5us
      00013C 5B 02            [ 2]  296 	addw	sp, #2
                                    297 ;	driver/dht12.c: 162: GPIO_WriteLow(I2C_PORT, I2CSCL);  
      00013E 4B 10            [ 1]  298 	push	#0x10
      000140 4B 05            [ 1]  299 	push	#0x05
      000142 4B 50            [ 1]  300 	push	#0x50
      000144 CDr00r00         [ 4]  301 	call	_GPIO_WriteLow
      000147 5B 03            [ 2]  302 	addw	sp, #3
                                    303 ;	driver/dht12.c: 164: _delay_5us(5);  
      000149 4B 05            [ 1]  304 	push	#0x05
      00014B 4B 00            [ 1]  305 	push	#0x00
      00014D CDr00r36         [ 4]  306 	call	__delay_5us
      000150 5B 02            [ 2]  307 	addw	sp, #2
                                    308 ;	driver/dht12.c: 166: }  
      000152 81               [ 4]  309 	ret
                                    310 ;	driver/dht12.c: 181: void I2C_nAck (void)  
                                    311 ;	-----------------------------------------
                                    312 ;	 function I2C_nAck
                                    313 ;	-----------------------------------------
      000153                        314 _I2C_nAck:
                                    315 ;	driver/dht12.c: 184: I2CDataInOut(I2CDataOut);
      000153 4B 00            [ 1]  316 	push	#0x00
      000155 CDr00r54         [ 4]  317 	call	_I2CDataInOut
      000158 84               [ 1]  318 	pop	a
                                    319 ;	driver/dht12.c: 187: GPIO_WriteHigh(I2C_PORT, I2CSDA);  
      000159 4B 20            [ 1]  320 	push	#0x20
      00015B 4B 05            [ 1]  321 	push	#0x05
      00015D 4B 50            [ 1]  322 	push	#0x50
      00015F CDr00r00         [ 4]  323 	call	_GPIO_WriteHigh
      000162 5B 03            [ 2]  324 	addw	sp, #3
                                    325 ;	driver/dht12.c: 189: _delay_5us(5);  
      000164 4B 05            [ 1]  326 	push	#0x05
      000166 4B 00            [ 1]  327 	push	#0x00
      000168 CDr00r36         [ 4]  328 	call	__delay_5us
      00016B 5B 02            [ 2]  329 	addw	sp, #2
                                    330 ;	driver/dht12.c: 191: GPIO_WriteHigh(I2C_PORT, I2CSCL);  
      00016D 4B 10            [ 1]  331 	push	#0x10
      00016F 4B 05            [ 1]  332 	push	#0x05
      000171 4B 50            [ 1]  333 	push	#0x50
      000173 CDr00r00         [ 4]  334 	call	_GPIO_WriteHigh
      000176 5B 03            [ 2]  335 	addw	sp, #3
                                    336 ;	driver/dht12.c: 193: _delay_5us(5);  
      000178 4B 05            [ 1]  337 	push	#0x05
      00017A 4B 00            [ 1]  338 	push	#0x00
      00017C CDr00r36         [ 4]  339 	call	__delay_5us
      00017F 5B 02            [ 2]  340 	addw	sp, #2
                                    341 ;	driver/dht12.c: 195: GPIO_WriteLow(I2C_PORT, I2CSCL);  
      000181 4B 10            [ 1]  342 	push	#0x10
      000183 4B 05            [ 1]  343 	push	#0x05
      000185 4B 50            [ 1]  344 	push	#0x50
      000187 CDr00r00         [ 4]  345 	call	_GPIO_WriteLow
      00018A 5B 03            [ 2]  346 	addw	sp, #3
                                    347 ;	driver/dht12.c: 197: _delay_5us(5);  
      00018C 4B 05            [ 1]  348 	push	#0x05
      00018E 4B 00            [ 1]  349 	push	#0x00
      000190 CDr00r36         [ 4]  350 	call	__delay_5us
      000193 5B 02            [ 2]  351 	addw	sp, #2
                                    352 ;	driver/dht12.c: 199: }  
      000195 81               [ 4]  353 	ret
                                    354 ;	driver/dht12.c: 209: bool SendByte(UCHAR I2cData)  
                                    355 ;	-----------------------------------------
                                    356 ;	 function SendByte
                                    357 ;	-----------------------------------------
      000196                        358 _SendByte:
      000196 52 03            [ 2]  359 	sub	sp, #3
                                    360 ;	driver/dht12.c: 218: for(i=0; i<8; i++)  
      000198 0F 03            [ 1]  361 	clr	(0x03, sp)
      00019A                        362 00112$:
                                    363 ;	driver/dht12.c: 222: GPIO_WriteLow(I2C_PORT, I2CSCL);  
      00019A 4B 10            [ 1]  364 	push	#0x10
      00019C 4B 05            [ 1]  365 	push	#0x05
      00019E 4B 50            [ 1]  366 	push	#0x50
      0001A0 CDr00r00         [ 4]  367 	call	_GPIO_WriteLow
      0001A3 5B 03            [ 2]  368 	addw	sp, #3
                                    369 ;	driver/dht12.c: 224: _delay_5us(5);  
      0001A5 4B 05            [ 1]  370 	push	#0x05
      0001A7 4B 00            [ 1]  371 	push	#0x00
      0001A9 CDr00r36         [ 4]  372 	call	__delay_5us
      0001AC 5B 02            [ 2]  373 	addw	sp, #2
                                    374 ;	driver/dht12.c: 226: if(I2cData & 0x80)  
      0001AE 7B 06            [ 1]  375 	ld	a, (0x06, sp)
      0001B0 2A 0D            [ 1]  376 	jrpl	00102$
                                    377 ;	driver/dht12.c: 228: {GPIO_WriteHigh(I2C_PORT, I2CSDA);}  
      0001B2 4B 20            [ 1]  378 	push	#0x20
      0001B4 4B 05            [ 1]  379 	push	#0x05
      0001B6 4B 50            [ 1]  380 	push	#0x50
      0001B8 CDr00r00         [ 4]  381 	call	_GPIO_WriteHigh
      0001BB 5B 03            [ 2]  382 	addw	sp, #3
      0001BD 20 0B            [ 2]  383 	jra	00103$
      0001BF                        384 00102$:
                                    385 ;	driver/dht12.c: 232: {GPIO_WriteLow(I2C_PORT, I2CSDA);}  
      0001BF 4B 20            [ 1]  386 	push	#0x20
      0001C1 4B 05            [ 1]  387 	push	#0x05
      0001C3 4B 50            [ 1]  388 	push	#0x50
      0001C5 CDr00r00         [ 4]  389 	call	_GPIO_WriteLow
      0001C8 5B 03            [ 2]  390 	addw	sp, #3
      0001CA                        391 00103$:
                                    392 ;	driver/dht12.c: 234: GPIO_WriteHigh(I2C_PORT, I2CSCL);  
      0001CA 4B 10            [ 1]  393 	push	#0x10
      0001CC 4B 05            [ 1]  394 	push	#0x05
      0001CE 4B 50            [ 1]  395 	push	#0x50
      0001D0 CDr00r00         [ 4]  396 	call	_GPIO_WriteHigh
      0001D3 5B 03            [ 2]  397 	addw	sp, #3
                                    398 ;	driver/dht12.c: 236: _delay_5us(5);  
      0001D5 4B 05            [ 1]  399 	push	#0x05
      0001D7 4B 00            [ 1]  400 	push	#0x00
      0001D9 CDr00r36         [ 4]  401 	call	__delay_5us
      0001DC 5B 02            [ 2]  402 	addw	sp, #2
                                    403 ;	driver/dht12.c: 238: I2cData <<= 1;  
      0001DE 08 06            [ 1]  404 	sll	(0x06, sp)
                                    405 ;	driver/dht12.c: 218: for(i=0; i<8; i++)  
      0001E0 0C 03            [ 1]  406 	inc	(0x03, sp)
      0001E2 7B 03            [ 1]  407 	ld	a, (0x03, sp)
      0001E4 A1 08            [ 1]  408 	cp	a, #0x08
      0001E6 25 B2            [ 1]  409 	jrc	00112$
                                    410 ;	driver/dht12.c: 242: GPIO_WriteLow(I2C_PORT, I2CSCL);  
      0001E8 4B 10            [ 1]  411 	push	#0x10
      0001EA 4B 05            [ 1]  412 	push	#0x05
      0001EC 4B 50            [ 1]  413 	push	#0x50
      0001EE CDr00r00         [ 4]  414 	call	_GPIO_WriteLow
      0001F1 5B 03            [ 2]  415 	addw	sp, #3
                                    416 ;	driver/dht12.c: 244: GPIO_WriteHigh(I2C_PORT, I2CSDA);//发送完一字节，接收应答  
      0001F3 4B 20            [ 1]  417 	push	#0x20
      0001F5 4B 05            [ 1]  418 	push	#0x05
      0001F7 4B 50            [ 1]  419 	push	#0x50
      0001F9 CDr00r00         [ 4]  420 	call	_GPIO_WriteHigh
      0001FC 5B 03            [ 2]  421 	addw	sp, #3
                                    422 ;	driver/dht12.c: 248: I2CDataInOut(I2CDataIn);  
      0001FE 4B 01            [ 1]  423 	push	#0x01
      000200 CDr00r54         [ 4]  424 	call	_I2CDataInOut
      000203 84               [ 1]  425 	pop	a
                                    426 ;	driver/dht12.c: 251: GPIO_WriteHigh(I2C_PORT, I2CSCL);  
      000204 4B 10            [ 1]  427 	push	#0x10
      000206 4B 05            [ 1]  428 	push	#0x05
      000208 4B 50            [ 1]  429 	push	#0x50
      00020A CDr00r00         [ 4]  430 	call	_GPIO_WriteHigh
      00020D 5B 03            [ 2]  431 	addw	sp, #3
                                    432 ;	driver/dht12.c: 273: while(GPIO_ReadInputPin(I2C_PORT,I2CSDA) &&count--)
      00020F AE 03 E8         [ 2]  433 	ldw	x, #0x03e8
      000212 1F 01            [ 2]  434 	ldw	(0x01, sp), x
      000214                        435 00106$:
      000214 4B 20            [ 1]  436 	push	#0x20
      000216 4B 05            [ 1]  437 	push	#0x05
      000218 4B 50            [ 1]  438 	push	#0x50
      00021A CDr00r00         [ 4]  439 	call	_GPIO_ReadInputPin
      00021D 5B 03            [ 2]  440 	addw	sp, #3
      00021F 4D               [ 1]  441 	tnz	a
      000220 27 0F            [ 1]  442 	jreq	00108$
      000222 1E 01            [ 2]  443 	ldw	x, (0x01, sp)
      000224 16 01            [ 2]  444 	ldw	y, (0x01, sp)
      000226 90 5A            [ 2]  445 	decw	y
      000228 17 01            [ 2]  446 	ldw	(0x01, sp), y
      00022A 5D               [ 2]  447 	tnzw	x
      00022B 27 04            [ 1]  448 	jreq	00108$
                                    449 ;	driver/dht12.c: 274: {nop();nop();};
      00022D 9D               [ 1]  450 	nop
      00022E 9D               [ 1]  451 	nop
      00022F 20 E3            [ 2]  452 	jra	00106$
      000231                        453 00108$:
                                    454 ;	driver/dht12.c: 275: GPIO_WriteLow(I2C_PORT, I2CSCL);
      000231 4B 10            [ 1]  455 	push	#0x10
      000233 4B 05            [ 1]  456 	push	#0x05
      000235 4B 50            [ 1]  457 	push	#0x50
      000237 CDr00r00         [ 4]  458 	call	_GPIO_WriteLow
      00023A 5B 03            [ 2]  459 	addw	sp, #3
                                    460 ;	driver/dht12.c: 280: I2CDataInOut(I2CDataOut);  
      00023C 4B 00            [ 1]  461 	push	#0x00
      00023E CDr00r54         [ 4]  462 	call	_I2CDataInOut
      000241 84               [ 1]  463 	pop	a
                                    464 ;	driver/dht12.c: 281: if(count)
      000242 1E 01            [ 2]  465 	ldw	x, (0x01, sp)
      000244 27 03            [ 1]  466 	jreq	00110$
                                    467 ;	driver/dht12.c: 284: I2CStatus = I2C_CRR;  
      000246 A6 01            [ 1]  468 	ld	a, #0x01
                                    469 ;	driver/dht12.c: 292: I2CStatus = I2C_ERR;  
      000248 21                     470 	.byte 0x21
      000249                        471 00110$:
      000249 4F               [ 1]  472 	clr	a
      00024A                        473 00111$:
                                    474 ;	driver/dht12.c: 295: return I2CStatus;  
                                    475 ;	driver/dht12.c: 297: }  
      00024A 5B 03            [ 2]  476 	addw	sp, #3
      00024C 81               [ 4]  477 	ret
                                    478 ;	driver/dht12.c: 312: UCHAR RcvByte(void)  
                                    479 ;	-----------------------------------------
                                    480 ;	 function RcvByte
                                    481 ;	-----------------------------------------
      00024D                        482 _RcvByte:
      00024D 52 02            [ 2]  483 	sub	sp, #2
                                    484 ;	driver/dht12.c: 318: UCHAR ReadByte=0;  
      00024F 0F 02            [ 1]  485 	clr	(0x02, sp)
                                    486 ;	driver/dht12.c: 320: GPIO_WriteHigh(I2C_PORT, I2CSDA);  
      000251 4B 20            [ 1]  487 	push	#0x20
      000253 4B 05            [ 1]  488 	push	#0x05
      000255 4B 50            [ 1]  489 	push	#0x50
      000257 CDr00r00         [ 4]  490 	call	_GPIO_WriteHigh
      00025A 5B 03            [ 2]  491 	addw	sp, #3
                                    492 ;	driver/dht12.c: 323: I2CDataInOut(I2CDataIn);  
      00025C 4B 01            [ 1]  493 	push	#0x01
      00025E CDr00r54         [ 4]  494 	call	_I2CDataInOut
      000261 84               [ 1]  495 	pop	a
                                    496 ;	driver/dht12.c: 325: _delay_5us(10);  
      000262 4B 0A            [ 1]  497 	push	#0x0a
      000264 4B 00            [ 1]  498 	push	#0x00
      000266 CDr00r36         [ 4]  499 	call	__delay_5us
      000269 5B 02            [ 2]  500 	addw	sp, #2
                                    501 ;	driver/dht12.c: 327: for(i=0; i<8; i++)  
      00026B 0F 01            [ 1]  502 	clr	(0x01, sp)
      00026D                        503 00104$:
                                    504 ;	driver/dht12.c: 331: ReadByte <<= 1;  
      00026D 7B 02            [ 1]  505 	ld	a, (0x02, sp)
      00026F 48               [ 1]  506 	sll	a
      000270 6B 02            [ 1]  507 	ld	(0x02, sp), a
                                    508 ;	driver/dht12.c: 333: GPIO_WriteLow(I2C_PORT, I2CSCL);  
      000272 4B 10            [ 1]  509 	push	#0x10
      000274 4B 05            [ 1]  510 	push	#0x05
      000276 4B 50            [ 1]  511 	push	#0x50
      000278 CDr00r00         [ 4]  512 	call	_GPIO_WriteLow
      00027B 5B 03            [ 2]  513 	addw	sp, #3
                                    514 ;	driver/dht12.c: 335: _delay_5us(5);  
      00027D 4B 05            [ 1]  515 	push	#0x05
      00027F 4B 00            [ 1]  516 	push	#0x00
      000281 CDr00r36         [ 4]  517 	call	__delay_5us
      000284 5B 02            [ 2]  518 	addw	sp, #2
                                    519 ;	driver/dht12.c: 337: GPIO_WriteHigh(I2C_PORT, I2CSCL);  
      000286 4B 10            [ 1]  520 	push	#0x10
      000288 4B 05            [ 1]  521 	push	#0x05
      00028A 4B 50            [ 1]  522 	push	#0x50
      00028C CDr00r00         [ 4]  523 	call	_GPIO_WriteHigh
      00028F 5B 03            [ 2]  524 	addw	sp, #3
                                    525 ;	driver/dht12.c: 339: _delay_5us(10);  
      000291 4B 0A            [ 1]  526 	push	#0x0a
      000293 4B 00            [ 1]  527 	push	#0x00
      000295 CDr00r36         [ 4]  528 	call	__delay_5us
      000298 5B 02            [ 2]  529 	addw	sp, #2
                                    530 ;	driver/dht12.c: 342: if(GPIO_ReadInputPin(I2C_PORT,I2CSDA) !=RESET)  
      00029A 4B 20            [ 1]  531 	push	#0x20
      00029C 4B 05            [ 1]  532 	push	#0x05
      00029E 4B 50            [ 1]  533 	push	#0x50
      0002A0 CDr00r00         [ 4]  534 	call	_GPIO_ReadInputPin
      0002A3 5B 03            [ 2]  535 	addw	sp, #3
      0002A5 4D               [ 1]  536 	tnz	a
      0002A6 27 06            [ 1]  537 	jreq	00102$
                                    538 ;	driver/dht12.c: 344: {ReadByte |= 0x01;}  
      0002A8 7B 02            [ 1]  539 	ld	a, (0x02, sp)
      0002AA AA 01            [ 1]  540 	or	a, #0x01
      0002AC 6B 02            [ 1]  541 	ld	(0x02, sp), a
      0002AE                        542 00102$:
                                    543 ;	driver/dht12.c: 346: _delay_5us(10);  
      0002AE 4B 0A            [ 1]  544 	push	#0x0a
      0002B0 4B 00            [ 1]  545 	push	#0x00
      0002B2 CDr00r36         [ 4]  546 	call	__delay_5us
      0002B5 5B 02            [ 2]  547 	addw	sp, #2
                                    548 ;	driver/dht12.c: 327: for(i=0; i<8; i++)  
      0002B7 0C 01            [ 1]  549 	inc	(0x01, sp)
      0002B9 7B 01            [ 1]  550 	ld	a, (0x01, sp)
      0002BB A1 08            [ 1]  551 	cp	a, #0x08
      0002BD 25 AE            [ 1]  552 	jrc	00104$
                                    553 ;	driver/dht12.c: 350: GPIO_WriteLow(I2C_PORT, I2CSCL);  
      0002BF 4B 10            [ 1]  554 	push	#0x10
      0002C1 4B 05            [ 1]  555 	push	#0x05
      0002C3 4B 50            [ 1]  556 	push	#0x50
      0002C5 CDr00r00         [ 4]  557 	call	_GPIO_WriteLow
      0002C8 5B 03            [ 2]  558 	addw	sp, #3
                                    559 ;	driver/dht12.c: 352: I2CDataInOut(I2CDataOut);  
      0002CA 4B 00            [ 1]  560 	push	#0x00
      0002CC CDr00r54         [ 4]  561 	call	_I2CDataInOut
      0002CF 84               [ 1]  562 	pop	a
                                    563 ;	driver/dht12.c: 354: _delay_5us(10);  
      0002D0 4B 0A            [ 1]  564 	push	#0x0a
      0002D2 4B 00            [ 1]  565 	push	#0x00
      0002D4 CDr00r36         [ 4]  566 	call	__delay_5us
      0002D7 5B 02            [ 2]  567 	addw	sp, #2
                                    568 ;	driver/dht12.c: 356: return ReadByte;  
      0002D9 7B 02            [ 1]  569 	ld	a, (0x02, sp)
                                    570 ;	driver/dht12.c: 358: }  
      0002DB 5B 02            [ 2]  571 	addw	sp, #2
      0002DD 81               [ 4]  572 	ret
                                    573 ;	driver/dht12.c: 377: bool I2C_Read(UCHAR wrDAdr,UCHAR wordAdr,UCHAR *pRdDat,UCHAR num)  
                                    574 ;	-----------------------------------------
                                    575 ;	 function I2C_Read
                                    576 ;	-----------------------------------------
      0002DE                        577 _I2C_Read:
      0002DE 52 09            [ 2]  578 	sub	sp, #9
                                    579 ;	driver/dht12.c: 387: rdDAdr = wrDAdr+1; //读器件地址为写地址加1  
      0002E0 7B 0C            [ 1]  580 	ld	a, (0x0c, sp)
      0002E2 4C               [ 1]  581 	inc	a
      0002E3 6B 09            [ 1]  582 	ld	(0x09, sp), a
                                    583 ;	driver/dht12.c: 389: I2C_Start();  /*启动I2C*/  
      0002E5 CDr00r74         [ 4]  584 	call	_I2C_Start
                                    585 ;	driver/dht12.c: 391: _delay_5us(5);  
      0002E8 4B 05            [ 1]  586 	push	#0x05
      0002EA 4B 00            [ 1]  587 	push	#0x00
      0002EC CDr00r36         [ 4]  588 	call	__delay_5us
      0002EF 5B 02            [ 2]  589 	addw	sp, #2
                                    590 ;	driver/dht12.c: 393: I2CAck = SendByte(wrDAdr); /*发写器件地址*/  
      0002F1 7B 0C            [ 1]  591 	ld	a, (0x0c, sp)
      0002F3 88               [ 1]  592 	push	a
      0002F4 CDr01r96         [ 4]  593 	call	_SendByte
      0002F7 5B 01            [ 2]  594 	addw	sp, #1
                                    595 ;	driver/dht12.c: 395: if(!I2CAck)  
      0002F9 6B 08            [ 1]  596 	ld	(0x08, sp), a
      0002FB 26 03            [ 1]  597 	jrne	00102$
                                    598 ;	driver/dht12.c: 399: return I2C_ERR;  
      0002FD 4F               [ 1]  599 	clr	a
      0002FE 20 67            [ 2]  600 	jra	00113$
      000300                        601 00102$:
                                    602 ;	driver/dht12.c: 403: I2CAck = SendByte(wordAdr); /*发寄存器地址*/  
      000300 7B 0D            [ 1]  603 	ld	a, (0x0d, sp)
      000302 88               [ 1]  604 	push	a
      000303 CDr01r96         [ 4]  605 	call	_SendByte
      000306 5B 01            [ 2]  606 	addw	sp, #1
                                    607 ;	driver/dht12.c: 405: if(!I2CAck)  
      000308 4D               [ 1]  608 	tnz	a
      000309 26 03            [ 1]  609 	jrne	00104$
                                    610 ;	driver/dht12.c: 409: return I2C_ERR;  
      00030B 4F               [ 1]  611 	clr	a
      00030C 20 59            [ 2]  612 	jra	00113$
      00030E                        613 00104$:
                                    614 ;	driver/dht12.c: 413: I2C_Start();   /*重启I2C*/  
      00030E CDr00r74         [ 4]  615 	call	_I2C_Start
                                    616 ;	driver/dht12.c: 415: I2CAck = SendByte(rdDAdr); /*发读器件地址*/  
      000311 7B 09            [ 1]  617 	ld	a, (0x09, sp)
      000313 88               [ 1]  618 	push	a
      000314 CDr01r96         [ 4]  619 	call	_SendByte
      000317 5B 01            [ 2]  620 	addw	sp, #1
                                    621 ;	driver/dht12.c: 417: if(!I2CAck)  
      000319 4D               [ 1]  622 	tnz	a
      00031A 26 03            [ 1]  623 	jrne	00106$
                                    624 ;	driver/dht12.c: 421: return I2C_ERR;  
      00031C 4F               [ 1]  625 	clr	a
      00031D 20 48            [ 2]  626 	jra	00113$
      00031F                        627 00106$:
                                    628 ;	driver/dht12.c: 425: _delay_5us(5);  
      00031F 4B 05            [ 1]  629 	push	#0x05
      000321 4B 00            [ 1]  630 	push	#0x00
      000323 CDr00r36         [ 4]  631 	call	__delay_5us
      000326 5B 02            [ 2]  632 	addw	sp, #2
                                    633 ;	driver/dht12.c: 427: for(i=0;i<num-1;i++)  
      000328 0F 03            [ 1]  634 	clr	(0x03, sp)
      00032A                        635 00111$:
      00032A 5F               [ 1]  636 	clrw	x
      00032B 7B 10            [ 1]  637 	ld	a, (0x10, sp)
      00032D 97               [ 1]  638 	ld	xl, a
      00032E 5A               [ 2]  639 	decw	x
      00032F 1F 06            [ 2]  640 	ldw	(0x06, sp), x
      000331 7B 03            [ 1]  641 	ld	a, (0x03, sp)
      000333 6B 05            [ 1]  642 	ld	(0x05, sp), a
      000335 0F 04            [ 1]  643 	clr	(0x04, sp)
                                    644 ;	driver/dht12.c: 431: *(pRdDat+i) = RcvByte();  
      000337 5F               [ 1]  645 	clrw	x
      000338 7B 03            [ 1]  646 	ld	a, (0x03, sp)
      00033A 97               [ 1]  647 	ld	xl, a
      00033B 72 FB 0E         [ 2]  648 	addw	x, (0x0e, sp)
      00033E 1F 01            [ 2]  649 	ldw	(0x01, sp), x
                                    650 ;	driver/dht12.c: 427: for(i=0;i<num-1;i++)  
      000340 1E 04            [ 2]  651 	ldw	x, (0x04, sp)
      000342 13 06            [ 2]  652 	cpw	x, (0x06, sp)
      000344 2E 0D            [ 1]  653 	jrsge	00107$
                                    654 ;	driver/dht12.c: 431: *(pRdDat+i) = RcvByte();  
      000346 CDr02r4D         [ 4]  655 	call	_RcvByte
      000349 1E 01            [ 2]  656 	ldw	x, (0x01, sp)
      00034B F7               [ 1]  657 	ld	(x), a
                                    658 ;	driver/dht12.c: 433: I2C_Rack();  
      00034C CDr01r10         [ 4]  659 	call	_I2C_Rack
                                    660 ;	driver/dht12.c: 427: for(i=0;i<num-1;i++)  
      00034F 0C 03            [ 1]  661 	inc	(0x03, sp)
      000351 20 D7            [ 2]  662 	jra	00111$
      000353                        663 00107$:
                                    664 ;	driver/dht12.c: 437: if(i==num-1)  
      000353 1E 04            [ 2]  665 	ldw	x, (0x04, sp)
      000355 13 06            [ 2]  666 	cpw	x, (0x06, sp)
      000357 26 09            [ 1]  667 	jrne	00109$
                                    668 ;	driver/dht12.c: 441: *(pRdDat+i) = RcvByte();  
      000359 CDr02r4D         [ 4]  669 	call	_RcvByte
      00035C 1E 01            [ 2]  670 	ldw	x, (0x01, sp)
      00035E F7               [ 1]  671 	ld	(x), a
                                    672 ;	driver/dht12.c: 443: I2C_nAck();  
      00035F CDr01r53         [ 4]  673 	call	_I2C_nAck
      000362                        674 00109$:
                                    675 ;	driver/dht12.c: 447: I2C_Stop();  
      000362 CDr00rC2         [ 4]  676 	call	_I2C_Stop
                                    677 ;	driver/dht12.c: 449: return I2C_CRR;  
      000365 A6 01            [ 1]  678 	ld	a, #0x01
      000367                        679 00113$:
                                    680 ;	driver/dht12.c: 451: }  
      000367 5B 09            [ 2]  681 	addw	sp, #9
      000369 81               [ 4]  682 	ret
                                    683 ;	driver/dht12.c: 533: u8 i2c_read(u8 dev_addr,u8 Addr)
                                    684 ;	-----------------------------------------
                                    685 ;	 function i2c_read
                                    686 ;	-----------------------------------------
      00036A                        687 _i2c_read:
      00036A 88               [ 1]  688 	push	a
                                    689 ;	driver/dht12.c: 536: if(I2C_Read(dev_addr,Addr,&temp,1))
      00036B 96               [ 1]  690 	ldw	x, sp
      00036C 5C               [ 1]  691 	incw	x
      00036D 4B 01            [ 1]  692 	push	#0x01
      00036F 89               [ 2]  693 	pushw	x
      000370 7B 08            [ 1]  694 	ld	a, (0x08, sp)
      000372 88               [ 1]  695 	push	a
      000373 7B 08            [ 1]  696 	ld	a, (0x08, sp)
      000375 88               [ 1]  697 	push	a
      000376 CDr02rDE         [ 4]  698 	call	_I2C_Read
      000379 5B 05            [ 2]  699 	addw	sp, #5
      00037B 4D               [ 1]  700 	tnz	a
      00037C 27 03            [ 1]  701 	jreq	00102$
                                    702 ;	driver/dht12.c: 537: return temp;
      00037E 7B 01            [ 1]  703 	ld	a, (0x01, sp)
                                    704 ;	driver/dht12.c: 538: else return 0;
      000380 21                     705 	.byte 0x21
      000381                        706 00102$:
      000381 4F               [ 1]  707 	clr	a
      000382                        708 00104$:
                                    709 ;	driver/dht12.c: 539: }
      000382 5B 01            [ 2]  710 	addw	sp, #1
      000384 81               [ 4]  711 	ret
                                    712 ;	driver/dht12.c: 541: void ReadDHT12(DHT12_DATA *data) 
                                    713 ;	-----------------------------------------
                                    714 ;	 function ReadDHT12
                                    715 ;	-----------------------------------------
      000385                        716 _ReadDHT12:
      000385 52 02            [ 2]  717 	sub	sp, #2
                                    718 ;	driver/dht12.c: 543: i2c_init();
      000387 CDr00r00         [ 4]  719 	call	_i2c_init
                                    720 ;	driver/dht12.c: 544: data->W=i2c_read(0xB8,0x00);
      00038A 16 05            [ 2]  721 	ldw	y, (0x05, sp)
      00038C 17 01            [ 2]  722 	ldw	(0x01, sp), y
      00038E 93               [ 1]  723 	ldw	x, y
      00038F 5C               [ 1]  724 	incw	x
      000390 5C               [ 1]  725 	incw	x
      000391 89               [ 2]  726 	pushw	x
      000392 4B 00            [ 1]  727 	push	#0x00
      000394 4B B8            [ 1]  728 	push	#0xb8
      000396 CDr03r6A         [ 4]  729 	call	_i2c_read
      000399 5B 02            [ 2]  730 	addw	sp, #2
      00039B 85               [ 2]  731 	popw	x
      00039C F7               [ 1]  732 	ld	(x), a
                                    733 ;	driver/dht12.c: 545: data->W1=i2c_read(0xB8,0x01);
      00039D 1E 01            [ 2]  734 	ldw	x, (0x01, sp)
      00039F 1C 00 03         [ 2]  735 	addw	x, #0x0003
      0003A2 89               [ 2]  736 	pushw	x
      0003A3 4B 01            [ 1]  737 	push	#0x01
      0003A5 4B B8            [ 1]  738 	push	#0xb8
      0003A7 CDr03r6A         [ 4]  739 	call	_i2c_read
      0003AA 5B 02            [ 2]  740 	addw	sp, #2
      0003AC 85               [ 2]  741 	popw	x
      0003AD F7               [ 1]  742 	ld	(x), a
                                    743 ;	driver/dht12.c: 546: data->T=i2c_read(0xB8,0x02);
      0003AE 4B 02            [ 1]  744 	push	#0x02
      0003B0 4B B8            [ 1]  745 	push	#0xb8
      0003B2 CDr03r6A         [ 4]  746 	call	_i2c_read
      0003B5 5B 02            [ 2]  747 	addw	sp, #2
      0003B7 1E 01            [ 2]  748 	ldw	x, (0x01, sp)
      0003B9 F7               [ 1]  749 	ld	(x), a
                                    750 ;	driver/dht12.c: 547: data->T1=i2c_read(0xB8,0x03);
      0003BA 1E 01            [ 2]  751 	ldw	x, (0x01, sp)
      0003BC 5C               [ 1]  752 	incw	x
      0003BD 89               [ 2]  753 	pushw	x
      0003BE 4B 03            [ 1]  754 	push	#0x03
      0003C0 4B B8            [ 1]  755 	push	#0xb8
      0003C2 CDr03r6A         [ 4]  756 	call	_i2c_read
      0003C5 5B 02            [ 2]  757 	addw	sp, #2
      0003C7 85               [ 2]  758 	popw	x
      0003C8 F7               [ 1]  759 	ld	(x), a
                                    760 ;	driver/dht12.c: 548: data->sum=i2c_read(0xB8,0x04);
      0003C9 1E 01            [ 2]  761 	ldw	x, (0x01, sp)
      0003CB 1C 00 04         [ 2]  762 	addw	x, #0x0004
      0003CE 89               [ 2]  763 	pushw	x
      0003CF 4B 04            [ 1]  764 	push	#0x04
      0003D1 4B B8            [ 1]  765 	push	#0xb8
      0003D3 CDr03r6A         [ 4]  766 	call	_i2c_read
      0003D6 5B 02            [ 2]  767 	addw	sp, #2
      0003D8 85               [ 2]  768 	popw	x
      0003D9 F7               [ 1]  769 	ld	(x), a
                                    770 ;	driver/dht12.c: 549: i2c_deinit();
      0003DA CDr00r1B         [ 4]  771 	call	_i2c_deinit
                                    772 ;	driver/dht12.c: 550: }
      0003DD 5B 02            [ 2]  773 	addw	sp, #2
      0003DF 81               [ 4]  774 	ret
                                    775 	.area CODE
                                    776 	.area CONST
                                    777 	.area INITIALIZER
                                    778 	.area CABS (ABS)
