                                      1 ;--------------------------------------------------------
                                      2 ; File Created by SDCC : free open source ANSI-C Compiler
                                      3 ; Version 3.8.0 #10562 (Linux)
                                      4 ;--------------------------------------------------------
                                      5 	.module ds1302
                                      6 	.optsdcc -mstm8
                                      7 	
                                      8 ;--------------------------------------------------------
                                      9 ; Public variables in this module
                                     10 ;--------------------------------------------------------
                                     11 	.globl _ds1302_read
                                     12 	.globl _ds1302_write
                                     13 	.globl _ds1302_read_byte
                                     14 	.globl _ds1302_write_byte
                                     15 	.globl _write_IO
                                     16 	.globl _read_IO
                                     17 	.globl _delay_us
                                     18 	.globl _GPIO_ReadInputPin
                                     19 	.globl _GPIO_WriteLow
                                     20 	.globl _GPIO_WriteHigh
                                     21 	.globl _GPIO_Init
                                     22 	.globl _ds1302_port_deinit
                                     23 	.globl _ds1302_port_init
                                     24 	.globl _ds1302_check
                                     25 	.globl _ds1302_read_time
                                     26 	.globl _ds1302_write_time
                                     27 	.globl _ds1302_write_ram
                                     28 	.globl _ds1302_read_ram
                                     29 ;--------------------------------------------------------
                                     30 ; ram data
                                     31 ;--------------------------------------------------------
                                     32 	.area DATA
                                     33 ;--------------------------------------------------------
                                     34 ; ram data
                                     35 ;--------------------------------------------------------
                                     36 	.area INITIALIZED
                                     37 ;--------------------------------------------------------
                                     38 ; absolute external ram data
                                     39 ;--------------------------------------------------------
                                     40 	.area DABS (ABS)
                                     41 
                                     42 ; default segment ordering for linker
                                     43 	.area HOME
                                     44 	.area GSINIT
                                     45 	.area GSFINAL
                                     46 	.area CONST
                                     47 	.area INITIALIZER
                                     48 	.area CODE
                                     49 
                                     50 ;--------------------------------------------------------
                                     51 ; global & static initialisations
                                     52 ;--------------------------------------------------------
                                     53 	.area HOME
                                     54 	.area GSINIT
                                     55 	.area GSFINAL
                                     56 	.area GSINIT
                                     57 ;--------------------------------------------------------
                                     58 ; Home
                                     59 ;--------------------------------------------------------
                                     60 	.area HOME
                                     61 	.area HOME
                                     62 ;--------------------------------------------------------
                                     63 ; code
                                     64 ;--------------------------------------------------------
                                     65 	.area CODE
                                     66 ;	driver/ds1302.c: 6: void delay_us(unsigned int xx)
                                     67 ;	-----------------------------------------
                                     68 ;	 function delay_us
                                     69 ;	-----------------------------------------
      000000                         70 _delay_us:
                                     71 ;	driver/ds1302.c: 15: nop();
      000000 16 03            [ 2]   72 	ldw	y, (0x03, sp)
      000002                         73 00108$:
                                     74 ;	driver/ds1302.c: 9: for(;xx>0;xx--)
      000002 90 5D            [ 2]   75 	tnzw	y
      000004 27 0C            [ 1]   76 	jreq	00121$
                                     77 ;	driver/ds1302.c: 11: for(yy = 0;yy<4;yy++)
      000006 AE 00 04         [ 2]   78 	ldw	x, #0x0004
      000009                         79 00106$:
                                     80 ;	driver/ds1302.c: 12: nop();
      000009 9D               [ 1]   81 	nop
      00000A 5A               [ 2]   82 	decw	x
                                     83 ;	driver/ds1302.c: 11: for(yy = 0;yy<4;yy++)
      00000B 5D               [ 2]   84 	tnzw	x
      00000C 26 FB            [ 1]   85 	jrne	00106$
                                     86 ;	driver/ds1302.c: 9: for(;xx>0;xx--)
      00000E 90 5A            [ 2]   87 	decw	y
      000010 20 F0            [ 2]   88 	jra	00108$
                                     89 ;	driver/ds1302.c: 14: for(yy = 0;yy<1;yy++)
      000012                         90 00121$:
      000012 5F               [ 1]   91 	clrw	x
      000013 5C               [ 1]   92 	incw	x
      000014                         93 00112$:
                                     94 ;	driver/ds1302.c: 15: nop();
      000014 9D               [ 1]   95 	nop
      000015 5A               [ 2]   96 	decw	x
                                     97 ;	driver/ds1302.c: 14: for(yy = 0;yy<1;yy++)
      000016 5D               [ 2]   98 	tnzw	x
      000017 26 FB            [ 1]   99 	jrne	00112$
                                    100 ;	driver/ds1302.c: 16: nop();
      000019 9D               [ 1]  101 	nop
                                    102 ;	driver/ds1302.c: 17: nop();
      00001A 9D               [ 1]  103 	nop
                                    104 ;	driver/ds1302.c: 18: nop();
      00001B 9D               [ 1]  105 	nop
                                    106 ;	driver/ds1302.c: 19: nop();
      00001C 9D               [ 1]  107 	nop
                                    108 ;	driver/ds1302.c: 20: nop();
      00001D 9D               [ 1]  109 	nop
                                    110 ;	driver/ds1302.c: 21: nop();
      00001E 9D               [ 1]  111 	nop
                                    112 ;	driver/ds1302.c: 22: }
      00001F 81               [ 4]  113 	ret
                                    114 ;	driver/ds1302.c: 25: void ds1302_port_deinit(void)
                                    115 ;	-----------------------------------------
                                    116 ;	 function ds1302_port_deinit
                                    117 ;	-----------------------------------------
      000020                        118 _ds1302_port_deinit:
                                    119 ;	driver/ds1302.c: 27: GPIO_Init(DS1302_PORT,DS1302_CLK_PIN, GPIO_Mode_In_FL_No_IT);//RTC_CLK
      000020 4B 40            [ 1]  120 	push	#0x40
      000022 4B 08            [ 1]  121 	push	#0x08
      000024 4B 05            [ 1]  122 	push	#0x05
      000026 4B 50            [ 1]  123 	push	#0x50
      000028 CDr00r00         [ 4]  124 	call	_GPIO_Init
      00002B 5B 04            [ 2]  125 	addw	sp, #4
                                    126 ;	driver/ds1302.c: 28: GPIO_Init(DS1302_PORT_RST,DS1302_RST_PIN, GPIO_Mode_In_FL_No_IT);//        
      00002D 4B 40            [ 1]  127 	push	#0x40
      00002F 4B 02            [ 1]  128 	push	#0x02
      000031 4B 05            [ 1]  129 	push	#0x05
      000033 4B 50            [ 1]  130 	push	#0x50
      000035 CDr00r00         [ 4]  131 	call	_GPIO_Init
      000038 5B 04            [ 2]  132 	addw	sp, #4
                                    133 ;	driver/ds1302.c: 29: GPIO_Init(DS1302_PORT,DS1302_IO_PIN, GPIO_Mode_In_FL_No_IT);      //RTC_DATA   
      00003A 4B 40            [ 1]  134 	push	#0x40
      00003C 4B 04            [ 1]  135 	push	#0x04
      00003E 4B 05            [ 1]  136 	push	#0x05
      000040 4B 50            [ 1]  137 	push	#0x50
      000042 CDr00r00         [ 4]  138 	call	_GPIO_Init
      000045 5B 04            [ 2]  139 	addw	sp, #4
                                    140 ;	driver/ds1302.c: 31: }
      000047 81               [ 4]  141 	ret
                                    142 ;	driver/ds1302.c: 33: void ds1302_port_init(void)
                                    143 ;	-----------------------------------------
                                    144 ;	 function ds1302_port_init
                                    145 ;	-----------------------------------------
      000048                        146 _ds1302_port_init:
                                    147 ;	driver/ds1302.c: 35: GPIO_Init(DS1302_PORT,DS1302_CLK_PIN, GPIO_MODE_OUT_PP_HIGH_FAST);//RTC_CLK
      000048 4B F0            [ 1]  148 	push	#0xf0
      00004A 4B 08            [ 1]  149 	push	#0x08
      00004C 4B 05            [ 1]  150 	push	#0x05
      00004E 4B 50            [ 1]  151 	push	#0x50
      000050 CDr00r00         [ 4]  152 	call	_GPIO_Init
      000053 5B 04            [ 2]  153 	addw	sp, #4
                                    154 ;	driver/ds1302.c: 36: GPIO_Init(DS1302_PORT_RST,DS1302_RST_PIN, GPIO_MODE_OUT_PP_HIGH_FAST);//        
      000055 4B F0            [ 1]  155 	push	#0xf0
      000057 4B 02            [ 1]  156 	push	#0x02
      000059 4B 05            [ 1]  157 	push	#0x05
      00005B 4B 50            [ 1]  158 	push	#0x50
      00005D CDr00r00         [ 4]  159 	call	_GPIO_Init
      000060 5B 04            [ 2]  160 	addw	sp, #4
                                    161 ;	driver/ds1302.c: 37: GPIO_Init(DS1302_PORT,DS1302_IO_PIN, GPIO_MODE_IN_PU_NO_IT);      //RTC_DATA   
      000062 4B 40            [ 1]  162 	push	#0x40
      000064 4B 04            [ 1]  163 	push	#0x04
      000066 4B 05            [ 1]  164 	push	#0x05
      000068 4B 50            [ 1]  165 	push	#0x50
      00006A CDr00r00         [ 4]  166 	call	_GPIO_Init
      00006D 5B 04            [ 2]  167 	addw	sp, #4
                                    168 ;	driver/ds1302.c: 39: GPIO_LOW(DS1302_PORT_RST,DS1302_RST_PIN); 
      00006F 4B 02            [ 1]  169 	push	#0x02
      000071 4B 05            [ 1]  170 	push	#0x05
      000073 4B 50            [ 1]  171 	push	#0x50
      000075 CDr00r00         [ 4]  172 	call	_GPIO_WriteLow
      000078 5B 03            [ 2]  173 	addw	sp, #3
                                    174 ;	driver/ds1302.c: 40: GPIO_LOW(DS1302_PORT,DS1302_CLK_PIN); 
      00007A 4B 08            [ 1]  175 	push	#0x08
      00007C 4B 05            [ 1]  176 	push	#0x05
      00007E 4B 50            [ 1]  177 	push	#0x50
      000080 CDr00r00         [ 4]  178 	call	_GPIO_WriteLow
      000083 5B 03            [ 2]  179 	addw	sp, #3
                                    180 ;	driver/ds1302.c: 48: }
      000085 81               [ 4]  181 	ret
                                    182 ;	driver/ds1302.c: 50: void read_IO(void){
                                    183 ;	-----------------------------------------
                                    184 ;	 function read_IO
                                    185 ;	-----------------------------------------
      000086                        186 _read_IO:
                                    187 ;	driver/ds1302.c: 51: GPIO_Init(DS1302_PORT,DS1302_IO_PIN, GPIO_MODE_IN_PU_NO_IT);   //RTC_DATA        
      000086 4B 40            [ 1]  188 	push	#0x40
      000088 4B 04            [ 1]  189 	push	#0x04
      00008A 4B 05            [ 1]  190 	push	#0x05
      00008C 4B 50            [ 1]  191 	push	#0x50
      00008E CDr00r00         [ 4]  192 	call	_GPIO_Init
      000091 5B 04            [ 2]  193 	addw	sp, #4
                                    194 ;	driver/ds1302.c: 52: }
      000093 81               [ 4]  195 	ret
                                    196 ;	driver/ds1302.c: 54: void write_IO(void){ 
                                    197 ;	-----------------------------------------
                                    198 ;	 function write_IO
                                    199 ;	-----------------------------------------
      000094                        200 _write_IO:
                                    201 ;	driver/ds1302.c: 55: GPIO_Init(DS1302_PORT,DS1302_IO_PIN, GPIO_MODE_OUT_PP_HIGH_FAST);//RTC_DATA
      000094 4B F0            [ 1]  202 	push	#0xf0
      000096 4B 04            [ 1]  203 	push	#0x04
      000098 4B 05            [ 1]  204 	push	#0x05
      00009A 4B 50            [ 1]  205 	push	#0x50
      00009C CDr00r00         [ 4]  206 	call	_GPIO_Init
      00009F 5B 04            [ 2]  207 	addw	sp, #4
                                    208 ;	driver/ds1302.c: 56: }
      0000A1 81               [ 4]  209 	ret
                                    210 ;	driver/ds1302.c: 59: void ds1302_write_byte(unsigned char temp) 
                                    211 ;	-----------------------------------------
                                    212 ;	 function ds1302_write_byte
                                    213 ;	-----------------------------------------
      0000A2                        214 _ds1302_write_byte:
      0000A2 88               [ 1]  215 	push	a
                                    216 ;	driver/ds1302.c: 62: for (i=0;i<8;i++)     
      0000A3 0F 01            [ 1]  217 	clr	(0x01, sp)
      0000A5                        218 00105$:
                                    219 ;	driver/ds1302.c: 64: GPIO_LOW(DS1302_PORT,DS1302_CLK_PIN);
      0000A5 4B 08            [ 1]  220 	push	#0x08
      0000A7 4B 05            [ 1]  221 	push	#0x05
      0000A9 4B 50            [ 1]  222 	push	#0x50
      0000AB CDr00r00         [ 4]  223 	call	_GPIO_WriteLow
      0000AE 5B 03            [ 2]  224 	addw	sp, #3
                                    225 ;	driver/ds1302.c: 66: if(temp&0x01) {
      0000B0 7B 04            [ 1]  226 	ld	a, (0x04, sp)
      0000B2 44               [ 1]  227 	srl	a
      0000B3 24 0D            [ 1]  228 	jrnc	00102$
                                    229 ;	driver/ds1302.c: 67: GPIO_HIGH(DS1302_PORT,DS1302_IO_PIN); 
      0000B5 4B 04            [ 1]  230 	push	#0x04
      0000B7 4B 05            [ 1]  231 	push	#0x05
      0000B9 4B 50            [ 1]  232 	push	#0x50
      0000BB CDr00r00         [ 4]  233 	call	_GPIO_WriteHigh
      0000BE 5B 03            [ 2]  234 	addw	sp, #3
      0000C0 20 0B            [ 2]  235 	jra	00103$
      0000C2                        236 00102$:
                                    237 ;	driver/ds1302.c: 69: GPIO_LOW(DS1302_PORT,DS1302_IO_PIN);
      0000C2 4B 04            [ 1]  238 	push	#0x04
      0000C4 4B 05            [ 1]  239 	push	#0x05
      0000C6 4B 50            [ 1]  240 	push	#0x50
      0000C8 CDr00r00         [ 4]  241 	call	_GPIO_WriteLow
      0000CB 5B 03            [ 2]  242 	addw	sp, #3
      0000CD                        243 00103$:
                                    244 ;	driver/ds1302.c: 71: temp>>=1; 
      0000CD 04 04            [ 1]  245 	srl	(0x04, sp)
                                    246 ;	driver/ds1302.c: 72: delay_us(1);
      0000CF 4B 01            [ 1]  247 	push	#0x01
      0000D1 4B 00            [ 1]  248 	push	#0x00
      0000D3 CDr00r00         [ 4]  249 	call	_delay_us
      0000D6 5B 02            [ 2]  250 	addw	sp, #2
                                    251 ;	driver/ds1302.c: 73: GPIO_HIGH(DS1302_PORT,DS1302_CLK_PIN); 
      0000D8 4B 08            [ 1]  252 	push	#0x08
      0000DA 4B 05            [ 1]  253 	push	#0x05
      0000DC 4B 50            [ 1]  254 	push	#0x50
      0000DE CDr00r00         [ 4]  255 	call	_GPIO_WriteHigh
      0000E1 5B 03            [ 2]  256 	addw	sp, #3
                                    257 ;	driver/ds1302.c: 62: for (i=0;i<8;i++)     
      0000E3 0C 01            [ 1]  258 	inc	(0x01, sp)
      0000E5 7B 01            [ 1]  259 	ld	a, (0x01, sp)
      0000E7 A1 08            [ 1]  260 	cp	a, #0x08
      0000E9 25 BA            [ 1]  261 	jrc	00105$
                                    262 ;	driver/ds1302.c: 76: }  
      0000EB 84               [ 1]  263 	pop	a
      0000EC 81               [ 4]  264 	ret
                                    265 ;	driver/ds1302.c: 77: unsigned char ds1302_read_byte(void) 
                                    266 ;	-----------------------------------------
                                    267 ;	 function ds1302_read_byte
                                    268 ;	-----------------------------------------
      0000ED                        269 _ds1302_read_byte:
      0000ED 52 02            [ 2]  270 	sub	sp, #2
                                    271 ;	driver/ds1302.c: 79: unsigned char i,temp=0;
      0000EF 0F 01            [ 1]  272 	clr	(0x01, sp)
                                    273 ;	driver/ds1302.c: 80: for (i=0;i<8;i++) 		
      0000F1 0F 02            [ 1]  274 	clr	(0x02, sp)
      0000F3                        275 00104$:
                                    276 ;	driver/ds1302.c: 82: GPIO_LOW(DS1302_PORT,DS1302_CLK_PIN);
      0000F3 4B 08            [ 1]  277 	push	#0x08
      0000F5 4B 05            [ 1]  278 	push	#0x05
      0000F7 4B 50            [ 1]  279 	push	#0x50
      0000F9 CDr00r00         [ 4]  280 	call	_GPIO_WriteLow
      0000FC 5B 03            [ 2]  281 	addw	sp, #3
                                    282 ;	driver/ds1302.c: 83: temp>>=1;
      0000FE 7B 01            [ 1]  283 	ld	a, (0x01, sp)
      000100 44               [ 1]  284 	srl	a
      000101 6B 01            [ 1]  285 	ld	(0x01, sp), a
                                    286 ;	driver/ds1302.c: 84: if(GPIO_ReadInputDataBit(DS1302_PORT,DS1302_IO_PIN))
      000103 4B 04            [ 1]  287 	push	#0x04
      000105 4B 05            [ 1]  288 	push	#0x05
      000107 4B 50            [ 1]  289 	push	#0x50
      000109 CDr00r00         [ 4]  290 	call	_GPIO_ReadInputPin
      00010C 5B 03            [ 2]  291 	addw	sp, #3
      00010E 4D               [ 1]  292 	tnz	a
      00010F 27 06            [ 1]  293 	jreq	00102$
                                    294 ;	driver/ds1302.c: 86: temp|=0x80;	
      000111 7B 01            [ 1]  295 	ld	a, (0x01, sp)
      000113 AA 80            [ 1]  296 	or	a, #0x80
      000115 6B 01            [ 1]  297 	ld	(0x01, sp), a
      000117                        298 00102$:
                                    299 ;	driver/ds1302.c: 88: delay_us(1);
      000117 4B 01            [ 1]  300 	push	#0x01
      000119 4B 00            [ 1]  301 	push	#0x00
      00011B CDr00r00         [ 4]  302 	call	_delay_us
      00011E 5B 02            [ 2]  303 	addw	sp, #2
                                    304 ;	driver/ds1302.c: 89: GPIO_HIGH(DS1302_PORT,DS1302_CLK_PIN); 
      000120 4B 08            [ 1]  305 	push	#0x08
      000122 4B 05            [ 1]  306 	push	#0x05
      000124 4B 50            [ 1]  307 	push	#0x50
      000126 CDr00r00         [ 4]  308 	call	_GPIO_WriteHigh
      000129 5B 03            [ 2]  309 	addw	sp, #3
                                    310 ;	driver/ds1302.c: 80: for (i=0;i<8;i++) 		
      00012B 0C 02            [ 1]  311 	inc	(0x02, sp)
      00012D 7B 02            [ 1]  312 	ld	a, (0x02, sp)
      00012F A1 08            [ 1]  313 	cp	a, #0x08
      000131 25 C0            [ 1]  314 	jrc	00104$
                                    315 ;	driver/ds1302.c: 93: return temp;
      000133 7B 01            [ 1]  316 	ld	a, (0x01, sp)
                                    317 ;	driver/ds1302.c: 94: } 
      000135 5B 02            [ 2]  318 	addw	sp, #2
      000137 81               [ 4]  319 	ret
                                    320 ;	driver/ds1302.c: 96: void ds1302_write( unsigned char address,unsigned char dat )     
                                    321 ;	-----------------------------------------
                                    322 ;	 function ds1302_write
                                    323 ;	-----------------------------------------
      000138                        324 _ds1302_write:
                                    325 ;	driver/ds1302.c: 98: write_IO();
      000138 CDr00r94         [ 4]  326 	call	_write_IO
                                    327 ;	driver/ds1302.c: 99: GPIO_LOW(DS1302_PORT_RST,DS1302_RST_PIN);   //写地址，写数据 RST保持高电平
      00013B 4B 02            [ 1]  328 	push	#0x02
      00013D 4B 05            [ 1]  329 	push	#0x05
      00013F 4B 50            [ 1]  330 	push	#0x50
      000141 CDr00r00         [ 4]  331 	call	_GPIO_WriteLow
      000144 5B 03            [ 2]  332 	addw	sp, #3
                                    333 ;	driver/ds1302.c: 100: GPIO_LOW(DS1302_PORT,DS1302_CLK_PIN);
      000146 4B 08            [ 1]  334 	push	#0x08
      000148 4B 05            [ 1]  335 	push	#0x05
      00014A 4B 50            [ 1]  336 	push	#0x50
      00014C CDr00r00         [ 4]  337 	call	_GPIO_WriteLow
      00014F 5B 03            [ 2]  338 	addw	sp, #3
                                    339 ;	driver/ds1302.c: 101: GPIO_HIGH(DS1302_PORT_RST,DS1302_RST_PIN);
      000151 4B 02            [ 1]  340 	push	#0x02
      000153 4B 05            [ 1]  341 	push	#0x05
      000155 4B 50            [ 1]  342 	push	#0x50
      000157 CDr00r00         [ 4]  343 	call	_GPIO_WriteHigh
      00015A 5B 03            [ 2]  344 	addw	sp, #3
                                    345 ;	driver/ds1302.c: 102: ds1302_write_byte(address);	
      00015C 7B 03            [ 1]  346 	ld	a, (0x03, sp)
      00015E 88               [ 1]  347 	push	a
      00015F CDr00rA2         [ 4]  348 	call	_ds1302_write_byte
      000162 84               [ 1]  349 	pop	a
                                    350 ;	driver/ds1302.c: 103: ds1302_write_byte(dat);		
      000163 7B 04            [ 1]  351 	ld	a, (0x04, sp)
      000165 88               [ 1]  352 	push	a
      000166 CDr00rA2         [ 4]  353 	call	_ds1302_write_byte
      000169 84               [ 1]  354 	pop	a
                                    355 ;	driver/ds1302.c: 104: GPIO_LOW(DS1302_PORT_RST,DS1302_RST_PIN);
      00016A 4B 02            [ 1]  356 	push	#0x02
      00016C 4B 05            [ 1]  357 	push	#0x05
      00016E 4B 50            [ 1]  358 	push	#0x50
      000170 CDr00r00         [ 4]  359 	call	_GPIO_WriteLow
      000173 5B 03            [ 2]  360 	addw	sp, #3
                                    361 ;	driver/ds1302.c: 106: }
      000175 81               [ 4]  362 	ret
                                    363 ;	driver/ds1302.c: 108: unsigned char ds1302_read( unsigned char address )
                                    364 ;	-----------------------------------------
                                    365 ;	 function ds1302_read
                                    366 ;	-----------------------------------------
      000176                        367 _ds1302_read:
                                    368 ;	driver/ds1302.c: 111: write_IO();
      000176 CDr00r94         [ 4]  369 	call	_write_IO
                                    370 ;	driver/ds1302.c: 112: GPIO_LOW(DS1302_PORT_RST,DS1302_RST_PIN);
      000179 4B 02            [ 1]  371 	push	#0x02
      00017B 4B 05            [ 1]  372 	push	#0x05
      00017D 4B 50            [ 1]  373 	push	#0x50
      00017F CDr00r00         [ 4]  374 	call	_GPIO_WriteLow
      000182 5B 03            [ 2]  375 	addw	sp, #3
                                    376 ;	driver/ds1302.c: 113: GPIO_LOW(DS1302_PORT,DS1302_CLK_PIN);
      000184 4B 08            [ 1]  377 	push	#0x08
      000186 4B 05            [ 1]  378 	push	#0x05
      000188 4B 50            [ 1]  379 	push	#0x50
      00018A CDr00r00         [ 4]  380 	call	_GPIO_WriteLow
      00018D 5B 03            [ 2]  381 	addw	sp, #3
                                    382 ;	driver/ds1302.c: 114: GPIO_HIGH(DS1302_PORT_RST,DS1302_RST_PIN);
      00018F 4B 02            [ 1]  383 	push	#0x02
      000191 4B 05            [ 1]  384 	push	#0x05
      000193 4B 50            [ 1]  385 	push	#0x50
      000195 CDr00r00         [ 4]  386 	call	_GPIO_WriteHigh
      000198 5B 03            [ 2]  387 	addw	sp, #3
                                    388 ;	driver/ds1302.c: 115: ds1302_write_byte(address|0x01);  //读标志：地址最后一位为1
      00019A 7B 03            [ 1]  389 	ld	a, (0x03, sp)
      00019C AA 01            [ 1]  390 	or	a, #0x01
      00019E 88               [ 1]  391 	push	a
      00019F CDr00rA2         [ 4]  392 	call	_ds1302_write_byte
      0001A2 84               [ 1]  393 	pop	a
                                    394 ;	driver/ds1302.c: 116: read_IO();
      0001A3 CDr00r86         [ 4]  395 	call	_read_IO
                                    396 ;	driver/ds1302.c: 117: ret = ds1302_read_byte();
      0001A6 CDr00rED         [ 4]  397 	call	_ds1302_read_byte
                                    398 ;	driver/ds1302.c: 118: GPIO_LOW(DS1302_PORT_RST,DS1302_RST_PIN);
      0001A9 88               [ 1]  399 	push	a
      0001AA 4B 02            [ 1]  400 	push	#0x02
      0001AC 4B 05            [ 1]  401 	push	#0x05
      0001AE 4B 50            [ 1]  402 	push	#0x50
      0001B0 CDr00r00         [ 4]  403 	call	_GPIO_WriteLow
      0001B3 5B 03            [ 2]  404 	addw	sp, #3
      0001B5 84               [ 1]  405 	pop	a
                                    406 ;	driver/ds1302.c: 119: return (ret);		
                                    407 ;	driver/ds1302.c: 120: }	
      0001B6 81               [ 4]  408 	ret
                                    409 ;	driver/ds1302.c: 122: unsigned char ds1302_check(void) 
                                    410 ;	-----------------------------------------
                                    411 ;	 function ds1302_check
                                    412 ;	-----------------------------------------
      0001B7                        413 _ds1302_check:
                                    414 ;	driver/ds1302.c: 125: ds1302_write(DS1302_CONTROL_REG,0x80); 
      0001B7 4B 80            [ 1]  415 	push	#0x80
      0001B9 4B 8E            [ 1]  416 	push	#0x8e
      0001BB CDr01r38         [ 4]  417 	call	_ds1302_write
      0001BE 5B 02            [ 2]  418 	addw	sp, #2
                                    419 ;	driver/ds1302.c: 126: ret = ds1302_read(DS1302_CONTROL_REG);
      0001C0 4B 8E            [ 1]  420 	push	#0x8e
      0001C2 CDr01r76         [ 4]  421 	call	_ds1302_read
      0001C5 5B 01            [ 2]  422 	addw	sp, #1
                                    423 ;	driver/ds1302.c: 127: if(ret==0x80)
                                    424 ;	driver/ds1302.c: 128: return 1; 
      0001C7 A0 80            [ 1]  425 	sub	a, #0x80
      0001C9 26 02            [ 1]  426 	jrne	00102$
      0001CB 4C               [ 1]  427 	inc	a
      0001CC 81               [ 4]  428 	ret
      0001CD                        429 00102$:
                                    430 ;	driver/ds1302.c: 129: return 0; 
      0001CD 4F               [ 1]  431 	clr	a
                                    432 ;	driver/ds1302.c: 130: }
      0001CE 81               [ 4]  433 	ret
                                    434 ;	driver/ds1302.c: 132: void ds1302_read_time(DS1302_TIME* time) 
                                    435 ;	-----------------------------------------
                                    436 ;	 function ds1302_read_time
                                    437 ;	-----------------------------------------
      0001CF                        438 _ds1302_read_time:
      0001CF 52 02            [ 2]  439 	sub	sp, #2
                                    440 ;	driver/ds1302.c: 134: time->year=ds1302_read(DS1302_YEAR_REG); //年 
      0001D1 16 05            [ 2]  441 	ldw	y, (0x05, sp)
      0001D3 17 01            [ 2]  442 	ldw	(0x01, sp), y
      0001D5 4B 8C            [ 1]  443 	push	#0x8c
      0001D7 CDr01r76         [ 4]  444 	call	_ds1302_read
      0001DA 5B 01            [ 2]  445 	addw	sp, #1
      0001DC 1E 01            [ 2]  446 	ldw	x, (0x01, sp)
      0001DE F7               [ 1]  447 	ld	(x), a
                                    448 ;	driver/ds1302.c: 135: time->month=ds1302_read(DS1302_MONTH_REG);//月 
      0001DF 1E 01            [ 2]  449 	ldw	x, (0x01, sp)
      0001E1 5C               [ 1]  450 	incw	x
      0001E2 89               [ 2]  451 	pushw	x
      0001E3 4B 88            [ 1]  452 	push	#0x88
      0001E5 CDr01r76         [ 4]  453 	call	_ds1302_read
      0001E8 5B 01            [ 2]  454 	addw	sp, #1
      0001EA 85               [ 2]  455 	popw	x
      0001EB F7               [ 1]  456 	ld	(x), a
                                    457 ;	driver/ds1302.c: 136: time->day=ds1302_read(DS1302_DATE_REG); //日 
      0001EC 1E 01            [ 2]  458 	ldw	x, (0x01, sp)
      0001EE 5C               [ 1]  459 	incw	x
      0001EF 5C               [ 1]  460 	incw	x
      0001F0 89               [ 2]  461 	pushw	x
      0001F1 4B 86            [ 1]  462 	push	#0x86
      0001F3 CDr01r76         [ 4]  463 	call	_ds1302_read
      0001F6 5B 01            [ 2]  464 	addw	sp, #1
      0001F8 85               [ 2]  465 	popw	x
      0001F9 F7               [ 1]  466 	ld	(x), a
                                    467 ;	driver/ds1302.c: 137: time->week=ds1302_read(DS1302_DAY_REG); //周 
      0001FA 1E 01            [ 2]  468 	ldw	x, (0x01, sp)
      0001FC 1C 00 03         [ 2]  469 	addw	x, #0x0003
      0001FF 89               [ 2]  470 	pushw	x
      000200 4B 8A            [ 1]  471 	push	#0x8a
      000202 CDr01r76         [ 4]  472 	call	_ds1302_read
      000205 5B 01            [ 2]  473 	addw	sp, #1
      000207 85               [ 2]  474 	popw	x
      000208 F7               [ 1]  475 	ld	(x), a
                                    476 ;	driver/ds1302.c: 138: time->hour=ds1302_read(DS1302_HR_REG); //时 
      000209 1E 01            [ 2]  477 	ldw	x, (0x01, sp)
      00020B 1C 00 04         [ 2]  478 	addw	x, #0x0004
      00020E 89               [ 2]  479 	pushw	x
      00020F 4B 84            [ 1]  480 	push	#0x84
      000211 CDr01r76         [ 4]  481 	call	_ds1302_read
      000214 5B 01            [ 2]  482 	addw	sp, #1
      000216 85               [ 2]  483 	popw	x
      000217 F7               [ 1]  484 	ld	(x), a
                                    485 ;	driver/ds1302.c: 139: time->minute=ds1302_read(DS1302_MIN_REG); //分 
      000218 1E 01            [ 2]  486 	ldw	x, (0x01, sp)
      00021A 1C 00 05         [ 2]  487 	addw	x, #0x0005
      00021D 89               [ 2]  488 	pushw	x
      00021E 4B 82            [ 1]  489 	push	#0x82
      000220 CDr01r76         [ 4]  490 	call	_ds1302_read
      000223 5B 01            [ 2]  491 	addw	sp, #1
      000225 85               [ 2]  492 	popw	x
      000226 F7               [ 1]  493 	ld	(x), a
                                    494 ;	driver/ds1302.c: 140: time->second=ds1302_read(DS1302_SEC_REG); //秒 
      000227 1E 01            [ 2]  495 	ldw	x, (0x01, sp)
      000229 1C 00 06         [ 2]  496 	addw	x, #0x0006
      00022C 89               [ 2]  497 	pushw	x
      00022D 4B 80            [ 1]  498 	push	#0x80
      00022F CDr01r76         [ 4]  499 	call	_ds1302_read
      000232 5B 01            [ 2]  500 	addw	sp, #1
      000234 85               [ 2]  501 	popw	x
      000235 F7               [ 1]  502 	ld	(x), a
                                    503 ;	driver/ds1302.c: 146: } 
      000236 5B 02            [ 2]  504 	addw	sp, #2
      000238 81               [ 4]  505 	ret
                                    506 ;	driver/ds1302.c: 147: void ds1302_write_time(DS1302_TIME* time) 
                                    507 ;	-----------------------------------------
                                    508 ;	 function ds1302_write_time
                                    509 ;	-----------------------------------------
      000239                        510 _ds1302_write_time:
      000239 52 02            [ 2]  511 	sub	sp, #2
                                    512 ;	driver/ds1302.c: 149: ds1302_write(DS1302_CONTROL_REG,0x00); //关闭写保护 
      00023B 4B 00            [ 1]  513 	push	#0x00
      00023D 4B 8E            [ 1]  514 	push	#0x8e
      00023F CDr01r38         [ 4]  515 	call	_ds1302_write
      000242 5B 02            [ 2]  516 	addw	sp, #2
                                    517 ;	driver/ds1302.c: 150: ds1302_write(DS1302_SEC_REG,0x80); //暂停 
      000244 4B 80            [ 1]  518 	push	#0x80
      000246 4B 80            [ 1]  519 	push	#0x80
      000248 CDr01r38         [ 4]  520 	call	_ds1302_write
      00024B 5B 02            [ 2]  521 	addw	sp, #2
                                    522 ;	driver/ds1302.c: 151: ds1302_write(DS1302_CHARGER_REG,0xa9); //涓流充电 
      00024D 4B A9            [ 1]  523 	push	#0xa9
      00024F 4B 90            [ 1]  524 	push	#0x90
      000251 CDr01r38         [ 4]  525 	call	_ds1302_write
      000254 5B 02            [ 2]  526 	addw	sp, #2
                                    527 ;	driver/ds1302.c: 153: ds1302_write(DS1302_SEC_REG, 0x00);           // 启动振荡器
      000256 4B 00            [ 1]  528 	push	#0x00
      000258 4B 80            [ 1]  529 	push	#0x80
      00025A CDr01r38         [ 4]  530 	call	_ds1302_write
      00025D 5B 02            [ 2]  531 	addw	sp, #2
                                    532 ;	driver/ds1302.c: 154: ds1302_write(DS1302_YEAR_REG,time->year); //年 
      00025F 16 05            [ 2]  533 	ldw	y, (0x05, sp)
      000261 17 01            [ 2]  534 	ldw	(0x01, sp), y
      000263 93               [ 1]  535 	ldw	x, y
      000264 F6               [ 1]  536 	ld	a, (x)
      000265 88               [ 1]  537 	push	a
      000266 4B 8C            [ 1]  538 	push	#0x8c
      000268 CDr01r38         [ 4]  539 	call	_ds1302_write
      00026B 5B 02            [ 2]  540 	addw	sp, #2
                                    541 ;	driver/ds1302.c: 155: ds1302_write(DS1302_MONTH_REG,time->month); //月 
      00026D 1E 01            [ 2]  542 	ldw	x, (0x01, sp)
      00026F E6 01            [ 1]  543 	ld	a, (0x1, x)
      000271 88               [ 1]  544 	push	a
      000272 4B 88            [ 1]  545 	push	#0x88
      000274 CDr01r38         [ 4]  546 	call	_ds1302_write
      000277 5B 02            [ 2]  547 	addw	sp, #2
                                    548 ;	driver/ds1302.c: 156: ds1302_write(DS1302_DATE_REG,time->day); //日 
      000279 1E 01            [ 2]  549 	ldw	x, (0x01, sp)
      00027B E6 02            [ 1]  550 	ld	a, (0x2, x)
      00027D 88               [ 1]  551 	push	a
      00027E 4B 86            [ 1]  552 	push	#0x86
      000280 CDr01r38         [ 4]  553 	call	_ds1302_write
      000283 5B 02            [ 2]  554 	addw	sp, #2
                                    555 ;	driver/ds1302.c: 157: ds1302_write(DS1302_DAY_REG,time->week); //周 
      000285 1E 01            [ 2]  556 	ldw	x, (0x01, sp)
      000287 E6 03            [ 1]  557 	ld	a, (0x3, x)
      000289 88               [ 1]  558 	push	a
      00028A 4B 8A            [ 1]  559 	push	#0x8a
      00028C CDr01r38         [ 4]  560 	call	_ds1302_write
      00028F 5B 02            [ 2]  561 	addw	sp, #2
                                    562 ;	driver/ds1302.c: 158: ds1302_write(DS1302_HR_REG,time->hour); //时 
      000291 1E 01            [ 2]  563 	ldw	x, (0x01, sp)
      000293 E6 04            [ 1]  564 	ld	a, (0x4, x)
      000295 88               [ 1]  565 	push	a
      000296 4B 84            [ 1]  566 	push	#0x84
      000298 CDr01r38         [ 4]  567 	call	_ds1302_write
      00029B 5B 02            [ 2]  568 	addw	sp, #2
                                    569 ;	driver/ds1302.c: 159: ds1302_write(DS1302_MIN_REG,time->minute); //分 
      00029D 1E 01            [ 2]  570 	ldw	x, (0x01, sp)
      00029F E6 05            [ 1]  571 	ld	a, (0x5, x)
      0002A1 88               [ 1]  572 	push	a
      0002A2 4B 82            [ 1]  573 	push	#0x82
      0002A4 CDr01r38         [ 4]  574 	call	_ds1302_write
      0002A7 5B 02            [ 2]  575 	addw	sp, #2
                                    576 ;	driver/ds1302.c: 160: ds1302_write(DS1302_SEC_REG,time->second); //秒 
      0002A9 1E 01            [ 2]  577 	ldw	x, (0x01, sp)
      0002AB E6 06            [ 1]  578 	ld	a, (0x6, x)
      0002AD 88               [ 1]  579 	push	a
      0002AE 4B 80            [ 1]  580 	push	#0x80
      0002B0 CDr01r38         [ 4]  581 	call	_ds1302_write
      0002B3 5B 02            [ 2]  582 	addw	sp, #2
                                    583 ;	driver/ds1302.c: 161: ds1302_write(DS1302_CONTROL_REG,0x80); //打开写保护 
      0002B5 4B 80            [ 1]  584 	push	#0x80
      0002B7 4B 8E            [ 1]  585 	push	#0x8e
      0002B9 CDr01r38         [ 4]  586 	call	_ds1302_write
                                    587 ;	driver/ds1302.c: 162: }
      0002BC 5B 04            [ 2]  588 	addw	sp, #4
      0002BE 81               [ 4]  589 	ret
                                    590 ;	driver/ds1302.c: 164: void ds1302_write_ram(unsigned char ram_num,unsigned char dat) 
                                    591 ;	-----------------------------------------
                                    592 ;	 function ds1302_write_ram
                                    593 ;	-----------------------------------------
      0002BF                        594 _ds1302_write_ram:
                                    595 ;	driver/ds1302.c: 166: ds1302_write(DS1302_CONTROL_REG,0x00); //关闭写保护 
      0002BF 4B 00            [ 1]  596 	push	#0x00
      0002C1 4B 8E            [ 1]  597 	push	#0x8e
      0002C3 CDr01r38         [ 4]  598 	call	_ds1302_write
      0002C6 5B 02            [ 2]  599 	addw	sp, #2
                                    600 ;	driver/ds1302.c: 167: ds1302_write((DS1302_RAM_REG|(ram_num<<2)),dat);
      0002C8 7B 03            [ 1]  601 	ld	a, (0x03, sp)
      0002CA 48               [ 1]  602 	sll	a
      0002CB 48               [ 1]  603 	sll	a
      0002CC 88               [ 1]  604 	push	a
      0002CD 49               [ 1]  605 	rlc	a
      0002CE 4F               [ 1]  606 	clr	a
      0002CF A2 00            [ 1]  607 	sbc	a, #0x00
      0002D1 84               [ 1]  608 	pop	a
      0002D2 AA C0            [ 1]  609 	or	a, #0xc0
      0002D4 97               [ 1]  610 	ld	xl, a
      0002D5 7B 04            [ 1]  611 	ld	a, (0x04, sp)
      0002D7 88               [ 1]  612 	push	a
      0002D8 9F               [ 1]  613 	ld	a, xl
      0002D9 88               [ 1]  614 	push	a
      0002DA CDr01r38         [ 4]  615 	call	_ds1302_write
      0002DD 5B 02            [ 2]  616 	addw	sp, #2
                                    617 ;	driver/ds1302.c: 168: ds1302_write(DS1302_CONTROL_REG,0x80);
      0002DF 4B 80            [ 1]  618 	push	#0x80
      0002E1 4B 8E            [ 1]  619 	push	#0x8e
      0002E3 CDr01r38         [ 4]  620 	call	_ds1302_write
      0002E6 5B 02            [ 2]  621 	addw	sp, #2
                                    622 ;	driver/ds1302.c: 169: }
      0002E8 81               [ 4]  623 	ret
                                    624 ;	driver/ds1302.c: 171: unsigned char  ds1302_read_ram(unsigned char ram_num) 
                                    625 ;	-----------------------------------------
                                    626 ;	 function ds1302_read_ram
                                    627 ;	-----------------------------------------
      0002E9                        628 _ds1302_read_ram:
                                    629 ;	driver/ds1302.c: 174: ret = ds1302_read((DS1302_RAM_REG|(ram_num<<2)));
      0002E9 7B 03            [ 1]  630 	ld	a, (0x03, sp)
      0002EB 48               [ 1]  631 	sll	a
      0002EC 48               [ 1]  632 	sll	a
      0002ED 88               [ 1]  633 	push	a
      0002EE 49               [ 1]  634 	rlc	a
      0002EF 4F               [ 1]  635 	clr	a
      0002F0 A2 00            [ 1]  636 	sbc	a, #0x00
      0002F2 84               [ 1]  637 	pop	a
      0002F3 AA C0            [ 1]  638 	or	a, #0xc0
      0002F5 88               [ 1]  639 	push	a
      0002F6 CDr01r76         [ 4]  640 	call	_ds1302_read
      0002F9 5B 01            [ 2]  641 	addw	sp, #1
                                    642 ;	driver/ds1302.c: 175: return ret;
                                    643 ;	driver/ds1302.c: 176: }
      0002FB 81               [ 4]  644 	ret
                                    645 	.area CODE
                                    646 	.area CONST
                                    647 	.area INITIALIZER
                                    648 	.area CABS (ABS)
