                                      1 ;--------------------------------------------------------
                                      2 ; File Created by SDCC : free open source ANSI-C Compiler
                                      3 ; Version 3.8.0 #10562 (Linux)
                                      4 ;--------------------------------------------------------
                                      5 	.module ds1302
                                      6 	.optsdcc -mstm8
                                      7 	
                                      8 ;--------------------------------------------------------
                                      9 ; Public variables in this module
                                     10 ;--------------------------------------------------------
                                     11 	.globl _ds1302_read
                                     12 	.globl _ds1302_write
                                     13 	.globl _ds1302_read_byte
                                     14 	.globl _ds1302_write_byte
                                     15 	.globl _write_IO
                                     16 	.globl _read_IO
                                     17 	.globl _GPIO_ReadInputPin
                                     18 	.globl _GPIO_WriteLow
                                     19 	.globl _GPIO_WriteHigh
                                     20 	.globl _GPIO_Init
                                     21 	.globl _ds1302_port_deinit
                                     22 	.globl _ds1302_port_init
                                     23 	.globl _ds1302_read_time
                                     24 	.globl _ds1302_write_time
                                     25 	.globl _ds1302_active
                                     26 ;--------------------------------------------------------
                                     27 ; ram data
                                     28 ;--------------------------------------------------------
                                     29 	.area DATA
                                     30 ;--------------------------------------------------------
                                     31 ; ram data
                                     32 ;--------------------------------------------------------
                                     33 	.area INITIALIZED
                                     34 ;--------------------------------------------------------
                                     35 ; absolute external ram data
                                     36 ;--------------------------------------------------------
                                     37 	.area DABS (ABS)
                                     38 
                                     39 ; default segment ordering for linker
                                     40 	.area HOME
                                     41 	.area GSINIT
                                     42 	.area GSFINAL
                                     43 	.area CONST
                                     44 	.area INITIALIZER
                                     45 	.area CODE
                                     46 
                                     47 ;--------------------------------------------------------
                                     48 ; global & static initialisations
                                     49 ;--------------------------------------------------------
                                     50 	.area HOME
                                     51 	.area GSINIT
                                     52 	.area GSFINAL
                                     53 	.area GSINIT
                                     54 ;--------------------------------------------------------
                                     55 ; Home
                                     56 ;--------------------------------------------------------
                                     57 	.area HOME
                                     58 	.area HOME
                                     59 ;--------------------------------------------------------
                                     60 ; code
                                     61 ;--------------------------------------------------------
                                     62 	.area CODE
                                     63 ;	driver/ds1302.c: 28: void ds1302_port_deinit(void)
                                     64 ;	-----------------------------------------
                                     65 ;	 function ds1302_port_deinit
                                     66 ;	-----------------------------------------
      000000                         67 _ds1302_port_deinit:
                                     68 ;	driver/ds1302.c: 30: GPIO_Init(DS1302_PORT,DS1302_CLK_PIN, GPIO_Mode_In_FL_No_IT);//RTC_CLK
      000000 4B 40            [ 1]   69 	push	#0x40
      000002 4B 08            [ 1]   70 	push	#0x08
      000004 4B 05            [ 1]   71 	push	#0x05
      000006 4B 50            [ 1]   72 	push	#0x50
      000008 CDr00r00         [ 4]   73 	call	_GPIO_Init
      00000B 5B 04            [ 2]   74 	addw	sp, #4
                                     75 ;	driver/ds1302.c: 31: GPIO_Init(DS1302_PORT_RST,DS1302_RST_PIN, GPIO_Mode_In_FL_No_IT);//        
      00000D 4B 40            [ 1]   76 	push	#0x40
      00000F 4B 02            [ 1]   77 	push	#0x02
      000011 4B 05            [ 1]   78 	push	#0x05
      000013 4B 50            [ 1]   79 	push	#0x50
      000015 CDr00r00         [ 4]   80 	call	_GPIO_Init
      000018 5B 04            [ 2]   81 	addw	sp, #4
                                     82 ;	driver/ds1302.c: 32: GPIO_Init(DS1302_PORT,DS1302_IO_PIN, GPIO_Mode_In_FL_No_IT);      //RTC_DATA   
      00001A 4B 40            [ 1]   83 	push	#0x40
      00001C 4B 04            [ 1]   84 	push	#0x04
      00001E 4B 05            [ 1]   85 	push	#0x05
      000020 4B 50            [ 1]   86 	push	#0x50
      000022 CDr00r00         [ 4]   87 	call	_GPIO_Init
      000025 5B 04            [ 2]   88 	addw	sp, #4
                                     89 ;	driver/ds1302.c: 34: }
      000027 81               [ 4]   90 	ret
                                     91 ;	driver/ds1302.c: 36: void ds1302_port_init(void)
                                     92 ;	-----------------------------------------
                                     93 ;	 function ds1302_port_init
                                     94 ;	-----------------------------------------
      000028                         95 _ds1302_port_init:
                                     96 ;	driver/ds1302.c: 38: GPIO_Init(DS1302_PORT,DS1302_CLK_PIN, GPIO_MODE_OUT_PP_HIGH_FAST);//RTC_CLK
      000028 4B F0            [ 1]   97 	push	#0xf0
      00002A 4B 08            [ 1]   98 	push	#0x08
      00002C 4B 05            [ 1]   99 	push	#0x05
      00002E 4B 50            [ 1]  100 	push	#0x50
      000030 CDr00r00         [ 4]  101 	call	_GPIO_Init
      000033 5B 04            [ 2]  102 	addw	sp, #4
                                    103 ;	driver/ds1302.c: 39: GPIO_Init(DS1302_PORT_RST,DS1302_RST_PIN, GPIO_MODE_OUT_PP_HIGH_FAST);//        
      000035 4B F0            [ 1]  104 	push	#0xf0
      000037 4B 02            [ 1]  105 	push	#0x02
      000039 4B 05            [ 1]  106 	push	#0x05
      00003B 4B 50            [ 1]  107 	push	#0x50
      00003D CDr00r00         [ 4]  108 	call	_GPIO_Init
      000040 5B 04            [ 2]  109 	addw	sp, #4
                                    110 ;	driver/ds1302.c: 40: GPIO_Init(DS1302_PORT,DS1302_IO_PIN, GPIO_MODE_IN_PU_NO_IT);      //RTC_DATA   
      000042 4B 40            [ 1]  111 	push	#0x40
      000044 4B 04            [ 1]  112 	push	#0x04
      000046 4B 05            [ 1]  113 	push	#0x05
      000048 4B 50            [ 1]  114 	push	#0x50
      00004A CDr00r00         [ 4]  115 	call	_GPIO_Init
      00004D 5B 04            [ 2]  116 	addw	sp, #4
                                    117 ;	driver/ds1302.c: 42: GPIO_LOW(DS1302_PORT_RST,DS1302_RST_PIN); 
      00004F 4B 02            [ 1]  118 	push	#0x02
      000051 4B 05            [ 1]  119 	push	#0x05
      000053 4B 50            [ 1]  120 	push	#0x50
      000055 CDr00r00         [ 4]  121 	call	_GPIO_WriteLow
      000058 5B 03            [ 2]  122 	addw	sp, #3
                                    123 ;	driver/ds1302.c: 43: GPIO_LOW(DS1302_PORT,DS1302_CLK_PIN); 
      00005A 4B 08            [ 1]  124 	push	#0x08
      00005C 4B 05            [ 1]  125 	push	#0x05
      00005E 4B 50            [ 1]  126 	push	#0x50
      000060 CDr00r00         [ 4]  127 	call	_GPIO_WriteLow
      000063 5B 03            [ 2]  128 	addw	sp, #3
                                    129 ;	driver/ds1302.c: 47: }
      000065 81               [ 4]  130 	ret
                                    131 ;	driver/ds1302.c: 49: void read_IO(void){
                                    132 ;	-----------------------------------------
                                    133 ;	 function read_IO
                                    134 ;	-----------------------------------------
      000066                        135 _read_IO:
                                    136 ;	driver/ds1302.c: 50: GPIO_Init(DS1302_PORT,DS1302_IO_PIN, GPIO_MODE_IN_PU_NO_IT);   //RTC_DATA        
      000066 4B 40            [ 1]  137 	push	#0x40
      000068 4B 04            [ 1]  138 	push	#0x04
      00006A 4B 05            [ 1]  139 	push	#0x05
      00006C 4B 50            [ 1]  140 	push	#0x50
      00006E CDr00r00         [ 4]  141 	call	_GPIO_Init
      000071 5B 04            [ 2]  142 	addw	sp, #4
                                    143 ;	driver/ds1302.c: 51: }
      000073 81               [ 4]  144 	ret
                                    145 ;	driver/ds1302.c: 53: void write_IO(void){ 
                                    146 ;	-----------------------------------------
                                    147 ;	 function write_IO
                                    148 ;	-----------------------------------------
      000074                        149 _write_IO:
                                    150 ;	driver/ds1302.c: 54: GPIO_Init(DS1302_PORT,DS1302_IO_PIN, GPIO_MODE_OUT_PP_HIGH_FAST);//RTC_DATA
      000074 4B F0            [ 1]  151 	push	#0xf0
      000076 4B 04            [ 1]  152 	push	#0x04
      000078 4B 05            [ 1]  153 	push	#0x05
      00007A 4B 50            [ 1]  154 	push	#0x50
      00007C CDr00r00         [ 4]  155 	call	_GPIO_Init
      00007F 5B 04            [ 2]  156 	addw	sp, #4
                                    157 ;	driver/ds1302.c: 55: }
      000081 81               [ 4]  158 	ret
                                    159 ;	driver/ds1302.c: 58: void ds1302_write_byte(unsigned char temp) 
                                    160 ;	-----------------------------------------
                                    161 ;	 function ds1302_write_byte
                                    162 ;	-----------------------------------------
      000082                        163 _ds1302_write_byte:
      000082 88               [ 1]  164 	push	a
                                    165 ;	driver/ds1302.c: 61: for (i=0;i<8;i++)     
      000083 0F 01            [ 1]  166 	clr	(0x01, sp)
      000085                        167 00105$:
                                    168 ;	driver/ds1302.c: 63: GPIO_LOW(DS1302_PORT,DS1302_CLK_PIN);
      000085 4B 08            [ 1]  169 	push	#0x08
      000087 4B 05            [ 1]  170 	push	#0x05
      000089 4B 50            [ 1]  171 	push	#0x50
      00008B CDr00r00         [ 4]  172 	call	_GPIO_WriteLow
      00008E 5B 03            [ 2]  173 	addw	sp, #3
                                    174 ;	driver/ds1302.c: 65: if(temp&0x01) {
      000090 7B 04            [ 1]  175 	ld	a, (0x04, sp)
      000092 44               [ 1]  176 	srl	a
      000093 24 0D            [ 1]  177 	jrnc	00102$
                                    178 ;	driver/ds1302.c: 66: GPIO_HIGH(DS1302_PORT,DS1302_IO_PIN); 
      000095 4B 04            [ 1]  179 	push	#0x04
      000097 4B 05            [ 1]  180 	push	#0x05
      000099 4B 50            [ 1]  181 	push	#0x50
      00009B CDr00r00         [ 4]  182 	call	_GPIO_WriteHigh
      00009E 5B 03            [ 2]  183 	addw	sp, #3
      0000A0 20 0B            [ 2]  184 	jra	00103$
      0000A2                        185 00102$:
                                    186 ;	driver/ds1302.c: 68: GPIO_LOW(DS1302_PORT,DS1302_IO_PIN);
      0000A2 4B 04            [ 1]  187 	push	#0x04
      0000A4 4B 05            [ 1]  188 	push	#0x05
      0000A6 4B 50            [ 1]  189 	push	#0x50
      0000A8 CDr00r00         [ 4]  190 	call	_GPIO_WriteLow
      0000AB 5B 03            [ 2]  191 	addw	sp, #3
      0000AD                        192 00103$:
                                    193 ;	driver/ds1302.c: 70: temp>>=1; 
      0000AD 04 04            [ 1]  194 	srl	(0x04, sp)
                                    195 ;	driver/ds1302.c: 72: GPIO_HIGH(DS1302_PORT,DS1302_CLK_PIN); 
      0000AF 4B 08            [ 1]  196 	push	#0x08
      0000B1 4B 05            [ 1]  197 	push	#0x05
      0000B3 4B 50            [ 1]  198 	push	#0x50
      0000B5 CDr00r00         [ 4]  199 	call	_GPIO_WriteHigh
      0000B8 5B 03            [ 2]  200 	addw	sp, #3
                                    201 ;	driver/ds1302.c: 61: for (i=0;i<8;i++)     
      0000BA 0C 01            [ 1]  202 	inc	(0x01, sp)
      0000BC 7B 01            [ 1]  203 	ld	a, (0x01, sp)
      0000BE A1 08            [ 1]  204 	cp	a, #0x08
      0000C0 25 C3            [ 1]  205 	jrc	00105$
                                    206 ;	driver/ds1302.c: 75: }  
      0000C2 84               [ 1]  207 	pop	a
      0000C3 81               [ 4]  208 	ret
                                    209 ;	driver/ds1302.c: 76: unsigned char ds1302_read_byte(void) 
                                    210 ;	-----------------------------------------
                                    211 ;	 function ds1302_read_byte
                                    212 ;	-----------------------------------------
      0000C4                        213 _ds1302_read_byte:
      0000C4 52 02            [ 2]  214 	sub	sp, #2
                                    215 ;	driver/ds1302.c: 78: unsigned char i,temp=0;
      0000C6 0F 02            [ 1]  216 	clr	(0x02, sp)
                                    217 ;	driver/ds1302.c: 79: for (i=0;i<8;i++) 		
      0000C8 0F 01            [ 1]  218 	clr	(0x01, sp)
      0000CA                        219 00104$:
                                    220 ;	driver/ds1302.c: 81: GPIO_LOW(DS1302_PORT,DS1302_CLK_PIN);
      0000CA 4B 08            [ 1]  221 	push	#0x08
      0000CC 4B 05            [ 1]  222 	push	#0x05
      0000CE 4B 50            [ 1]  223 	push	#0x50
      0000D0 CDr00r00         [ 4]  224 	call	_GPIO_WriteLow
      0000D3 5B 03            [ 2]  225 	addw	sp, #3
                                    226 ;	driver/ds1302.c: 82: temp>>=1;
      0000D5 7B 02            [ 1]  227 	ld	a, (0x02, sp)
      0000D7 44               [ 1]  228 	srl	a
      0000D8 6B 02            [ 1]  229 	ld	(0x02, sp), a
                                    230 ;	driver/ds1302.c: 83: if(GPIO_ReadInputDataBit(DS1302_PORT,DS1302_IO_PIN))
      0000DA 4B 04            [ 1]  231 	push	#0x04
      0000DC 4B 05            [ 1]  232 	push	#0x05
      0000DE 4B 50            [ 1]  233 	push	#0x50
      0000E0 CDr00r00         [ 4]  234 	call	_GPIO_ReadInputPin
      0000E3 5B 03            [ 2]  235 	addw	sp, #3
      0000E5 4D               [ 1]  236 	tnz	a
      0000E6 27 06            [ 1]  237 	jreq	00102$
                                    238 ;	driver/ds1302.c: 85: temp|=0x80;	
      0000E8 7B 02            [ 1]  239 	ld	a, (0x02, sp)
      0000EA AA 80            [ 1]  240 	or	a, #0x80
      0000EC 6B 02            [ 1]  241 	ld	(0x02, sp), a
      0000EE                        242 00102$:
                                    243 ;	driver/ds1302.c: 88: GPIO_HIGH(DS1302_PORT,DS1302_CLK_PIN); 
      0000EE 4B 08            [ 1]  244 	push	#0x08
      0000F0 4B 05            [ 1]  245 	push	#0x05
      0000F2 4B 50            [ 1]  246 	push	#0x50
      0000F4 CDr00r00         [ 4]  247 	call	_GPIO_WriteHigh
      0000F7 5B 03            [ 2]  248 	addw	sp, #3
                                    249 ;	driver/ds1302.c: 79: for (i=0;i<8;i++) 		
      0000F9 0C 01            [ 1]  250 	inc	(0x01, sp)
      0000FB 7B 01            [ 1]  251 	ld	a, (0x01, sp)
      0000FD A1 08            [ 1]  252 	cp	a, #0x08
      0000FF 25 C9            [ 1]  253 	jrc	00104$
                                    254 ;	driver/ds1302.c: 92: return temp;
      000101 7B 02            [ 1]  255 	ld	a, (0x02, sp)
                                    256 ;	driver/ds1302.c: 93: } 
      000103 5B 02            [ 2]  257 	addw	sp, #2
      000105 81               [ 4]  258 	ret
                                    259 ;	driver/ds1302.c: 95: void ds1302_write( unsigned char address,unsigned char dat )     
                                    260 ;	-----------------------------------------
                                    261 ;	 function ds1302_write
                                    262 ;	-----------------------------------------
      000106                        263 _ds1302_write:
                                    264 ;	driver/ds1302.c: 97: write_IO();
      000106 CDr00r74         [ 4]  265 	call	_write_IO
                                    266 ;	driver/ds1302.c: 98: GPIO_LOW(DS1302_PORT_RST,DS1302_RST_PIN);   //写地址，写数据 RST保持高电平
      000109 4B 02            [ 1]  267 	push	#0x02
      00010B 4B 05            [ 1]  268 	push	#0x05
      00010D 4B 50            [ 1]  269 	push	#0x50
      00010F CDr00r00         [ 4]  270 	call	_GPIO_WriteLow
      000112 5B 03            [ 2]  271 	addw	sp, #3
                                    272 ;	driver/ds1302.c: 99: GPIO_LOW(DS1302_PORT,DS1302_CLK_PIN);
      000114 4B 08            [ 1]  273 	push	#0x08
      000116 4B 05            [ 1]  274 	push	#0x05
      000118 4B 50            [ 1]  275 	push	#0x50
      00011A CDr00r00         [ 4]  276 	call	_GPIO_WriteLow
      00011D 5B 03            [ 2]  277 	addw	sp, #3
                                    278 ;	driver/ds1302.c: 100: GPIO_HIGH(DS1302_PORT_RST,DS1302_RST_PIN);
      00011F 4B 02            [ 1]  279 	push	#0x02
      000121 4B 05            [ 1]  280 	push	#0x05
      000123 4B 50            [ 1]  281 	push	#0x50
      000125 CDr00r00         [ 4]  282 	call	_GPIO_WriteHigh
      000128 5B 03            [ 2]  283 	addw	sp, #3
                                    284 ;	driver/ds1302.c: 101: ds1302_write_byte(address);	
      00012A 7B 03            [ 1]  285 	ld	a, (0x03, sp)
      00012C 88               [ 1]  286 	push	a
      00012D CDr00r82         [ 4]  287 	call	_ds1302_write_byte
      000130 84               [ 1]  288 	pop	a
                                    289 ;	driver/ds1302.c: 102: ds1302_write_byte(dat);		
      000131 7B 04            [ 1]  290 	ld	a, (0x04, sp)
      000133 88               [ 1]  291 	push	a
      000134 CDr00r82         [ 4]  292 	call	_ds1302_write_byte
      000137 84               [ 1]  293 	pop	a
                                    294 ;	driver/ds1302.c: 103: GPIO_LOW(DS1302_PORT_RST,DS1302_RST_PIN);
      000138 4B 02            [ 1]  295 	push	#0x02
      00013A 4B 05            [ 1]  296 	push	#0x05
      00013C 4B 50            [ 1]  297 	push	#0x50
      00013E CDr00r00         [ 4]  298 	call	_GPIO_WriteLow
      000141 5B 03            [ 2]  299 	addw	sp, #3
                                    300 ;	driver/ds1302.c: 105: }
      000143 81               [ 4]  301 	ret
                                    302 ;	driver/ds1302.c: 107: unsigned char ds1302_read( unsigned char address )
                                    303 ;	-----------------------------------------
                                    304 ;	 function ds1302_read
                                    305 ;	-----------------------------------------
      000144                        306 _ds1302_read:
                                    307 ;	driver/ds1302.c: 110: write_IO();
      000144 CDr00r74         [ 4]  308 	call	_write_IO
                                    309 ;	driver/ds1302.c: 111: GPIO_LOW(DS1302_PORT_RST,DS1302_RST_PIN);
      000147 4B 02            [ 1]  310 	push	#0x02
      000149 4B 05            [ 1]  311 	push	#0x05
      00014B 4B 50            [ 1]  312 	push	#0x50
      00014D CDr00r00         [ 4]  313 	call	_GPIO_WriteLow
      000150 5B 03            [ 2]  314 	addw	sp, #3
                                    315 ;	driver/ds1302.c: 112: GPIO_LOW(DS1302_PORT,DS1302_CLK_PIN);
      000152 4B 08            [ 1]  316 	push	#0x08
      000154 4B 05            [ 1]  317 	push	#0x05
      000156 4B 50            [ 1]  318 	push	#0x50
      000158 CDr00r00         [ 4]  319 	call	_GPIO_WriteLow
      00015B 5B 03            [ 2]  320 	addw	sp, #3
                                    321 ;	driver/ds1302.c: 113: GPIO_HIGH(DS1302_PORT_RST,DS1302_RST_PIN);
      00015D 4B 02            [ 1]  322 	push	#0x02
      00015F 4B 05            [ 1]  323 	push	#0x05
      000161 4B 50            [ 1]  324 	push	#0x50
      000163 CDr00r00         [ 4]  325 	call	_GPIO_WriteHigh
      000166 5B 03            [ 2]  326 	addw	sp, #3
                                    327 ;	driver/ds1302.c: 114: ds1302_write_byte(address|0x01);  //读标志：地址最后一位为1
      000168 7B 03            [ 1]  328 	ld	a, (0x03, sp)
      00016A AA 01            [ 1]  329 	or	a, #0x01
      00016C 88               [ 1]  330 	push	a
      00016D CDr00r82         [ 4]  331 	call	_ds1302_write_byte
      000170 84               [ 1]  332 	pop	a
                                    333 ;	driver/ds1302.c: 115: read_IO();
      000171 CDr00r66         [ 4]  334 	call	_read_IO
                                    335 ;	driver/ds1302.c: 116: ret = ds1302_read_byte();
      000174 CDr00rC4         [ 4]  336 	call	_ds1302_read_byte
                                    337 ;	driver/ds1302.c: 117: GPIO_LOW(DS1302_PORT_RST,DS1302_RST_PIN);
      000177 88               [ 1]  338 	push	a
      000178 4B 02            [ 1]  339 	push	#0x02
      00017A 4B 05            [ 1]  340 	push	#0x05
      00017C 4B 50            [ 1]  341 	push	#0x50
      00017E CDr00r00         [ 4]  342 	call	_GPIO_WriteLow
      000181 5B 03            [ 2]  343 	addw	sp, #3
      000183 84               [ 1]  344 	pop	a
                                    345 ;	driver/ds1302.c: 118: return (ret);		
                                    346 ;	driver/ds1302.c: 119: }	
      000184 81               [ 4]  347 	ret
                                    348 ;	driver/ds1302.c: 134: void ds1302_read_time(DS1302_TIME* time) 
                                    349 ;	-----------------------------------------
                                    350 ;	 function ds1302_read_time
                                    351 ;	-----------------------------------------
      000185                        352 _ds1302_read_time:
      000185 52 02            [ 2]  353 	sub	sp, #2
                                    354 ;	driver/ds1302.c: 136: ds1302_port_init();
      000187 CDr00r28         [ 4]  355 	call	_ds1302_port_init
                                    356 ;	driver/ds1302.c: 137: time->year=ds1302_read(DS1302_YEAR_REG); //年 
      00018A 16 05            [ 2]  357 	ldw	y, (0x05, sp)
      00018C 17 01            [ 2]  358 	ldw	(0x01, sp), y
      00018E 4B 8C            [ 1]  359 	push	#0x8c
      000190 CDr01r44         [ 4]  360 	call	_ds1302_read
      000193 5B 01            [ 2]  361 	addw	sp, #1
      000195 1E 01            [ 2]  362 	ldw	x, (0x01, sp)
      000197 F7               [ 1]  363 	ld	(x), a
                                    364 ;	driver/ds1302.c: 138: time->month=ds1302_read(DS1302_MONTH_REG);//月 
      000198 1E 01            [ 2]  365 	ldw	x, (0x01, sp)
      00019A 5C               [ 1]  366 	incw	x
      00019B 89               [ 2]  367 	pushw	x
      00019C 4B 88            [ 1]  368 	push	#0x88
      00019E CDr01r44         [ 4]  369 	call	_ds1302_read
      0001A1 5B 01            [ 2]  370 	addw	sp, #1
      0001A3 85               [ 2]  371 	popw	x
      0001A4 F7               [ 1]  372 	ld	(x), a
                                    373 ;	driver/ds1302.c: 139: time->day=ds1302_read(DS1302_DATE_REG); //日 
      0001A5 1E 01            [ 2]  374 	ldw	x, (0x01, sp)
      0001A7 5C               [ 1]  375 	incw	x
      0001A8 5C               [ 1]  376 	incw	x
      0001A9 89               [ 2]  377 	pushw	x
      0001AA 4B 86            [ 1]  378 	push	#0x86
      0001AC CDr01r44         [ 4]  379 	call	_ds1302_read
      0001AF 5B 01            [ 2]  380 	addw	sp, #1
      0001B1 85               [ 2]  381 	popw	x
      0001B2 F7               [ 1]  382 	ld	(x), a
                                    383 ;	driver/ds1302.c: 140: time->week=ds1302_read(DS1302_DAY_REG); //周 
      0001B3 1E 01            [ 2]  384 	ldw	x, (0x01, sp)
      0001B5 1C 00 03         [ 2]  385 	addw	x, #0x0003
      0001B8 89               [ 2]  386 	pushw	x
      0001B9 4B 8A            [ 1]  387 	push	#0x8a
      0001BB CDr01r44         [ 4]  388 	call	_ds1302_read
      0001BE 5B 01            [ 2]  389 	addw	sp, #1
      0001C0 85               [ 2]  390 	popw	x
      0001C1 F7               [ 1]  391 	ld	(x), a
                                    392 ;	driver/ds1302.c: 141: time->hour=ds1302_read(DS1302_HR_REG); //时 
      0001C2 1E 01            [ 2]  393 	ldw	x, (0x01, sp)
      0001C4 1C 00 04         [ 2]  394 	addw	x, #0x0004
      0001C7 89               [ 2]  395 	pushw	x
      0001C8 4B 84            [ 1]  396 	push	#0x84
      0001CA CDr01r44         [ 4]  397 	call	_ds1302_read
      0001CD 5B 01            [ 2]  398 	addw	sp, #1
      0001CF 85               [ 2]  399 	popw	x
      0001D0 F7               [ 1]  400 	ld	(x), a
                                    401 ;	driver/ds1302.c: 142: time->minute=ds1302_read(DS1302_MIN_REG); //分 
      0001D1 1E 01            [ 2]  402 	ldw	x, (0x01, sp)
      0001D3 1C 00 05         [ 2]  403 	addw	x, #0x0005
      0001D6 89               [ 2]  404 	pushw	x
      0001D7 4B 82            [ 1]  405 	push	#0x82
      0001D9 CDr01r44         [ 4]  406 	call	_ds1302_read
      0001DC 5B 01            [ 2]  407 	addw	sp, #1
      0001DE 85               [ 2]  408 	popw	x
      0001DF F7               [ 1]  409 	ld	(x), a
                                    410 ;	driver/ds1302.c: 143: time->second=ds1302_read(DS1302_SEC_REG); //秒 
      0001E0 1E 01            [ 2]  411 	ldw	x, (0x01, sp)
      0001E2 1C 00 06         [ 2]  412 	addw	x, #0x0006
      0001E5 89               [ 2]  413 	pushw	x
      0001E6 4B 80            [ 1]  414 	push	#0x80
      0001E8 CDr01r44         [ 4]  415 	call	_ds1302_read
      0001EB 5B 01            [ 2]  416 	addw	sp, #1
      0001ED 85               [ 2]  417 	popw	x
      0001EE F7               [ 1]  418 	ld	(x), a
                                    419 ;	driver/ds1302.c: 144: ds1302_port_deinit();
      0001EF CDr00r00         [ 4]  420 	call	_ds1302_port_deinit
                                    421 ;	driver/ds1302.c: 145: } 
      0001F2 5B 02            [ 2]  422 	addw	sp, #2
      0001F4 81               [ 4]  423 	ret
                                    424 ;	driver/ds1302.c: 146: void ds1302_write_time(DS1302_TIME* time) 
                                    425 ;	-----------------------------------------
                                    426 ;	 function ds1302_write_time
                                    427 ;	-----------------------------------------
      0001F5                        428 _ds1302_write_time:
      0001F5 52 02            [ 2]  429 	sub	sp, #2
                                    430 ;	driver/ds1302.c: 148: ds1302_port_init();
      0001F7 CDr00r28         [ 4]  431 	call	_ds1302_port_init
                                    432 ;	driver/ds1302.c: 149: ds1302_write(DS1302_CONTROL_REG,0x00); //关闭写保护 
      0001FA 4B 00            [ 1]  433 	push	#0x00
      0001FC 4B 8E            [ 1]  434 	push	#0x8e
      0001FE CDr01r06         [ 4]  435 	call	_ds1302_write
      000201 5B 02            [ 2]  436 	addw	sp, #2
                                    437 ;	driver/ds1302.c: 150: ds1302_write(DS1302_SEC_REG,0x80); //暂停 
      000203 4B 80            [ 1]  438 	push	#0x80
      000205 4B 80            [ 1]  439 	push	#0x80
      000207 CDr01r06         [ 4]  440 	call	_ds1302_write
      00020A 5B 02            [ 2]  441 	addw	sp, #2
                                    442 ;	driver/ds1302.c: 151: ds1302_write(DS1302_CHARGER_REG,0xa9); //涓流充电 
      00020C 4B A9            [ 1]  443 	push	#0xa9
      00020E 4B 90            [ 1]  444 	push	#0x90
      000210 CDr01r06         [ 4]  445 	call	_ds1302_write
      000213 5B 02            [ 2]  446 	addw	sp, #2
                                    447 ;	driver/ds1302.c: 153: ds1302_write(DS1302_SEC_REG, 0x00);           // 启动振荡器
      000215 4B 00            [ 1]  448 	push	#0x00
      000217 4B 80            [ 1]  449 	push	#0x80
      000219 CDr01r06         [ 4]  450 	call	_ds1302_write
      00021C 5B 02            [ 2]  451 	addw	sp, #2
                                    452 ;	driver/ds1302.c: 154: ds1302_write(DS1302_YEAR_REG,time->year); //年 
      00021E 16 05            [ 2]  453 	ldw	y, (0x05, sp)
      000220 17 01            [ 2]  454 	ldw	(0x01, sp), y
      000222 93               [ 1]  455 	ldw	x, y
      000223 F6               [ 1]  456 	ld	a, (x)
      000224 88               [ 1]  457 	push	a
      000225 4B 8C            [ 1]  458 	push	#0x8c
      000227 CDr01r06         [ 4]  459 	call	_ds1302_write
      00022A 5B 02            [ 2]  460 	addw	sp, #2
                                    461 ;	driver/ds1302.c: 155: ds1302_write(DS1302_MONTH_REG,time->month); //月 
      00022C 1E 01            [ 2]  462 	ldw	x, (0x01, sp)
      00022E E6 01            [ 1]  463 	ld	a, (0x1, x)
      000230 88               [ 1]  464 	push	a
      000231 4B 88            [ 1]  465 	push	#0x88
      000233 CDr01r06         [ 4]  466 	call	_ds1302_write
      000236 5B 02            [ 2]  467 	addw	sp, #2
                                    468 ;	driver/ds1302.c: 156: ds1302_write(DS1302_DATE_REG,time->day); //日 
      000238 1E 01            [ 2]  469 	ldw	x, (0x01, sp)
      00023A E6 02            [ 1]  470 	ld	a, (0x2, x)
      00023C 88               [ 1]  471 	push	a
      00023D 4B 86            [ 1]  472 	push	#0x86
      00023F CDr01r06         [ 4]  473 	call	_ds1302_write
      000242 5B 02            [ 2]  474 	addw	sp, #2
                                    475 ;	driver/ds1302.c: 157: ds1302_write(DS1302_DAY_REG,time->week); //周 
      000244 1E 01            [ 2]  476 	ldw	x, (0x01, sp)
      000246 E6 03            [ 1]  477 	ld	a, (0x3, x)
      000248 88               [ 1]  478 	push	a
      000249 4B 8A            [ 1]  479 	push	#0x8a
      00024B CDr01r06         [ 4]  480 	call	_ds1302_write
      00024E 5B 02            [ 2]  481 	addw	sp, #2
                                    482 ;	driver/ds1302.c: 158: ds1302_write(DS1302_HR_REG,time->hour); //时 
      000250 1E 01            [ 2]  483 	ldw	x, (0x01, sp)
      000252 E6 04            [ 1]  484 	ld	a, (0x4, x)
      000254 88               [ 1]  485 	push	a
      000255 4B 84            [ 1]  486 	push	#0x84
      000257 CDr01r06         [ 4]  487 	call	_ds1302_write
      00025A 5B 02            [ 2]  488 	addw	sp, #2
                                    489 ;	driver/ds1302.c: 159: ds1302_write(DS1302_MIN_REG,time->minute); //分 
      00025C 1E 01            [ 2]  490 	ldw	x, (0x01, sp)
      00025E E6 05            [ 1]  491 	ld	a, (0x5, x)
      000260 88               [ 1]  492 	push	a
      000261 4B 82            [ 1]  493 	push	#0x82
      000263 CDr01r06         [ 4]  494 	call	_ds1302_write
      000266 5B 02            [ 2]  495 	addw	sp, #2
                                    496 ;	driver/ds1302.c: 160: ds1302_write(DS1302_SEC_REG,time->second); //秒 
      000268 1E 01            [ 2]  497 	ldw	x, (0x01, sp)
      00026A E6 06            [ 1]  498 	ld	a, (0x6, x)
      00026C 88               [ 1]  499 	push	a
      00026D 4B 80            [ 1]  500 	push	#0x80
      00026F CDr01r06         [ 4]  501 	call	_ds1302_write
      000272 5B 02            [ 2]  502 	addw	sp, #2
                                    503 ;	driver/ds1302.c: 161: ds1302_write(DS1302_CONTROL_REG,0x80); //打开写保护 
      000274 4B 80            [ 1]  504 	push	#0x80
      000276 4B 8E            [ 1]  505 	push	#0x8e
      000278 CDr01r06         [ 4]  506 	call	_ds1302_write
      00027B 5B 02            [ 2]  507 	addw	sp, #2
                                    508 ;	driver/ds1302.c: 162: ds1302_port_deinit();
      00027D CDr00r00         [ 4]  509 	call	_ds1302_port_deinit
                                    510 ;	driver/ds1302.c: 163: }
      000280 5B 02            [ 2]  511 	addw	sp, #2
      000282 81               [ 4]  512 	ret
                                    513 ;	driver/ds1302.c: 180: void ds1302_active()
                                    514 ;	-----------------------------------------
                                    515 ;	 function ds1302_active
                                    516 ;	-----------------------------------------
      000283                        517 _ds1302_active:
                                    518 ;	driver/ds1302.c: 182: ds1302_port_init();
      000283 CDr00r28         [ 4]  519 	call	_ds1302_port_init
                                    520 ;	driver/ds1302.c: 183: ds1302_write(DS1302_CONTROL_REG,0x00); //关闭写保护
      000286 4B 00            [ 1]  521 	push	#0x00
      000288 4B 8E            [ 1]  522 	push	#0x8e
      00028A CDr01r06         [ 4]  523 	call	_ds1302_write
      00028D 5B 02            [ 2]  524 	addw	sp, #2
                                    525 ;	driver/ds1302.c: 184: ds1302_write(DS1302_SEC_REG,ds1302_read(DS1302_SEC_REG) & 0x7f); 
      00028F 4B 80            [ 1]  526 	push	#0x80
      000291 CDr01r44         [ 4]  527 	call	_ds1302_read
      000294 5B 01            [ 2]  528 	addw	sp, #1
      000296 A4 7F            [ 1]  529 	and	a, #0x7f
      000298 88               [ 1]  530 	push	a
      000299 4B 80            [ 1]  531 	push	#0x80
      00029B CDr01r06         [ 4]  532 	call	_ds1302_write
      00029E 5B 02            [ 2]  533 	addw	sp, #2
                                    534 ;	driver/ds1302.c: 185: ds1302_write(DS1302_HR_REG,ds1302_read(DS1302_HR_REG)&0x7f);
      0002A0 4B 84            [ 1]  535 	push	#0x84
      0002A2 CDr01r44         [ 4]  536 	call	_ds1302_read
      0002A5 5B 01            [ 2]  537 	addw	sp, #1
      0002A7 A4 7F            [ 1]  538 	and	a, #0x7f
      0002A9 88               [ 1]  539 	push	a
      0002AA 4B 84            [ 1]  540 	push	#0x84
      0002AC CDr01r06         [ 4]  541 	call	_ds1302_write
      0002AF 5B 02            [ 2]  542 	addw	sp, #2
                                    543 ;	driver/ds1302.c: 186: ds1302_write(DS1302_CONTROL_REG,0x80); //打开写保护
      0002B1 4B 80            [ 1]  544 	push	#0x80
      0002B3 4B 8E            [ 1]  545 	push	#0x8e
      0002B5 CDr01r06         [ 4]  546 	call	_ds1302_write
      0002B8 5B 02            [ 2]  547 	addw	sp, #2
                                    548 ;	driver/ds1302.c: 187: ds1302_port_deinit();
                                    549 ;	driver/ds1302.c: 188: }
      0002BA CCr00r00         [ 2]  550 	jp	_ds1302_port_deinit
                                    551 	.area CODE
                                    552 	.area CONST
                                    553 	.area INITIALIZER
                                    554 	.area CABS (ABS)
