                                      1 ;--------------------------------------------------------
                                      2 ; File Created by SDCC : free open source ANSI-C Compiler
                                      3 ; Version 3.8.0 #10562 (Linux)
                                      4 ;--------------------------------------------------------
                                      5 	.module eeprom
                                      6 	.optsdcc -mstm8
                                      7 	
                                      8 ;--------------------------------------------------------
                                      9 ; Public variables in this module
                                     10 ;--------------------------------------------------------
                                     11 	.globl _FLASH_WaitForLastOperation
                                     12 	.globl _FLASH_GetFlagStatus
                                     13 	.globl _FLASH_ReadByte
                                     14 	.globl _FLASH_ProgramByte
                                     15 	.globl _FLASH_Lock
                                     16 	.globl _FLASH_Unlock
                                     17 	.globl _eeprom_read
                                     18 	.globl _eeprom_write
                                     19 ;--------------------------------------------------------
                                     20 ; ram data
                                     21 ;--------------------------------------------------------
                                     22 	.area DATA
                                     23 ;--------------------------------------------------------
                                     24 ; ram data
                                     25 ;--------------------------------------------------------
                                     26 	.area INITIALIZED
                                     27 ;--------------------------------------------------------
                                     28 ; absolute external ram data
                                     29 ;--------------------------------------------------------
                                     30 	.area DABS (ABS)
                                     31 
                                     32 ; default segment ordering for linker
                                     33 	.area HOME
                                     34 	.area GSINIT
                                     35 	.area GSFINAL
                                     36 	.area CONST
                                     37 	.area INITIALIZER
                                     38 	.area CODE
                                     39 
                                     40 ;--------------------------------------------------------
                                     41 ; global & static initialisations
                                     42 ;--------------------------------------------------------
                                     43 	.area HOME
                                     44 	.area GSINIT
                                     45 	.area GSFINAL
                                     46 	.area GSINIT
                                     47 ;--------------------------------------------------------
                                     48 ; Home
                                     49 ;--------------------------------------------------------
                                     50 	.area HOME
                                     51 	.area HOME
                                     52 ;--------------------------------------------------------
                                     53 ; code
                                     54 ;--------------------------------------------------------
                                     55 	.area CODE
                                     56 ;	driver/eeprom.c: 4: u8 eeprom_read(u32 num) {
                                     57 ;	-----------------------------------------
                                     58 ;	 function eeprom_read
                                     59 ;	-----------------------------------------
      000000                         60 _eeprom_read:
                                     61 ;	driver/eeprom.c: 5: return FLASH_ReadByte(ADDR_OFFSET+num);
      000000 16 05            [ 2]   62 	ldw	y, (0x05, sp)
      000002 72 A9 40 00      [ 2]   63 	addw	y, #0x4000
      000006 7B 04            [ 1]   64 	ld	a, (0x04, sp)
      000008 A9 00            [ 1]   65 	adc	a, #0x00
      00000A 97               [ 1]   66 	ld	xl, a
      00000B 7B 03            [ 1]   67 	ld	a, (0x03, sp)
      00000D A9 00            [ 1]   68 	adc	a, #0x00
      00000F 95               [ 1]   69 	ld	xh, a
      000010 90 89            [ 2]   70 	pushw	y
      000012 89               [ 2]   71 	pushw	x
      000013 CDr00r00         [ 4]   72 	call	_FLASH_ReadByte
      000016 5B 04            [ 2]   73 	addw	sp, #4
                                     74 ;	driver/eeprom.c: 6: }
      000018 81               [ 4]   75 	ret
                                     76 ;	driver/eeprom.c: 8: u8 eeprom_write(u32 num,u8 data){
                                     77 ;	-----------------------------------------
                                     78 ;	 function eeprom_write
                                     79 ;	-----------------------------------------
      000019                         80 _eeprom_write:
                                     81 ;	driver/eeprom.c: 10: FLASH_Unlock(FLASH_MEMTYPE_DATA);
      000019 4B F7            [ 1]   82 	push	#0xf7
      00001B CDr00r00         [ 4]   83 	call	_FLASH_Unlock
      00001E 84               [ 1]   84 	pop	a
                                     85 ;	driver/eeprom.c: 11: while (FLASH_GetFlagStatus(FLASH_FLAG_DUL) == RESET); //等待解锁标志位置位
      00001F                         86 00101$:
      00001F 4B 08            [ 1]   87 	push	#0x08
      000021 CDr00r00         [ 4]   88 	call	_FLASH_GetFlagStatus
      000024 5B 01            [ 2]   89 	addw	sp, #1
      000026 4D               [ 1]   90 	tnz	a
      000027 27 F6            [ 1]   91 	jreq	00101$
                                     92 ;	driver/eeprom.c: 12: FLASH_ProgramByte(ADDR_OFFSET+num,data);
      000029 16 05            [ 2]   93 	ldw	y, (0x05, sp)
      00002B 72 A9 40 00      [ 2]   94 	addw	y, #0x4000
      00002F 7B 04            [ 1]   95 	ld	a, (0x04, sp)
      000031 A9 00            [ 1]   96 	adc	a, #0x00
      000033 97               [ 1]   97 	ld	xl, a
      000034 7B 03            [ 1]   98 	ld	a, (0x03, sp)
      000036 A9 00            [ 1]   99 	adc	a, #0x00
      000038 95               [ 1]  100 	ld	xh, a
      000039 7B 07            [ 1]  101 	ld	a, (0x07, sp)
      00003B 88               [ 1]  102 	push	a
      00003C 90 89            [ 2]  103 	pushw	y
      00003E 89               [ 2]  104 	pushw	x
      00003F CDr00r00         [ 4]  105 	call	_FLASH_ProgramByte
      000042 5B 05            [ 2]  106 	addw	sp, #5
                                    107 ;	driver/eeprom.c: 13: FLASH_WaitForLastOperation(FLASH_MEMTYPE_DATA);
      000044 4B F7            [ 1]  108 	push	#0xf7
      000046 CDr00r00         [ 4]  109 	call	_FLASH_WaitForLastOperation
      000049 84               [ 1]  110 	pop	a
                                    111 ;	driver/eeprom.c: 14: FLASH_Lock(FLASH_MEMTYPE_DATA);
      00004A 4B F7            [ 1]  112 	push	#0xf7
      00004C CDr00r00         [ 4]  113 	call	_FLASH_Lock
      00004F 84               [ 1]  114 	pop	a
                                    115 ;	driver/eeprom.c: 16: return eeprom_read(num);
      000050 1E 05            [ 2]  116 	ldw	x, (0x05, sp)
      000052 89               [ 2]  117 	pushw	x
      000053 1E 05            [ 2]  118 	ldw	x, (0x05, sp)
      000055 89               [ 2]  119 	pushw	x
      000056 CDr00r00         [ 4]  120 	call	_eeprom_read
      000059 5B 04            [ 2]  121 	addw	sp, #4
                                    122 ;	driver/eeprom.c: 17: }
      00005B 81               [ 4]  123 	ret
                                    124 	.area CODE
                                    125 	.area CONST
                                    126 	.area INITIALIZER
                                    127 	.area CABS (ABS)
