                                      1 ;--------------------------------------------------------
                                      2 ; File Created by SDCC : free open source ANSI-C Compiler
                                      3 ; Version 3.8.0 #10562 (Linux)
                                      4 ;--------------------------------------------------------
                                      5 	.module key
                                      6 	.optsdcc -mstm8
                                      7 	
                                      8 ;--------------------------------------------------------
                                      9 ; Public variables in this module
                                     10 ;--------------------------------------------------------
                                     11 	.globl _GPIO_ReadInputPin
                                     12 	.globl _GPIO_Init
                                     13 	.globl _EXTI_SetTLISensitivity
                                     14 	.globl _EXTI_SetExtIntSensitivity
                                     15 	.globl _keycount
                                     16 	.globl _key_init
                                     17 	.globl _key_read
                                     18 ;--------------------------------------------------------
                                     19 ; ram data
                                     20 ;--------------------------------------------------------
                                     21 	.area DATA
                                     22 ;--------------------------------------------------------
                                     23 ; ram data
                                     24 ;--------------------------------------------------------
                                     25 	.area INITIALIZED
      000000                         26 _keycount::
      000000                         27 	.ds 5
                                     28 ;--------------------------------------------------------
                                     29 ; absolute external ram data
                                     30 ;--------------------------------------------------------
                                     31 	.area DABS (ABS)
                                     32 
                                     33 ; default segment ordering for linker
                                     34 	.area HOME
                                     35 	.area GSINIT
                                     36 	.area GSFINAL
                                     37 	.area CONST
                                     38 	.area INITIALIZER
                                     39 	.area CODE
                                     40 
                                     41 ;--------------------------------------------------------
                                     42 ; global & static initialisations
                                     43 ;--------------------------------------------------------
                                     44 	.area HOME
                                     45 	.area GSINIT
                                     46 	.area GSFINAL
                                     47 	.area GSINIT
                                     48 ;--------------------------------------------------------
                                     49 ; Home
                                     50 ;--------------------------------------------------------
                                     51 	.area HOME
                                     52 	.area HOME
                                     53 ;--------------------------------------------------------
                                     54 ; code
                                     55 ;--------------------------------------------------------
                                     56 	.area CODE
                                     57 ;	driver/key.c: 3: void key_init()
                                     58 ;	-----------------------------------------
                                     59 ;	 function key_init
                                     60 ;	-----------------------------------------
      000000                         61 _key_init:
                                     62 ;	driver/key.c: 5: GPIO_Init(GPIOD,GPIO_PIN_0,GPIO_MODE_IN_PU_IT);
      000000 4B 60            [ 1]   63 	push	#0x60
      000002 4B 01            [ 1]   64 	push	#0x01
      000004 4B 0F            [ 1]   65 	push	#0x0f
      000006 4B 50            [ 1]   66 	push	#0x50
      000008 CDr00r00         [ 4]   67 	call	_GPIO_Init
      00000B 5B 04            [ 2]   68 	addw	sp, #4
                                     69 ;	driver/key.c: 6: GPIO_Init(GPIOD,GPIO_PIN_1,GPIO_MODE_IN_PU_IT);
      00000D 4B 60            [ 1]   70 	push	#0x60
      00000F 4B 02            [ 1]   71 	push	#0x02
      000011 4B 0F            [ 1]   72 	push	#0x0f
      000013 4B 50            [ 1]   73 	push	#0x50
      000015 CDr00r00         [ 4]   74 	call	_GPIO_Init
      000018 5B 04            [ 2]   75 	addw	sp, #4
                                     76 ;	driver/key.c: 7: GPIO_Init(GPIOD,GPIO_PIN_2,GPIO_MODE_IN_PU_IT);
      00001A 4B 60            [ 1]   77 	push	#0x60
      00001C 4B 04            [ 1]   78 	push	#0x04
      00001E 4B 0F            [ 1]   79 	push	#0x0f
      000020 4B 50            [ 1]   80 	push	#0x50
      000022 CDr00r00         [ 4]   81 	call	_GPIO_Init
      000025 5B 04            [ 2]   82 	addw	sp, #4
                                     83 ;	driver/key.c: 8: GPIO_Init(GPIOD,GPIO_PIN_3,GPIO_MODE_IN_PU_IT);
      000027 4B 60            [ 1]   84 	push	#0x60
      000029 4B 08            [ 1]   85 	push	#0x08
      00002B 4B 0F            [ 1]   86 	push	#0x0f
      00002D 4B 50            [ 1]   87 	push	#0x50
      00002F CDr00r00         [ 4]   88 	call	_GPIO_Init
      000032 5B 04            [ 2]   89 	addw	sp, #4
                                     90 ;	driver/key.c: 9: GPIO_Init(GPIOD,GPIO_PIN_4,GPIO_MODE_IN_PU_IT);
      000034 4B 60            [ 1]   91 	push	#0x60
      000036 4B 10            [ 1]   92 	push	#0x10
      000038 4B 0F            [ 1]   93 	push	#0x0f
      00003A 4B 50            [ 1]   94 	push	#0x50
      00003C CDr00r00         [ 4]   95 	call	_GPIO_Init
      00003F 5B 04            [ 2]   96 	addw	sp, #4
                                     97 ;	driver/key.c: 10: EXTI_SetExtIntSensitivity(EXTI_PORT_GPIOD,EXTI_SENSITIVITY_FALL_ONLY);
      000041 4B 02            [ 1]   98 	push	#0x02
      000043 4B 03            [ 1]   99 	push	#0x03
      000045 CDr00r00         [ 4]  100 	call	_EXTI_SetExtIntSensitivity
      000048 5B 02            [ 2]  101 	addw	sp, #2
                                    102 ;	driver/key.c: 11: EXTI_SetTLISensitivity(EXTI_TLISENSITIVITY_FALL_ONLY);
      00004A 4B 00            [ 1]  103 	push	#0x00
      00004C CDr00r00         [ 4]  104 	call	_EXTI_SetTLISensitivity
      00004F 84               [ 1]  105 	pop	a
                                    106 ;	driver/key.c: 12: }
      000050 81               [ 4]  107 	ret
                                    108 ;	driver/key.c: 13: BitStatus key_read(u8 num)
                                    109 ;	-----------------------------------------
                                    110 ;	 function key_read
                                    111 ;	-----------------------------------------
      000051                        112 _key_read:
                                    113 ;	driver/key.c: 16: return GPIO_ReadInputPin(GPIOD,GPIO_PIN_0 << num);
      000051 A6 01            [ 1]  114 	ld	a, #0x01
      000053 88               [ 1]  115 	push	a
      000054 7B 04            [ 1]  116 	ld	a, (0x04, sp)
      000056 27 05            [ 1]  117 	jreq	00104$
      000058                        118 00103$:
      000058 08 01            [ 1]  119 	sll	(1, sp)
      00005A 4A               [ 1]  120 	dec	a
      00005B 26 FB            [ 1]  121 	jrne	00103$
      00005D                        122 00104$:
      00005D 84               [ 1]  123 	pop	a
      00005E 88               [ 1]  124 	push	a
      00005F 4B 0F            [ 1]  125 	push	#0x0f
      000061 4B 50            [ 1]  126 	push	#0x50
      000063 CDr00r00         [ 4]  127 	call	_GPIO_ReadInputPin
      000066 5B 03            [ 2]  128 	addw	sp, #3
                                    129 ;	driver/key.c: 18: }
      000068 81               [ 4]  130 	ret
                                    131 	.area CODE
                                    132 	.area CONST
                                    133 	.area INITIALIZER
      000000                        134 __xinit__keycount:
      000000 00                     135 	.db #0x00	; 0
      000001 00                     136 	.db #0x00	; 0
      000002 00                     137 	.db #0x00	; 0
      000003 00                     138 	.db #0x00	; 0
      000004 00                     139 	.db #0x00	; 0
                                    140 	.area CABS (ABS)
