                                      1 ;--------------------------------------------------------
                                      2 ; File Created by SDCC : free open source ANSI-C Compiler
                                      3 ; Version 3.8.0 #10562 (Linux)
                                      4 ;--------------------------------------------------------
                                      5 	.module uart
                                      6 	.optsdcc -mstm8
                                      7 	
                                      8 ;--------------------------------------------------------
                                      9 ; Public variables in this module
                                     10 ;--------------------------------------------------------
                                     11 	.globl _putchar
                                     12 	.globl _UART2_GetFlagStatus
                                     13 	.globl _UART2_SendData8
                                     14 	.globl _UART2_ITConfig
                                     15 	.globl _UART2_Cmd
                                     16 	.globl _UART2_Init
                                     17 	.globl _UART2_DeInit
                                     18 	.globl _ITC_SetSoftwarePriority
                                     19 	.globl _GPIO_Init
                                     20 	.globl _Init_UART2
                                     21 	.globl _UART2_Send_Char
                                     22 	.globl _UART2_Send_STR
                                     23 ;--------------------------------------------------------
                                     24 ; ram data
                                     25 ;--------------------------------------------------------
                                     26 	.area DATA
                                     27 ;--------------------------------------------------------
                                     28 ; ram data
                                     29 ;--------------------------------------------------------
                                     30 	.area INITIALIZED
                                     31 ;--------------------------------------------------------
                                     32 ; absolute external ram data
                                     33 ;--------------------------------------------------------
                                     34 	.area DABS (ABS)
                                     35 
                                     36 ; default segment ordering for linker
                                     37 	.area HOME
                                     38 	.area GSINIT
                                     39 	.area GSFINAL
                                     40 	.area CONST
                                     41 	.area INITIALIZER
                                     42 	.area CODE
                                     43 
                                     44 ;--------------------------------------------------------
                                     45 ; global & static initialisations
                                     46 ;--------------------------------------------------------
                                     47 	.area HOME
                                     48 	.area GSINIT
                                     49 	.area GSFINAL
                                     50 	.area GSINIT
                                     51 ;--------------------------------------------------------
                                     52 ; Home
                                     53 ;--------------------------------------------------------
                                     54 	.area HOME
                                     55 	.area HOME
                                     56 ;--------------------------------------------------------
                                     57 ; code
                                     58 ;--------------------------------------------------------
                                     59 	.area CODE
                                     60 ;	driver/uart.c: 4: void Init_UART2(void)
                                     61 ;	-----------------------------------------
                                     62 ;	 function Init_UART2
                                     63 ;	-----------------------------------------
      000000                         64 _Init_UART2:
                                     65 ;	driver/uart.c: 6: UART2_DeInit();
      000000 CDr00r00         [ 4]   66 	call	_UART2_DeInit
                                     67 ;	driver/uart.c: 7: GPIO_Init(GPIOD, GPIO_PIN_5, GPIO_MODE_OUT_OD_LOW_FAST);
      000003 4B A0            [ 1]   68 	push	#0xa0
      000005 4B 20            [ 1]   69 	push	#0x20
      000007 4B 0F            [ 1]   70 	push	#0x0f
      000009 4B 50            [ 1]   71 	push	#0x50
      00000B CDr00r00         [ 4]   72 	call	_GPIO_Init
      00000E 5B 04            [ 2]   73 	addw	sp, #4
                                     74 ;	driver/uart.c: 8: GPIO_Init(GPIOD, GPIO_PIN_6, GPIO_MODE_IN_PU_NO_IT);
      000010 4B 40            [ 1]   75 	push	#0x40
      000012 4B 40            [ 1]   76 	push	#0x40
      000014 4B 0F            [ 1]   77 	push	#0x0f
      000016 4B 50            [ 1]   78 	push	#0x50
      000018 CDr00r00         [ 4]   79 	call	_GPIO_Init
      00001B 5B 04            [ 2]   80 	addw	sp, #4
                                     81 ;	driver/uart.c: 10: UART2_Init((u32)9600, UART2_WORDLENGTH_8D, UART2_STOPBITS_1,
      00001D 4B 0C            [ 1]   82 	push	#0x0c
      00001F 4B 80            [ 1]   83 	push	#0x80
      000021 4B 00            [ 1]   84 	push	#0x00
      000023 4B 00            [ 1]   85 	push	#0x00
      000025 4B 00            [ 1]   86 	push	#0x00
      000027 4B 80            [ 1]   87 	push	#0x80
      000029 4B 25            [ 1]   88 	push	#0x25
      00002B 5F               [ 1]   89 	clrw	x
      00002C 89               [ 2]   90 	pushw	x
      00002D CDr00r00         [ 4]   91 	call	_UART2_Init
      000030 5B 09            [ 2]   92 	addw	sp, #9
                                     93 ;	driver/uart.c: 13: UART2_ITConfig(UART2_IT_RXNE, ENABLE);
      000032 4B 01            [ 1]   94 	push	#0x01
      000034 4B 55            [ 1]   95 	push	#0x55
      000036 4B 02            [ 1]   96 	push	#0x02
      000038 CDr00r00         [ 4]   97 	call	_UART2_ITConfig
      00003B 5B 03            [ 2]   98 	addw	sp, #3
                                     99 ;	driver/uart.c: 14: ITC_SetSoftwarePriority(ITC_IRQ_UART2_RX, ITC_PRIORITYLEVEL_3);
      00003D 4B 03            [ 1]  100 	push	#0x03
      00003F 4B 15            [ 1]  101 	push	#0x15
      000041 CDr00r00         [ 4]  102 	call	_ITC_SetSoftwarePriority
      000044 5B 02            [ 2]  103 	addw	sp, #2
                                    104 ;	driver/uart.c: 15: UART2_Cmd(ENABLE);
      000046 4B 01            [ 1]  105 	push	#0x01
      000048 CDr00r00         [ 4]  106 	call	_UART2_Cmd
      00004B 84               [ 1]  107 	pop	a
                                    108 ;	driver/uart.c: 16: }
      00004C 81               [ 4]  109 	ret
                                    110 ;	driver/uart.c: 18: void UART2_Send_Char(uint8_t dat)
                                    111 ;	-----------------------------------------
                                    112 ;	 function UART2_Send_Char
                                    113 ;	-----------------------------------------
      00004D                        114 _UART2_Send_Char:
                                    115 ;	driver/uart.c: 20: while(( UART2_GetFlagStatus(UART2_FLAG_TXE)==RESET));
      00004D                        116 00101$:
      00004D 4B 80            [ 1]  117 	push	#0x80
      00004F 4B 00            [ 1]  118 	push	#0x00
      000051 CDr00r00         [ 4]  119 	call	_UART2_GetFlagStatus
      000054 5B 02            [ 2]  120 	addw	sp, #2
      000056 4D               [ 1]  121 	tnz	a
      000057 27 F4            [ 1]  122 	jreq	00101$
                                    123 ;	driver/uart.c: 22: UART2_SendData8(dat);
      000059 7B 03            [ 1]  124 	ld	a, (0x03, sp)
      00005B 88               [ 1]  125 	push	a
      00005C CDr00r00         [ 4]  126 	call	_UART2_SendData8
      00005F 84               [ 1]  127 	pop	a
                                    128 ;	driver/uart.c: 24: }
      000060 81               [ 4]  129 	ret
                                    130 ;	driver/uart.c: 26: void UART2_Send_STR(unsigned char * src)
                                    131 ;	-----------------------------------------
                                    132 ;	 function UART2_Send_STR
                                    133 ;	-----------------------------------------
      000061                        134 _UART2_Send_STR:
                                    135 ;	driver/uart.c: 28: while(*src !='\0')
      000061 1E 03            [ 2]  136 	ldw	x, (0x03, sp)
      000063                        137 00101$:
      000063 F6               [ 1]  138 	ld	a, (x)
      000064 26 01            [ 1]  139 	jrne	00117$
      000066 81               [ 4]  140 	ret
      000067                        141 00117$:
                                    142 ;	driver/uart.c: 30: UART2_Send_Char(*src++);
      000067 5C               [ 1]  143 	incw	x
      000068 89               [ 2]  144 	pushw	x
      000069 88               [ 1]  145 	push	a
      00006A CDr00r4D         [ 4]  146 	call	_UART2_Send_Char
      00006D 84               [ 1]  147 	pop	a
      00006E 85               [ 2]  148 	popw	x
      00006F 20 F2            [ 2]  149 	jra	00101$
                                    150 ;	driver/uart.c: 32: }
      000071 81               [ 4]  151 	ret
                                    152 ;	driver/uart.c: 33: int putchar(int dat) //support printf function
                                    153 ;	-----------------------------------------
                                    154 ;	 function putchar
                                    155 ;	-----------------------------------------
      000072                        156 _putchar:
                                    157 ;	driver/uart.c: 40: return 0;
      000072 5F               [ 1]  158 	clrw	x
                                    159 ;	driver/uart.c: 41: }
      000073 81               [ 4]  160 	ret
                                    161 	.area CODE
                                    162 	.area CONST
                                    163 	.area INITIALIZER
                                    164 	.area CABS (ABS)
